seq_name:5s_Desulfurococcus-mobilis-1
seq_len:129
current processing 1/472
seq_name:5s_Arthrobacter-polychromogenes-1
seq_len:121
seq_name:RNaseP_CPA58
seq_len:379
seq_name:5s_Antheraea-pernyi-1
seq_len:120
seq_name:grp1_a.I1.e.L.dispersa.UNK.SSU.516
seq_len:328
seq_name:16s_H.sapiens_domain3
seq_len:504
seq_name:tRNA_tdbR00000010-Escherichia_coli-562-Ala-VGC
seq_len:76
seq_name:tmRNA_uncu.bact._TRW-72274-2_1-359
seq_len:359
seq_name:tRNA_tdbR00000430-Halobacterium_salinarum-2242-Thr-GGU
seq_len:75
seq_name:RNaseP_PS4
seq_len:297
seq_name:tRNA_tdbR00000553-Asterias_amurensis-7602-Tyr-GUA
seq_len:74
seq_name:telomerase_AF221927.113-556
seq_len:444
seq_name:16s_T.maritima_domain2
seq_len:442
seq_name:tmRNA_Yers.berc._TRW-349968_1-381
seq_len:381
seq_name:RNaseP_N.simplex
seq_len:273
seq_name:16s_H.sapiens.mito_domain1
seq_len:282
seq_name:16s_E.coli_domain4
seq_len:145
seq_name:16s_Z.mays_domain4
seq_len:146
seq_name:tRNA_tdbR00000336-Aedes_albopictus-7160-Gln-NUG
seq_len:72
seq_name:tRNA_tdbR00000159-Escherichia_coli-562-Ile-GAU
seq_len:77
seq_name:telomerase_AF221930.94-546
seq_len:453
seq_name:RNaseP_A.telluris
seq_len:364
seq_name:5s_Alcaligenes-faecalis-2
seq_len:115
seq_name:RNaseP_SM-A3355
seq_len:303
seq_name:tRNA_tdbR00000559-Triticum_aestivum-4565-Tyr-GPA
seq_len:76
seq_name:5s_Leuconostoc-mesenteroides-1
seq_len:117
seq_name:RNaseP_SM-A2135
seq_len:332
seq_name:5s_Pichia-membranifaciens-1
seq_len:120
seq_name:tmRNA_Camp.coli._AL111168_1-359
seq_len:359
seq_name:16s_G.intestinalis_domain4
seq_len:134
seq_name:16s_H.sapiens.mito_domain2
seq_len:237
seq_name:grp1_a.I1.e.P.inouyei.C1.SSU.1506
seq_len:409
seq_name:tRNA_tdbR00000277-Codium_fragile-3133-Met-CAU
seq_len:77
seq_name:5s_Bacillus-anthracis-3
seq_len:116
seq_name:grp1_a.I1.m.S.luteus.A1.LSU.2504
seq_len:373
seq_name:tmRNA_Past.mult._AE006115_1-367
seq_len:367
seq_name:tmRNA_Myco.pneu._AE000035_1-384
seq_len:384
seq_name:grp1_a.I1.e.P.pachydermus.C1.SSU.943
seq_len:392
seq_name:RNaseP_F.antarctica
seq_len:312
seq_name:RNaseP_Calothrix-PCC7601
seq_len:467
seq_name:tRNA_tdbR00000301-Lupinus_luteus-3873-Asn-UU
seq_len:76
seq_name:grp1_b.I1.e.T.thermophila.C1.LSU.1925
seq_len:506
seq_name:tRNA_tdbR00000384-Mycoplasma_capricolum-2095-Ser-GCU
seq_len:90
seq_name:16s_A.fulgidus_domain3
seq_len:488
seq_name:tRNA_tdbR00000080-Bos_taurus-9913-Phe-GAA
seq_len:70
seq_name:RNaseP_S.japonicus
seq_len:286
seq_name:tRNA_tdbR00000335-Nicotiana_rustica-4093-Gln-NUG
seq_len:75
seq_name:23s_E.coli_domain6
seq_len:262
seq_name:5s_Daphnia-magna-1
seq_len:120
seq_name:RNaseP_WB3
seq_len:294
seq_name:RNaseP_CPB147
seq_len:298
seq_name:tRNA_tdbR00000189-Rattus_norvegicus-10116-Lys-NUU
seq_len:67
seq_name:tRNA_tdbR00000226-Synechococcus_elongatus_PCC_6301-269084-Leu-CAG
seq_len:87
seq_name:5s_Shewanella-colwelliana-1
seq_len:120
seq_name:tmRNA_Spir.citr._AM285321_1-424
seq_len:424
seq_name:RNaseP_SM-A04
seq_len:330
seq_name:grp1_a.I1.e.G.spirotaenia.C1.SSU.1506
seq_len:387
seq_name:tmRNA_Stre.pneu._TRW-216600_1-348
seq_len:348
seq_name:tRNA_tdbR00000407-Saccharomyces_cerevisiae-4932-Ser-IGA
seq_len:85
seq_name:RNaseP_L.japonicus-IFO12422
seq_len:326
seq_name:grp1_a.I1.e.S.sclerotiorum_1837.C1.LSU.798
seq_len:371
seq_name:tmRNA_Stre.ther._CP000024_1-350
seq_len:350
seq_name:tRNA_tdbR00000073-Spinacia_oleracea-3562-Phe-GAA
seq_len:76
seq_name:tmRNA_Psyc.arct._CP000082_1-359
seq_len:359
seq_name:tmRNA_Esch.coli._D90888_1-363
seq_len:363
seq_name:tmRNA_Baci.anth._AE016879_1-355
seq_len:355
seq_name:grp1_a.I1.e.C.merochlorophea.UNK.SSU.1516
seq_len:274
seq_name:tmRNA_Chla.trac._TRW-813-1_1-420
seq_len:420
seq_name:tRNA_tdbR00000065-Bacillus_subtilis-1423-Phe-AA
seq_len:76
seq_name:5s_Thermoactinomyces-vulgaris-1
seq_len:115
seq_name:tmRNA_Salm.ente._TRW-59204_1-363
seq_len:363
seq_name:5s_Thermus-thermophilus-1
seq_len:122
seq_name:tRNA_tdbR00000314-Mycoplasma_capricolum-2095-Pro-UGG
seq_len:77
seq_name:16s_Z.mays_domain2
seq_len:355
seq_name:5s_Legionella-pneumophila-1
seq_len:118
seq_name:grp1_a.I1.e.Staurastrum.sp.M753.C1.SSU.1506
seq_len:415
seq_name:16s_M.polymorpha_domain4
seq_len:143
seq_name:tRNA_tdbR00000089-Brassica_napus-3708-Phe-AA
seq_len:76
seq_name:16s_P.occultum_domain2
seq_len:358
seq_name:tRNA_tdbR00000117-Escherichia_coli-562-Gly-CCC
seq_len:74
seq_name:RNaseP_Onchorhynchus-2
seq_len:308
seq_name:grp1_a.I1.e.A.capsulatus.G184B.C1.SSU
seq_len:425
seq_name:16s_T.gondii_domain4
seq_len:159
seq_name:RNaseP_M.tuberculosis-g
seq_len:433
seq_name:tmRNA_Copr.prot._TRW-351627_1-353
seq_len:353
seq_name:RNaseP_A.paspali
seq_len:294
seq_name:grp1_a.I1.e.L.dispersa.UNK.SSU.789
seq_len:218
seq_name:tRNA_tdbR00000507-Bacillus_subtilis-1423-Ini-CAU
seq_len:77
seq_name:telomerase_AF221926.103-507
seq_len:405
seq_name:telomerase_AF221931.99-541
seq_len:443
seq_name:5s_Rana-pipiens-1
seq_len:119
seq_name:RNaseP_M.genitalium
seq_len:384
seq_name:grp1_a.I1.m.M.grisea.B2.ND1
seq_len:285
seq_name:telomerase_AF147806.247-692
seq_len:446
seq_name:16s_A.pyrophilus_domain4
seq_len:137
seq_name:RNaseP_P.hollandica
seq_len:481
seq_name:RNaseP_S.caesia-K76T
seq_len:339
seq_name:5s_Mycoplasma-mycoides-1
seq_len:108
seq_name:tRNA_tdbR00000084-Saccharomyces_cerevisiae-4932-Phe-AA
seq_len:76
seq_name:5s_Basidiobolus-magnus-1
seq_len:120
seq_name:RNaseP_Saccharomonospora-K180
seq_len:337
current processing 101/472
seq_name:tRNA_tdbR00000341-Rattus_norvegicus-10116-Gln-CUG
seq_len:75
seq_name:5s_Bacillus-methanolicus-9
seq_len:116
seq_name:tRNA_tdbR00000083-Saccharomyces_cerevisiae-4932-Phe-AA
seq_len:76
seq_name:RNaseP_EM14b-11
seq_len:349
seq_name:tmRNA_uncu.bact._TRW-80840-1_1-378
seq_len:378
seq_name:tmRNA_Heli.pylo._AE001503_1-383
seq_len:383
seq_name:5s_Geobacillus-kaustophilus-7
seq_len:113
seq_name:RNaseP_U.urealyticum
seq_len:370
seq_name:telomerase_AF221910.112-554
seq_len:443
seq_name:5s_Euplotes-vannus-1
seq_len:120
seq_name:grp1_a.I1.e.E.dermatitidis.C1.SSU.943
seq_len:426
seq_name:16s_A.fulgidus_domain2
seq_len:359
seq_name:5s_Thermoplasma-acidophilum-1
seq_len:123
seq_name:grp1_a.I1.e.C.ellipsoidea.211-1a.C1.SSU.1506
seq_len:479
seq_name:tmRNA_Synt.acid._CP000252_1-356
seq_len:356
seq_name:telomerase_AF221919.107-614
seq_len:508
seq_name:tRNA_tdbR00000320-Spinacia_oleracea-3562-Pro-NGG
seq_len:77
seq_name:5s_Pinus-contorta-1
seq_len:121
seq_name:grp1_a.I1.e.T.malaccensis.C1.LSU.1925
seq_len:447
seq_name:telomerase_AC121792.109554-109950
seq_len:397
seq_name:tmRNA_Borr.gari._CP000013_1-363
seq_len:363
seq_name:RNaseP_SMB-A3
seq_len:313
seq_name:grp1_a.I1.e.C.grayi.UNK.SSU.1516
seq_len:308
seq_name:5s_Spiroplasma-melliferum-1
seq_len:107
seq_name:tmRNA_Myco.capr._S67602_1-408
seq_len:408
seq_name:RNaseP_C.psittaci-R54
seq_len:351
seq_name:5s_Neurospora-crassa-13
seq_len:119
seq_name:23s_E.coli_domain3
seq_len:372
seq_name:grp1_a.I1.e.L.dispersa.UNK.SSU.114
seq_len:211
seq_name:5s_Ralstonia-solanacearum-1
seq_len:114
seq_name:5s_Vicia-faba-1
seq_len:119
seq_name:16s_F.ananassa_domain4
seq_len:172
seq_name:5s_Thiovulum-sp.-1
seq_len:123
seq_name:RNaseP_ESH210B
seq_len:327
seq_name:telomerase_AF221917.99-542
seq_len:444
seq_name:tmRNA_Acti.naes._TRW-240017_1-371
seq_len:371
seq_name:tRNA_tdbR00000104-Enterobacteria_phage_T4-10665-Gly-NCC
seq_len:74
seq_name:grp1_a.I1.c.S.bicolor.C3.tLEU
seq_len:510
seq_name:tmRNA_Odon.sine._Z67753_1-368
seq_len:368
seq_name:16s_C.psittaci_domain3
seq_len:483
seq_name:tmRNA_Chla.trac._TRW-813-2_1-420
seq_len:420
seq_name:tmRNA_Chla.pneu._TRW-83558_1-426
seq_len:426
seq_name:tRNA_tdbR00000032-Rattus_norvegicus-10116-Asp-GUC
seq_len:72
seq_name:tRNA_tdbR00000205-Loligo_bleekeri-6617-Lys-NUU
seq_len:76
seq_name:16s_H.volcanii_domain4
seq_len:128
seq_name:5s_Erysipelothrix-rhusiopathiae-1
seq_len:114
seq_name:grp1_a.I1.e.M.caldariorum.C1.SSU.1506
seq_len:439
seq_name:16s_C.reinhardtii.chloro_domain2
seq_len:347
seq_name:tmRNA_Fran.tula._AJ749949_1-421
seq_len:421
seq_name:tRNA_tdbR00000053-Bos_taurus-9913-Glu-NUC
seq_len:72
seq_name:tmRNA_Pant.stew._TRW-66269_1-363
seq_len:363
seq_name:23s_T.thermophilus_domain3
seq_len:373
seq_name:16s_A.fulgidus_domain4
seq_len:133
seq_name:16s_Z.mays_domain3
seq_len:483
seq_name:23s_H.pylori_domain6
seq_len:242
seq_name:tmRNA_Thio.crun._CP000109_1-358
seq_len:358
seq_name:grp1_a.I1.e.A.capsulatus.FLs1.C1.SSU
seq_len:428
seq_name:tRNA_tdbR00000233-Phaseolus_vulgaris-3885-Leu-UA7
seq_len:83
seq_name:RNaseP_Buchnera-APS
seq_len:376
seq_name:grp1_a.I1.e.S.paniceum.UNK.SSU.1506
seq_len:259
seq_name:tmRNA_Neis.lact._TRW-486_1-362
seq_len:362
seq_name:5s_Phaffia-rhodozyma-1
seq_len:118
seq_name:RNaseP_S.putrefaciens
seq_len:354
seq_name:16s_C.reinhardtii.mito_domain3
seq_len:387
seq_name:5s_Blastocladiella-simplex-1
seq_len:118
seq_name:RNaseP_S.caesia-SB22
seq_len:339
seq_name:RNaseP_PS6
seq_len:332
seq_name:tmRNA_Chlo.tepi._TRW-194439_1-404
seq_len:404
seq_name:tmRNA_Rubr.xyla._TRW-266117_1-360
seq_len:360
seq_name:5s_Renobacter-vaculatum-1
seq_len:116
seq_name:tmRNA_Ther.teng._AE013063_1-351
seq_len:351
seq_name:23s_H.pylori_domain3
seq_len:380
seq_name:grp1_a.I1.e.T.pigmentosa.C1.LSU.1925
seq_len:451
seq_name:16s_C.psittaci_domain2
seq_len:355
seq_name:tmRNA_Rubr.gela._TRW-279263_1-372
seq_len:372
seq_name:RNaseP_Y.pestis
seq_len:377
seq_name:16s_B.subtilis_domain2
seq_len:355
seq_name:tRNA_tdbR00000215-Haloferax_volcanii-2246-Leu-5AG
seq_len:86
seq_name:16s_B.burgdorferi_domain3
seq_len:485
seq_name:tRNA_tdbR00000123-Saccharomyces_cerevisiae-4932-Gly-NCC
seq_len:75
seq_name:RNaseP_SMB-B4
seq_len:320
seq_name:5s_Frankia-sp.-3
seq_len:119
seq_name:RNaseP_F.yabuuchiae
seq_len:330
seq_name:tmRNA_Shew.spec._CP000444_1-355
seq_len:355
seq_name:tRNA_tdbR00000181-Escherichia_coli-562-Lys-SUU
seq_len:76
seq_name:tmRNA_Burk.pseu._TRW-28450_1-370
seq_len:370
seq_name:16s_E.coli_domain2
seq_len:354
seq_name:16s_A.pyrophilus_domain2
seq_len:250
seq_name:RNaseP_Prochlorococcus-TATL2-2
seq_len:311
seq_name:grp1_a.I1.e.T.cosmopolitanis.C1.LSU.1925
seq_len:451
seq_name:grp1_a.I1.m.S.pombe.B1.OX1
seq_len:343
seq_name:grp1_a.I1.e.S.paniceum.UNK.SSU.287
seq_len:234
seq_name:RNaseP_P.aerogenes
seq_len:297
seq_name:16s_E.coli_domain3
seq_len:484
seq_name:tmRNA_Trop.whip._BX251411_1-369
seq_len:369
seq_name:5s_Halobacterium-sp.-1
seq_len:123
seq_name:grp1_a.I1.e.P.carinii.C1.SSU.1506
seq_len:442
seq_name:tmRNA_uncu.bact._TRW-80840-2_1-379
seq_len:379
seq_name:RNaseP_N.luteus
seq_len:266
seq_name:RNaseP_P.maris
seq_len:320
current processing 201/472
seq_name:RNaseP_T.commune
seq_len:332
seq_name:tmRNA_uncu.bact._TRW-72274-1_1-359
seq_len:359
seq_name:16s_C.reinhardtii.chloro_domain4
seq_len:145
seq_name:tRNA_tdbR00000298-Asterias_amurensis-7602-Asn-GUU
seq_len:75
seq_name:grp1_a.I1.e.D.salina.C1.SSU.943
seq_len:423
seq_name:RNaseP_CPB139
seq_len:301
seq_name:RNaseP_R.americana-mito
seq_len:312
seq_name:tRNA_tdbR00000427-Gallus_gallus-9031-Ser-UGA
seq_len:78
seq_name:tRNA_tdbR00000036-Euglena_gracilis-3039-Asp-GUC
seq_len:75
seq_name:5s_Asellus-aquaticus-2
seq_len:120
seq_name:5s_Salmonella-enterica-3
seq_len:120
seq_name:5s_Coleosporium-tussilaginis-1
seq_len:118
seq_name:5s_Vibrio-cholerae-3
seq_len:118
seq_name:tRNA_tdbR00000251-Saccharomyces_cerevisiae-4932-Leu-UAA
seq_len:87
seq_name:5s_Cryptococcus-bacillisporus-1
seq_len:118
seq_name:RNaseP_SM-A05
seq_len:302
seq_name:5s_Mycoplasma-mycoides-3
seq_len:107
seq_name:RNaseP_BH145
seq_len:293
seq_name:16s_G.intestinalis_domain3
seq_len:441
seq_name:RNaseP_P.shigelloides
seq_len:303
seq_name:tmRNA_Myxo.xant._TRW-34_1-366
seq_len:366
seq_name:tRNA_tdbR00000105-Halobacterium_salinarum-2242-Gly-GCC
seq_len:74
seq_name:5s_Linderina-macrospora-1
seq_len:119
seq_name:tmRNA_Magn.spec._CP000471_1-366
seq_len:366
seq_name:grp1_b.I1.e.M.anisopliae.2.C1.LSU.1921
seq_len:456
seq_name:grp1_a.I1.c.A.cherimola.C3.tLEU
seq_len:494
seq_name:5s_Tinca-tinca-1
seq_len:120
seq_name:grp1_a.I1.e.S.paniceum.UNK.SSU.114
seq_len:210
seq_name:telomerase_AF221939.99-544
seq_len:446
seq_name:tmRNA_Lact.delb._TRW-321956_1-362
seq_len:362
seq_name:tmRNA_Nost.punc._TRW-63737_1-390
seq_len:390
seq_name:5s_Salmonella-enterica-4
seq_len:118
seq_name:tmRNA_Fibr.succ._TRW-59374_1-361
seq_len:361
seq_name:RNaseP_Mxa1
seq_len:312
seq_name:tmRNA_Camp.jeju._AL139078_1-356
seq_len:356
seq_name:5s_Streptomyces-avermitilis-1
seq_len:118
seq_name:tRNA_tdbR00000355-Escherichia_coli-562-Arg-ICG
seq_len:76
seq_name:telomerase_AF221914.112-589
seq_len:478
seq_name:grp1_a.I1.e.P.carinii.Pc3.C1.LSU.1921
seq_len:381
seq_name:16s_H.volcanii_domain3
seq_len:490
seq_name:5s_Deinococcus-radiophilus-1
seq_len:125
seq_name:grp1_a.I1.e.C.merochlorophea.UNK.SSU.1210
seq_len:267
seq_name:16s_M.polymorpha_domain3
seq_len:486
seq_name:16s_G.intestinalis_domain1
seq_len:485
seq_name:5s_Fusarium-culmorum-4
seq_len:119
seq_name:tRNA_tdbR00000316-Bacillus_subtilis-1423-Pro-5GG
seq_len:77
seq_name:RNaseP_E.coli-JM109
seq_len:377
seq_name:5s_Methanococcus-voltae-2
seq_len:120
seq_name:tRNA_tdbR00000516-Spinacia_oleracea-3562-Ini-CAU
seq_len:77
seq_name:5s_Bacillus-licheniformis-1
seq_len:116
seq_name:tRNA_tdbR00000035-Saccharomyces_cerevisiae-4932-Asp-GUC
seq_len:75
seq_name:tmRNA_Myco.arth._TRW-243272_1-394
seq_len:394
seq_name:RNaseP_CPA63
seq_len:328
seq_name:telomerase_AY058901.1-397
seq_len:397
seq_name:23s_S.aureus_domain4
seq_len:347
seq_name:tRNA_tdbR00000356-Escherichia_coli-562-Arg-ICG
seq_len:77
seq_name:tRNA_tdbR00000250-Saccharomyces_cerevisiae-4932-Leu-UAG
seq_len:85
seq_name:tmRNA_Clos.acet._AE001437_1-359
seq_len:359
seq_name:grp1_a.I1.e.P.macrosporus.C1.SSU.1506
seq_len:433
seq_name:telomerase_AF221920.99-541
seq_len:443
seq_name:RNaseP_Pseudoanabaena-PCC6903
seq_len:450
seq_name:RNaseP_A.ferrooxidans
seq_len:344
seq_name:tRNA_tdbR00000435-Mycoplasma_mycoides-2102-Thr-UGU
seq_len:76
seq_name:5s_Dipsacomyces-acuminosporus-1
seq_len:119
seq_name:tmRNA_Fran.tula._AM286280_1-421
seq_len:421
seq_name:telomerase_AF221916.94-481
seq_len:388
seq_name:grp1_a.I1.e.T.hyperangularis.C1.LSU.1925
seq_len:451
seq_name:16s_F.ananassa_domain3
seq_len:493
seq_name:tmRNA_Leuc.mese._TRW-1245_1-358
seq_len:358
seq_name:tRNA_tdbR00000376-Bos_taurus-9913-Arg-3CP
seq_len:76
seq_name:RNaseP_A.fulgidus
seq_len:229
seq_name:grp1_a.I1.e.C.merochlorophea.UNK.SSU.1046
seq_len:267
seq_name:telomerase_AY312571.605-1069
seq_len:465
seq_name:RNaseP_SM-A1113
seq_len:290
seq_name:telomerase_AF221913.109-520
seq_len:412
seq_name:5s_Xanthomonas-campestris-1
seq_len:119
seq_name:RNaseP_E.faecalis
seq_len:331
seq_name:tRNA_tdbR00000064-Mycoplasma_capricolum-2095-Phe-GAA
seq_len:76
seq_name:tRNA_tdbR00000510-Escherichia_coli-562-Ini-CAU
seq_len:77
seq_name:RNaseP_SM2
seq_len:294
seq_name:RNaseP_P126
seq_len:293
seq_name:5s_Corynebacterium-xerosis-2
seq_len:121
seq_name:16s_P.occultum_domain3
seq_len:485
seq_name:tmRNA_List.mono._TRW-1639-1_1-370
seq_len:370
seq_name:tRNA_tdbR00000103-Homo_sapiens-9606-Phe-AA
seq_len:76
seq_name:16s_T.maritima_domain4
seq_len:151
seq_name:tmRNA_uncu.bact._TRW-32045-4_1-369
seq_len:369
seq_name:RNaseP_SM-A1621
seq_len:348
seq_name:tmRNA_Camp.coli._TRW-306254_1-359
seq_len:359
seq_name:RNaseP_P.fluorescens
seq_len:354
seq_name:RNaseP_S.caesia-SB01
seq_len:339
seq_name:grp1_a.I1.e.B.ciliata.JCM6865.C1.SSU.1506
seq_len:357
seq_name:5s_Pseudomonas-fluorescens-3
seq_len:120
seq_name:telomerase_AF221921.98-548
seq_len:451
seq_name:grp1_a.I1.e.C.saccatum.C1.SSU.1512
seq_len:476
seq_name:16s_P.staleyi_domain4
seq_len:147
seq_name:16s_G.intestinalis_domain2
seq_len:392
seq_name:grp1_a.I1.e.D.parva.C1.SSU.1512
seq_len:436
seq_name:grp1_a.I1.e.L.dispersa.UNK.SSU.287
seq_len:229
seq_name:5s_Fluoribacter-bozemanae-1
seq_len:118
current processing 301/472
seq_name:5s_Rickettsia-moozeri-1
seq_len:119
seq_name:tmRNA_Phot.asym._TRW-291112_1-364
seq_len:364
seq_name:telomerase_AF221918.97-547
seq_len:451
seq_name:grp1_a.I1.e.L.dispersa.UNK.SSU.1046
seq_len:255
seq_name:grp1_a.I1.e.B.ciliata.JCM6865.C1.SSU.943
seq_len:360
seq_name:16s_Z.mays_domain1
seq_len:506
seq_name:tRNA_tdbR00000132-Lupinus_luteus-3873-Gly-GCC
seq_len:74
seq_name:tmRNA_Myco.tube._TRW-1773_1-368
seq_len:368
seq_name:16s_B.subtilis_domain3
seq_len:483
seq_name:5s_Paracentrotus-lividus-1
seq_len:120
seq_name:RNaseP_Synechocystis-PCC6803
seq_len:437
seq_name:RNaseP_SM-A1519
seq_len:300
seq_name:RNaseP_S.polymorpha
seq_len:304
seq_name:grp1_b.I1.e.M.anisopliae.3.C1.LSU.1921
seq_len:394
seq_name:tRNA_tdbR00000390-Escherichia_coli-562-Ser-CGA
seq_len:90
seq_name:tmRNA_Myco.lepr._TRW-272631_1-369
seq_len:369
seq_name:tmRNA_Myco.tube._TRW-164513_1-368
seq_len:368
seq_name:23s_T.thermophilus_domain4
seq_len:339
seq_name:tmRNA_Shew.balt._TRW-325240_1-356
seq_len:356
seq_name:tRNA_tdbR00000619-Toxoplasma_gondii-5811-Met-CAU
seq_len:73
seq_name:tRNA_tdbR00000041-Xenopus_laevis-8355-Asp-8UC
seq_len:75
seq_name:grp1_a.I1.e.P.clavariiformis.C1.SSU.943
seq_len:448
seq_name:tmRNA_Lact.lact._AF176556_1-359
seq_len:359
seq_name:5s_Vibrio-fischeri-1
seq_len:121
seq_name:tmRNA_Chla.pneu._AE002224_1-423
seq_len:423
seq_name:5s_Salmonella-enterica-7
seq_len:120
seq_name:grp1_a.I1.e.P.carinii.Pc2.C1.LSU.1921
seq_len:355
seq_name:tRNA_tdbR00000387-Bacillus_subtilis-1423-Ser-5GA
seq_len:92
seq_name:tRNA_tdbR00000594-Ascaris_suum-6253-Leu-AA
seq_len:58
seq_name:telomerase_AF221906.96-545
seq_len:450
seq_name:16s_H.sapiens.mito_domain4
seq_len:120
seq_name:RNaseP_A.erythreum
seq_len:310
seq_name:tRNA_tdbR00000460-Aedes_albopictus-7160-Val-UAC
seq_len:75
seq_name:telomerase_AF221936.98-540
seq_len:443
seq_name:RNaseP_ERE
seq_len:307
seq_name:23s_S.aureus_domain3
seq_len:379
seq_name:tRNA_tdbR00000078-Ascaris_suum-6253-Phe-GAA
seq_len:62
seq_name:RNaseP_EF
seq_len:296
seq_name:5s_Planobispora-longispora-1
seq_len:120
seq_name:5s_Methanothermobacter-thermautotrophicus-3
seq_len:127
seq_name:tRNA_tdbR00000294-Mycoplasma_capricolum-2095-Asn-GUU
seq_len:76
seq_name:tmRNA_Myco.bovi._TRW-1765_1-368
seq_len:368
seq_name:tmRNA_Haem.somn._CP000436_1-367
seq_len:367
seq_name:RNaseP_Nostoc-PCC7413
seq_len:391
seq_name:5s_Comamonas-terrigena-1
seq_len:115
seq_name:tmRNA_Stap.aure._BA000018_1-362
seq_len:362
seq_name:tRNA_tdbR00000486-Phaseolus_vulgaris-3885-Trp-BCA
seq_len:77
seq_name:tmRNA_Stre.sobr._TRW-246202_1-349
seq_len:349
seq_name:5s_Locusta-migratoria-1
seq_len:120
seq_name:tRNA_tdbR00000200-Oryctolagus_cuniculus-9986-Lys-3UU
seq_len:76
seq_name:tRNA_tdbR00000044-Mycoplasma_capricolum-2095-Glu-UC
seq_len:76
seq_name:5s_Microtetraspora-glauca-1
seq_len:121
seq_name:16s_P.staleyi_domain2
seq_len:353
seq_name:RNaseP_LGB32
seq_len:313
seq_name:grp1_a.I1.e.P.macrosporus.C1.SSU.943
seq_len:380
seq_name:RNaseP_A.brierleyi
seq_len:267
seq_name:16s_C.elegans_domain2
seq_len:162
seq_name:tmRNA_Lact.gass._TRW-1596_1-366
seq_len:366
seq_name:tRNA_tdbR00000121-Salmonella_typhimurium-602-Gly-NCC
seq_len:75
seq_name:tRNA_tdbR00000576-Leishmania_tarentolae-5689-Asp-GUC
seq_len:72
seq_name:grp1_a.I1.e.P.sarcinoidea.C1.SSU.943
seq_len:476
seq_name:5s_Bacillus-cereus-10
seq_len:124
seq_name:5s_Renibacterium-salmoninarum-1
seq_len:120
seq_name:RNaseP_B.brevis
seq_len:411
seq_name:16s_D.melanogaster_domain4
seq_len:169
seq_name:RNaseP_SM-A0911
seq_len:291
seq_name:tmRNA_Paen.larv._TRW-1464_1-367
seq_len:367
seq_name:5s_Rana-catesbeiana-1
seq_len:119
seq_name:tmRNA_List.wels._AF440351_1-321
seq_len:321
seq_name:tRNA_tdbR00000396-Saccharomyces_cerevisiae-4932-Ser-UGA
seq_len:90
seq_name:5s_Dichelobacter-nodosus-1
seq_len:120
seq_name:tmRNA_Lact.sake._TRW-314315_1-370
seq_len:370
seq_name:grp1_a.I1.e.A.adeninivorans.C1.LSU.2449
seq_len:450
seq_name:23s_H.pylori_domain4
seq_len:337
seq_name:tmRNA_Esch.coli._CP000468_1-363
seq_len:363
seq_name:16s_H.volcanii_domain2
seq_len:359
seq_name:RNaseP_SM-A02
seq_len:311
seq_name:tmRNA_Heli.pylo._TRW-85962_1-386
seq_len:386
seq_name:RNaseP_PS27
seq_len:342
seq_name:16s_C.elegans_domain3
seq_len:290
seq_name:tmRNA_Lact.john._TRW-257314_1-367
seq_len:367
seq_name:telomerase_AF221928.95-476
seq_len:382
seq_name:RNaseP_CPB80
seq_len:301
seq_name:5s_Streptococcus-mutans-3
seq_len:116
seq_name:telomerase_AF221924.105-538
seq_len:434
seq_name:RNaseP_LGB21
seq_len:350
seq_name:RNaseP_X.fastidiosa
seq_len:359
seq_name:tmRNA_List.ivan._AF440342_1-321
seq_len:321
seq_name:16s_H.sapiens_domain4
seq_len:171
seq_name:16s_C.psittaci_domain4
seq_len:147
seq_name:16s_B.burgdorferi_domain2
seq_len:349
seq_name:grp1_a.I1.e.P.carinii.Pc1.C1.LSU.1921
seq_len:375
seq_name:5s_Hyphomicrobium-sp.-6
seq_len:119
seq_name:RNaseP_Synechococcus-PCC7003
seq_len:299
seq_name:tmRNA_Kleb.pneu._TRW-272620_1-363
seq_len:363
seq_name:telomerase_U85256.1-451
seq_len:451
seq_name:16s_M.polymorpha_domain2
seq_len:354
seq_name:tmRNA_Azoa.spec._TRW-62928_1-378
seq_len:378
seq_name:23s_S.aureus_domain6
seq_len:255
seq_name:tmRNA_envi.sequ._TRW-32045-2_1-345
seq_len:345
current processing 401/472
seq_name:RNaseP_L.weilii
seq_len:336
seq_name:RNaseP_M.thermoautotrophicumDH-g
seq_len:293
seq_name:tRNA_tdbR00000030-Aedes_albopictus-7160-Asp-GUC
seq_len:71
seq_name:tRNA_tdbR00000556-Schizosaccharomyces_pombe-4896-Tyr-GPA
seq_len:77
seq_name:tRNA_tdbR00000406-Saccharomyces_cerevisiae-4932-Ser-NGA
seq_len:85
seq_name:16s_C.elegans_domain1
seq_len:173
seq_name:tmRNA_Bord.bron._TRW-257310_1-387
seq_len:387
seq_name:tRNA_tdbR00000072-Phaseolus_vulgaris-3885-Phe-GAA
seq_len:76
seq_name:RNaseP_P.azotoformans
seq_len:293
seq_name:grp1_a.I1.e.S.paniceum.UNK.SSU.1052
seq_len:240
seq_name:tmRNA_Desu.vulg._AE017285_1-352
seq_len:352
seq_name:23s_B.subtilis_domain4
seq_len:348
seq_name:RNaseP_T.pallidum
seq_len:340
seq_name:tRNA_tdbR00000529-Triticum_aestivum-4565-Ini-CAU
seq_len:75
seq_name:tRNA_tdbR00000152-Haloferax_volcanii-2246-Ile-NAU
seq_len:78
seq_name:tmRNA_Ther.neap._TRW-309803_1-357
seq_len:357
seq_name:tRNA_tdbR00000101-Mus_musculus-10090-Phe-AA
seq_len:76
seq_name:grp1_a.I1.e.A.stipitatus.C1.SSU.1046
seq_len:408
seq_name:tmRNA_Lact.sake._AF400065_1-370
seq_len:370
seq_name:tRNA_tdbR00000362-Saccharomyces_cerevisiae-4932-Arg-NCU
seq_len:76
seq_name:RNaseP_P.innocua
seq_len:272
seq_name:5s_Bullera-alba-1
seq_len:118
seq_name:16s_C.reinhardtii.mito_domain4
seq_len:115
seq_name:telomerase_AF221912.98-564
seq_len:467
seq_name:grp1_a.I1.e.S.paniceum.UNK.SSU.1210
seq_len:260
seq_name:5s_Nitella-flexilis-1
seq_len:121
seq_name:tmRNA_Stre.agal._TRW-1311_1-350
seq_len:350
seq_name:grp1_a.I1.b.Synechococcus.sp2.C3.tLEU
seq_len:265
seq_name:5s_Meloidogyne-chitwoodi-1
seq_len:117
seq_name:RNaseP_SM-A3862
seq_len:290
seq_name:23s_E.coli_domain4
seq_len:364
seq_name:5s_Bacillus-cereus-1
seq_len:115
seq_name:5s_Vitreoscilla-beggiatoides-1
seq_len:118
seq_name:5s_Genistelloides-hibernus-1
seq_len:122
seq_name:16s_P.staleyi_domain3
seq_len:489
seq_name:grp1_a.I1.e.D.parva.C1.SSU.943
seq_len:396
seq_name:tRNA_tdbR00000099-Mus_musculus-10090-Phe-AA
seq_len:77
seq_name:RNaseP_EM14b-9
seq_len:355
seq_name:5s_Medicago-sativa-1
seq_len:119
seq_name:tmRNA_Lact.delb._AF440335_1-316
seq_len:316
seq_name:tRNA_tdbR00000275-Thermus_thermophilus-274-Met-CAU
seq_len:77
seq_name:5s_Pseudomonas-fluorescens-4
seq_len:120
seq_name:5s_Rhizoctonia-globularis-1
seq_len:118
seq_name:tmRNA_Stap.aure._AC074317_1-359
seq_len:359
seq_name:RNaseP_C.jejuni
seq_len:318
seq_name:5s_Burkholderia-mallei-1
seq_len:116
seq_name:grp1_a.I1.e.S.granulatum.C1.SSU.1506
seq_len:437
seq_name:tRNA_tdbR00000536-Salmo_salar-8030-Ini-CAU
seq_len:75
seq_name:telomerase_AF221908.136-584
seq_len:449
seq_name:tmRNA_Gemm.obsc._TRW-214688_1-412
seq_len:412
seq_name:5s_Pichia-angusta-1
seq_len:119
seq_name:tRNA_tdbR00000522-Bos_taurus-9913-Ini-AU
seq_len:72
seq_name:grp1_a.I1.e.B.yamatoana.JCM2896.C1.SSU.943
seq_len:480
seq_name:grp1_a.I1.e.L.dispersa.UNK.SSU.1210
seq_len:221
seq_name:tRNA_tdbR00000422-Rattus_norvegicus-10116-Ser-GCU
seq_len:85
seq_name:16s_S.cerevisiae_domain4
seq_len:164
seq_name:tRNA_tdbR00000158-Escherichia_coli-562-Ile-GAU
seq_len:77
seq_name:tmRNA_Cyan.para._TRW-2762_1-294
seq_len:294
seq_name:telomerase_AF221934.121-565
seq_len:445
seq_name:tRNA_tdbR00000534-Euphausia_superba-6819-Ini-CAU
seq_len:75
seq_name:5s_Aspergillus-versicolor-1
seq_len:119
seq_name:5s_Cerastoderma-glaucum-1
seq_len:120
seq_name:5s_Wolbachia-endosymbiont-of-D.-melanogaster-1
seq_len:111
seq_name:grp1_a.I1.c.G.prostrata.C3.tLEU
seq_len:336
seq_name:5s_Myxococcus-coralloides-1
seq_len:117
seq_name:telomerase_AF221937.99-545
seq_len:447
seq_name:tRNA_tdbR00000295-Escherichia_coli-562-Asn-QUU
seq_len:76
seq_name:grp1_a.I1.e.U.maydis.C1.SSU.943
seq_len:429
seq_name:grp1_a.I1.e.C.saxonicum.C1.SSU.1506
seq_len:448
seq_name:telomerase_AF221911.104-513
seq_len:410
seq_name:tRNA_tdbR00000485-Nicotiana_tabacum-4097-Trp-BCA
seq_len:77
All_file_list:472
Save RNA test data to data/test.pick
use gpu: True
Loading file:  data/test.pick
Loading dataset Done!!!
train.len=472
FCDenseNet(
  (features): Sequential(
    (0): BasicConv2d(
      (conv): Conv2d(146, 64, kernel_size=(3, 3), stride=(1, 1), padding=(1, 1), bias=False)
      (bn): BatchNorm2d(64, eps=1e-05, momentum=0.1, affine=True, track_running_stats=True)
      (relu): ReLU(inplace=True)
    )
    (1): BasicConv2d(
      (conv): Conv2d(64, 32, kernel_size=(3, 3), stride=(1, 1), padding=(1, 1), bias=False)
      (bn): BatchNorm2d(32, eps=1e-05, momentum=0.1, affine=True, track_running_stats=True)
      (relu): ReLU(inplace=True)
    )
    (2): BasicConv2d(
      (conv): Conv2d(32, 16, kernel_size=(3, 3), stride=(1, 1), padding=(1, 1), bias=False)
      (bn): BatchNorm2d(16, eps=1e-05, momentum=0.1, affine=True, track_running_stats=True)
      (relu): ReLU(inplace=True)
    )
  )
  (down_dense): Module(
    (block_0): DenseBlock(16, 4*4+16=32)(
      (layer_0): DenseLayer(16, 4)(
        (norm): BatchNorm2d(16, eps=1e-05, momentum=0.1, affine=True, track_running_stats=True)
        (relu): ReLU(inplace=True)
        (conv): Conv2d(16, 4, kernel_size=(3, 3), stride=(1, 1), padding=(1, 1), bias=False)
      )
      (layer_1): DenseLayer(20, 4)(
        (norm): BatchNorm2d(20, eps=1e-05, momentum=0.1, affine=True, track_running_stats=True)
        (relu): ReLU(inplace=True)
        (conv): Conv2d(20, 4, kernel_size=(3, 3), stride=(1, 1), padding=(1, 1), bias=False)
      )
      (layer_2): DenseLayer(24, 4)(
        (norm): BatchNorm2d(24, eps=1e-05, momentum=0.1, affine=True, track_running_stats=True)
        (relu): ReLU(inplace=True)
        (conv): Conv2d(24, 4, kernel_size=(3, 3), stride=(1, 1), padding=(1, 1), bias=False)
      )
      (layer_3): DenseLayer(28, 4)(
        (norm): BatchNorm2d(28, eps=1e-05, momentum=0.1, affine=True, track_running_stats=True)
        (relu): ReLU(inplace=True)
        (conv): Conv2d(28, 4, kernel_size=(3, 3), stride=(1, 1), padding=(1, 1), bias=False)
      )
    )
    (block_1): DenseBlock(32, 4*8+32=64)(
      (layer_0): DenseLayer(32, 8)(
        (norm): BatchNorm2d(32, eps=1e-05, momentum=0.1, affine=True, track_running_stats=True)
        (relu): ReLU(inplace=True)
        (conv): Conv2d(32, 8, kernel_size=(3, 3), stride=(1, 1), padding=(1, 1), bias=False)
      )
      (layer_1): DenseLayer(40, 8)(
        (norm): BatchNorm2d(40, eps=1e-05, momentum=0.1, affine=True, track_running_stats=True)
        (relu): ReLU(inplace=True)
        (conv): Conv2d(40, 8, kernel_size=(3, 3), stride=(1, 1), padding=(1, 1), bias=False)
      )
      (layer_2): DenseLayer(48, 8)(
        (norm): BatchNorm2d(48, eps=1e-05, momentum=0.1, affine=True, track_running_stats=True)
        (relu): ReLU(inplace=True)
        (conv): Conv2d(48, 8, kernel_size=(3, 3), stride=(1, 1), padding=(1, 1), bias=False)
      )
      (layer_3): DenseLayer(56, 8)(
        (norm): BatchNorm2d(56, eps=1e-05, momentum=0.1, affine=True, track_running_stats=True)
        (relu): ReLU(inplace=True)
        (conv): Conv2d(56, 8, kernel_size=(3, 3), stride=(1, 1), padding=(1, 1), bias=False)
      )
    )
    (block_2): DenseBlock(64, 4*16+64=128)(
      (layer_0): DenseLayer(64, 16)(
        (norm): BatchNorm2d(64, eps=1e-05, momentum=0.1, affine=True, track_running_stats=True)
        (relu): ReLU(inplace=True)
        (conv): Conv2d(64, 16, kernel_size=(3, 3), stride=(1, 1), padding=(1, 1), bias=False)
      )
      (layer_1): DenseLayer(80, 16)(
        (norm): BatchNorm2d(80, eps=1e-05, momentum=0.1, affine=True, track_running_stats=True)
        (relu): ReLU(inplace=True)
        (conv): Conv2d(80, 16, kernel_size=(3, 3), stride=(1, 1), padding=(1, 1), bias=False)
      )
      (layer_2): DenseLayer(96, 16)(
        (norm): BatchNorm2d(96, eps=1e-05, momentum=0.1, affine=True, track_running_stats=True)
        (relu): ReLU(inplace=True)
        (conv): Conv2d(96, 16, kernel_size=(3, 3), stride=(1, 1), padding=(1, 1), bias=False)
      )
      (layer_3): DenseLayer(112, 16)(
        (norm): BatchNorm2d(112, eps=1e-05, momentum=0.1, affine=True, track_running_stats=True)
        (relu): ReLU(inplace=True)
        (conv): Conv2d(112, 16, kernel_size=(3, 3), stride=(1, 1), padding=(1, 1), bias=False)
      )
    )
    (block_3): DenseBlock(128, 4*32+128=256)(
      (layer_0): DenseLayer(128, 32)(
        (norm): BatchNorm2d(128, eps=1e-05, momentum=0.1, affine=True, track_running_stats=True)
        (relu): ReLU(inplace=True)
        (conv): Conv2d(128, 32, kernel_size=(3, 3), stride=(1, 1), padding=(1, 1), bias=False)
      )
      (layer_1): DenseLayer(160, 32)(
        (norm): BatchNorm2d(160, eps=1e-05, momentum=0.1, affine=True, track_running_stats=True)
        (relu): ReLU(inplace=True)
        (conv): Conv2d(160, 32, kernel_size=(3, 3), stride=(1, 1), padding=(1, 1), bias=False)
      )
      (layer_2): DenseLayer(192, 32)(
        (norm): BatchNorm2d(192, eps=1e-05, momentum=0.1, affine=True, track_running_stats=True)
        (relu): ReLU(inplace=True)
        (conv): Conv2d(192, 32, kernel_size=(3, 3), stride=(1, 1), padding=(1, 1), bias=False)
      )
      (layer_3): DenseLayer(224, 32)(
        (norm): BatchNorm2d(224, eps=1e-05, momentum=0.1, affine=True, track_running_stats=True)
        (relu): ReLU(inplace=True)
        (conv): Conv2d(224, 32, kernel_size=(3, 3), stride=(1, 1), padding=(1, 1), bias=False)
      )
    )
  )
  (down_trans): Module(
    (trans_0): TransitionDown(32, 32, dropout=0)(
      (norm): BatchNorm2d(32, eps=1e-05, momentum=0.1, affine=True, track_running_stats=True)
      (relu): ReLU(inplace=True)
      (conv): Conv2d(32, 32, kernel_size=(1, 1), stride=(1, 1), bias=False)
      (pool): MaxPool2d(kernel_size=2, stride=2, padding=0, dilation=1, ceil_mode=False)
    )
    (trans_1): TransitionDown(64, 64, dropout=0)(
      (norm): BatchNorm2d(64, eps=1e-05, momentum=0.1, affine=True, track_running_stats=True)
      (relu): ReLU(inplace=True)
      (conv): Conv2d(64, 64, kernel_size=(1, 1), stride=(1, 1), bias=False)
      (pool): MaxPool2d(kernel_size=2, stride=2, padding=0, dilation=1, ceil_mode=False)
    )
    (trans_2): TransitionDown(128, 128, dropout=0)(
      (norm): BatchNorm2d(128, eps=1e-05, momentum=0.1, affine=True, track_running_stats=True)
      (relu): ReLU(inplace=True)
      (conv): Conv2d(128, 128, kernel_size=(1, 1), stride=(1, 1), bias=False)
      (pool): MaxPool2d(kernel_size=2, stride=2, padding=0, dilation=1, ceil_mode=False)
    )
    (trans_3): TransitionDown(256, 256, dropout=0)(
      (norm): BatchNorm2d(256, eps=1e-05, momentum=0.1, affine=True, track_running_stats=True)
      (relu): ReLU(inplace=True)
      (conv): Conv2d(256, 256, kernel_size=(1, 1), stride=(1, 1), bias=False)
      (pool): MaxPool2d(kernel_size=2, stride=2, padding=0, dilation=1, ceil_mode=False)
    )
  )
  (middle): DenseBlock(256, 8*32+256=512)(
    (layer_0): DenseLayer(256, 32)(
      (norm): BatchNorm2d(256, eps=1e-05, momentum=0.1, affine=True, track_running_stats=True)
      (relu): ReLU(inplace=True)
      (conv): Conv2d(256, 32, kernel_size=(3, 3), stride=(1, 1), padding=(1, 1), bias=False)
    )
    (layer_1): DenseLayer(288, 32)(
      (norm): BatchNorm2d(288, eps=1e-05, momentum=0.1, affine=True, track_running_stats=True)
      (relu): ReLU(inplace=True)
      (conv): Conv2d(288, 32, kernel_size=(3, 3), stride=(1, 1), padding=(1, 1), bias=False)
    )
    (layer_2): DenseLayer(320, 32)(
      (norm): BatchNorm2d(320, eps=1e-05, momentum=0.1, affine=True, track_running_stats=True)
      (relu): ReLU(inplace=True)
      (conv): Conv2d(320, 32, kernel_size=(3, 3), stride=(1, 1), padding=(1, 1), bias=False)
    )
    (layer_3): DenseLayer(352, 32)(
      (norm): BatchNorm2d(352, eps=1e-05, momentum=0.1, affine=True, track_running_stats=True)
      (relu): ReLU(inplace=True)
      (conv): Conv2d(352, 32, kernel_size=(3, 3), stride=(1, 1), padding=(1, 1), bias=False)
    )
    (layer_4): DenseLayer(384, 32)(
      (norm): BatchNorm2d(384, eps=1e-05, momentum=0.1, affine=True, track_running_stats=True)
      (relu): ReLU(inplace=True)
      (conv): Conv2d(384, 32, kernel_size=(3, 3), stride=(1, 1), padding=(1, 1), bias=False)
    )
    (layer_5): DenseLayer(416, 32)(
      (norm): BatchNorm2d(416, eps=1e-05, momentum=0.1, affine=True, track_running_stats=True)
      (relu): ReLU(inplace=True)
      (conv): Conv2d(416, 32, kernel_size=(3, 3), stride=(1, 1), padding=(1, 1), bias=False)
    )
    (layer_6): DenseLayer(448, 32)(
      (norm): BatchNorm2d(448, eps=1e-05, momentum=0.1, affine=True, track_running_stats=True)
      (relu): ReLU(inplace=True)
      (conv): Conv2d(448, 32, kernel_size=(3, 3), stride=(1, 1), padding=(1, 1), bias=False)
    )
    (layer_7): DenseLayer(480, 32)(
      (norm): BatchNorm2d(480, eps=1e-05, momentum=0.1, affine=True, track_running_stats=True)
      (relu): ReLU(inplace=True)
      (conv): Conv2d(480, 32, kernel_size=(3, 3), stride=(1, 1), padding=(1, 1), bias=False)
    )
  )
  (up_dense): Module(
    (block_0): DenseBlock(256, 4*64=256)(
      (layer_0): DenseLayer(256, 64)(
        (norm): BatchNorm2d(256, eps=1e-05, momentum=0.1, affine=True, track_running_stats=True)
        (relu): ReLU(inplace=True)
        (conv): Conv2d(256, 64, kernel_size=(3, 3), stride=(1, 1), padding=(1, 1), bias=False)
      )
      (layer_1): DenseLayer(320, 64)(
        (norm): BatchNorm2d(320, eps=1e-05, momentum=0.1, affine=True, track_running_stats=True)
        (relu): ReLU(inplace=True)
        (conv): Conv2d(320, 64, kernel_size=(3, 3), stride=(1, 1), padding=(1, 1), bias=False)
      )
      (layer_2): DenseLayer(384, 64)(
        (norm): BatchNorm2d(384, eps=1e-05, momentum=0.1, affine=True, track_running_stats=True)
        (relu): ReLU(inplace=True)
        (conv): Conv2d(384, 64, kernel_size=(3, 3), stride=(1, 1), padding=(1, 1), bias=False)
      )
      (layer_3): DenseLayer(448, 64)(
        (norm): BatchNorm2d(448, eps=1e-05, momentum=0.1, affine=True, track_running_stats=True)
        (relu): ReLU(inplace=True)
        (conv): Conv2d(448, 64, kernel_size=(3, 3), stride=(1, 1), padding=(1, 1), bias=False)
      )
    )
    (block_1): DenseBlock(128, 4*32=128)(
      (layer_0): DenseLayer(128, 32)(
        (norm): BatchNorm2d(128, eps=1e-05, momentum=0.1, affine=True, track_running_stats=True)
        (relu): ReLU(inplace=True)
        (conv): Conv2d(128, 32, kernel_size=(3, 3), stride=(1, 1), padding=(1, 1), bias=False)
      )
      (layer_1): DenseLayer(160, 32)(
        (norm): BatchNorm2d(160, eps=1e-05, momentum=0.1, affine=True, track_running_stats=True)
        (relu): ReLU(inplace=True)
        (conv): Conv2d(160, 32, kernel_size=(3, 3), stride=(1, 1), padding=(1, 1), bias=False)
      )
      (layer_2): DenseLayer(192, 32)(
        (norm): BatchNorm2d(192, eps=1e-05, momentum=0.1, affine=True, track_running_stats=True)
        (relu): ReLU(inplace=True)
        (conv): Conv2d(192, 32, kernel_size=(3, 3), stride=(1, 1), padding=(1, 1), bias=False)
      )
      (layer_3): DenseLayer(224, 32)(
        (norm): BatchNorm2d(224, eps=1e-05, momentum=0.1, affine=True, track_running_stats=True)
        (relu): ReLU(inplace=True)
        (conv): Conv2d(224, 32, kernel_size=(3, 3), stride=(1, 1), padding=(1, 1), bias=False)
      )
    )
    (block_2): DenseBlock(64, 4*16=64)(
      (layer_0): DenseLayer(64, 16)(
        (norm): BatchNorm2d(64, eps=1e-05, momentum=0.1, affine=True, track_running_stats=True)
        (relu): ReLU(inplace=True)
        (conv): Conv2d(64, 16, kernel_size=(3, 3), stride=(1, 1), padding=(1, 1), bias=False)
      )
      (layer_1): DenseLayer(80, 16)(
        (norm): BatchNorm2d(80, eps=1e-05, momentum=0.1, affine=True, track_running_stats=True)
        (relu): ReLU(inplace=True)
        (conv): Conv2d(80, 16, kernel_size=(3, 3), stride=(1, 1), padding=(1, 1), bias=False)
      )
      (layer_2): DenseLayer(96, 16)(
        (norm): BatchNorm2d(96, eps=1e-05, momentum=0.1, affine=True, track_running_stats=True)
        (relu): ReLU(inplace=True)
        (conv): Conv2d(96, 16, kernel_size=(3, 3), stride=(1, 1), padding=(1, 1), bias=False)
      )
      (layer_3): DenseLayer(112, 16)(
        (norm): BatchNorm2d(112, eps=1e-05, momentum=0.1, affine=True, track_running_stats=True)
        (relu): ReLU(inplace=True)
        (conv): Conv2d(112, 16, kernel_size=(3, 3), stride=(1, 1), padding=(1, 1), bias=False)
      )
    )
    (block_3): DenseBlock(32, 4*8=32)(
      (layer_0): DenseLayer(32, 8)(
        (norm): BatchNorm2d(32, eps=1e-05, momentum=0.1, affine=True, track_running_stats=True)
        (relu): ReLU(inplace=True)
        (conv): Conv2d(32, 8, kernel_size=(3, 3), stride=(1, 1), padding=(1, 1), bias=False)
      )
      (layer_1): DenseLayer(40, 8)(
        (norm): BatchNorm2d(40, eps=1e-05, momentum=0.1, affine=True, track_running_stats=True)
        (relu): ReLU(inplace=True)
        (conv): Conv2d(40, 8, kernel_size=(3, 3), stride=(1, 1), padding=(1, 1), bias=False)
      )
      (layer_2): DenseLayer(48, 8)(
        (norm): BatchNorm2d(48, eps=1e-05, momentum=0.1, affine=True, track_running_stats=True)
        (relu): ReLU(inplace=True)
        (conv): Conv2d(48, 8, kernel_size=(3, 3), stride=(1, 1), padding=(1, 1), bias=False)
      )
      (layer_3): DenseLayer(56, 8)(
        (norm): BatchNorm2d(56, eps=1e-05, momentum=0.1, affine=True, track_running_stats=True)
        (relu): ReLU(inplace=True)
        (conv): Conv2d(56, 8, kernel_size=(3, 3), stride=(1, 1), padding=(1, 1), bias=False)
      )
    )
  )
  (up_trans): Module(
    (trans_0): TransitionUp([256, 256] -> 256))(
      (upconv): Sequential(
        (0): Upsample(scale_factor=2.0, mode=nearest)
        (1): Conv2d(512, 256, kernel_size=(3, 3), stride=(1, 1), padding=(1, 1))
        (2): BatchNorm2d(256, eps=1e-05, momentum=0.1, affine=True, track_running_stats=True)
        (3): ReLU(inplace=True)
      )
      (concat): Concatenate()
    )
    (trans_1): TransitionUp([128, 128] -> 128))(
      (upconv): Sequential(
        (0): Upsample(scale_factor=2.0, mode=nearest)
        (1): Conv2d(256, 128, kernel_size=(3, 3), stride=(1, 1), padding=(1, 1))
        (2): BatchNorm2d(128, eps=1e-05, momentum=0.1, affine=True, track_running_stats=True)
        (3): ReLU(inplace=True)
      )
      (concat): Concatenate()
    )
    (trans_2): TransitionUp([64, 64] -> 64))(
      (upconv): Sequential(
        (0): Upsample(scale_factor=2.0, mode=nearest)
        (1): Conv2d(128, 64, kernel_size=(3, 3), stride=(1, 1), padding=(1, 1))
        (2): BatchNorm2d(64, eps=1e-05, momentum=0.1, affine=True, track_running_stats=True)
        (3): ReLU(inplace=True)
      )
      (concat): Concatenate()
    )
    (trans_3): TransitionUp([32, 32] -> 32))(
      (upconv): Sequential(
        (0): Upsample(scale_factor=2.0, mode=nearest)
        (1): Conv2d(64, 32, kernel_size=(3, 3), stride=(1, 1), padding=(1, 1))
        (2): BatchNorm2d(32, eps=1e-05, momentum=0.1, affine=True, track_running_stats=True)
        (3): ReLU(inplace=True)
      )
      (concat): Concatenate()
    )
  )
  (final): Conv2d(32, 1, kernel_size=(1, 1), stride=(1, 1))
  (Norm): BatchNorm2d(1, eps=1e-05, momentum=0.1, affine=True, track_running_stats=True)
)
----------
Epoch 50/100
----------
Phase train...
Train data:472
/home/gkulemeyer/Repos/REDfold/exec1/redfold/fold/data_generator.py:53: VisibleDeprecationWarning: Creating an ndarray from ragged nested sequences (which is a list-or-tuple of lists-or-tuples-or ndarrays with different lengths or shapes) is deprecated. If you meant to do this, you must specify 'dtype=object' when creating the ndarray.
  self.seq_hot= np.array([instance[2] for instance in self.data])
/home/gkulemeyer/Repos/REDfold/exec1/redfold/fold/data_generator.py:54: VisibleDeprecationWarning: Creating an ndarray from ragged nested sequences (which is a list-or-tuple of lists-or-tuples-or ndarrays with different lengths or shapes) is deprecated. If you meant to do this, you must specify 'dtype=object' when creating the ndarray.
  self.data_y= np.array([instance[3] for instance in self.data])
/home/gkulemeyer/Repos/REDfold/exec1/redfold/fold/data_generator.py:55: VisibleDeprecationWarning: Creating an ndarray from ragged nested sequences (which is a list-or-tuple of lists-or-tuples-or ndarrays with different lengths or shapes) is deprecated. If you meant to do this, you must specify 'dtype=object' when creating the ndarray.
  self.data_x= np.array([instance[4] for instance in self.data])
/home/gkulemeyer/Repos/REDfold/exec1/redfold/fold/data_generator.py:56: VisibleDeprecationWarning: Creating an ndarray from ragged nested sequences (which is a list-or-tuple of lists-or-tuples-or ndarrays with different lengths or shapes) is deprecated. If you meant to do this, you must specify 'dtype=object' when creating the ndarray.
  self.data_z= np.array([instance[5] for instance in self.data])
Epoch Loss:0.0605
----------
Epoch 51/100
----------
Phase train...
Train data:472
Epoch Loss:0.0588
----------
Epoch 52/100
----------
Phase train...
Train data:472
Epoch Loss:0.0709
----------
Epoch 53/100
----------
Phase train...
Train data:472
Epoch Loss:0.0630
----------
Epoch 54/100
----------
Phase train...
Train data:472
Epoch Loss:0.0578
----------
Epoch 55/100
----------
Phase train...
Train data:472
Epoch Loss:0.0556
----------
Epoch 56/100
----------
Phase train...
Train data:472
Epoch Loss:0.0546
----------
Epoch 57/100
----------
Phase train...
Train data:472
Epoch Loss:0.0557
----------
Epoch 58/100
----------
Phase train...
Train data:472
Epoch Loss:0.0606
----------
Epoch 59/100
----------
Phase train...
Train data:472
Epoch Loss:0.0658
----------
Epoch 60/100
----------
Phase train...
Train data:472
Epoch Loss:0.0613
----------
Epoch 61/100
----------
Phase train...
Train data:472
Epoch Loss:0.0573
----------
Epoch 62/100
----------
Phase train...
Train data:472
Epoch Loss:0.0559
----------
Epoch 63/100
----------
Phase train...
Train data:472
Epoch Loss:0.0571
----------
Epoch 64/100
----------
Phase train...
Train data:472
Epoch Loss:0.0704
----------
Epoch 65/100
----------
Phase train...
Train data:472
Epoch Loss:0.0605
----------
Epoch 66/100
----------
Phase train...
Train data:472
Epoch Loss:0.0666
----------
Epoch 67/100
----------
Phase train...
Train data:472
Epoch Loss:0.0596
----------
Epoch 68/100
----------
Phase train...
Train data:472
Epoch Loss:0.0584
----------
Epoch 69/100
----------
Phase train...
Train data:472
Epoch Loss:0.0557
----------
Epoch 70/100
----------
Phase train...
Train data:472
Epoch Loss:0.0545
----------
Epoch 71/100
----------
Phase train...
Train data:472
Epoch Loss:0.0539
----------
Epoch 72/100
----------
Phase train...
Train data:472
Epoch Loss:0.0535
----------
Epoch 73/100
----------
Phase train...
Train data:472
Epoch Loss:0.0533
----------
Epoch 74/100
----------
Phase train...
Train data:472
Epoch Loss:0.0580
----------
Epoch 75/100
----------
Phase train...
Train data:472
Epoch Loss:0.0634
----------
Epoch 76/100
----------
Phase train...
Train data:472
Epoch Loss:0.0610
----------
Epoch 77/100
----------
Phase train...
Train data:472
Epoch Loss:0.0596
----------
Epoch 78/100
----------
Phase train...
Train data:472
Epoch Loss:0.0559
----------
Epoch 79/100
----------
Phase train...
Train data:472
Epoch Loss:0.0544
----------
Epoch 80/100
----------
Phase train...
Train data:472
Epoch Loss:0.0551
----------
Epoch 81/100
----------
Phase train...
Train data:472
Epoch Loss:0.0580
----------
Epoch 82/100
----------
Phase train...
Train data:472
Epoch Loss:0.0645
----------
Epoch 83/100
----------
Phase train...
Train data:472
Epoch Loss:0.0576
----------
Epoch 84/100
----------
Phase train...
Train data:472
Epoch Loss:0.0551
----------
Epoch 85/100
----------
Phase train...
Train data:472
Epoch Loss:0.0544
----------
Epoch 86/100
----------
Phase train...
Train data:472
Epoch Loss:0.0541
----------
Epoch 87/100
----------
Phase train...
Train data:472
Epoch Loss:0.0537
----------
Epoch 88/100
----------
Phase train...
Train data:472
Epoch Loss:0.0533
----------
Epoch 89/100
----------
Phase train...
Train data:472
Epoch Loss:0.0673
----------
Epoch 90/100
----------
Phase train...
Train data:472
Epoch Loss:0.0638
----------
Epoch 91/100
----------
Phase train...
Train data:472
Epoch Loss:0.0569
----------
Epoch 92/100
----------
Phase train...
Train data:472
Epoch Loss:0.0555
----------
Epoch 93/100
----------
Phase train...
Train data:472
Epoch Loss:0.0541
----------
Epoch 94/100
----------
Phase train...
Train data:472
Epoch Loss:0.0536
----------
Epoch 95/100
----------
Phase train...
Train data:472
Epoch Loss:0.0532
----------
Epoch 96/100
----------
Phase train...
Train data:472
Epoch Loss:0.0529
----------
Epoch 97/100
----------
Phase train...
Train data:472
Epoch Loss:0.0538
----------
Epoch 98/100
----------
Phase train...
Train data:472
Epoch Loss:0.0672
----------
Epoch 99/100
----------
Phase train...
Train data:472
Epoch Loss:0.0583
Saving model to data/mod_redense_100.pt
train finish.
