seq_name:tmRNA_Trep.dent._AE017226_1-351
seq_len:351
current processing 1/792
seq_name:5s_Arthrobacter-polychromogenes-1
seq_len:121
seq_name:5s_Antheraea-pernyi-1
seq_len:120
seq_name:grp1_a.I1.e.L.dispersa.UNK.SSU.516
seq_len:328
seq_name:srp_Psyc.sp.._CP000713
seq_len:90
seq_name:16s_H.sapiens_domain3
seq_len:504
seq_name:tmRNA_Desu.psyc._CR522870_1-366
seq_len:366
seq_name:RNaseP_LGA1
seq_len:339
seq_name:telomerase_AF221927.113-556
seq_len:444
seq_name:srp_Esch.coli._X01074
seq_len:98
seq_name:16s_T.maritima_domain2
seq_len:442
seq_name:tmRNA_Clav.mich._TRW-31964_1-376
seq_len:376
seq_name:srp_Homo.sapi._BF909438
seq_len:284
seq_name:5s_Acidiphilium-acidophilum-1
seq_len:120
seq_name:RNaseP_SM-A5179
seq_len:335
seq_name:tmRNA_Aqui.aeol._TRW-63363_1-347
seq_len:347
seq_name:RNaseP_Prochlorococcus-TATL2
seq_len:308
seq_name:srp_Lyco.escu._Z29099
seq_len:304
seq_name:srp_Lact.john._AE017198
seq_len:89
seq_name:16s_H.sapiens.mito_domain1
seq_len:282
seq_name:16s_E.coli_domain4
seq_len:145
seq_name:5s_Thiothrix-nivea-1
seq_len:122
seq_name:5s_Vibrio-parahaemolyticus-3
seq_len:121
seq_name:16s_Z.mays_domain4
seq_len:146
seq_name:telomerase_AF221930.94-546
seq_len:453
seq_name:RNaseP_CPB7776
seq_len:357
seq_name:srp_Homo.sapi._BF875598
seq_len:288
seq_name:5s_Brachionus-plicatilis-1
seq_len:120
seq_name:5s_Fusarium-pseudograminearum-6
seq_len:119
seq_name:srp_Camp.jeju._CP000025
seq_len:91
seq_name:5s_Emericella-nidulans-7
seq_len:119
seq_name:srp_Baci.subt._X12642
seq_len:270
seq_name:tmRNA_envi.sequ._TRW-259292_1-355
seq_len:355
seq_name:5s_Gelidium-amansii-1
seq_len:120
seq_name:5s_Idiomarina-loihiensis-1
seq_len:119
seq_name:srp_Sino.meli._AL591782
seq_len:33
seq_name:tmRNA_Buch.aphi._AE013218_1-376
seq_len:376
seq_name:RNaseP_H.trapanicum
seq_len:362
seq_name:tmRNA_Sali.rube._CP000159_1-369
seq_len:369
seq_name:tmRNA_Leuc.mese._CP000414_1-358
seq_len:358
seq_name:16s_G.intestinalis_domain4
seq_len:134
seq_name:16s_H.sapiens.mito_domain2
seq_len:237
seq_name:tmRNA_Neis.gono._TRW-242231_1-363
seq_len:363
seq_name:grp1_a.I1.e.P.inouyei.C1.SSU.1506
seq_len:409
seq_name:5s_T_cruziE
seq_len:121
seq_name:RNaseP_A.obstetricans
seq_len:404
seq_name:tmRNA_Clos.diff._AM180355_1-350
seq_len:350
seq_name:srp_Clos.botu._AM412317
seq_len:244
seq_name:5s_Plasmodium-falciparum-1
seq_len:119
seq_name:tmRNA_Xant.axon._AE011783_1-397
seq_len:397
seq_name:srp_Shig.flex._CP000266
seq_len:28
seq_name:RNaseP_H.chlorum-partial
seq_len:120
seq_name:grp1_a.I1.b.S.hofmanii.C3.tMET
seq_len:251
seq_name:RNaseP_SM-A4876
seq_len:289
seq_name:grp1_a.I1.e.P.pachydermus.C1.SSU.943
seq_len:392
seq_name:RNaseP_SLC
seq_len:243
seq_name:5s_Juniperus-media-1
seq_len:120
seq_name:RNaseP_Onchorhynchus-sp-1
seq_len:299
seq_name:tmRNA_Acin.spec._CR543861_1-360
seq_len:360
seq_name:srp_Bdel.bact._BX842656
seq_len:56
seq_name:tmRNA_Cyan.mero._AY286123_1-236
seq_len:236
seq_name:5s_Escherichia-coli-3
seq_len:120
seq_name:5s_Bartonella-henselae-1
seq_len:119
seq_name:grp1_b.I1.e.T.thermophila.C1.LSU.1925
seq_len:506
seq_name:srp_Ther.mela._CP000716
seq_len:38
seq_name:16s_A.fulgidus_domain3
seq_len:488
seq_name:RNaseP_S.japonicus
seq_len:286
seq_name:23s_E.coli_domain6
seq_len:262
seq_name:srp_Phyt.ramo._GSP-164328
seq_len:314
seq_name:5s_Blepharisma-japonicum-1
seq_len:120
seq_name:RNaseP_E.agglomerulans
seq_len:383
seq_name:tmRNA_Erwi.caro._BX950851_1-363
seq_len:363
seq_name:tmRNA_Ente.faec._BD193796_1-367
seq_len:367
seq_name:5s_Clostridium-acetobutylicum-5
seq_len:117
seq_name:RNaseP_B.megaterium
seq_len:408
seq_name:RNaseP_V.spinosum
seq_len:364
seq_name:RNaseP_SM-A01
seq_len:389
seq_name:5s_Rhodococcus-erythropolis-2
seq_len:120
seq_name:5s_Delftia-acidovorans-1
seq_len:115
seq_name:5s_Filobasidiella-depauperata-1
seq_len:119
seq_name:RNaseP_SM-A1315
seq_len:323
seq_name:srp_Ento.sulc._AF095839
seq_len:318
seq_name:RNaseP_R.prowazekii
seq_len:385
seq_name:5s_Candidatus-Tremblaya-princeps-1
seq_len:117
seq_name:srp_Gald.sulp._GSP-130081
seq_len:299
seq_name:5s_Fusarium-sporotrichioides-1
seq_len:119
seq_name:RNaseP_SM-A04
seq_len:330
seq_name:RNaseP_S.epidermidis
seq_len:401
seq_name:tmRNA_Bact.frag._TRW-817_1-398
seq_len:398
seq_name:tmRNA_Yers.pest._CP000305_1-364
seq_len:364
seq_name:5s_Bifidobacterium-longum-1
seq_len:120
seq_name:grp1_a.I1.e.S.sclerotiorum_1837.C1.LSU.798
seq_len:371
seq_name:5s_Streptococcus-salivarius-1
seq_len:116
seq_name:tmRNA_Ente.faec._TRW-1352_1-367
seq_len:367
seq_name:srp_Chla.rein._SDB-3055
seq_len:290
seq_name:5s_Bacteroides-fragilis-3
seq_len:103
seq_name:srp_Hahe.chej._CP000155
seq_len:100
seq_name:tmRNA_Fran.tula._AM233362_1-421
seq_len:421
seq_name:srp_Hype.buty._CP000493
seq_len:274
seq_name:srp_Caul.cres._AE005700
seq_len:102
seq_name:5s_Dirofilaria-immitis-1
seq_len:119
current processing 101/792
seq_name:5s_Gallus-gallus-1
seq_len:120
seq_name:srp_Tric.vagi._GSP-5722-2
seq_len:306
seq_name:tmRNA_Shew.putr._TRW-319224_1-356
seq_len:356
seq_name:tmRNA_Heli.pylo._TRW-85963_1-386
seq_len:386
seq_name:tmRNA_Esch.coli._D90888_1-363
seq_len:363
seq_name:tmRNA_Baci.anth._AE016879_1-355
seq_len:355
seq_name:grp1_a.I1.e.C.merochlorophea.UNK.SSU.1516
seq_len:274
seq_name:RNaseP_M.thermoautotrphicumMarb
seq_len:294
seq_name:RNaseP_Synechococcus-PCC7942
seq_len:312
seq_name:tmRNA_Pedi.pent._CP000422_1-369
seq_len:369
seq_name:tmRNA_Trep.pall._TRW-243276_1-354
seq_len:354
seq_name:RNaseP_C.sporogenes
seq_len:302
seq_name:tmRNA_Chla.trac._TRW-813-1_1-420
seq_len:420
seq_name:tmRNA_Shew.spec._TRW-323850_1-356
seq_len:356
seq_name:RNaseP_E.coli
seq_len:377
seq_name:srp_Meth.ferv._M32222
seq_len:310
seq_name:5s_Oerskovia-turbata-1
seq_len:120
seq_name:RNaseP_UK5
seq_len:294
seq_name:5s_Thermoactinomyces-vulgaris-1
seq_len:115
seq_name:tmRNA_Thal.weis._AF049491_1-348
seq_len:348
seq_name:5s_Andrias-japonicus-1
seq_len:121
seq_name:5s_Amycolatopsis-lactamdurans-1
seq_len:120
seq_name:RNaseP_I.calvum
seq_len:289
seq_name:5s_Vibrio-harveyi-1
seq_len:120
seq_name:srp_Meth.jann._L77117
seq_len:330
seq_name:5s_Mycoplasma-pneumoniae-1
seq_len:108
seq_name:16s_Z.mays_domain2
seq_len:355
seq_name:srp_Medi.trun._CX540689
seq_len:286
seq_name:RNaseP_N.europaea
seq_len:285
seq_name:grp1_a.I1.e.Staurastrum.sp.M753.C1.SSU.1506
seq_len:415
seq_name:16s_M.polymorpha_domain4
seq_len:143
seq_name:16s_P.occultum_domain2
seq_len:358
seq_name:RNaseP_Dermocarpa-PCC7437
seq_len:359
seq_name:srp_Citr.sine._CN181543
seq_len:78
seq_name:srp_Orni.anat._GSP-9258
seq_len:302
seq_name:grp1_a.I1.e.A.capsulatus.G184B.C1.SSU
seq_len:425
seq_name:16s_T.gondii_domain4
seq_len:159
seq_name:RNaseP_WA1
seq_len:294
seq_name:srp_Leis.majo._SDB-347515
seq_len:275
seq_name:RNaseP_purpleX
seq_len:300
seq_name:tmRNA_Copr.prot._TRW-351627_1-353
seq_len:353
seq_name:srp_Dros.moja._GSP-7230
seq_len:297
seq_name:srp_Stre.pyog._CP000056
seq_len:98
seq_name:grp1_a.I1.e.L.dispersa.UNK.SSU.789
seq_len:218
seq_name:RNaseP_SM-A06
seq_len:343
seq_name:tmRNA_Noca.farc._AP006618_1-368
seq_len:368
seq_name:5s_Acremonium-chrysogenum-1
seq_len:119
seq_name:telomerase_AF221926.103-507
seq_len:405
seq_name:RNaseP_H.pylori-48K
seq_len:317
seq_name:srp_Schm.medi._GSP-79327
seq_len:298
seq_name:5s_Thermomyces-lanuginosus-1
seq_len:119
seq_name:telomerase_AF221931.99-541
seq_len:443
seq_name:tmRNA_Salm.ente._AE014613_1-363
seq_len:363
seq_name:RNaseP_P.alcalifaciens
seq_len:301
seq_name:tmRNA_Nitr.euro._BX321865_1-360
seq_len:360
seq_name:RNaseP_R.rubrum
seq_len:429
seq_name:5s_Paenibacillus-popilliae-1
seq_len:117
seq_name:srp_Proc.mari._CP000551
seq_len:97
seq_name:RNaseP_S.lividans
seq_len:405
seq_name:RNaseP_CPB86
seq_len:301
seq_name:telomerase_AF221925.98-540
seq_len:443
seq_name:grp1_a.I1.m.M.grisea.B2.ND1
seq_len:285
seq_name:telomerase_AF147806.247-692
seq_len:446
seq_name:srp_Sili.spec._CP000377
seq_len:62
seq_name:16s_A.pyrophilus_domain4
seq_len:137
seq_name:RNaseP_CPB74
seq_len:305
seq_name:srp_Homo.sapi._BE083383
seq_len:298
seq_name:srp_Bras.napu._EE412262
seq_len:308
seq_name:srp_Kleb.pneu._CP000647
seq_len:100
seq_name:tmRNA_Heli.must._DQ250625_1-366
seq_len:366
seq_name:RNaseP_S.caesia-K76T
seq_len:339
seq_name:5s_Bacteroides-fragilis-6
seq_len:107
seq_name:tmRNA_Bdel.bact._BX842656_1-346
seq_len:346
seq_name:RNaseP_S.glauca-K194
seq_len:340
seq_name:5s_Pseudomonas-aeruginosa-2
seq_len:120
seq_name:tmRNA_Shig.sonn._CP000038_1-363
seq_len:363
seq_name:srp_Yers.pseu._BX936398
seq_len:103
seq_name:RNaseP_P.mississippiensis
seq_len:232
seq_name:RNaseP_V.cholera
seq_len:399
seq_name:tmRNA_Thal.pseu._EF067921_1-344
seq_len:344
seq_name:srp_Clos.kluy._CP000673
seq_len:234
seq_name:tmRNA_Chla.cavi._AE015925_1-425
seq_len:425
seq_name:tmRNA_Heli.pylo._AE001503_1-383
seq_len:383
seq_name:5s_Chlamydophila-abortus-1
seq_len:117
seq_name:RNaseP_SM-A4065
seq_len:310
seq_name:5s_Cystobacter-fuscus-1
seq_len:116
seq_name:telomerase_AF221910.112-554
seq_len:443
seq_name:grp1_a.I1.e.E.dermatitidis.C1.SSU.943
seq_len:426
seq_name:5s_Salmonella-typhi-1
seq_len:116
seq_name:16s_A.fulgidus_domain2
seq_len:359
seq_name:grp1_a.I1.e.C.ellipsoidea.211-1a.C1.SSU.1506
seq_len:479
seq_name:tmRNA_Synt.acid._CP000252_1-356
seq_len:356
seq_name:RNaseP_S.shibatae
seq_len:260
seq_name:5s_Bacillus-anthracis-6
seq_len:119
seq_name:telomerase_AF221919.107-614
seq_len:508
seq_name:5s_Pinus-contorta-1
seq_len:121
seq_name:grp1_a.I1.e.T.malaccensis.C1.LSU.1925
seq_len:447
seq_name:tmRNA_Mann.haem._TRW-272629_1-367
seq_len:367
seq_name:RNaseP_H.pylori-J99
seq_len:323
seq_name:tmRNA_Chla.muri._AE002296_1-418
seq_len:418
current processing 201/792
seq_name:RNaseP_SMB-A3
seq_len:313
seq_name:RNaseP_S.bayanus
seq_len:369
seq_name:5s_Pseudomonas-aeruginosa-1
seq_len:120
seq_name:5s_Rhodopseudomonas-palustris-2
seq_len:119
seq_name:grp1_a.I1.e.L.dispersa.UNK.SSU.1516
seq_len:240
seq_name:grp1_a.I1.e.C.grayi.UNK.SSU.1516
seq_len:308
seq_name:tmRNA_Xyle.fast._TRW-155920_1-355
seq_len:355
seq_name:5s_Bacillus-halodurans-4
seq_len:116
seq_name:srp_Gibb.zeae._GSP-229533
seq_len:298
seq_name:RNaseP_A.chroococcum
seq_len:294
seq_name:23s_E.coli_domain3
seq_len:372
seq_name:5s_Ralstonia-solanacearum-1
seq_len:114
seq_name:srp_Leis.majo._AY722715
seq_len:137
seq_name:srp_Cocc.posa._GSP-222929
seq_len:326
seq_name:RNaseP_SMB-B3
seq_len:287
seq_name:5s_Spirobolus-sp-1
seq_len:121
seq_name:5s_Campylobacter-jejuni-3
seq_len:120
seq_name:tmRNA_Acti.succ._TRW-339671_1-367
seq_len:367
seq_name:5s_Caenorhabditis-elegans-3
seq_len:120
seq_name:RNaseP_T.littoralis
seq_len:331
seq_name:RNaseP_M.barkeri
seq_len:371
seq_name:16s_F.ananassa_domain4
seq_len:172
seq_name:5s_Blakeslea-trispora-1
seq_len:120
seq_name:tmRNA_Salm.bong._TRW-218493_1-363
seq_len:363
seq_name:5s_C_paradoxE
seq_len:119
seq_name:tmRNA_Camp.fetu._AY211269_1-361
seq_len:361
seq_name:tmRNA_Acti.naes._TRW-240017_1-371
seq_len:371
seq_name:tmRNA_Croc.wats._TRW-165597_1-386
seq_len:386
seq_name:grp1_a.I1.c.S.bicolor.C3.tLEU
seq_len:510
seq_name:RNaseP_SM-A1012
seq_len:335
seq_name:5s_Pythium-torulosum-1
seq_len:118
seq_name:5s_Thermus-sp.-2
seq_len:120
seq_name:5s_Fusobacterium-nucleatum-2
seq_len:116
seq_name:16s_C.psittaci_domain3
seq_len:483
seq_name:srp_Aspe.terr._GSP-341663
seq_len:283
seq_name:tmRNA_Bord.para._TRW-257311_1-387
seq_len:387
seq_name:tmRNA_Chla.pneu._TRW-83558_1-426
seq_len:426
seq_name:srp_Heli.pylo._CP000241
seq_len:99
seq_name:5s_Geobacillus-stearothermophilus-2
seq_len:117
seq_name:16s_H.volcanii_domain4
seq_len:128
seq_name:5s_Achromobacter-xylosoxidans-1
seq_len:114
seq_name:srp_Xant.oryz._AE013598
seq_len:119
seq_name:tmRNA_Pseu.ento._CT573326_1-392
seq_len:392
seq_name:grp1_a.I1.e.M.caldariorum.C1.SSU.1506
seq_len:439
seq_name:tmRNA_Pola.spec._CP000316_1-387
seq_len:387
seq_name:16s_C.reinhardtii.chloro_domain2
seq_len:347
seq_name:5s_Ustilago-maydis-1
seq_len:118
seq_name:srp_Borr.burg._AE000783
seq_len:100
seq_name:5s_Thermus-thermophilus-2
seq_len:122
seq_name:srp_Alka.meta._CP000724
seq_len:175
seq_name:5s_Taxus-baccata-1
seq_len:121
seq_name:srp_Homo.sapi._BF909560
seq_len:280
seq_name:23s_T.thermophilus_domain3
seq_len:373
seq_name:tmRNA_Heli.hepa._AE017125_1-369
seq_len:369
seq_name:srp_Anto.locu._GSP-278021
seq_len:155
seq_name:16s_A.fulgidus_domain4
seq_len:133
seq_name:16s_Z.mays_domain3
seq_len:483
seq_name:RNaseP_C.vinosum
seq_len:369
seq_name:5s_Mycobacterium-tuberculosis-3
seq_len:117
seq_name:23s_H.pylori_domain6
seq_len:242
seq_name:tmRNA_Haem.infl._L42023_1-366
seq_len:366
seq_name:RNaseP_D.desulfuricans
seq_len:360
seq_name:tmRNA_Borr.burg._AE001118_1-359
seq_len:359
seq_name:RNaseP_P.troglodytes
seq_len:320
seq_name:tmRNA_Leuc.mese._AF375574_1-307
seq_len:307
seq_name:grp1_a.I1.e.A.capsulatus.FLs1.C1.SSU
seq_len:428
seq_name:srp_Tryp.bruc._S56681
seq_len:276
seq_name:srp_Yers.pest._AJ414155
seq_len:98
seq_name:srp_Baci.poly._D11421
seq_len:272
seq_name:5s_Helicobacter-pylori-3
seq_len:135
seq_name:grp1_a.I1.e.S.paniceum.UNK.SSU.1506
seq_len:259
seq_name:tmRNA_Shew.onei._AX048560_1-355
seq_len:355
seq_name:telomerase_AF221940.103-499
seq_len:397
seq_name:5s_Archaeoglobus-fulgidus-1
seq_len:124
seq_name:tmRNA_Pseu.aeru._CP000438_1-353
seq_len:353
seq_name:RNaseP_S.unisporus
seq_len:244
seq_name:16s_C.reinhardtii.mito_domain3
seq_len:387
seq_name:5s_Blastocladiella-simplex-1
seq_len:118
seq_name:RNaseP_H.pylori-RU1
seq_len:317
seq_name:5s_Roseococcus-thiosulfatophilus-1
seq_len:119
seq_name:RNaseP_LGW113
seq_len:321
seq_name:tmRNA_Guil.thet._AF041468_1-327
seq_len:327
seq_name:RNaseP_M.thermoautotrophicum-DH
seq_len:293
seq_name:srp_Trit.aest._CD897082
seq_len:259
seq_name:5s_Corynebacterium-glutamicum-1
seq_len:120
seq_name:RNaseP_Z.bailii
seq_len:205
seq_name:srp_Stap.aure._BX571857
seq_len:101
seq_name:srp_Carb.hydr._CP000141
seq_len:36
seq_name:srp_Esch.coli._U00096
seq_len:118
seq_name:tmRNA_Baci.thur._AE017355_1-355
seq_len:355
seq_name:5s_Vibrio-fluvialis-1
seq_len:120
seq_name:srp_Thal.pseu._EF067921
seq_len:90
seq_name:5s_Microbacterium-testaceum-1
seq_len:120
seq_name:5s_Thermotoga-sp.-1
seq_len:124
seq_name:RNaseP_SM-A4977
seq_len:331
seq_name:RNaseP_E.eschscholtzii-2
seq_len:326
seq_name:RNaseP_SM-A03
seq_len:321
seq_name:srp_Dani.rrer._BX469912
seq_len:282
seq_name:tmRNA_Aero.hydr._CP000462_1-360
seq_len:360
seq_name:tmRNA_uncu.bact._TRW-32033-1_1-354
seq_len:354
current processing 301/792
seq_name:tmRNA_Ther.teng._AE013063_1-351
seq_len:351
seq_name:23s_H.pylori_domain3
seq_len:380
seq_name:grp1_a.I1.e.T.pigmentosa.C1.LSU.1925
seq_len:451
seq_name:16s_C.psittaci_domain2
seq_len:355
seq_name:tmRNA_Rubr.gela._TRW-279263_1-372
seq_len:372
seq_name:RNaseP_L.japonicus-IFO15385
seq_len:326
seq_name:RNaseP_M.leprae
seq_len:423
seq_name:16s_B.subtilis_domain2
seq_len:355
seq_name:5s_Eimeria-tenella-1
seq_len:123
seq_name:grp1_a.I1.e.A.capsulatus.CBS213.53.C1.SSU.943
seq_len:408
seq_name:5s_Haloarcula-marismortui-2
seq_len:122
seq_name:5s_Aquifex-aeolicus-1
seq_len:120
seq_name:srp_Tryp.bruc._X57047
seq_len:273
seq_name:RNaseP_UK2
seq_len:294
seq_name:5s_Yersinia-pestis-1
seq_len:120
seq_name:5s_Hyphomicrobium-sp.-5
seq_len:120
seq_name:16s_B.burgdorferi_domain3
seq_len:485
seq_name:RNaseP_SMB-B4
seq_len:320
seq_name:5s_Vitreoscilla-stercoraria-1
seq_len:118
seq_name:srp_Bloc.flor._BX248585
seq_len:114
seq_name:srp_Trop.whip._AE016852
seq_len:105
seq_name:5s_Streptomyces-violaceus-1
seq_len:120
seq_name:tmRNA_Shew.spec._CP000444_1-355
seq_len:355
seq_name:16s_E.coli_domain2
seq_len:354
seq_name:RNaseP_Nocardiodes-NSP41
seq_len:278
seq_name:RNaseP_C.trachomatis-D
seq_len:408
seq_name:16s_A.pyrophilus_domain2
seq_len:250
seq_name:srp_Aede.aegy._DW714815
seq_len:302
seq_name:grp1_a.I1.e.T.cosmopolitanis.C1.LSU.1925
seq_len:451
seq_name:tmRNA_Camp.upsa._TRW-306264_1-359
seq_len:359
seq_name:RNaseP_S.bikiniensis
seq_len:398
seq_name:grp1_s.I1.e.T.thermophila.C1.LSU.1925.schem
seq_len:506
seq_name:16s_E.coli_domain3
seq_len:484
seq_name:srp_Cryp.parv._XM_626716
seq_len:300
seq_name:5s_Ustilentyloma-fluitans-1
seq_len:119
seq_name:5s_Propionibacterium-acnes-1
seq_len:122
seq_name:grp1_a.I1.e.P.carinii.C1.SSU.1506
seq_len:442
seq_name:tmRNA_Rals.sola._AL646052_1-360
seq_len:360
seq_name:RNaseP_Onchorhynchus-1
seq_len:312
seq_name:16s_C.reinhardtii.chloro_domain4
seq_len:145
seq_name:5s_Cryptomonas-paramecium-1
seq_len:121
seq_name:tmRNA_Myco.afri._TRW-33894_1-368
seq_len:368
seq_name:grp1_a.I1.e.D.salina.C1.SSU.943
seq_len:423
seq_name:RNaseP_CPB139
seq_len:301
seq_name:tmRNA_Haem.infl._U32808_1-366
seq_len:366
seq_name:5s_Corynebacterium-glutamicum-2
seq_len:121
seq_name:RNaseP_N.flavus
seq_len:266
seq_name:RNaseP_N.fulvus-JCM3335
seq_len:266
seq_name:srp_Trop.whip._AE014184
seq_len:89
seq_name:RNaseP_A.laidlawii
seq_len:316
seq_name:tmRNA_Esch.coli._U36840_1-363
seq_len:363
seq_name:5s_Photobacterium-profundum-3
seq_len:118
seq_name:RNaseP_SL1-1
seq_len:252
seq_name:srp_Stap.aure._CP000703
seq_len:270
seq_name:tmRNA_Lept.inte._AE016823_1-350
seq_len:350
seq_name:5s_Asellus-aquaticus-2
seq_len:120
seq_name:5s_Pneumocystis-carinii-1
seq_len:120
seq_name:srp_Chla.trac._AE001298
seq_len:102
seq_name:tmRNA_Bact.frag._CR626927_1-398
seq_len:398
seq_name:RNaseP_SM-A05
seq_len:302
seq_name:srp_Ence.cuni._AL590449
seq_len:162
seq_name:RNaseP_ESH20b-1
seq_len:285
seq_name:srp_Baci.alca._D11422
seq_len:268
seq_name:5s_Caulobacter-sp.-6
seq_len:119
seq_name:tmRNA_Burk.spec._CP000151_1-370
seq_len:370
seq_name:telomerase_AF221935.112-602
seq_len:491
seq_name:5s_Streptococcus-mutans-2
seq_len:116
seq_name:srp_Humu.lupu._AJ236703
seq_len:268
seq_name:RNaseP_P.staleyi
seq_len:376
seq_name:tmRNA_Syne.spec._D90916_1-396
seq_len:396
seq_name:tmRNA_Nitr.mult._CP000103_1-362
seq_len:362
seq_name:RNaseP_B.pertussis
seq_len:414
seq_name:srp_Salm.ente._AE017220
seq_len:116
seq_name:srp_Vibr.chol._CP000627
seq_len:111
seq_name:5s_Saprolegnia-ferax-1
seq_len:118
seq_name:srp_Yers.pest._AE017042
seq_len:98
seq_name:16s_G.intestinalis_domain3
seq_len:441
seq_name:tmRNA_Myxo.xant._TRW-34_1-366
seq_len:366
seq_name:tmRNA_Carn.malt._AF275938_1-366
seq_len:366
seq_name:srp_Bruc.ovis._CP000708
seq_len:103
seq_name:5s_Cyclidiopsis-acus-1
seq_len:118
seq_name:RNaseP_Prochlorococcus-PAC1B
seq_len:334
seq_name:RNaseP_T.acidophilum
seq_len:305
seq_name:srp_Homo.sapi._BF909563
seq_len:280
seq_name:srp_Kine.radi._CP000750
seq_len:53
seq_name:tmRNA_Geob.stea._TRW-1422_1-352
seq_len:352
seq_name:grp1_b.I1.e.M.anisopliae.2.C1.LSU.1921
seq_len:456
seq_name:tmRNA_Shew.spec._CP000446_1-355
seq_len:355
seq_name:grp1_a.I1.c.A.cherimola.C3.tLEU
seq_len:494
seq_name:srp_Esch.coli._CP000243
seq_len:117
seq_name:RNaseP_M.sedula
seq_len:304
seq_name:grp1_a.I1.e.S.paniceum.UNK.SSU.114
seq_len:210
seq_name:telomerase_AF221939.99-544
seq_len:446
seq_name:srp_Ashb.goss._AE016819
seq_len:381
seq_name:tmRNA_Nost.punc._TRW-63737_1-390
seq_len:390
seq_name:srp_Homo.sapi._AB061847
seq_len:302
seq_name:srp_Haem.infl._CP000672
seq_len:98
seq_name:srp_Acin.spec._CR543861
seq_len:47
seq_name:tmRNA_Moor.ther._CP000232_1-358
seq_len:358
seq_name:5s_Rumex-acetosa-1
seq_len:120
current processing 401/792
seq_name:srp_Sacc.para._BN000251
seq_len:509
seq_name:srp_Sulf.solf._Y08257
seq_len:312
seq_name:telomerase_AF221914.112-589
seq_len:478
seq_name:tmRNA_Stap.epid._TRW-1282-2_1-362
seq_len:362
seq_name:grp1_a.I1.e.P.carinii.Pc3.C1.LSU.1921
seq_len:381
seq_name:16s_H.volcanii_domain3
seq_len:490
seq_name:grp1_a.I1.e.C.merochlorophea.UNK.SSU.1210
seq_len:267
seq_name:RNaseP_S.pyogenes
seq_len:409
seq_name:16s_M.polymorpha_domain3
seq_len:486
seq_name:srp_Baci.subt._X06802
seq_len:270
seq_name:srp_Yarr.lipo._X51658
seq_len:270
seq_name:RNaseP_VSDW
seq_len:304
seq_name:16s_G.intestinalis_domain1
seq_len:485
seq_name:RNaseP_S.typhi
seq_len:374
seq_name:srp_Mann.succ._AE016827
seq_len:118
seq_name:srp_Ther.acid._AL445063
seq_len:317
seq_name:srp_Tryp.cong._SDB-5692
seq_len:279
seq_name:srp_Pseu.syri._CP000075
seq_len:117
seq_name:tmRNA_Lact.lact._AE006373_1-359
seq_len:359
seq_name:tmRNA_Pseu.syri._AE016853_1-388
seq_len:388
seq_name:srp_Cory.diph._BX248354
seq_len:89
seq_name:5s_Prasinocladus-sp.-1
seq_len:120
seq_name:srp_Clos.diff._AM180355
seq_len:238
seq_name:srp_Xant.camp._CP000050
seq_len:112
seq_name:srp_Stre.agal._AL766845
seq_len:77
seq_name:RNaseP_SM-A6090
seq_len:292
seq_name:tmRNA_Stre.equi._TRW-1336_1-349
seq_len:349
seq_name:telomerase_AY058901.1-397
seq_len:397
seq_name:tmRNA_Pseu.fluo._CP000076_1-394
seq_len:394
seq_name:23s_S.aureus_domain4
seq_len:347
seq_name:tmRNA_Emil.huxl._TRW-280463_1-291
seq_len:291
seq_name:srp_Popu.bals._GSP-73824
seq_len:303
seq_name:srp_Pyro.cali._CP000561
seq_len:240
seq_name:RNaseP_S.pastorianus
seq_len:365
seq_name:RNaseP_SM-A1214
seq_len:293
seq_name:tmRNA_Clos.acet._AE001437_1-359
seq_len:359
seq_name:5s_Halococcus-morrhuae-2
seq_len:125
seq_name:5s_Haloferax-volcanii-2
seq_len:125
seq_name:grp1_a.I1.e.P.macrosporus.C1.SSU.1506
seq_len:433
seq_name:telomerase_AF221920.99-541
seq_len:443
seq_name:srp_Stre.pyog._AM295007
seq_len:57
seq_name:5s_Bacillus-clausii-1
seq_len:116
seq_name:srp_Aero.pern._BA000002
seq_len:304
seq_name:grp1_a.I1.e.P.inouyei.C1.SSU.943
seq_len:390
seq_name:RNaseP_A.ferrooxidans
seq_len:344
seq_name:RNaseP_C.pneumoniae-CWL029
seq_len:406
seq_name:RNaseP_S.castellii
seq_len:354
seq_name:tmRNA_Fran.tula._AM286280_1-421
seq_len:421
seq_name:telomerase_AF221916.94-481
seq_len:388
seq_name:tmRNA_Para.symb._BX908798_1-405
seq_len:405
seq_name:grp1_a.I1.e.T.hyperangularis.C1.LSU.1925
seq_len:451
seq_name:16s_F.ananassa_domain3
seq_len:493
seq_name:RNaseP_P.vulgaris
seq_len:301
seq_name:5s_Rhodobacter-sphaeroides-2
seq_len:118
seq_name:RNaseP_A.fulgidus
seq_len:229
seq_name:grp1_a.I1.e.C.merochlorophea.UNK.SSU.1046
seq_len:267
seq_name:5s_Streptomyces-coelicolor-1
seq_len:121
seq_name:RNaseP_SM-A5888
seq_len:393
seq_name:5s_Bombyx-mori-1
seq_len:121
seq_name:telomerase_AF221913.109-520
seq_len:412
seq_name:5s_Saccharothrix-mutabilis-1
seq_len:120
seq_name:tmRNA_Myco.aviu._AE016958_1-368
seq_len:368
seq_name:srp_Leis.guya._AY722728
seq_len:137
seq_name:RNaseP_E.faecalis
seq_len:331
seq_name:srp_Chla.cavi._AE016995
seq_len:102
seq_name:srp_Humu.lupu._X65983
seq_len:306
seq_name:RNaseP_E.faecalis-2
seq_len:389
seq_name:5s_Streptomyces-rimosus-2
seq_len:120
seq_name:srp_Nitr.euro._BX321857
seq_len:96
seq_name:5s_Hyphomicrobium-sp.-3
seq_len:119
seq_name:5s_Ancylobacter-aquaticus-1
seq_len:117
seq_name:tmRNA_Stre.pneu._AE008453_1-348
seq_len:348
seq_name:5s_Schizosaccharomyces-pombe-1
seq_len:119
seq_name:16s_P.occultum_domain3
seq_len:485
seq_name:5s_Pyrococcus-horikoshii-1
seq_len:122
seq_name:tmRNA_List.mono._TRW-1639-1_1-370
seq_len:370
seq_name:16s_T.maritima_domain4
seq_len:151
seq_name:tmRNA_uncu.bact._TRW-32045-4_1-369
seq_len:369
seq_name:tmRNA_Shig.flex._AE014073_1-363
seq_len:363
seq_name:RNaseP_ERH
seq_len:301
seq_name:5s_Kondoa-malvinella-1
seq_len:119
seq_name:srp_Myco.hyop._AE017244
seq_len:81
seq_name:srp_Stre.pyog._AE009969
seq_len:78
seq_name:tmRNA_Camp.coli._TRW-306254_1-359
seq_len:359
seq_name:tmRNA_Lact.plan._AL935259_1-372
seq_len:372
seq_name:srp_Dros.mela._X00952
seq_len:298
seq_name:tmRNA_Myco.pulm._AL445565_1-387
seq_len:387
seq_name:RNaseP_S.caesia-SB01
seq_len:339
seq_name:tmRNA_Anab.vari._CP000117_1-390
seq_len:390
seq_name:RNaseP_E.eschsholtzii
seq_len:317
seq_name:srp_Brad.japo._BA000040
seq_len:33
seq_name:RNaseP_ESH167F
seq_len:278
seq_name:srp_List.mono._U15684
seq_len:279
seq_name:5s_Fusarium-pseudograminearum-1
seq_len:119
seq_name:grp1_a.I1.e.B.ciliata.JCM6865.C1.SSU.1506
seq_len:357
seq_name:5s_Neurospora-crassa-12
seq_len:120
seq_name:tmRNA_Prop.acne._AE017283_1-371
seq_len:371
seq_name:grp1_b.I1.e.C.saccharophila.C1.SSU.156
seq_len:454
seq_name:5s_Exidia-glandulosa-1
seq_len:118
seq_name:telomerase_AF221921.98-548
seq_len:451
current processing 501/792
seq_name:grp1_a.I1.e.C.saccatum.C1.SSU.1512
seq_len:476
seq_name:telomerase_AF221909.98-496
seq_len:399
seq_name:16s_P.staleyi_domain4
seq_len:147
seq_name:srp_Anae.sp.._CP000769
seq_len:88
seq_name:16s_G.intestinalis_domain2
seq_len:392
seq_name:grp1_a.I1.e.D.parva.C1.SSU.1512
seq_len:436
seq_name:srp_Burk.pseu._CP000572
seq_len:79
seq_name:grp1_a.I1.e.L.dispersa.UNK.SSU.287
seq_len:229
seq_name:srp_List.inno._AL596173
seq_len:277
seq_name:tmRNA_Haem.ducr._AE017143_1-367
seq_len:367
seq_name:tmRNA_Esch.coli._AP009048_1-363
seq_len:363
seq_name:telomerase_AF221918.97-547
seq_len:451
seq_name:tmRNA_Exig.sibi._TRW-262543_1-359
seq_len:359
seq_name:5s_Pichia-jadinii-2
seq_len:121
seq_name:grp1_a.I1.e.L.dispersa.UNK.SSU.1046
seq_len:255
seq_name:grp1_a.I1.e.B.ciliata.JCM6865.C1.SSU.943
seq_len:360
seq_name:tmRNA_Camp.lari._TRW-306263_1-359
seq_len:359
seq_name:16s_Z.mays_domain1
seq_len:506
seq_name:srp_Tryp.bruc._AF047723
seq_len:273
seq_name:5s_Ralstonia-solanacearum-2
seq_len:115
seq_name:16s_B.subtilis_domain3
seq_len:483
seq_name:5s_Drosophila-teissieri-1
seq_len:120
seq_name:srp_Myco.bovi._BX248347
seq_len:59
seq_name:RNaseP_Synechocystis-PCC6803
seq_len:437
seq_name:RNaseP_S.polymorpha
seq_len:304
seq_name:5s_Escherichia-coli-14
seq_len:120
seq_name:RNaseP_S.acidocaldarius
seq_len:315
seq_name:tmRNA_Fuso.nucl._TRW-209882_1-344
seq_len:344
seq_name:grp1_b.I1.e.M.anisopliae.3.C1.LSU.1921
seq_len:394
seq_name:srp_Chla.pneu._AE001363
seq_len:116
seq_name:tmRNA_Stap.aure._TRW-1280_1-362
seq_len:362
seq_name:RNaseP_S.servazzii
seq_len:234
seq_name:5s_Filobasidium-capsuligenum-1
seq_len:118
seq_name:tmRNA_Myco.tube._TRW-164513_1-368
seq_len:368
seq_name:tmRNA_Stre.aure._AY616521_1-382
seq_len:382
seq_name:23s_T.thermophilus_domain4
seq_len:339
seq_name:tmRNA_Meth.flag._CP000284_1-361
seq_len:361
seq_name:grp1_a.I1.e.P.clavariiformis.C1.SSU.943
seq_len:448
seq_name:tmRNA_Lact.lact._AF176556_1-359
seq_len:359
seq_name:srp_Fran.tula._AM286280
seq_len:99
seq_name:5s_Neurospora-crassa-15
seq_len:119
seq_name:tmRNA_Shig.dyse._CP000034_1-363
seq_len:363
seq_name:srp_Cory.jeik._CR931997
seq_len:91
seq_name:srp_Medi.trun._AC136507
seq_len:295
seq_name:tmRNA_Arth.spec._CP000454_1-369
seq_len:369
seq_name:grp1_a.I1.e.P.carinii.Pc2.C1.LSU.1921
seq_len:355
seq_name:5s_Acholeplasma-laidlawii-2
seq_len:111
seq_name:srp_Stre.pyog._AE014139
seq_len:99
seq_name:RNaseP_B.bronchiseptica
seq_len:243
seq_name:5s_Fusarium-lunulosporum-5
seq_len:119
seq_name:srp_Arab.thal._X72228
seq_len:306
seq_name:16s_H.sapiens.mito_domain4
seq_len:120
seq_name:srp_Stap.aure._E36052
seq_len:270
seq_name:tmRNA_Odon.sine._TRW-2839_1-371
seq_len:371
seq_name:5s_Roseococcus-thiosulfatophilus-2
seq_len:120
seq_name:5s_Bacillus-firmus-1
seq_len:116
seq_name:5s_Puccinia-suaveolens-1
seq_len:119
seq_name:tmRNA_Esch.coli._BA000007_1-363
seq_len:363
seq_name:srp_Lact.case._CP000423
seq_len:79
seq_name:srp_Bruc.meli._AM040264
seq_len:106
seq_name:5s_Pseudomonas-stutzeri-2
seq_len:120
seq_name:5s_Escherichia-coli-11
seq_len:122
seq_name:tmRNA_Rumi.albu._TRW-246199_1-354
seq_len:354
seq_name:5s_Acinetobacter-sp.-1
seq_len:116
seq_name:tmRNA_Sulf.azor._TRW-204536_1-351
seq_len:351
seq_name:RNaseP_S.kluyveri
seq_len:336
seq_name:5s_Cancer-pagurus-1
seq_len:120
seq_name:telomerase_AF221936.98-540
seq_len:443
seq_name:5s_Vibrio-vulnificus-4
seq_len:120
seq_name:RNaseP_C.trachomatis-2
seq_len:408
seq_name:RNaseP_C.limicola
seq_len:386
seq_name:23s_S.aureus_domain3
seq_len:379
seq_name:tmRNA_Yers.ente._TRW-34054_1-381
seq_len:381
seq_name:tmRNA_Salm.typh._AY316313_1-363
seq_len:363
seq_name:tmRNA_Myco.myco._BX842642_1-411
seq_len:411
seq_name:tmRNA_Myco.Bxz1._AY129337_1-437
seq_len:437
seq_name:tmRNA_Mann.succ._AE016827_1-367
seq_len:367
seq_name:tmRNA_Myco.bovi._TRW-1765_1-368
seq_len:368
seq_name:tmRNA_Ther.mari._TRW-243274-1_1-356
seq_len:356
seq_name:srp_Ente.faec._AE016953
seq_len:105
seq_name:RNaseP_Nostoc-PCC7413
seq_len:391
seq_name:tmRNA_Soda.glos._AP008232_1-384
seq_len:384
seq_name:5s_Coprinopsis-cinerea-1
seq_len:118
seq_name:tmRNA_Stre.sobr._TRW-246202_1-349
seq_len:349
seq_name:5s_Locusta-migratoria-1
seq_len:120
seq_name:tmRNA_Pseu.fluo._TRW-216595_1-397
seq_len:397
seq_name:5s_Microtetraspora-glauca-1
seq_len:121
seq_name:srp_Esch.coli._U82664
seq_len:118
seq_name:RNaseP_P.purpurea-chloroplast
seq_len:383
seq_name:RNaseP_C.acetobutylicum
seq_len:345
seq_name:RNaseP_SM-A2946
seq_len:312
seq_name:16s_P.staleyi_domain2
seq_len:353
seq_name:RNaseP_T.celerAL1-2
seq_len:331
seq_name:RNaseP_C.crescentus
seq_len:398
seq_name:srp_Chla.muri._AE002160
seq_len:106
seq_name:tmRNA_Neis.meni._TRW-272831_1-363
seq_len:363
seq_name:5s_Streptomyces-avermitilis-4
seq_len:118
seq_name:5s_Pirellula-sp.-2
seq_len:111
seq_name:srp_Meth.mari._CP000745
seq_len:218
seq_name:RNaseP_LGB32
seq_len:313
current processing 601/792
seq_name:RNaseP_SM-A5584
seq_len:341
seq_name:srp_Yers.pest._AE017129
seq_len:117
seq_name:RNaseP_A.brierleyi
seq_len:267
seq_name:16s_C.elegans_domain2
seq_len:162
seq_name:tmRNA_envi.sequ._TRW-204433_1-356
seq_len:356
seq_name:RNaseP_M.luteus
seq_len:325
seq_name:RNaseP_B.hermsii
seq_len:285
seq_name:5s_Nitrobacter-winogradskyi-1
seq_len:117
seq_name:tmRNA_Leif.xyli._AE016822_1-394
seq_len:394
seq_name:srp_Sulf.toko._BA000023
seq_len:308
seq_name:grp1_a.I1.e.P.sarcinoidea.C1.SSU.943
seq_len:476
seq_name:tmRNA_Sten.malt._TRW-40324_1-354
seq_len:354
seq_name:16s_D.melanogaster_domain4
seq_len:169
seq_name:RNaseP_LGW46
seq_len:384
seq_name:tmRNA_Haem.infl._AY599475_1-366
seq_len:366
seq_name:5s_Parachlamydia-sp.-1
seq_len:117
seq_name:RNaseP_L.acidophilus
seq_len:328
seq_name:srp_Trit.aest._BE424647
seq_len:223
seq_name:tmRNA_Stre.scab._TRW-1883_1-402
seq_len:402
seq_name:grp1_a.I1.e.A.adeninivorans.C1.LSU.2449
seq_len:450
seq_name:23s_H.pylori_domain4
seq_len:337
seq_name:srp_Stre.muta._AE014133
seq_len:73
seq_name:srp_Proc.mari._BX572093
seq_len:100
seq_name:16s_H.volcanii_domain2
seq_len:359
seq_name:srp_Shew.spec._CP000503
seq_len:118
seq_name:tmRNA_Heli.pylo._TRW-85962_1-386
seq_len:386
seq_name:tmRNA_Chla.trac._TRW-272561_1-420
seq_len:420
seq_name:tmRNA_Mora.cata._AX067460_1-359
seq_len:359
seq_name:16s_C.elegans_domain3
seq_len:290
seq_name:telomerase_AF221923.106-554
seq_len:449
seq_name:srp_Shig.flex._AE016979
seq_len:54
seq_name:tmRNA_Lact.john._TRW-257314_1-367
seq_len:367
seq_name:5s_Caulobacter-sp.-5
seq_len:119
seq_name:RNaseP_P.gingivalis
seq_len:398
seq_name:RNaseP_M.phosphovorus-JCM9380
seq_len:306
seq_name:srp_Aspe.fumi._GSP-41122
seq_len:278
seq_name:telomerase_AF221928.95-476
seq_len:382
seq_name:RNaseP_CPB80
seq_len:301
seq_name:telomerase_AF221929.92-517
seq_len:426
seq_name:srp_Para.bras._CN241137
seq_len:128
seq_name:srp_Heli.annu._AJ828095
seq_len:64
seq_name:tmRNA_Fran.tula._CP000437_1-421
seq_len:421
seq_name:5s_Vibrio-nereis-1
seq_len:121
seq_name:5s_Agaricus-edulis-1
seq_len:118
seq_name:tmRNA_Esch.coli._AE005491_1-363
seq_len:363
seq_name:srp_Fran.tula._CP000437
seq_len:103
seq_name:srp_Nitr.euro._AL954747
seq_len:102
seq_name:tmRNA_Geob.meta._CP000148_1-356
seq_len:356
seq_name:tmRNA_Clos.diff._TRW-367459_1-350
seq_len:350
seq_name:5s_Thiomonas-cuprina-1
seq_len:118
seq_name:16s_H.sapiens_domain4
seq_len:171
seq_name:5s_Halorubrum-distributum-4
seq_len:122
seq_name:5s_Streptococcus-pyogenes-2
seq_len:116
seq_name:5s_Cellulomonas-biazotea-1
seq_len:120
seq_name:srp_Rick.typh._AE017197
seq_len:98
seq_name:16s_C.psittaci_domain4
seq_len:147
seq_name:5s_Brevibacterium-helvolum-1
seq_len:120
seq_name:16s_B.burgdorferi_domain2
seq_len:349
seq_name:grp1_a.I1.e.P.carinii.Pc1.C1.LSU.1921
seq_len:375
seq_name:tmRNA_Lept.spec._TRW-261386_1-359
seq_len:359
seq_name:5s_Kutzneria-viridogrisea-1
seq_len:120
seq_name:5s_Artemia-sp.-4
seq_len:120
seq_name:5s_Sabellastarte-japonica-1
seq_len:120
seq_name:RNaseP_C.pneumoniae-AR39
seq_len:406
seq_name:tmRNA_Kleb.pneu._TRW-272620_1-363
seq_len:363
seq_name:telomerase_U85256.1-451
seq_len:451
seq_name:16s_M.polymorpha_domain2
seq_len:354
seq_name:tmRNA_Azoa.spec._TRW-62928_1-378
seq_len:378
seq_name:23s_S.aureus_domain6
seq_len:255
seq_name:srp_Cand.Bloc._CP000016
seq_len:100
seq_name:RNaseP_S.typhimurium
seq_len:375
seq_name:RNaseP_Synechocystis-PCC6308
seq_len:320
seq_name:grp1_a.I1.e.C.grayi.UNK.SSU.1046
seq_len:283
seq_name:RNaseP_SM1
seq_len:294
seq_name:16s_C.elegans_domain1
seq_len:173
seq_name:srp_Myco.geni._L43967
seq_len:101
seq_name:tmRNA_Bord.bron._TRW-257310_1-387
seq_len:387
seq_name:RNaseP_SMB-A5
seq_len:293
seq_name:5s_Paramecium-tetraurelia-1
seq_len:120
seq_name:RNaseP_LGB27
seq_len:347
seq_name:5s_uncultured-euryarchaeote-37F11-1
seq_len:122
seq_name:RNaseP_S.globosus
seq_len:339
seq_name:grp1_a.I1.e.S.paniceum.UNK.SSU.1052
seq_len:240
seq_name:5s_Sporolactobacillus-nakayamae-1
seq_len:118
seq_name:23s_B.subtilis_domain4
seq_len:348
seq_name:srp_Thal.pseu._GSP-296543
seq_len:96
seq_name:srp_Leis.infa._SDB-5671
seq_len:279
seq_name:RNaseP_T.pallidum
seq_len:340
seq_name:srp_Stre.pyog._CP000260
seq_len:73
seq_name:grp1_a.I1.e.A.stipitatus.C1.SSU.1046
seq_len:408
seq_name:5s_Akkesiphycus-lubricum-1
seq_len:118
seq_name:srp_Shew.balt._CP000563
seq_len:114
seq_name:RNaseP_ESH7-9
seq_len:311
seq_name:tmRNA_Myco.hyop._TRW-262719_1-433
seq_len:433
seq_name:RNaseP_M.bovis
seq_len:422
seq_name:tmRNA_Acti.acti._TRW-272556_1-366
seq_len:366
seq_name:5s_Mycoplasma-gallisepticum-1
seq_len:107
seq_name:tmRNA_Stre.agal._AE014233_1-350
seq_len:350
seq_name:srp_Meth.burt._CP000300
seq_len:320
seq_name:5s_Fusarium-asiaticum-7
seq_len:119
current processing 701/792
seq_name:srp_Dros.mela._AE014297
seq_len:299
seq_name:srp_Leis.braz._AY722724
seq_len:139
seq_name:16s_C.reinhardtii.mito_domain4
seq_len:115
seq_name:srp_Proc.mari._CP000576
seq_len:81
seq_name:telomerase_AF221912.98-564
seq_len:467
seq_name:5s_Bombyx-mori-2
seq_len:120
seq_name:tmRNA_Shew.spec._CP000469_1-355
seq_len:355
seq_name:grp1_a.I1.e.S.paniceum.UNK.SSU.1210
seq_len:260
seq_name:5s_Streptomyces-lividans-1
seq_len:119
seq_name:srp_Onch.volv._AI249203
seq_len:286
seq_name:tmRNA_Chlo.chlo._CP000108_1-401
seq_len:401
seq_name:5s_Shewanella-oneidensis-1
seq_len:120
seq_name:RNaseP_LGB41
seq_len:319
seq_name:5s_Notophthalmus-viridescens-1
seq_len:120
seq_name:RNaseP_M.capricolum
seq_len:356
seq_name:srp_Proc.spec._AJ011025
seq_len:81
seq_name:srp_Clos.acet._AE001437
seq_len:262
seq_name:5s_Bacteroides-fragilis-4
seq_len:103
seq_name:srp_Shig.flex._AE014073
seq_len:108
seq_name:RNaseP_SM-A3862
seq_len:290
seq_name:RNaseP_B.subtilis-g
seq_len:401
seq_name:23s_E.coli_domain4
seq_len:364
seq_name:RNaseP_A.ambivalens
seq_len:262
seq_name:5s_Ginkgo-biloba-1
seq_len:120
seq_name:RNaseP_SM-A4775
seq_len:289
seq_name:srp_Myco.syno._AE017245
seq_len:105
seq_name:RNaseP_T.aquaticus
seq_len:394
seq_name:16s_P.staleyi_domain3
seq_len:489
seq_name:grp1_a.I1.e.D.parva.C1.SSU.943
seq_len:396
seq_name:srp_Nitr.eutr._CP000450
seq_len:113
seq_name:RNaseP_P.stutzeri
seq_len:294
seq_name:srp_Esch.coli._AE016756
seq_len:98
seq_name:5s_Tremella-mesenterica-2
seq_len:118
seq_name:5s_Dugesia-japonica-2
seq_len:121
seq_name:RNaseP_EM14b-9
seq_len:355
seq_name:RNaseP_E1B
seq_len:252
seq_name:RNaseP_Anabaena-ATCC29413
seq_len:385
seq_name:5s_Vibrio-cyclosites-1
seq_len:119
seq_name:RNaseP_LGW18
seq_len:351
seq_name:RNaseP_S.caesia-K182
seq_len:339
seq_name:tmRNA_Stap.aure._AC074317_1-359
seq_len:359
seq_name:tmRNA_Ther.fusc._CP000088_1-372
seq_len:372
seq_name:srp_Kluy.lact._CR382126
seq_len:499
seq_name:RNaseP_C.jejuni
seq_len:318
seq_name:srp_Halo.mari._AY596297
seq_len:316
seq_name:grp1_a.I1.e.S.granulatum.C1.SSU.1506
seq_len:437
seq_name:RNaseP_T.neapolitana
seq_len:338
seq_name:srp_Shig.flex._AE005674
seq_len:74
seq_name:telomerase_AF221908.136-584
seq_len:449
seq_name:RNaseP_SM-A5382
seq_len:290
seq_name:RNaseP_A.salinestris-184
seq_len:294
seq_name:5s_Gelidium-amansii-2
seq_len:121
seq_name:tmRNA_Gemm.obsc._TRW-214688_1-412
seq_len:412
seq_name:5s_Xanthobacter-viscosus-1
seq_len:118
seq_name:5s_Thraustochytrium-visurgense-2
seq_len:119
seq_name:srp_Halo.volc._AF395888
seq_len:306
seq_name:RNaseP_D.jeanneae
seq_len:406
seq_name:tmRNA_Lept.spec._TRW-261385_1-359
seq_len:359
seq_name:srp_Mari.aqua._CP000514
seq_len:100
seq_name:tmRNA_Fuso.nucl._AE010567_1-341
seq_len:341
seq_name:tmRNA_Myco.smeg._CP000480_1-369
seq_len:369
seq_name:5s_Neurospora-crassa-2
seq_len:118
seq_name:RNaseP_B.stearothermophilus
seq_len:417
seq_name:RNaseP_CPA49
seq_len:370
seq_name:tmRNA_Aero.hydr._AY442269_1-360
seq_len:360
seq_name:grp1_a.I1.e.B.yamatoana.JCM2896.C1.SSU.943
seq_len:480
seq_name:grp1_a.I1.e.L.dispersa.UNK.SSU.1210
seq_len:221
seq_name:RNaseP_P.douglassii
seq_len:330
seq_name:srp_Legi.pneu._CR628337
seq_len:118
seq_name:16s_S.cerevisiae_domain4
seq_len:164
seq_name:RNaseP_K.pneumoniae
seq_len:383
seq_name:srp_Aspe.flav._GSP-332952
seq_len:283
seq_name:RNaseP_S.viridis-K73T
seq_len:341
seq_name:tmRNA_envi.sequ._TRW-32045-1_1-355
seq_len:355
seq_name:tmRNA_Chla.abor._CR848038_1-425
seq_len:425
seq_name:srp_Cryp.homi._GSP-353151
seq_len:300
seq_name:RNaseP_S.viridis-K191
seq_len:341
seq_name:tmRNA_Salm.ente._AE017220_1-363
seq_len:363
seq_name:5s_Trimorphomyces-papilionaceus-1
seq_len:118
seq_name:srp_Pyro.hori._BA000001
seq_len:319
seq_name:grp1_a.I1.c.G.prostrata.C3.tLEU
seq_len:336
seq_name:5s_Myxococcus-coralloides-1
seq_len:117
seq_name:telomerase_AF221937.99-545
seq_len:447
seq_name:grp1_a.I1.e.U.maydis.C1.SSU.943
seq_len:429
seq_name:RNaseP_B.subtilis
seq_len:401
seq_name:grp1_a.I1.e.C.saxonicum.C1.SSU.1506
seq_len:448
seq_name:telomerase_AF221911.104-513
seq_len:410
seq_name:RNaseP_H.pylori-26695
seq_len:316
seq_name:RNaseP_G.gorilla
seq_len:320
seq_name:tmRNA_Clos.ther._TRW-203119_1-387
seq_len:387
seq_name:tmRNA_Porp.purp._TRW-2787_1-323
seq_len:323
All_file_list:792
Save RNA test data to data/test.pick
use gpu: True
Loading file:  data/test.pick
Loading dataset Done!!!
train.len=792
FCDenseNet(
  (features): Sequential(
    (0): BasicConv2d(
      (conv): Conv2d(146, 64, kernel_size=(3, 3), stride=(1, 1), padding=(1, 1), bias=False)
      (bn): BatchNorm2d(64, eps=1e-05, momentum=0.1, affine=True, track_running_stats=True)
      (relu): ReLU(inplace=True)
    )
    (1): BasicConv2d(
      (conv): Conv2d(64, 32, kernel_size=(3, 3), stride=(1, 1), padding=(1, 1), bias=False)
      (bn): BatchNorm2d(32, eps=1e-05, momentum=0.1, affine=True, track_running_stats=True)
      (relu): ReLU(inplace=True)
    )
    (2): BasicConv2d(
      (conv): Conv2d(32, 16, kernel_size=(3, 3), stride=(1, 1), padding=(1, 1), bias=False)
      (bn): BatchNorm2d(16, eps=1e-05, momentum=0.1, affine=True, track_running_stats=True)
      (relu): ReLU(inplace=True)
    )
  )
  (down_dense): Module(
    (block_0): DenseBlock(16, 4*4+16=32)(
      (layer_0): DenseLayer(16, 4)(
        (norm): BatchNorm2d(16, eps=1e-05, momentum=0.1, affine=True, track_running_stats=True)
        (relu): ReLU(inplace=True)
        (conv): Conv2d(16, 4, kernel_size=(3, 3), stride=(1, 1), padding=(1, 1), bias=False)
      )
      (layer_1): DenseLayer(20, 4)(
        (norm): BatchNorm2d(20, eps=1e-05, momentum=0.1, affine=True, track_running_stats=True)
        (relu): ReLU(inplace=True)
        (conv): Conv2d(20, 4, kernel_size=(3, 3), stride=(1, 1), padding=(1, 1), bias=False)
      )
      (layer_2): DenseLayer(24, 4)(
        (norm): BatchNorm2d(24, eps=1e-05, momentum=0.1, affine=True, track_running_stats=True)
        (relu): ReLU(inplace=True)
        (conv): Conv2d(24, 4, kernel_size=(3, 3), stride=(1, 1), padding=(1, 1), bias=False)
      )
      (layer_3): DenseLayer(28, 4)(
        (norm): BatchNorm2d(28, eps=1e-05, momentum=0.1, affine=True, track_running_stats=True)
        (relu): ReLU(inplace=True)
        (conv): Conv2d(28, 4, kernel_size=(3, 3), stride=(1, 1), padding=(1, 1), bias=False)
      )
    )
    (block_1): DenseBlock(32, 4*8+32=64)(
      (layer_0): DenseLayer(32, 8)(
        (norm): BatchNorm2d(32, eps=1e-05, momentum=0.1, affine=True, track_running_stats=True)
        (relu): ReLU(inplace=True)
        (conv): Conv2d(32, 8, kernel_size=(3, 3), stride=(1, 1), padding=(1, 1), bias=False)
      )
      (layer_1): DenseLayer(40, 8)(
        (norm): BatchNorm2d(40, eps=1e-05, momentum=0.1, affine=True, track_running_stats=True)
        (relu): ReLU(inplace=True)
        (conv): Conv2d(40, 8, kernel_size=(3, 3), stride=(1, 1), padding=(1, 1), bias=False)
      )
      (layer_2): DenseLayer(48, 8)(
        (norm): BatchNorm2d(48, eps=1e-05, momentum=0.1, affine=True, track_running_stats=True)
        (relu): ReLU(inplace=True)
        (conv): Conv2d(48, 8, kernel_size=(3, 3), stride=(1, 1), padding=(1, 1), bias=False)
      )
      (layer_3): DenseLayer(56, 8)(
        (norm): BatchNorm2d(56, eps=1e-05, momentum=0.1, affine=True, track_running_stats=True)
        (relu): ReLU(inplace=True)
        (conv): Conv2d(56, 8, kernel_size=(3, 3), stride=(1, 1), padding=(1, 1), bias=False)
      )
    )
    (block_2): DenseBlock(64, 4*16+64=128)(
      (layer_0): DenseLayer(64, 16)(
        (norm): BatchNorm2d(64, eps=1e-05, momentum=0.1, affine=True, track_running_stats=True)
        (relu): ReLU(inplace=True)
        (conv): Conv2d(64, 16, kernel_size=(3, 3), stride=(1, 1), padding=(1, 1), bias=False)
      )
      (layer_1): DenseLayer(80, 16)(
        (norm): BatchNorm2d(80, eps=1e-05, momentum=0.1, affine=True, track_running_stats=True)
        (relu): ReLU(inplace=True)
        (conv): Conv2d(80, 16, kernel_size=(3, 3), stride=(1, 1), padding=(1, 1), bias=False)
      )
      (layer_2): DenseLayer(96, 16)(
        (norm): BatchNorm2d(96, eps=1e-05, momentum=0.1, affine=True, track_running_stats=True)
        (relu): ReLU(inplace=True)
        (conv): Conv2d(96, 16, kernel_size=(3, 3), stride=(1, 1), padding=(1, 1), bias=False)
      )
      (layer_3): DenseLayer(112, 16)(
        (norm): BatchNorm2d(112, eps=1e-05, momentum=0.1, affine=True, track_running_stats=True)
        (relu): ReLU(inplace=True)
        (conv): Conv2d(112, 16, kernel_size=(3, 3), stride=(1, 1), padding=(1, 1), bias=False)
      )
    )
    (block_3): DenseBlock(128, 4*32+128=256)(
      (layer_0): DenseLayer(128, 32)(
        (norm): BatchNorm2d(128, eps=1e-05, momentum=0.1, affine=True, track_running_stats=True)
        (relu): ReLU(inplace=True)
        (conv): Conv2d(128, 32, kernel_size=(3, 3), stride=(1, 1), padding=(1, 1), bias=False)
      )
      (layer_1): DenseLayer(160, 32)(
        (norm): BatchNorm2d(160, eps=1e-05, momentum=0.1, affine=True, track_running_stats=True)
        (relu): ReLU(inplace=True)
        (conv): Conv2d(160, 32, kernel_size=(3, 3), stride=(1, 1), padding=(1, 1), bias=False)
      )
      (layer_2): DenseLayer(192, 32)(
        (norm): BatchNorm2d(192, eps=1e-05, momentum=0.1, affine=True, track_running_stats=True)
        (relu): ReLU(inplace=True)
        (conv): Conv2d(192, 32, kernel_size=(3, 3), stride=(1, 1), padding=(1, 1), bias=False)
      )
      (layer_3): DenseLayer(224, 32)(
        (norm): BatchNorm2d(224, eps=1e-05, momentum=0.1, affine=True, track_running_stats=True)
        (relu): ReLU(inplace=True)
        (conv): Conv2d(224, 32, kernel_size=(3, 3), stride=(1, 1), padding=(1, 1), bias=False)
      )
    )
  )
  (down_trans): Module(
    (trans_0): TransitionDown(32, 32, dropout=0)(
      (norm): BatchNorm2d(32, eps=1e-05, momentum=0.1, affine=True, track_running_stats=True)
      (relu): ReLU(inplace=True)
      (conv): Conv2d(32, 32, kernel_size=(1, 1), stride=(1, 1), bias=False)
      (pool): MaxPool2d(kernel_size=2, stride=2, padding=0, dilation=1, ceil_mode=False)
    )
    (trans_1): TransitionDown(64, 64, dropout=0)(
      (norm): BatchNorm2d(64, eps=1e-05, momentum=0.1, affine=True, track_running_stats=True)
      (relu): ReLU(inplace=True)
      (conv): Conv2d(64, 64, kernel_size=(1, 1), stride=(1, 1), bias=False)
      (pool): MaxPool2d(kernel_size=2, stride=2, padding=0, dilation=1, ceil_mode=False)
    )
    (trans_2): TransitionDown(128, 128, dropout=0)(
      (norm): BatchNorm2d(128, eps=1e-05, momentum=0.1, affine=True, track_running_stats=True)
      (relu): ReLU(inplace=True)
      (conv): Conv2d(128, 128, kernel_size=(1, 1), stride=(1, 1), bias=False)
      (pool): MaxPool2d(kernel_size=2, stride=2, padding=0, dilation=1, ceil_mode=False)
    )
    (trans_3): TransitionDown(256, 256, dropout=0)(
      (norm): BatchNorm2d(256, eps=1e-05, momentum=0.1, affine=True, track_running_stats=True)
      (relu): ReLU(inplace=True)
      (conv): Conv2d(256, 256, kernel_size=(1, 1), stride=(1, 1), bias=False)
      (pool): MaxPool2d(kernel_size=2, stride=2, padding=0, dilation=1, ceil_mode=False)
    )
  )
  (middle): DenseBlock(256, 8*32+256=512)(
    (layer_0): DenseLayer(256, 32)(
      (norm): BatchNorm2d(256, eps=1e-05, momentum=0.1, affine=True, track_running_stats=True)
      (relu): ReLU(inplace=True)
      (conv): Conv2d(256, 32, kernel_size=(3, 3), stride=(1, 1), padding=(1, 1), bias=False)
    )
    (layer_1): DenseLayer(288, 32)(
      (norm): BatchNorm2d(288, eps=1e-05, momentum=0.1, affine=True, track_running_stats=True)
      (relu): ReLU(inplace=True)
      (conv): Conv2d(288, 32, kernel_size=(3, 3), stride=(1, 1), padding=(1, 1), bias=False)
    )
    (layer_2): DenseLayer(320, 32)(
      (norm): BatchNorm2d(320, eps=1e-05, momentum=0.1, affine=True, track_running_stats=True)
      (relu): ReLU(inplace=True)
      (conv): Conv2d(320, 32, kernel_size=(3, 3), stride=(1, 1), padding=(1, 1), bias=False)
    )
    (layer_3): DenseLayer(352, 32)(
      (norm): BatchNorm2d(352, eps=1e-05, momentum=0.1, affine=True, track_running_stats=True)
      (relu): ReLU(inplace=True)
      (conv): Conv2d(352, 32, kernel_size=(3, 3), stride=(1, 1), padding=(1, 1), bias=False)
    )
    (layer_4): DenseLayer(384, 32)(
      (norm): BatchNorm2d(384, eps=1e-05, momentum=0.1, affine=True, track_running_stats=True)
      (relu): ReLU(inplace=True)
      (conv): Conv2d(384, 32, kernel_size=(3, 3), stride=(1, 1), padding=(1, 1), bias=False)
    )
    (layer_5): DenseLayer(416, 32)(
      (norm): BatchNorm2d(416, eps=1e-05, momentum=0.1, affine=True, track_running_stats=True)
      (relu): ReLU(inplace=True)
      (conv): Conv2d(416, 32, kernel_size=(3, 3), stride=(1, 1), padding=(1, 1), bias=False)
    )
    (layer_6): DenseLayer(448, 32)(
      (norm): BatchNorm2d(448, eps=1e-05, momentum=0.1, affine=True, track_running_stats=True)
      (relu): ReLU(inplace=True)
      (conv): Conv2d(448, 32, kernel_size=(3, 3), stride=(1, 1), padding=(1, 1), bias=False)
    )
    (layer_7): DenseLayer(480, 32)(
      (norm): BatchNorm2d(480, eps=1e-05, momentum=0.1, affine=True, track_running_stats=True)
      (relu): ReLU(inplace=True)
      (conv): Conv2d(480, 32, kernel_size=(3, 3), stride=(1, 1), padding=(1, 1), bias=False)
    )
  )
  (up_dense): Module(
    (block_0): DenseBlock(256, 4*64=256)(
      (layer_0): DenseLayer(256, 64)(
        (norm): BatchNorm2d(256, eps=1e-05, momentum=0.1, affine=True, track_running_stats=True)
        (relu): ReLU(inplace=True)
        (conv): Conv2d(256, 64, kernel_size=(3, 3), stride=(1, 1), padding=(1, 1), bias=False)
      )
      (layer_1): DenseLayer(320, 64)(
        (norm): BatchNorm2d(320, eps=1e-05, momentum=0.1, affine=True, track_running_stats=True)
        (relu): ReLU(inplace=True)
        (conv): Conv2d(320, 64, kernel_size=(3, 3), stride=(1, 1), padding=(1, 1), bias=False)
      )
      (layer_2): DenseLayer(384, 64)(
        (norm): BatchNorm2d(384, eps=1e-05, momentum=0.1, affine=True, track_running_stats=True)
        (relu): ReLU(inplace=True)
        (conv): Conv2d(384, 64, kernel_size=(3, 3), stride=(1, 1), padding=(1, 1), bias=False)
      )
      (layer_3): DenseLayer(448, 64)(
        (norm): BatchNorm2d(448, eps=1e-05, momentum=0.1, affine=True, track_running_stats=True)
        (relu): ReLU(inplace=True)
        (conv): Conv2d(448, 64, kernel_size=(3, 3), stride=(1, 1), padding=(1, 1), bias=False)
      )
    )
    (block_1): DenseBlock(128, 4*32=128)(
      (layer_0): DenseLayer(128, 32)(
        (norm): BatchNorm2d(128, eps=1e-05, momentum=0.1, affine=True, track_running_stats=True)
        (relu): ReLU(inplace=True)
        (conv): Conv2d(128, 32, kernel_size=(3, 3), stride=(1, 1), padding=(1, 1), bias=False)
      )
      (layer_1): DenseLayer(160, 32)(
        (norm): BatchNorm2d(160, eps=1e-05, momentum=0.1, affine=True, track_running_stats=True)
        (relu): ReLU(inplace=True)
        (conv): Conv2d(160, 32, kernel_size=(3, 3), stride=(1, 1), padding=(1, 1), bias=False)
      )
      (layer_2): DenseLayer(192, 32)(
        (norm): BatchNorm2d(192, eps=1e-05, momentum=0.1, affine=True, track_running_stats=True)
        (relu): ReLU(inplace=True)
        (conv): Conv2d(192, 32, kernel_size=(3, 3), stride=(1, 1), padding=(1, 1), bias=False)
      )
      (layer_3): DenseLayer(224, 32)(
        (norm): BatchNorm2d(224, eps=1e-05, momentum=0.1, affine=True, track_running_stats=True)
        (relu): ReLU(inplace=True)
        (conv): Conv2d(224, 32, kernel_size=(3, 3), stride=(1, 1), padding=(1, 1), bias=False)
      )
    )
    (block_2): DenseBlock(64, 4*16=64)(
      (layer_0): DenseLayer(64, 16)(
        (norm): BatchNorm2d(64, eps=1e-05, momentum=0.1, affine=True, track_running_stats=True)
        (relu): ReLU(inplace=True)
        (conv): Conv2d(64, 16, kernel_size=(3, 3), stride=(1, 1), padding=(1, 1), bias=False)
      )
      (layer_1): DenseLayer(80, 16)(
        (norm): BatchNorm2d(80, eps=1e-05, momentum=0.1, affine=True, track_running_stats=True)
        (relu): ReLU(inplace=True)
        (conv): Conv2d(80, 16, kernel_size=(3, 3), stride=(1, 1), padding=(1, 1), bias=False)
      )
      (layer_2): DenseLayer(96, 16)(
        (norm): BatchNorm2d(96, eps=1e-05, momentum=0.1, affine=True, track_running_stats=True)
        (relu): ReLU(inplace=True)
        (conv): Conv2d(96, 16, kernel_size=(3, 3), stride=(1, 1), padding=(1, 1), bias=False)
      )
      (layer_3): DenseLayer(112, 16)(
        (norm): BatchNorm2d(112, eps=1e-05, momentum=0.1, affine=True, track_running_stats=True)
        (relu): ReLU(inplace=True)
        (conv): Conv2d(112, 16, kernel_size=(3, 3), stride=(1, 1), padding=(1, 1), bias=False)
      )
    )
    (block_3): DenseBlock(32, 4*8=32)(
      (layer_0): DenseLayer(32, 8)(
        (norm): BatchNorm2d(32, eps=1e-05, momentum=0.1, affine=True, track_running_stats=True)
        (relu): ReLU(inplace=True)
        (conv): Conv2d(32, 8, kernel_size=(3, 3), stride=(1, 1), padding=(1, 1), bias=False)
      )
      (layer_1): DenseLayer(40, 8)(
        (norm): BatchNorm2d(40, eps=1e-05, momentum=0.1, affine=True, track_running_stats=True)
        (relu): ReLU(inplace=True)
        (conv): Conv2d(40, 8, kernel_size=(3, 3), stride=(1, 1), padding=(1, 1), bias=False)
      )
      (layer_2): DenseLayer(48, 8)(
        (norm): BatchNorm2d(48, eps=1e-05, momentum=0.1, affine=True, track_running_stats=True)
        (relu): ReLU(inplace=True)
        (conv): Conv2d(48, 8, kernel_size=(3, 3), stride=(1, 1), padding=(1, 1), bias=False)
      )
      (layer_3): DenseLayer(56, 8)(
        (norm): BatchNorm2d(56, eps=1e-05, momentum=0.1, affine=True, track_running_stats=True)
        (relu): ReLU(inplace=True)
        (conv): Conv2d(56, 8, kernel_size=(3, 3), stride=(1, 1), padding=(1, 1), bias=False)
      )
    )
  )
  (up_trans): Module(
    (trans_0): TransitionUp([256, 256] -> 256))(
      (upconv): Sequential(
        (0): Upsample(scale_factor=2.0, mode=nearest)
        (1): Conv2d(512, 256, kernel_size=(3, 3), stride=(1, 1), padding=(1, 1))
        (2): BatchNorm2d(256, eps=1e-05, momentum=0.1, affine=True, track_running_stats=True)
        (3): ReLU(inplace=True)
      )
      (concat): Concatenate()
    )
    (trans_1): TransitionUp([128, 128] -> 128))(
      (upconv): Sequential(
        (0): Upsample(scale_factor=2.0, mode=nearest)
        (1): Conv2d(256, 128, kernel_size=(3, 3), stride=(1, 1), padding=(1, 1))
        (2): BatchNorm2d(128, eps=1e-05, momentum=0.1, affine=True, track_running_stats=True)
        (3): ReLU(inplace=True)
      )
      (concat): Concatenate()
    )
    (trans_2): TransitionUp([64, 64] -> 64))(
      (upconv): Sequential(
        (0): Upsample(scale_factor=2.0, mode=nearest)
        (1): Conv2d(128, 64, kernel_size=(3, 3), stride=(1, 1), padding=(1, 1))
        (2): BatchNorm2d(64, eps=1e-05, momentum=0.1, affine=True, track_running_stats=True)
        (3): ReLU(inplace=True)
      )
      (concat): Concatenate()
    )
    (trans_3): TransitionUp([32, 32] -> 32))(
      (upconv): Sequential(
        (0): Upsample(scale_factor=2.0, mode=nearest)
        (1): Conv2d(64, 32, kernel_size=(3, 3), stride=(1, 1), padding=(1, 1))
        (2): BatchNorm2d(32, eps=1e-05, momentum=0.1, affine=True, track_running_stats=True)
        (3): ReLU(inplace=True)
      )
      (concat): Concatenate()
    )
  )
  (final): Conv2d(32, 1, kernel_size=(1, 1), stride=(1, 1))
  (Norm): BatchNorm2d(1, eps=1e-05, momentum=0.1, affine=True, track_running_stats=True)
)
----------
Epoch 50/100
----------
Phase train...
Train data:792
/home/gkulemeyer/Repos/REDfold/exec1/redfold/fold/data_generator.py:53: VisibleDeprecationWarning: Creating an ndarray from ragged nested sequences (which is a list-or-tuple of lists-or-tuples-or ndarrays with different lengths or shapes) is deprecated. If you meant to do this, you must specify 'dtype=object' when creating the ndarray.
  self.seq_hot= np.array([instance[2] for instance in self.data])
/home/gkulemeyer/Repos/REDfold/exec1/redfold/fold/data_generator.py:54: VisibleDeprecationWarning: Creating an ndarray from ragged nested sequences (which is a list-or-tuple of lists-or-tuples-or ndarrays with different lengths or shapes) is deprecated. If you meant to do this, you must specify 'dtype=object' when creating the ndarray.
  self.data_y= np.array([instance[3] for instance in self.data])
/home/gkulemeyer/Repos/REDfold/exec1/redfold/fold/data_generator.py:55: VisibleDeprecationWarning: Creating an ndarray from ragged nested sequences (which is a list-or-tuple of lists-or-tuples-or ndarrays with different lengths or shapes) is deprecated. If you meant to do this, you must specify 'dtype=object' when creating the ndarray.
  self.data_x= np.array([instance[4] for instance in self.data])
/home/gkulemeyer/Repos/REDfold/exec1/redfold/fold/data_generator.py:56: VisibleDeprecationWarning: Creating an ndarray from ragged nested sequences (which is a list-or-tuple of lists-or-tuples-or ndarrays with different lengths or shapes) is deprecated. If you meant to do this, you must specify 'dtype=object' when creating the ndarray.
  self.data_z= np.array([instance[5] for instance in self.data])
Epoch Loss:0.0675
----------
Epoch 51/100
----------
Phase train...
Train data:792
Epoch Loss:0.0656
----------
Epoch 52/100
----------
Phase train...
Train data:792
Epoch Loss:0.0679
----------
Epoch 53/100
----------
Phase train...
Train data:792
Epoch Loss:0.0635
----------
Epoch 54/100
----------
Phase train...
Train data:792
Epoch Loss:0.0643
----------
Epoch 55/100
----------
Phase train...
Train data:792
Epoch Loss:0.0640
----------
Epoch 56/100
----------
Phase train...
Train data:792
Epoch Loss:0.0634
----------
Epoch 57/100
----------
Phase train...
Train data:792
Epoch Loss:0.0646
----------
Epoch 58/100
----------
Phase train...
Train data:792
Epoch Loss:0.0704
----------
Epoch 59/100
----------
Phase train...
Train data:792
Epoch Loss:0.0626
----------
Epoch 60/100
----------
Phase train...
Train data:792
Epoch Loss:0.0605
----------
Epoch 61/100
----------
Phase train...
Train data:792
Epoch Loss:0.0616
----------
Epoch 62/100
----------
Phase train...
Train data:792
Epoch Loss:0.0646
----------
Epoch 63/100
----------
Phase train...
Train data:792
Epoch Loss:0.0638
----------
Epoch 64/100
----------
Phase train...
Train data:792
Epoch Loss:0.0624
----------
Epoch 65/100
----------
Phase train...
Train data:792
Epoch Loss:0.0664
----------
Epoch 66/100
----------
Phase train...
Train data:792
Epoch Loss:0.0634
----------
Epoch 67/100
----------
Phase train...
Train data:792
Epoch Loss:0.0627
----------
Epoch 68/100
----------
Phase train...
Train data:792
Epoch Loss:0.0614
----------
Epoch 69/100
----------
Phase train...
Train data:792
Epoch Loss:0.0603
----------
Epoch 70/100
----------
Phase train...
Train data:792
Epoch Loss:0.0616
----------
Epoch 71/100
----------
Phase train...
Train data:792
Epoch Loss:0.0764
----------
Epoch 72/100
----------
Phase train...
Train data:792
Epoch Loss:0.0625
----------
Epoch 73/100
----------
Phase train...
Train data:792
Epoch Loss:0.0624
----------
Epoch 74/100
----------
Phase train...
Train data:792
Epoch Loss:0.0600
----------
Epoch 75/100
----------
Phase train...
Train data:792
Epoch Loss:0.0599
----------
Epoch 76/100
----------
Phase train...
Train data:792
Epoch Loss:0.0589
----------
Epoch 77/100
----------
Phase train...
Train data:792
Epoch Loss:0.0693
----------
Epoch 78/100
----------
Phase train...
Train data:792
Epoch Loss:0.0627
----------
Epoch 79/100
----------
Phase train...
Train data:792
Epoch Loss:0.0603
----------
Epoch 80/100
----------
Phase train...
Train data:792
Epoch Loss:0.0592
----------
Epoch 81/100
----------
Phase train...
Train data:792
Epoch Loss:0.0615
----------
Epoch 82/100
----------
Phase train...
Train data:792
Epoch Loss:0.0635
----------
Epoch 83/100
----------
Phase train...
Train data:792
Epoch Loss:0.0614
----------
Epoch 84/100
----------
Phase train...
Train data:792
Epoch Loss:0.0598
----------
Epoch 85/100
----------
Phase train...
Train data:792
Epoch Loss:0.0614
----------
Epoch 86/100
----------
Phase train...
Train data:792
Epoch Loss:0.0610
----------
Epoch 87/100
----------
Phase train...
Train data:792
Epoch Loss:0.0602
----------
Epoch 88/100
----------
Phase train...
Train data:792
Epoch Loss:0.0646
----------
Epoch 89/100
----------
Phase train...
Train data:792
Epoch Loss:0.0608
----------
Epoch 90/100
----------
Phase train...
Train data:792
Epoch Loss:0.0597
----------
Epoch 91/100
----------
Phase train...
Train data:792
Epoch Loss:0.0630
----------
Epoch 92/100
----------
Phase train...
Train data:792
Epoch Loss:0.0625
----------
Epoch 93/100
----------
Phase train...
Train data:792
Epoch Loss:0.0596
----------
Epoch 94/100
----------
Phase train...
Train data:792
Epoch Loss:0.0586
----------
Epoch 95/100
----------
Phase train...
Train data:792
Epoch Loss:0.0628
----------
Epoch 96/100
----------
Phase train...
Train data:792
Epoch Loss:0.0627
----------
Epoch 97/100
----------
Phase train...
Train data:792
Epoch Loss:0.0593
----------
Epoch 98/100
----------
Phase train...
Train data:792
Epoch Loss:0.0586
----------
Epoch 99/100
----------
Phase train...
Train data:792
Epoch Loss:0.0596
Saving model to data/mod_redense_100.pt
train finish.
