seq_name:5s_Desulfurococcus-mobilis-1
seq_len:129
current processing 1/472
seq_name:5s_Arthrobacter-polychromogenes-1
seq_len:121
seq_name:RNaseP_CPA58
seq_len:379
seq_name:5s_Antheraea-pernyi-1
seq_len:120
seq_name:grp1_a.I1.e.L.dispersa.UNK.SSU.516
seq_len:328
seq_name:16s_H.sapiens_domain3
seq_len:504
seq_name:tmRNA_uncu.bact._TRW-72274-2_1-359
seq_len:359
seq_name:RNaseP_PS4
seq_len:297
seq_name:telomerase_AF221927.113-556
seq_len:444
seq_name:srp_Esch.coli._X01074
seq_len:98
seq_name:16s_T.maritima_domain2
seq_len:442
seq_name:tmRNA_Yers.berc._TRW-349968_1-381
seq_len:381
seq_name:RNaseP_N.simplex
seq_len:273
seq_name:srp_Ther.mari._AE000512
seq_len:117
seq_name:16s_H.sapiens.mito_domain1
seq_len:282
seq_name:16s_E.coli_domain4
seq_len:145
seq_name:16s_Z.mays_domain4
seq_len:146
seq_name:telomerase_AF221930.94-546
seq_len:453
seq_name:RNaseP_A.telluris
seq_len:364
seq_name:5s_Alcaligenes-faecalis-2
seq_len:115
seq_name:RNaseP_SM-A3355
seq_len:303
seq_name:5s_Leuconostoc-mesenteroides-1
seq_len:117
seq_name:RNaseP_SM-A2135
seq_len:332
seq_name:5s_Pichia-membranifaciens-1
seq_len:120
seq_name:tmRNA_Camp.coli._AL111168_1-359
seq_len:359
seq_name:16s_G.intestinalis_domain4
seq_len:134
seq_name:16s_H.sapiens.mito_domain2
seq_len:237
seq_name:grp1_a.I1.e.P.inouyei.C1.SSU.1506
seq_len:409
seq_name:srp_Clos.botu._AM412317
seq_len:244
seq_name:5s_Bacillus-anthracis-3
seq_len:116
seq_name:grp1_a.I1.m.S.luteus.A1.LSU.2504
seq_len:373
seq_name:tmRNA_Past.mult._AE006115_1-367
seq_len:367
seq_name:tmRNA_Myco.pneu._AE000035_1-384
seq_len:384
seq_name:grp1_a.I1.e.P.pachydermus.C1.SSU.943
seq_len:392
seq_name:srp_Cion.inte._BW088710
seq_len:269
seq_name:RNaseP_F.antarctica
seq_len:312
seq_name:RNaseP_Calothrix-PCC7601
seq_len:467
seq_name:grp1_b.I1.e.T.thermophila.C1.LSU.1925
seq_len:506
seq_name:16s_A.fulgidus_domain3
seq_len:488
seq_name:RNaseP_S.japonicus
seq_len:286
seq_name:23s_E.coli_domain6
seq_len:262
seq_name:5s_Daphnia-magna-1
seq_len:120
seq_name:RNaseP_WB3
seq_len:294
seq_name:RNaseP_CPB147
seq_len:298
seq_name:srp_Ento.sulc._AF095839
seq_len:318
seq_name:5s_Shewanella-colwelliana-1
seq_len:120
seq_name:tmRNA_Spir.citr._AM285321_1-424
seq_len:424
seq_name:RNaseP_SM-A04
seq_len:330
seq_name:grp1_a.I1.e.G.spirotaenia.C1.SSU.1506
seq_len:387
seq_name:srp_Pich.stip._CP000502
seq_len:98
seq_name:tmRNA_Stre.pneu._TRW-216600_1-348
seq_len:348
seq_name:RNaseP_L.japonicus-IFO12422
seq_len:326
seq_name:grp1_a.I1.e.S.sclerotiorum_1837.C1.LSU.798
seq_len:371
seq_name:tmRNA_Stre.ther._CP000024_1-350
seq_len:350
seq_name:srp_Esch.coli._CP000247
seq_len:118
seq_name:tmRNA_Psyc.arct._CP000082_1-359
seq_len:359
seq_name:tmRNA_Esch.coli._D90888_1-363
seq_len:363
seq_name:tmRNA_Baci.anth._AE016879_1-355
seq_len:355
seq_name:grp1_a.I1.e.C.merochlorophea.UNK.SSU.1516
seq_len:274
seq_name:tmRNA_Chla.trac._TRW-813-1_1-420
seq_len:420
seq_name:srp_Dech.arom._CP000089
seq_len:113
seq_name:5s_Thermoactinomyces-vulgaris-1
seq_len:115
seq_name:tmRNA_Salm.ente._TRW-59204_1-363
seq_len:363
seq_name:srp_Volv.cart._GSP-51971-2
seq_len:290
seq_name:5s_Thermus-thermophilus-1
seq_len:122
seq_name:16s_Z.mays_domain2
seq_len:355
seq_name:5s_Legionella-pneumophila-1
seq_len:118
seq_name:grp1_a.I1.e.Staurastrum.sp.M753.C1.SSU.1506
seq_len:415
seq_name:16s_M.polymorpha_domain4
seq_len:143
seq_name:16s_P.occultum_domain2
seq_len:358
seq_name:srp_Lact.john._AX926712
seq_len:76
seq_name:RNaseP_Onchorhynchus-2
seq_len:308
seq_name:grp1_a.I1.e.A.capsulatus.G184B.C1.SSU
seq_len:425
seq_name:16s_T.gondii_domain4
seq_len:159
seq_name:RNaseP_M.tuberculosis-g
seq_len:433
seq_name:tmRNA_Copr.prot._TRW-351627_1-353
seq_len:353
seq_name:RNaseP_A.paspali
seq_len:294
seq_name:grp1_a.I1.e.L.dispersa.UNK.SSU.789
seq_len:218
seq_name:srp_Buch.aphi._AE016826
seq_len:118
seq_name:telomerase_AF221926.103-507
seq_len:405
seq_name:srp_Schm.medi._GSP-79327
seq_len:298
seq_name:telomerase_AF221931.99-541
seq_len:443
seq_name:5s_Rana-pipiens-1
seq_len:119
seq_name:srp_Bord.pert._BX640415
seq_len:96
seq_name:srp_Fran.tula._AJ749949
seq_len:100
seq_name:RNaseP_M.genitalium
seq_len:384
seq_name:grp1_a.I1.m.M.grisea.B2.ND1
seq_len:285
seq_name:telomerase_AF147806.247-692
seq_len:446
seq_name:16s_A.pyrophilus_domain4
seq_len:137
seq_name:RNaseP_P.hollandica
seq_len:481
seq_name:srp_Myco.pneu._AE000044
seq_len:77
seq_name:RNaseP_S.caesia-K76T
seq_len:339
seq_name:5s_Mycoplasma-mycoides-1
seq_len:108
seq_name:5s_Basidiobolus-magnus-1
seq_len:120
seq_name:RNaseP_Saccharomonospora-K180
seq_len:337
seq_name:5s_Bacillus-methanolicus-9
seq_len:116
seq_name:RNaseP_EM14b-11
seq_len:349
seq_name:tmRNA_uncu.bact._TRW-80840-1_1-378
seq_len:378
seq_name:srp_Clos.kluy._CP000673
seq_len:234
seq_name:tmRNA_Heli.pylo._AE001503_1-383
seq_len:383
seq_name:5s_Geobacillus-kaustophilus-7
seq_len:113
current processing 101/472
seq_name:srp_Pseu.halo._CR954246
seq_len:98
seq_name:RNaseP_U.urealyticum
seq_len:370
seq_name:telomerase_AF221910.112-554
seq_len:443
seq_name:5s_Euplotes-vannus-1
seq_len:120
seq_name:srp_Lyco.escu._Z29104
seq_len:304
seq_name:grp1_a.I1.e.E.dermatitidis.C1.SSU.943
seq_len:426
seq_name:16s_A.fulgidus_domain2
seq_len:359
seq_name:5s_Thermoplasma-acidophilum-1
seq_len:123
seq_name:grp1_a.I1.e.C.ellipsoidea.211-1a.C1.SSU.1506
seq_len:479
seq_name:srp_Baci.thur._CP000485
seq_len:269
seq_name:tmRNA_Synt.acid._CP000252_1-356
seq_len:356
seq_name:srp_Lact.acid._CP000033
seq_len:101
seq_name:telomerase_AF221919.107-614
seq_len:508
seq_name:5s_Pinus-contorta-1
seq_len:121
seq_name:grp1_a.I1.e.T.malaccensis.C1.LSU.1925
seq_len:447
seq_name:telomerase_AC121792.109554-109950
seq_len:397
seq_name:tmRNA_Borr.gari._CP000013_1-363
seq_len:363
seq_name:RNaseP_SMB-A3
seq_len:313
seq_name:grp1_a.I1.e.C.grayi.UNK.SSU.1516
seq_len:308
seq_name:5s_Spiroplasma-melliferum-1
seq_len:107
seq_name:tmRNA_Myco.capr._S67602_1-408
seq_len:408
seq_name:RNaseP_C.psittaci-R54
seq_len:351
seq_name:5s_Neurospora-crassa-13
seq_len:119
seq_name:23s_E.coli_domain3
seq_len:372
seq_name:grp1_a.I1.e.L.dispersa.UNK.SSU.114
seq_len:211
seq_name:srp_Nect.haem._GSP-71109
seq_len:302
seq_name:5s_Ralstonia-solanacearum-1
seq_len:114
seq_name:5s_Vicia-faba-1
seq_len:119
seq_name:srp_Ratt.norv._AA923995
seq_len:290
seq_name:16s_F.ananassa_domain4
seq_len:172
seq_name:5s_Thiovulum-sp.-1
seq_len:123
seq_name:RNaseP_ESH210B
seq_len:327
seq_name:telomerase_AF221917.99-542
seq_len:444
seq_name:tmRNA_Acti.naes._TRW-240017_1-371
seq_len:371
seq_name:grp1_a.I1.c.S.bicolor.C3.tLEU
seq_len:510
seq_name:tmRNA_Odon.sine._Z67753_1-368
seq_len:368
seq_name:16s_C.psittaci_domain3
seq_len:483
seq_name:tmRNA_Chla.trac._TRW-813-2_1-420
seq_len:420
seq_name:tmRNA_Chla.pneu._TRW-83558_1-426
seq_len:426
seq_name:16s_H.volcanii_domain4
seq_len:128
seq_name:5s_Erysipelothrix-rhusiopathiae-1
seq_len:114
seq_name:srp_Cyan.mero._AB002583
seq_len:86
seq_name:grp1_a.I1.e.M.caldariorum.C1.SSU.1506
seq_len:439
seq_name:16s_C.reinhardtii.chloro_domain2
seq_len:347
seq_name:tmRNA_Fran.tula._AJ749949_1-421
seq_len:421
seq_name:tmRNA_Pant.stew._TRW-66269_1-363
seq_len:363
seq_name:23s_T.thermophilus_domain3
seq_len:373
seq_name:16s_A.fulgidus_domain4
seq_len:133
seq_name:16s_Z.mays_domain3
seq_len:483
seq_name:srp_Meth.ferv._S49762
seq_len:154
seq_name:23s_H.pylori_domain6
seq_len:242
seq_name:srp_Stap.haem._AP006716
seq_len:101
seq_name:tmRNA_Thio.crun._CP000109_1-358
seq_len:358
seq_name:srp_Dani.reri._EH513970
seq_len:297
seq_name:grp1_a.I1.e.A.capsulatus.FLs1.C1.SSU
seq_len:428
seq_name:srp_Geob.kaus._BA000043
seq_len:103
seq_name:srp_Baci.poly._D11421
seq_len:272
seq_name:RNaseP_Buchnera-APS
seq_len:376
seq_name:grp1_a.I1.e.S.paniceum.UNK.SSU.1506
seq_len:259
seq_name:tmRNA_Neis.lact._TRW-486_1-362
seq_len:362
seq_name:5s_Phaffia-rhodozyma-1
seq_len:118
seq_name:RNaseP_S.putrefaciens
seq_len:354
seq_name:16s_C.reinhardtii.mito_domain3
seq_len:387
seq_name:5s_Blastocladiella-simplex-1
seq_len:118
seq_name:RNaseP_S.caesia-SB22
seq_len:339
seq_name:RNaseP_PS6
seq_len:332
seq_name:srp_Stap.aure._BX571857
seq_len:101
seq_name:srp_Carb.hydr._CP000141
seq_len:36
seq_name:tmRNA_Chlo.tepi._TRW-194439_1-404
seq_len:404
seq_name:tmRNA_Rubr.xyla._TRW-266117_1-360
seq_len:360
seq_name:srp_Brug.mala._GSP-6279
seq_len:301
seq_name:5s_Renobacter-vaculatum-1
seq_len:116
seq_name:tmRNA_Ther.teng._AE013063_1-351
seq_len:351
seq_name:23s_H.pylori_domain3
seq_len:380
seq_name:grp1_a.I1.e.T.pigmentosa.C1.LSU.1925
seq_len:451
seq_name:16s_C.psittaci_domain2
seq_len:355
seq_name:tmRNA_Rubr.gela._TRW-279263_1-372
seq_len:372
seq_name:RNaseP_Y.pestis
seq_len:377
seq_name:16s_B.subtilis_domain2
seq_len:355
seq_name:16s_B.burgdorferi_domain3
seq_len:485
seq_name:RNaseP_SMB-B4
seq_len:320
seq_name:5s_Frankia-sp.-3
seq_len:119
seq_name:srp_Stre.pneu._AE008386
seq_len:77
seq_name:RNaseP_F.yabuuchiae
seq_len:330
seq_name:tmRNA_Shew.spec._CP000444_1-355
seq_len:355
seq_name:srp_Meth.maze._AE008384
seq_len:315
seq_name:tmRNA_Burk.pseu._TRW-28450_1-370
seq_len:370
seq_name:16s_E.coli_domain2
seq_len:354
seq_name:srp_Halo.halo._CP000544
seq_len:101
seq_name:srp_Plas.chab._GSP-31271
seq_len:319
seq_name:16s_A.pyrophilus_domain2
seq_len:250
seq_name:RNaseP_Prochlorococcus-TATL2-2
seq_len:311
seq_name:grp1_a.I1.e.T.cosmopolitanis.C1.LSU.1925
seq_len:451
seq_name:grp1_a.I1.m.S.pombe.B1.OX1
seq_len:343
seq_name:grp1_a.I1.e.S.paniceum.UNK.SSU.287
seq_len:234
seq_name:RNaseP_P.aerogenes
seq_len:297
seq_name:16s_E.coli_domain3
seq_len:484
seq_name:tmRNA_Trop.whip._BX251411_1-369
seq_len:369
seq_name:5s_Halobacterium-sp.-1
seq_len:123
seq_name:grp1_a.I1.e.P.carinii.C1.SSU.1506
seq_len:442
current processing 201/472
seq_name:tmRNA_uncu.bact._TRW-80840-2_1-379
seq_len:379
seq_name:RNaseP_N.luteus
seq_len:266
seq_name:RNaseP_P.maris
seq_len:320
seq_name:RNaseP_T.commune
seq_len:332
seq_name:srp_Medi.trun._BE941271
seq_len:272
seq_name:tmRNA_uncu.bact._TRW-72274-1_1-359
seq_len:359
seq_name:16s_C.reinhardtii.chloro_domain4
seq_len:145
seq_name:grp1_a.I1.e.D.salina.C1.SSU.943
seq_len:423
seq_name:RNaseP_CPB139
seq_len:301
seq_name:RNaseP_R.americana-mito
seq_len:312
seq_name:5s_Asellus-aquaticus-2
seq_len:120
seq_name:5s_Salmonella-enterica-3
seq_len:120
seq_name:5s_Coleosporium-tussilaginis-1
seq_len:118
seq_name:5s_Vibrio-cholerae-3
seq_len:118
seq_name:5s_Cryptococcus-bacillisporus-1
seq_len:118
seq_name:RNaseP_SM-A05
seq_len:302
seq_name:5s_Mycoplasma-mycoides-3
seq_len:107
seq_name:RNaseP_BH145
seq_len:293
seq_name:16s_G.intestinalis_domain3
seq_len:441
seq_name:RNaseP_P.shigelloides
seq_len:303
seq_name:tmRNA_Myxo.xant._TRW-34_1-366
seq_len:366
seq_name:5s_Linderina-macrospora-1
seq_len:119
seq_name:tmRNA_Magn.spec._CP000471_1-366
seq_len:366
seq_name:grp1_b.I1.e.M.anisopliae.2.C1.LSU.1921
seq_len:456
seq_name:grp1_a.I1.c.A.cherimola.C3.tLEU
seq_len:494
seq_name:5s_Tinca-tinca-1
seq_len:120
seq_name:grp1_a.I1.e.S.paniceum.UNK.SSU.114
seq_len:210
seq_name:telomerase_AF221939.99-544
seq_len:446
seq_name:tmRNA_Lact.delb._TRW-321956_1-362
seq_len:362
seq_name:tmRNA_Nost.punc._TRW-63737_1-390
seq_len:390
seq_name:5s_Salmonella-enterica-4
seq_len:118
seq_name:srp_Pseu.aeru._AE004091
seq_len:116
seq_name:tmRNA_Fibr.succ._TRW-59374_1-361
seq_len:361
seq_name:srp_Clav.lusi._GSP-306902
seq_len:274
seq_name:RNaseP_Mxa1
seq_len:312
seq_name:tmRNA_Camp.jeju._AL139078_1-356
seq_len:356
seq_name:5s_Streptomyces-avermitilis-1
seq_len:118
seq_name:telomerase_AF221914.112-589
seq_len:478
seq_name:grp1_a.I1.e.P.carinii.Pc3.C1.LSU.1921
seq_len:381
seq_name:srp_Pers.amer._X65992
seq_len:162
seq_name:16s_H.volcanii_domain3
seq_len:490
seq_name:5s_Deinococcus-radiophilus-1
seq_len:125
seq_name:grp1_a.I1.e.C.merochlorophea.UNK.SSU.1210
seq_len:267
seq_name:srp_Porp.purp._U38804
seq_len:92
seq_name:16s_M.polymorpha_domain3
seq_len:486
seq_name:16s_G.intestinalis_domain1
seq_len:485
seq_name:5s_Fusarium-culmorum-4
seq_len:119
seq_name:RNaseP_E.coli-JM109
seq_len:377
seq_name:5s_Methanococcus-voltae-2
seq_len:120
seq_name:srp_Pseu.syri._CP000075
seq_len:117
seq_name:5s_Bacillus-licheniformis-1
seq_len:116
seq_name:srp_Baci.subt._D11417
seq_len:270
seq_name:tmRNA_Myco.arth._TRW-243272_1-394
seq_len:394
seq_name:RNaseP_CPA63
seq_len:328
seq_name:telomerase_AY058901.1-397
seq_len:397
seq_name:23s_S.aureus_domain4
seq_len:347
seq_name:tmRNA_Clos.acet._AE001437_1-359
seq_len:359
seq_name:grp1_a.I1.e.P.macrosporus.C1.SSU.1506
seq_len:433
seq_name:telomerase_AF221920.99-541
seq_len:443
seq_name:RNaseP_Pseudoanabaena-PCC6903
seq_len:450
seq_name:RNaseP_A.ferrooxidans
seq_len:344
seq_name:5s_Dipsacomyces-acuminosporus-1
seq_len:119
seq_name:tmRNA_Fran.tula._AM286280_1-421
seq_len:421
seq_name:telomerase_AF221916.94-481
seq_len:388
seq_name:grp1_a.I1.e.T.hyperangularis.C1.LSU.1925
seq_len:451
seq_name:16s_F.ananassa_domain3
seq_len:493
seq_name:tmRNA_Leuc.mese._TRW-1245_1-358
seq_len:358
seq_name:srp_Trit.aest._X13915
seq_len:204
seq_name:RNaseP_A.fulgidus
seq_len:229
seq_name:grp1_a.I1.e.C.merochlorophea.UNK.SSU.1046
seq_len:267
seq_name:telomerase_AY312571.605-1069
seq_len:465
seq_name:srp_Heli.hepa._AE017125
seq_len:108
seq_name:srp_Shew.spec._CP000469
seq_len:101
seq_name:RNaseP_SM-A1113
seq_len:290
seq_name:telomerase_AF221913.109-520
seq_len:412
seq_name:5s_Xanthomonas-campestris-1
seq_len:119
seq_name:RNaseP_E.faecalis
seq_len:331
seq_name:RNaseP_SM2
seq_len:294
seq_name:RNaseP_P126
seq_len:293
seq_name:5s_Corynebacterium-xerosis-2
seq_len:121
seq_name:16s_P.occultum_domain3
seq_len:485
seq_name:tmRNA_List.mono._TRW-1639-1_1-370
seq_len:370
seq_name:16s_T.maritima_domain4
seq_len:151
seq_name:tmRNA_uncu.bact._TRW-32045-4_1-369
seq_len:369
seq_name:RNaseP_SM-A1621
seq_len:348
seq_name:srp_Stre.dysg._AJ489606
seq_len:89
seq_name:tmRNA_Camp.coli._TRW-306254_1-359
seq_len:359
seq_name:RNaseP_P.fluorescens
seq_len:354
seq_name:RNaseP_S.caesia-SB01
seq_len:339
seq_name:grp1_a.I1.e.B.ciliata.JCM6865.C1.SSU.1506
seq_len:357
seq_name:5s_Pseudomonas-fluorescens-3
seq_len:120
seq_name:telomerase_AF221921.98-548
seq_len:451
seq_name:grp1_a.I1.e.C.saccatum.C1.SSU.1512
seq_len:476
seq_name:16s_P.staleyi_domain4
seq_len:147
seq_name:16s_G.intestinalis_domain2
seq_len:392
seq_name:grp1_a.I1.e.D.parva.C1.SSU.1512
seq_len:436
seq_name:srp_Burk.pseu._CP000572
seq_len:79
seq_name:grp1_a.I1.e.L.dispersa.UNK.SSU.287
seq_len:229
seq_name:5s_Fluoribacter-bozemanae-1
seq_len:118
seq_name:5s_Rickettsia-moozeri-1
seq_len:119
current processing 301/472
seq_name:tmRNA_Phot.asym._TRW-291112_1-364
seq_len:364
seq_name:srp_Baci.mega._D11414
seq_len:270
seq_name:telomerase_AF221918.97-547
seq_len:451
seq_name:grp1_a.I1.e.L.dispersa.UNK.SSU.1046
seq_len:255
seq_name:srp_Stap.sapr._AP008934
seq_len:101
seq_name:grp1_a.I1.e.B.ciliata.JCM6865.C1.SSU.943
seq_len:360
seq_name:16s_Z.mays_domain1
seq_len:506
seq_name:tmRNA_Myco.tube._TRW-1773_1-368
seq_len:368
seq_name:16s_B.subtilis_domain3
seq_len:483
seq_name:5s_Paracentrotus-lividus-1
seq_len:120
seq_name:RNaseP_Synechocystis-PCC6803
seq_len:437
seq_name:RNaseP_SM-A1519
seq_len:300
seq_name:srp_Arab.thal._AC005275
seq_len:305
seq_name:RNaseP_S.polymorpha
seq_len:304
seq_name:srp_Shew.spec._CP000444
seq_len:116
seq_name:grp1_b.I1.e.M.anisopliae.3.C1.LSU.1921
seq_len:394
seq_name:tmRNA_Myco.lepr._TRW-272631_1-369
seq_len:369
seq_name:tmRNA_Myco.tube._TRW-164513_1-368
seq_len:368
seq_name:23s_T.thermophilus_domain4
seq_len:339
seq_name:tmRNA_Shew.balt._TRW-325240_1-356
seq_len:356
seq_name:grp1_a.I1.e.P.clavariiformis.C1.SSU.943
seq_len:448
seq_name:tmRNA_Lact.lact._AF176556_1-359
seq_len:359
seq_name:5s_Vibrio-fischeri-1
seq_len:121
seq_name:srp_Fran.tula._AM286280
seq_len:99
seq_name:srp_Cory.jeik._CR931997
seq_len:91
seq_name:tmRNA_Chla.pneu._AE002224_1-423
seq_len:423
seq_name:5s_Salmonella-enterica-7
seq_len:120
seq_name:grp1_a.I1.e.P.carinii.Pc2.C1.LSU.1921
seq_len:355
seq_name:telomerase_AF221906.96-545
seq_len:450
seq_name:16s_H.sapiens.mito_domain4
seq_len:120
seq_name:RNaseP_A.erythreum
seq_len:310
seq_name:srp_Wolb.endo._AE017321
seq_len:103
seq_name:srp_Lodd.elon._GSP-379508
seq_len:299
seq_name:telomerase_AF221936.98-540
seq_len:443
seq_name:RNaseP_ERE
seq_len:307
seq_name:23s_S.aureus_domain3
seq_len:379
seq_name:RNaseP_EF
seq_len:296
seq_name:5s_Planobispora-longispora-1
seq_len:120
seq_name:5s_Methanothermobacter-thermautotrophicus-3
seq_len:127
seq_name:tmRNA_Myco.bovi._TRW-1765_1-368
seq_len:368
seq_name:tmRNA_Haem.somn._CP000436_1-367
seq_len:367
seq_name:RNaseP_Nostoc-PCC7413
seq_len:391
seq_name:srp_Rals.meta._CP000352
seq_len:111
seq_name:5s_Comamonas-terrigena-1
seq_len:115
seq_name:tmRNA_Stap.aure._BA000018_1-362
seq_len:362
seq_name:tmRNA_Stre.sobr._TRW-246202_1-349
seq_len:349
seq_name:5s_Locusta-migratoria-1
seq_len:120
seq_name:5s_Microtetraspora-glauca-1
seq_len:121
seq_name:16s_P.staleyi_domain2
seq_len:353
seq_name:RNaseP_LGB32
seq_len:313
seq_name:grp1_a.I1.e.P.macrosporus.C1.SSU.943
seq_len:380
seq_name:RNaseP_A.brierleyi
seq_len:267
seq_name:16s_C.elegans_domain2
seq_len:162
seq_name:tmRNA_Lact.gass._TRW-1596_1-366
seq_len:366
seq_name:srp_Fran.alni._CT573213
seq_len:91
seq_name:grp1_a.I1.e.P.sarcinoidea.C1.SSU.943
seq_len:476
seq_name:5s_Bacillus-cereus-10
seq_len:124
seq_name:5s_Renibacterium-salmoninarum-1
seq_len:120
seq_name:RNaseP_B.brevis
seq_len:411
seq_name:16s_D.melanogaster_domain4
seq_len:169
seq_name:RNaseP_SM-A0911
seq_len:291
seq_name:tmRNA_Paen.larv._TRW-1464_1-367
seq_len:367
seq_name:srp_Lott.giga._GSP-225164
seq_len:305
seq_name:5s_Rana-catesbeiana-1
seq_len:119
seq_name:tmRNA_List.wels._AF440351_1-321
seq_len:321
seq_name:5s_Dichelobacter-nodosus-1
seq_len:120
seq_name:tmRNA_Lact.sake._TRW-314315_1-370
seq_len:370
seq_name:srp_Enta.mosh._GSP-41668
seq_len:273
seq_name:grp1_a.I1.e.A.adeninivorans.C1.LSU.2449
seq_len:450
seq_name:23s_H.pylori_domain4
seq_len:337
seq_name:srp_Xyle.fast._AE009442
seq_len:103
seq_name:tmRNA_Esch.coli._CP000468_1-363
seq_len:363
seq_name:16s_H.volcanii_domain2
seq_len:359
seq_name:RNaseP_SM-A02
seq_len:311
seq_name:tmRNA_Heli.pylo._TRW-85962_1-386
seq_len:386
seq_name:RNaseP_PS27
seq_len:342
seq_name:16s_C.elegans_domain3
seq_len:290
seq_name:tmRNA_Lact.john._TRW-257314_1-367
seq_len:367
seq_name:srp_Stap.aure._BX571856
seq_len:101
seq_name:telomerase_AF221928.95-476
seq_len:382
seq_name:RNaseP_CPB80
seq_len:301
seq_name:5s_Streptococcus-mutans-3
seq_len:116
seq_name:srp_Tric.eryt._CP000393
seq_len:94
seq_name:srp_Heli.annu._AJ828095
seq_len:64
seq_name:srp_Para.bras._CN241909
seq_len:127
seq_name:telomerase_AF221924.105-538
seq_len:434
seq_name:RNaseP_LGB21
seq_len:350
seq_name:RNaseP_X.fastidiosa
seq_len:359
seq_name:tmRNA_List.ivan._AF440342_1-321
seq_len:321
seq_name:srp_Medi.trun._CT485797
seq_len:301
seq_name:16s_H.sapiens_domain4
seq_len:171
seq_name:16s_C.psittaci_domain4
seq_len:147
seq_name:srp_Kluy.walt._AADM01000319
seq_len:411
seq_name:16s_B.burgdorferi_domain2
seq_len:349
seq_name:grp1_a.I1.e.P.carinii.Pc1.C1.LSU.1921
seq_len:375
seq_name:5s_Hyphomicrobium-sp.-6
seq_len:119
seq_name:RNaseP_Synechococcus-PCC7003
seq_len:299
seq_name:tmRNA_Kleb.pneu._TRW-272620_1-363
seq_len:363
seq_name:srp_Volv.cart._GSP-51971-1
seq_len:290
seq_name:telomerase_U85256.1-451
seq_len:451
current processing 401/472
seq_name:16s_M.polymorpha_domain2
seq_len:354
seq_name:tmRNA_Azoa.spec._TRW-62928_1-378
seq_len:378
seq_name:23s_S.aureus_domain6
seq_len:255
seq_name:tmRNA_envi.sequ._TRW-32045-2_1-345
seq_len:345
seq_name:RNaseP_L.weilii
seq_len:336
seq_name:RNaseP_M.thermoautotrophicumDH-g
seq_len:293
seq_name:16s_C.elegans_domain1
seq_len:173
seq_name:tmRNA_Bord.bron._TRW-257310_1-387
seq_len:387
seq_name:srp_Mus.musc._AC126244
seq_len:302
seq_name:RNaseP_P.azotoformans
seq_len:293
seq_name:grp1_a.I1.e.S.paniceum.UNK.SSU.1052
seq_len:240
seq_name:tmRNA_Desu.vulg._AE017285_1-352
seq_len:352
seq_name:23s_B.subtilis_domain4
seq_len:348
seq_name:srp_Plas.falc._EF690554
seq_len:228
seq_name:srp_Leis.dono._AY781793
seq_len:138
seq_name:RNaseP_T.pallidum
seq_len:340
seq_name:tmRNA_Ther.neap._TRW-309803_1-357
seq_len:357
seq_name:grp1_a.I1.e.A.stipitatus.C1.SSU.1046
seq_len:408
seq_name:tmRNA_Lact.sake._AF400065_1-370
seq_len:370
seq_name:srp_Meth.burt._CP000300
seq_len:320
seq_name:srp_Dros.mela._AE014297
seq_len:299
seq_name:RNaseP_P.innocua
seq_len:272
seq_name:5s_Bullera-alba-1
seq_len:118
seq_name:16s_C.reinhardtii.mito_domain4
seq_len:115
seq_name:srp_Proc.mari._CP000576
seq_len:81
seq_name:telomerase_AF221912.98-564
seq_len:467
seq_name:grp1_a.I1.e.S.paniceum.UNK.SSU.1210
seq_len:260
seq_name:srp_Ajel.caps._CV620298
seq_len:158
seq_name:srp_Onch.volv._AI249203
seq_len:286
seq_name:5s_Nitella-flexilis-1
seq_len:121
seq_name:tmRNA_Stre.agal._TRW-1311_1-350
seq_len:350
seq_name:grp1_a.I1.b.Synechococcus.sp2.C3.tLEU
seq_len:265
seq_name:5s_Meloidogyne-chitwoodi-1
seq_len:117
seq_name:RNaseP_SM-A3862
seq_len:290
seq_name:23s_E.coli_domain4
seq_len:364
seq_name:5s_Bacillus-cereus-1
seq_len:115
seq_name:5s_Vitreoscilla-beggiatoides-1
seq_len:118
seq_name:5s_Genistelloides-hibernus-1
seq_len:122
seq_name:16s_P.staleyi_domain3
seq_len:489
seq_name:grp1_a.I1.e.D.parva.C1.SSU.943
seq_len:396
seq_name:srp_Dros.mela._AE001572
seq_len:299
seq_name:RNaseP_EM14b-9
seq_len:355
seq_name:5s_Medicago-sativa-1
seq_len:119
seq_name:tmRNA_Lact.delb._AF440335_1-316
seq_len:316
seq_name:5s_Pseudomonas-fluorescens-4
seq_len:120
seq_name:5s_Rhizoctonia-globularis-1
seq_len:118
seq_name:tmRNA_Stap.aure._AC074317_1-359
seq_len:359
seq_name:RNaseP_C.jejuni
seq_len:318
seq_name:5s_Burkholderia-mallei-1
seq_len:116
seq_name:grp1_a.I1.e.S.granulatum.C1.SSU.1506
seq_len:437
seq_name:telomerase_AF221908.136-584
seq_len:449
seq_name:tmRNA_Gemm.obsc._TRW-214688_1-412
seq_len:412
seq_name:srp_Nost.spec._BA000019
seq_len:102
seq_name:5s_Pichia-angusta-1
seq_len:119
seq_name:srp_Legi.pneu._M31830
seq_len:114
seq_name:grp1_a.I1.e.B.yamatoana.JCM2896.C1.SSU.943
seq_len:480
seq_name:grp1_a.I1.e.L.dispersa.UNK.SSU.1210
seq_len:221
seq_name:16s_S.cerevisiae_domain4
seq_len:164
seq_name:tmRNA_Cyan.para._TRW-2762_1-294
seq_len:294
seq_name:srp_Desu.vulg._AE017285
seq_len:82
seq_name:telomerase_AF221934.121-565
seq_len:445
seq_name:5s_Aspergillus-versicolor-1
seq_len:119
seq_name:5s_Cerastoderma-glaucum-1
seq_len:120
seq_name:5s_Wolbachia-endosymbiont-of-D.-melanogaster-1
seq_len:111
seq_name:grp1_a.I1.c.G.prostrata.C3.tLEU
seq_len:336
seq_name:5s_Myxococcus-coralloides-1
seq_len:117
seq_name:telomerase_AF221937.99-545
seq_len:447
seq_name:grp1_a.I1.e.U.maydis.C1.SSU.943
seq_len:429
seq_name:grp1_a.I1.e.C.saxonicum.C1.SSU.1506
seq_len:448
seq_name:telomerase_AF221911.104-513
seq_len:410
seq_name:srp_Schi.pomb._X15220
seq_len:256
All_file_list:472
Save RNA test data to data/test.pick
use gpu: True
Loading file:  data/test.pick
Loading dataset Done!!!
train.len=472
FCDenseNet(
  (features): Sequential(
    (0): BasicConv2d(
      (conv): Conv2d(146, 64, kernel_size=(3, 3), stride=(1, 1), padding=(1, 1), bias=False)
      (bn): BatchNorm2d(64, eps=1e-05, momentum=0.1, affine=True, track_running_stats=True)
      (relu): ReLU(inplace=True)
    )
    (1): BasicConv2d(
      (conv): Conv2d(64, 32, kernel_size=(3, 3), stride=(1, 1), padding=(1, 1), bias=False)
      (bn): BatchNorm2d(32, eps=1e-05, momentum=0.1, affine=True, track_running_stats=True)
      (relu): ReLU(inplace=True)
    )
    (2): BasicConv2d(
      (conv): Conv2d(32, 16, kernel_size=(3, 3), stride=(1, 1), padding=(1, 1), bias=False)
      (bn): BatchNorm2d(16, eps=1e-05, momentum=0.1, affine=True, track_running_stats=True)
      (relu): ReLU(inplace=True)
    )
  )
  (down_dense): Module(
    (block_0): DenseBlock(16, 4*4+16=32)(
      (layer_0): DenseLayer(16, 4)(
        (norm): BatchNorm2d(16, eps=1e-05, momentum=0.1, affine=True, track_running_stats=True)
        (relu): ReLU(inplace=True)
        (conv): Conv2d(16, 4, kernel_size=(3, 3), stride=(1, 1), padding=(1, 1), bias=False)
      )
      (layer_1): DenseLayer(20, 4)(
        (norm): BatchNorm2d(20, eps=1e-05, momentum=0.1, affine=True, track_running_stats=True)
        (relu): ReLU(inplace=True)
        (conv): Conv2d(20, 4, kernel_size=(3, 3), stride=(1, 1), padding=(1, 1), bias=False)
      )
      (layer_2): DenseLayer(24, 4)(
        (norm): BatchNorm2d(24, eps=1e-05, momentum=0.1, affine=True, track_running_stats=True)
        (relu): ReLU(inplace=True)
        (conv): Conv2d(24, 4, kernel_size=(3, 3), stride=(1, 1), padding=(1, 1), bias=False)
      )
      (layer_3): DenseLayer(28, 4)(
        (norm): BatchNorm2d(28, eps=1e-05, momentum=0.1, affine=True, track_running_stats=True)
        (relu): ReLU(inplace=True)
        (conv): Conv2d(28, 4, kernel_size=(3, 3), stride=(1, 1), padding=(1, 1), bias=False)
      )
    )
    (block_1): DenseBlock(32, 4*8+32=64)(
      (layer_0): DenseLayer(32, 8)(
        (norm): BatchNorm2d(32, eps=1e-05, momentum=0.1, affine=True, track_running_stats=True)
        (relu): ReLU(inplace=True)
        (conv): Conv2d(32, 8, kernel_size=(3, 3), stride=(1, 1), padding=(1, 1), bias=False)
      )
      (layer_1): DenseLayer(40, 8)(
        (norm): BatchNorm2d(40, eps=1e-05, momentum=0.1, affine=True, track_running_stats=True)
        (relu): ReLU(inplace=True)
        (conv): Conv2d(40, 8, kernel_size=(3, 3), stride=(1, 1), padding=(1, 1), bias=False)
      )
      (layer_2): DenseLayer(48, 8)(
        (norm): BatchNorm2d(48, eps=1e-05, momentum=0.1, affine=True, track_running_stats=True)
        (relu): ReLU(inplace=True)
        (conv): Conv2d(48, 8, kernel_size=(3, 3), stride=(1, 1), padding=(1, 1), bias=False)
      )
      (layer_3): DenseLayer(56, 8)(
        (norm): BatchNorm2d(56, eps=1e-05, momentum=0.1, affine=True, track_running_stats=True)
        (relu): ReLU(inplace=True)
        (conv): Conv2d(56, 8, kernel_size=(3, 3), stride=(1, 1), padding=(1, 1), bias=False)
      )
    )
    (block_2): DenseBlock(64, 4*16+64=128)(
      (layer_0): DenseLayer(64, 16)(
        (norm): BatchNorm2d(64, eps=1e-05, momentum=0.1, affine=True, track_running_stats=True)
        (relu): ReLU(inplace=True)
        (conv): Conv2d(64, 16, kernel_size=(3, 3), stride=(1, 1), padding=(1, 1), bias=False)
      )
      (layer_1): DenseLayer(80, 16)(
        (norm): BatchNorm2d(80, eps=1e-05, momentum=0.1, affine=True, track_running_stats=True)
        (relu): ReLU(inplace=True)
        (conv): Conv2d(80, 16, kernel_size=(3, 3), stride=(1, 1), padding=(1, 1), bias=False)
      )
      (layer_2): DenseLayer(96, 16)(
        (norm): BatchNorm2d(96, eps=1e-05, momentum=0.1, affine=True, track_running_stats=True)
        (relu): ReLU(inplace=True)
        (conv): Conv2d(96, 16, kernel_size=(3, 3), stride=(1, 1), padding=(1, 1), bias=False)
      )
      (layer_3): DenseLayer(112, 16)(
        (norm): BatchNorm2d(112, eps=1e-05, momentum=0.1, affine=True, track_running_stats=True)
        (relu): ReLU(inplace=True)
        (conv): Conv2d(112, 16, kernel_size=(3, 3), stride=(1, 1), padding=(1, 1), bias=False)
      )
    )
    (block_3): DenseBlock(128, 4*32+128=256)(
      (layer_0): DenseLayer(128, 32)(
        (norm): BatchNorm2d(128, eps=1e-05, momentum=0.1, affine=True, track_running_stats=True)
        (relu): ReLU(inplace=True)
        (conv): Conv2d(128, 32, kernel_size=(3, 3), stride=(1, 1), padding=(1, 1), bias=False)
      )
      (layer_1): DenseLayer(160, 32)(
        (norm): BatchNorm2d(160, eps=1e-05, momentum=0.1, affine=True, track_running_stats=True)
        (relu): ReLU(inplace=True)
        (conv): Conv2d(160, 32, kernel_size=(3, 3), stride=(1, 1), padding=(1, 1), bias=False)
      )
      (layer_2): DenseLayer(192, 32)(
        (norm): BatchNorm2d(192, eps=1e-05, momentum=0.1, affine=True, track_running_stats=True)
        (relu): ReLU(inplace=True)
        (conv): Conv2d(192, 32, kernel_size=(3, 3), stride=(1, 1), padding=(1, 1), bias=False)
      )
      (layer_3): DenseLayer(224, 32)(
        (norm): BatchNorm2d(224, eps=1e-05, momentum=0.1, affine=True, track_running_stats=True)
        (relu): ReLU(inplace=True)
        (conv): Conv2d(224, 32, kernel_size=(3, 3), stride=(1, 1), padding=(1, 1), bias=False)
      )
    )
  )
  (down_trans): Module(
    (trans_0): TransitionDown(32, 32, dropout=0)(
      (norm): BatchNorm2d(32, eps=1e-05, momentum=0.1, affine=True, track_running_stats=True)
      (relu): ReLU(inplace=True)
      (conv): Conv2d(32, 32, kernel_size=(1, 1), stride=(1, 1), bias=False)
      (pool): MaxPool2d(kernel_size=2, stride=2, padding=0, dilation=1, ceil_mode=False)
    )
    (trans_1): TransitionDown(64, 64, dropout=0)(
      (norm): BatchNorm2d(64, eps=1e-05, momentum=0.1, affine=True, track_running_stats=True)
      (relu): ReLU(inplace=True)
      (conv): Conv2d(64, 64, kernel_size=(1, 1), stride=(1, 1), bias=False)
      (pool): MaxPool2d(kernel_size=2, stride=2, padding=0, dilation=1, ceil_mode=False)
    )
    (trans_2): TransitionDown(128, 128, dropout=0)(
      (norm): BatchNorm2d(128, eps=1e-05, momentum=0.1, affine=True, track_running_stats=True)
      (relu): ReLU(inplace=True)
      (conv): Conv2d(128, 128, kernel_size=(1, 1), stride=(1, 1), bias=False)
      (pool): MaxPool2d(kernel_size=2, stride=2, padding=0, dilation=1, ceil_mode=False)
    )
    (trans_3): TransitionDown(256, 256, dropout=0)(
      (norm): BatchNorm2d(256, eps=1e-05, momentum=0.1, affine=True, track_running_stats=True)
      (relu): ReLU(inplace=True)
      (conv): Conv2d(256, 256, kernel_size=(1, 1), stride=(1, 1), bias=False)
      (pool): MaxPool2d(kernel_size=2, stride=2, padding=0, dilation=1, ceil_mode=False)
    )
  )
  (middle): DenseBlock(256, 8*32+256=512)(
    (layer_0): DenseLayer(256, 32)(
      (norm): BatchNorm2d(256, eps=1e-05, momentum=0.1, affine=True, track_running_stats=True)
      (relu): ReLU(inplace=True)
      (conv): Conv2d(256, 32, kernel_size=(3, 3), stride=(1, 1), padding=(1, 1), bias=False)
    )
    (layer_1): DenseLayer(288, 32)(
      (norm): BatchNorm2d(288, eps=1e-05, momentum=0.1, affine=True, track_running_stats=True)
      (relu): ReLU(inplace=True)
      (conv): Conv2d(288, 32, kernel_size=(3, 3), stride=(1, 1), padding=(1, 1), bias=False)
    )
    (layer_2): DenseLayer(320, 32)(
      (norm): BatchNorm2d(320, eps=1e-05, momentum=0.1, affine=True, track_running_stats=True)
      (relu): ReLU(inplace=True)
      (conv): Conv2d(320, 32, kernel_size=(3, 3), stride=(1, 1), padding=(1, 1), bias=False)
    )
    (layer_3): DenseLayer(352, 32)(
      (norm): BatchNorm2d(352, eps=1e-05, momentum=0.1, affine=True, track_running_stats=True)
      (relu): ReLU(inplace=True)
      (conv): Conv2d(352, 32, kernel_size=(3, 3), stride=(1, 1), padding=(1, 1), bias=False)
    )
    (layer_4): DenseLayer(384, 32)(
      (norm): BatchNorm2d(384, eps=1e-05, momentum=0.1, affine=True, track_running_stats=True)
      (relu): ReLU(inplace=True)
      (conv): Conv2d(384, 32, kernel_size=(3, 3), stride=(1, 1), padding=(1, 1), bias=False)
    )
    (layer_5): DenseLayer(416, 32)(
      (norm): BatchNorm2d(416, eps=1e-05, momentum=0.1, affine=True, track_running_stats=True)
      (relu): ReLU(inplace=True)
      (conv): Conv2d(416, 32, kernel_size=(3, 3), stride=(1, 1), padding=(1, 1), bias=False)
    )
    (layer_6): DenseLayer(448, 32)(
      (norm): BatchNorm2d(448, eps=1e-05, momentum=0.1, affine=True, track_running_stats=True)
      (relu): ReLU(inplace=True)
      (conv): Conv2d(448, 32, kernel_size=(3, 3), stride=(1, 1), padding=(1, 1), bias=False)
    )
    (layer_7): DenseLayer(480, 32)(
      (norm): BatchNorm2d(480, eps=1e-05, momentum=0.1, affine=True, track_running_stats=True)
      (relu): ReLU(inplace=True)
      (conv): Conv2d(480, 32, kernel_size=(3, 3), stride=(1, 1), padding=(1, 1), bias=False)
    )
  )
  (up_dense): Module(
    (block_0): DenseBlock(256, 4*64=256)(
      (layer_0): DenseLayer(256, 64)(
        (norm): BatchNorm2d(256, eps=1e-05, momentum=0.1, affine=True, track_running_stats=True)
        (relu): ReLU(inplace=True)
        (conv): Conv2d(256, 64, kernel_size=(3, 3), stride=(1, 1), padding=(1, 1), bias=False)
      )
      (layer_1): DenseLayer(320, 64)(
        (norm): BatchNorm2d(320, eps=1e-05, momentum=0.1, affine=True, track_running_stats=True)
        (relu): ReLU(inplace=True)
        (conv): Conv2d(320, 64, kernel_size=(3, 3), stride=(1, 1), padding=(1, 1), bias=False)
      )
      (layer_2): DenseLayer(384, 64)(
        (norm): BatchNorm2d(384, eps=1e-05, momentum=0.1, affine=True, track_running_stats=True)
        (relu): ReLU(inplace=True)
        (conv): Conv2d(384, 64, kernel_size=(3, 3), stride=(1, 1), padding=(1, 1), bias=False)
      )
      (layer_3): DenseLayer(448, 64)(
        (norm): BatchNorm2d(448, eps=1e-05, momentum=0.1, affine=True, track_running_stats=True)
        (relu): ReLU(inplace=True)
        (conv): Conv2d(448, 64, kernel_size=(3, 3), stride=(1, 1), padding=(1, 1), bias=False)
      )
    )
    (block_1): DenseBlock(128, 4*32=128)(
      (layer_0): DenseLayer(128, 32)(
        (norm): BatchNorm2d(128, eps=1e-05, momentum=0.1, affine=True, track_running_stats=True)
        (relu): ReLU(inplace=True)
        (conv): Conv2d(128, 32, kernel_size=(3, 3), stride=(1, 1), padding=(1, 1), bias=False)
      )
      (layer_1): DenseLayer(160, 32)(
        (norm): BatchNorm2d(160, eps=1e-05, momentum=0.1, affine=True, track_running_stats=True)
        (relu): ReLU(inplace=True)
        (conv): Conv2d(160, 32, kernel_size=(3, 3), stride=(1, 1), padding=(1, 1), bias=False)
      )
      (layer_2): DenseLayer(192, 32)(
        (norm): BatchNorm2d(192, eps=1e-05, momentum=0.1, affine=True, track_running_stats=True)
        (relu): ReLU(inplace=True)
        (conv): Conv2d(192, 32, kernel_size=(3, 3), stride=(1, 1), padding=(1, 1), bias=False)
      )
      (layer_3): DenseLayer(224, 32)(
        (norm): BatchNorm2d(224, eps=1e-05, momentum=0.1, affine=True, track_running_stats=True)
        (relu): ReLU(inplace=True)
        (conv): Conv2d(224, 32, kernel_size=(3, 3), stride=(1, 1), padding=(1, 1), bias=False)
      )
    )
    (block_2): DenseBlock(64, 4*16=64)(
      (layer_0): DenseLayer(64, 16)(
        (norm): BatchNorm2d(64, eps=1e-05, momentum=0.1, affine=True, track_running_stats=True)
        (relu): ReLU(inplace=True)
        (conv): Conv2d(64, 16, kernel_size=(3, 3), stride=(1, 1), padding=(1, 1), bias=False)
      )
      (layer_1): DenseLayer(80, 16)(
        (norm): BatchNorm2d(80, eps=1e-05, momentum=0.1, affine=True, track_running_stats=True)
        (relu): ReLU(inplace=True)
        (conv): Conv2d(80, 16, kernel_size=(3, 3), stride=(1, 1), padding=(1, 1), bias=False)
      )
      (layer_2): DenseLayer(96, 16)(
        (norm): BatchNorm2d(96, eps=1e-05, momentum=0.1, affine=True, track_running_stats=True)
        (relu): ReLU(inplace=True)
        (conv): Conv2d(96, 16, kernel_size=(3, 3), stride=(1, 1), padding=(1, 1), bias=False)
      )
      (layer_3): DenseLayer(112, 16)(
        (norm): BatchNorm2d(112, eps=1e-05, momentum=0.1, affine=True, track_running_stats=True)
        (relu): ReLU(inplace=True)
        (conv): Conv2d(112, 16, kernel_size=(3, 3), stride=(1, 1), padding=(1, 1), bias=False)
      )
    )
    (block_3): DenseBlock(32, 4*8=32)(
      (layer_0): DenseLayer(32, 8)(
        (norm): BatchNorm2d(32, eps=1e-05, momentum=0.1, affine=True, track_running_stats=True)
        (relu): ReLU(inplace=True)
        (conv): Conv2d(32, 8, kernel_size=(3, 3), stride=(1, 1), padding=(1, 1), bias=False)
      )
      (layer_1): DenseLayer(40, 8)(
        (norm): BatchNorm2d(40, eps=1e-05, momentum=0.1, affine=True, track_running_stats=True)
        (relu): ReLU(inplace=True)
        (conv): Conv2d(40, 8, kernel_size=(3, 3), stride=(1, 1), padding=(1, 1), bias=False)
      )
      (layer_2): DenseLayer(48, 8)(
        (norm): BatchNorm2d(48, eps=1e-05, momentum=0.1, affine=True, track_running_stats=True)
        (relu): ReLU(inplace=True)
        (conv): Conv2d(48, 8, kernel_size=(3, 3), stride=(1, 1), padding=(1, 1), bias=False)
      )
      (layer_3): DenseLayer(56, 8)(
        (norm): BatchNorm2d(56, eps=1e-05, momentum=0.1, affine=True, track_running_stats=True)
        (relu): ReLU(inplace=True)
        (conv): Conv2d(56, 8, kernel_size=(3, 3), stride=(1, 1), padding=(1, 1), bias=False)
      )
    )
  )
  (up_trans): Module(
    (trans_0): TransitionUp([256, 256] -> 256))(
      (upconv): Sequential(
        (0): Upsample(scale_factor=2.0, mode=nearest)
        (1): Conv2d(512, 256, kernel_size=(3, 3), stride=(1, 1), padding=(1, 1))
        (2): BatchNorm2d(256, eps=1e-05, momentum=0.1, affine=True, track_running_stats=True)
        (3): ReLU(inplace=True)
      )
      (concat): Concatenate()
    )
    (trans_1): TransitionUp([128, 128] -> 128))(
      (upconv): Sequential(
        (0): Upsample(scale_factor=2.0, mode=nearest)
        (1): Conv2d(256, 128, kernel_size=(3, 3), stride=(1, 1), padding=(1, 1))
        (2): BatchNorm2d(128, eps=1e-05, momentum=0.1, affine=True, track_running_stats=True)
        (3): ReLU(inplace=True)
      )
      (concat): Concatenate()
    )
    (trans_2): TransitionUp([64, 64] -> 64))(
      (upconv): Sequential(
        (0): Upsample(scale_factor=2.0, mode=nearest)
        (1): Conv2d(128, 64, kernel_size=(3, 3), stride=(1, 1), padding=(1, 1))
        (2): BatchNorm2d(64, eps=1e-05, momentum=0.1, affine=True, track_running_stats=True)
        (3): ReLU(inplace=True)
      )
      (concat): Concatenate()
    )
    (trans_3): TransitionUp([32, 32] -> 32))(
      (upconv): Sequential(
        (0): Upsample(scale_factor=2.0, mode=nearest)
        (1): Conv2d(64, 32, kernel_size=(3, 3), stride=(1, 1), padding=(1, 1))
        (2): BatchNorm2d(32, eps=1e-05, momentum=0.1, affine=True, track_running_stats=True)
        (3): ReLU(inplace=True)
      )
      (concat): Concatenate()
    )
  )
  (final): Conv2d(32, 1, kernel_size=(1, 1), stride=(1, 1))
  (Norm): BatchNorm2d(1, eps=1e-05, momentum=0.1, affine=True, track_running_stats=True)
)
----------
Epoch 0/15
----------
Phase train...
Train data:472
/home/gkulemeyer/Repos/REDfold/exec0/redfold/fold/data_generator.py:53: VisibleDeprecationWarning: Creating an ndarray from ragged nested sequences (which is a list-or-tuple of lists-or-tuples-or ndarrays with different lengths or shapes) is deprecated. If you meant to do this, you must specify 'dtype=object' when creating the ndarray.
  self.seq_hot= np.array([instance[2] for instance in self.data])
/home/gkulemeyer/Repos/REDfold/exec0/redfold/fold/data_generator.py:54: VisibleDeprecationWarning: Creating an ndarray from ragged nested sequences (which is a list-or-tuple of lists-or-tuples-or ndarrays with different lengths or shapes) is deprecated. If you meant to do this, you must specify 'dtype=object' when creating the ndarray.
  self.data_y= np.array([instance[3] for instance in self.data])
/home/gkulemeyer/Repos/REDfold/exec0/redfold/fold/data_generator.py:55: VisibleDeprecationWarning: Creating an ndarray from ragged nested sequences (which is a list-or-tuple of lists-or-tuples-or ndarrays with different lengths or shapes) is deprecated. If you meant to do this, you must specify 'dtype=object' when creating the ndarray.
  self.data_x= np.array([instance[4] for instance in self.data])
/home/gkulemeyer/Repos/REDfold/exec0/redfold/fold/data_generator.py:56: VisibleDeprecationWarning: Creating an ndarray from ragged nested sequences (which is a list-or-tuple of lists-or-tuples-or ndarrays with different lengths or shapes) is deprecated. If you meant to do this, you must specify 'dtype=object' when creating the ndarray.
  self.data_z= np.array([instance[5] for instance in self.data])
Epoch Loss:0.7232
----------
Epoch 1/15
----------
Phase train...
Train data:472
Epoch Loss:0.4809
----------
Epoch 2/15
----------
Phase train...
Train data:472
Epoch Loss:0.3688
----------
Epoch 3/15
----------
Phase train...
Train data:472
Epoch Loss:0.3018
----------
Epoch 4/15
----------
Phase train...
Train data:472
Epoch Loss:0.2600
----------
Epoch 5/15
----------
Phase train...
Train data:472
Epoch Loss:0.2151
----------
Epoch 6/15
----------
Phase train...
Train data:472
Epoch Loss:0.2241
----------
Epoch 7/15
----------
Phase train...
Train data:472
Epoch Loss:0.1712
----------
Epoch 8/15
----------
Phase train...
Train data:472
Epoch Loss:0.1582
----------
Epoch 9/15
----------
Phase train...
Train data:472
Epoch Loss:0.1679
----------
Epoch 10/15
----------
Phase train...
Train data:472
Epoch Loss:0.1374
----------
Epoch 11/15
----------
Phase train...
Train data:472
Epoch Loss:0.1627
----------
Epoch 12/15
----------
Phase train...
Train data:472
Epoch Loss:0.1784
----------
Epoch 13/15
----------
Phase train...
Train data:472
Epoch Loss:0.1412
----------
Epoch 14/15
----------
Phase train...
Train data:472
Epoch Loss:0.1120
Saving model to data/mod_redense_015.pt
train finish.
