seq_name:5s_Fusobacterium-nucleatum-5
seq_len:116
current processing 1/792
seq_name:5s_Uthatobasidium-fusisporum-1
seq_len:118
seq_name:grp1_a.I1.e.L.dispersa.UNK.SSU.516
seq_len:328
seq_name:tRNA_tdbR00000483-Bacillus_subtilis-1423-Trp-CCA
seq_len:74
seq_name:16s_H.sapiens_domain3
seq_len:504
seq_name:tRNA_tdbR00000553-Asterias_amurensis-7602-Tyr-GUA
seq_len:74
seq_name:RNaseP_LGA1
seq_len:339
seq_name:5s_Saccharomyces-cerevisiae-3
seq_len:121
seq_name:telomerase_AF221927.113-556
seq_len:444
seq_name:5s_Emericella-nidulans-5
seq_len:119
seq_name:16s_T.maritima_domain2
seq_len:442
seq_name:tRNA_tdbR00000009-Escherichia_coli-562-Ala-VGC
seq_len:76
seq_name:RNaseP_Halobacterium-NRC1
seq_len:375
seq_name:srp_Pseu.syri._CP000058
seq_len:90
seq_name:srp_Lact.john._AE017198
seq_len:89
seq_name:srp_Chla.pneu._BA000008
seq_len:116
seq_name:16s_H.sapiens.mito_domain1
seq_len:282
seq_name:16s_E.coli_domain4
seq_len:145
seq_name:srp_Trit.aest._CJ679223
seq_len:272
seq_name:5s_Hyphomicrobium-vulgare-1
seq_len:118
seq_name:16s_Z.mays_domain4
seq_len:146
seq_name:tRNA_tdbR00000414-Lupinus_luteus-3873-Ser-CGA
seq_len:86
seq_name:telomerase_AF221930.94-546
seq_len:453
seq_name:srp_Dich.nodo._CP000513
seq_len:107
seq_name:RNaseP_A.telluris
seq_len:364
seq_name:RNaseP_S.faciem
seq_len:331
seq_name:srp_Camp.jeju._CP000025
seq_len:91
seq_name:srp_Neos.fisc._GSP-331117
seq_len:277
seq_name:RNaseP_P.cultripes
seq_len:311
seq_name:srp_List.mono._AE017262
seq_len:215
seq_name:5s_Candida-azyma-1
seq_len:120
seq_name:5s_Streptomyces-nodosus-2
seq_len:120
seq_name:RNaseP_Nocardiodes-ATCC39419
seq_len:310
seq_name:RNaseP_H.trapanicum
seq_len:362
seq_name:5s_Brucella-suis-1
seq_len:125
seq_name:RNaseP_C.diphtheriae
seq_len:425
seq_name:RNaseP_CPB149
seq_len:251
seq_name:srp_Neur.cras._AL669999
seq_len:282
seq_name:RNaseP_SM-A2135
seq_len:332
seq_name:tRNA_tdbR00000141-Salmonella_typhimurium-602-His-QUG
seq_len:77
seq_name:5s_Caulobacter-sp.-1
seq_len:119
seq_name:srp_Ther.teng._AE012978
seq_len:267
seq_name:5s_Pichia-membranifaciens-1
seq_len:120
seq_name:16s_G.intestinalis_domain4
seq_len:134
seq_name:16s_H.sapiens.mito_domain2
seq_len:237
seq_name:grp1_a.I1.e.P.inouyei.C1.SSU.1506
seq_len:409
seq_name:5s_T_cruziE
seq_len:121
seq_name:RNaseP_T.thioparus
seq_len:238
seq_name:RNaseP_R.capsulatus
seq_len:405
seq_name:RNaseP_H.chlorum-partial
seq_len:120
seq_name:srp_Stre.pneu._AE007319
seq_len:82
seq_name:tRNA_tdbR00000592-Ascaris_suum-6253-Gln-UG
seq_len:58
seq_name:grp1_a.I1.b.S.hofmanii.C3.tMET
seq_len:251
seq_name:5s_Sandaracinobacter-sibiricus-1
seq_len:120
seq_name:srp_Trep.pall._AE001187
seq_len:98
seq_name:RNaseP_P.marinus-2
seq_len:387
seq_name:grp1_a.I1.e.P.pachydermus.C1.SSU.943
seq_len:392
seq_name:5s_Saprospira-grandis-1
seq_len:121
seq_name:RNaseP_SLC
seq_len:243
seq_name:tRNA_tdbR00000127-Halocynthia_roretzi-7729-Gly-UCU
seq_len:65
seq_name:5s_Methanococcus-maripaludis-1
seq_len:115
seq_name:RNaseP_Calothrix-PCC7601
seq_len:467
seq_name:srp_Sacc.kluy._SKAA0027M04.b1
seq_len:449
seq_name:srp_Bdel.bact._BX842656
seq_len:56
seq_name:grp1_b.I1.e.T.thermophila.C1.LSU.1925
seq_len:506
seq_name:srp_Ther.mela._CP000716
seq_len:38
seq_name:5s_Deinococcus-radiodurans-1
seq_len:122
seq_name:16s_A.fulgidus_domain3
seq_len:488
seq_name:tRNA_tdbR00000080-Bos_taurus-9913-Phe-GAA
seq_len:70
seq_name:5s_Toxoplasma-gondii-2
seq_len:123
seq_name:5s_Bacillus-subtilis-6
seq_len:116
seq_name:tRNA_tdbR00000488-Tetrahymena_thermophila-5911-Trp-CA
seq_len:74
seq_name:23s_E.coli_domain6
seq_len:262
seq_name:srp_Zea.mays._X14661
seq_len:308
seq_name:srp_Sola.tube._DR037646
seq_len:251
seq_name:RNaseP_H.influenza
seq_len:377
seq_name:tRNA_tdbR00000413-Candida_cylindracea-44322-Ser-GCU
seq_len:86
seq_name:tRNA_tdbR00000189-Rattus_norvegicus-10116-Lys-NUU
seq_len:67
seq_name:srp_Pyro.aero._AE009852
seq_len:322
seq_name:tRNA_tdbR00000585-Aeropyrum_pernix-56636-Thr-CGU
seq_len:75
seq_name:RNaseP_vHge2
seq_len:311
seq_name:srp_Perk.mari._GSP-31276
seq_len:287
seq_name:5s_Xenopus-tropicalis-2
seq_len:121
seq_name:srp_Humu.lupu._AJ236705
seq_len:268
seq_name:5s_Filobasidiella-depauperata-1
seq_len:119
seq_name:tRNA_tdbR00000575-Leishmania_tarentolae-5689-Thr-CGU
seq_len:72
seq_name:srp_Wolb.endo._AB080664
seq_len:83
seq_name:RNaseP_SM-A1315
seq_len:323
seq_name:RNaseP_R.prowazekii
seq_len:385
seq_name:srp_Plas.yoel._GSP-352914
seq_len:304
seq_name:srp_Eime.tene._GSP-413949
seq_len:281
seq_name:5s_Neurospora-crassa-11
seq_len:120
seq_name:srp_Gald.sulp._GSP-130081
seq_len:299
seq_name:RNaseP_ESH183D
seq_len:281
seq_name:RNaseP_S.epidermidis
seq_len:401
seq_name:srp_Pich.stip._CP000502
seq_len:98
seq_name:grp1_a.I1.e.S.sclerotiorum_1837.C1.LSU.798
seq_len:371
seq_name:5s_Streptococcus-salivarius-1
seq_len:116
seq_name:RNaseP_P.guilliermondii
seq_len:189
seq_name:tRNA_tdbR00000194-Triticum_aestivum-4565-Lys-CUU
seq_len:76
seq_name:srp_Trep.pall._AE000520
seq_len:96
current processing 101/792
seq_name:srp_Hype.buty._CP000493
seq_len:274
seq_name:srp_Tetr.ther._X56981
seq_len:283
seq_name:tRNA_tdbR00000029-Asterias_amurensis-7602-Asp-QUC
seq_len:73
seq_name:RNaseP_Wolbachia-sp
seq_len:348
seq_name:srp_Tric.vagi._GSP-5722-2
seq_len:306
seq_name:tRNA_tdbR00000351-Haloferax_volcanii-2246-Arg-NCG
seq_len:78
seq_name:RNaseP_A.eutrophus
seq_len:341
seq_name:tRNA_tdbR00000013-Pichia_jadinii-4903-Ala-IGC
seq_len:76
seq_name:grp1_a.I1.e.C.merochlorophea.UNK.SSU.1516
seq_len:274
seq_name:RNaseP_M.thermoautotrphicumMarb
seq_len:294
seq_name:tRNA_tdbR00000548-Scenedesmus_obliquus-3088-Tyr-GUA
seq_len:85
seq_name:5s_Methanopyrus-kandleri-1
seq_len:131
seq_name:srp_Zygo.roux._BN000170
seq_len:243
seq_name:tRNA_tdbR00000608-Lupinus_luteus-3873-Leu-UAA
seq_len:85
seq_name:RNaseP_Synechococcus-PCC7942
seq_len:312
seq_name:tRNA_tdbR00000069-Synechococcus_sp._PCC_7002-32049-Phe-GAA
seq_len:76
seq_name:5s_Oryza-sativa-2
seq_len:119
seq_name:5s_Cryptococcus-laurentii-1
seq_len:118
seq_name:RNaseP_CPB144
seq_len:421
seq_name:5s_Andrias-japonicus-1
seq_len:121
seq_name:srp_Oryz.sati._AP008207
seq_len:318
seq_name:5s_Ascobolus-immersus-4
seq_len:119
seq_name:RNaseP_LGA2
seq_len:312
seq_name:16s_Z.mays_domain2
seq_len:355
seq_name:RNaseP_N.europaea
seq_len:285
seq_name:tRNA_tdbR00000043-Haloferax_volcanii-2246-Glu-NUC
seq_len:78
seq_name:RNaseP_N.gregoryi
seq_len:474
seq_name:RNaseP_D.radiodurans
seq_len:486
seq_name:grp1_a.I1.e.Staurastrum.sp.M753.C1.SSU.1506
seq_len:415
seq_name:5s_Mycoplasma-mobile-1
seq_len:106
seq_name:16s_M.polymorpha_domain4
seq_len:143
seq_name:16s_P.occultum_domain2
seq_len:358
seq_name:RNaseP_Dermocarpa-PCC7437
seq_len:359
seq_name:tRNA_tdbR00000581-Aeropyrum_pernix-56636-Lys-CUU
seq_len:85
seq_name:RNaseP_Onchorhynchus-2
seq_len:308
seq_name:srp_Myco.lepr._AL023596
seq_len:103
seq_name:RNaseP_T.roseum
seq_len:350
seq_name:srp_Phae.nodo._GSP-321614
seq_len:264
seq_name:5s_Candidatus-Phytoplasma-asteris-1
seq_len:109
seq_name:grp1_a.I1.e.A.capsulatus.G184B.C1.SSU
seq_len:425
seq_name:16s_T.gondii_domain4
seq_len:159
seq_name:5s_Rhodobacter-capsulatus-3
seq_len:117
seq_name:RNaseP_M.tuberculosis-g
seq_len:433
seq_name:grp1_a.I1.e.L.dispersa.UNK.SSU.789
seq_len:218
seq_name:RNaseP_SM-A06
seq_len:343
seq_name:5s_Tilletiaria-anomala-1
seq_len:118
seq_name:5s_Planocera-reticulata-1
seq_len:120
seq_name:RNaseP_CPB70
seq_len:334
seq_name:tRNA_tdbR00000398-Ascaris_suum-6253-Ser-UCU
seq_len:54
seq_name:telomerase_AF221931.99-541
seq_len:443
seq_name:RNaseP_B.anthracis
seq_len:408
seq_name:tRNA_tdbR00000142-Saccharomyces_cerevisiae-4932-His-GUG
seq_len:75
seq_name:RNaseP_T.album
seq_len:332
seq_name:RNaseP_R.rubrum
seq_len:429
seq_name:5s_Paenibacillus-popilliae-1
seq_len:117
seq_name:5s_Rana-pipiens-1
seq_len:119
seq_name:RNaseP_S.lividans
seq_len:405
seq_name:5s_Loofah-witches-broom-phytoplasma-1
seq_len:113
seq_name:RNaseP_S.negevensis
seq_len:249
seq_name:5s_Asterias-vulgaris-1
seq_len:120
seq_name:tRNA_tdbR00000474-Drosophila_melanogaster-7227-Val-NAC
seq_len:76
seq_name:5s_Coleochaete-scutata-1
seq_len:118
seq_name:grp1_a.I1.m.M.grisea.B2.ND1
seq_len:285
seq_name:srp_Pyro.isla._CP000504
seq_len:244
seq_name:tRNA_tdbR00000174-Mus_musculus-10090-Ile-IAU
seq_len:77
seq_name:telomerase_AF147806.247-692
seq_len:446
seq_name:srp_Sacc.cere._U18916
seq_len:429
seq_name:5s_Clostridium-acetobutylicum-3
seq_len:117
seq_name:16s_A.pyrophilus_domain4
seq_len:137
seq_name:5s_Chlorella-pyrenoidosa-1
seq_len:119
seq_name:5s_Weissella-viridescens-2
seq_len:117
seq_name:5s_Zymomonas-mobilis-1
seq_len:121
seq_name:5s_Mycoplasma-pulmonis-1
seq_len:103
seq_name:RNaseP_Saccharomonospora-K180
seq_len:337
seq_name:5s_Rhodopirellula-baltica-1
seq_len:110
seq_name:srp_Yers.pseu._BX936398
seq_len:103
seq_name:RNaseP_P.mississippiensis
seq_len:232
seq_name:RNaseP_V.cholera
seq_len:399
seq_name:5s_Erythromicrobium-ezovicum-1
seq_len:120
seq_name:RNaseP_EM14b-11
seq_len:349
seq_name:5s_Porphyra-yezoensis-1
seq_len:121
seq_name:srp_Lyco.escu._Z46746
seq_len:303
seq_name:5s_Halorubrum-terrestre-1
seq_len:122
seq_name:5s_Methanothermobacter-thermautotrophicus-6
seq_len:128
seq_name:tRNA_tdbR00000389-Bacillus_subtilis-1423-Ser-GGA
seq_len:92
seq_name:5s_Geobacillus-kaustophilus-7
seq_len:113
seq_name:RNaseP_U.urealyticum
seq_len:370
seq_name:telomerase_AF221910.112-554
seq_len:443
seq_name:grp1_a.I1.e.E.dermatitidis.C1.SSU.943
seq_len:426
seq_name:16s_A.fulgidus_domain2
seq_len:359
seq_name:RNaseP_M.hyopneumoniae
seq_len:416
seq_name:grp1_a.I1.e.C.ellipsoidea.211-1a.C1.SSU.1506
seq_len:479
seq_name:5s_Ehrlichia-ruminantium-1
seq_len:119
seq_name:srp_Dict.disc._BJ360333
seq_len:278
seq_name:srp_Baci.anth._AE017225
seq_len:269
seq_name:5s_Aurelia_aurita-1
seq_len:120
seq_name:5s_Verrucomicrobium-spinosum-1
seq_len:116
seq_name:telomerase_AF221919.107-614
seq_len:508
seq_name:tRNA_tdbR00000615-Nanoarchaeum_equitans-160232-Trp-CCA
seq_len:77
seq_name:grp1_a.I1.e.T.malaccensis.C1.LSU.1925
seq_len:447
current processing 201/792
seq_name:RNaseP_LGW116
seq_len:340
seq_name:tRNA_tdbR00000033-Didelphis_virginiana-9267-Asp-QUC
seq_len:73
seq_name:RNaseP_N.pyridinolyticus
seq_len:292
seq_name:tRNA_tdbR00000520-Aedes_albopictus-7160-Ini-CAU
seq_len:72
seq_name:RNaseP_SM-A3254
seq_len:335
seq_name:grp1_a.I1.e.L.dispersa.UNK.SSU.1516
seq_len:240
seq_name:srp_Toxo.gond._GSP-398031
seq_len:288
seq_name:grp1_a.I1.e.C.grayi.UNK.SSU.1516
seq_len:308
seq_name:srp_Gibb.zeae._GSP-229533
seq_len:298
seq_name:5s_Coxiella-burnetii-2
seq_len:118
seq_name:RNaseP_C.psittaci-R54
seq_len:351
seq_name:srp_Enta.terr._GSP-110771
seq_len:271
seq_name:23s_E.coli_domain3
seq_len:372
seq_name:srp_Nect.haem._GSP-71109
seq_len:302
seq_name:srp_Cyan.mero._AY286123
seq_len:85
seq_name:5s_Geobacillus-stearothermophilus-4
seq_len:119
seq_name:5s_Halorubrum-saccharovorum-1
seq_len:123
seq_name:RNaseP_SMB-B3
seq_len:287
seq_name:tRNA_tdbR00000168-Bos_taurus-9913-Ile-GAU
seq_len:72
seq_name:RNaseP_E.thermomarinus
seq_len:331
seq_name:5s_Isosphaera-pallida-1
seq_len:111
seq_name:RNaseP_Synechococcus-PCC6717
seq_len:315
seq_name:tRNA_tdbR00000469-Rattus_norvegicus-10116-Val-IAC
seq_len:77
seq_name:5s_Caenorhabditis-elegans-3
seq_len:120
seq_name:RNaseP_T.littoralis
seq_len:331
seq_name:RNaseP_A.pernix
seq_len:330
seq_name:RNaseP_T.delbrueckii
seq_len:295
seq_name:tRNA_tdbR00000461-Rattus_norvegicus-10116-Val-UAC
seq_len:71
seq_name:RNaseP_M.barkeri
seq_len:371
seq_name:tRNA_tdbR00000363-Ascaris_suum-6253-Arg-PCU
seq_len:54
seq_name:16s_F.ananassa_domain4
seq_len:172
seq_name:tRNA_tdbR00000517-Neurospora_crassa-5141-Ini-CAU
seq_len:74
seq_name:tRNA_tdbR00000312-Haloferax_volcanii-2246-Pro-GGG
seq_len:74
seq_name:telomerase_AF221917.99-542
seq_len:444
seq_name:RNaseP_Rr327
seq_len:326
seq_name:5s_Halorubrum-terrestre-2
seq_len:122
seq_name:tRNA_tdbR00000104-Enterobacteria_phage_T4-10665-Gly-NCC
seq_len:74
seq_name:RNaseP_LGA6
seq_len:344
seq_name:grp1_a.I1.c.S.bicolor.C3.tLEU
seq_len:510
seq_name:5s_Fusarium-lunulosporum-10
seq_len:119
seq_name:16s_C.psittaci_domain3
seq_len:483
seq_name:srp_Enta.hist._AF487684
seq_len:210
seq_name:5s_Pedobacter-heparinus-1
seq_len:114
seq_name:srp_Aspe.terr._GSP-341663
seq_len:283
seq_name:tRNA_tdbR00000032-Rattus_norvegicus-10116-Asp-GUC
seq_len:72
seq_name:tRNA_tdbR00000392-Escherichia_coli-562-Ser-GGA
seq_len:88
seq_name:16s_H.volcanii_domain4
seq_len:128
seq_name:srp_Schi.pomb._AU010514
seq_len:95
seq_name:tRNA_tdbR00000313-Haloferax_volcanii-2246-Pro-UGG
seq_len:76
seq_name:srp_Cyan.mero._AB002583
seq_len:86
seq_name:5s_Mycoplasma-flocculare-1
seq_len:107
seq_name:grp1_a.I1.e.M.caldariorum.C1.SSU.1506
seq_len:439
seq_name:srp_Yers.pseu._CP000720
seq_len:97
seq_name:16s_C.reinhardtii.chloro_domain2
seq_len:347
seq_name:tRNA_tdbR00000299-Asterias_amurensis-7602-Asn-GPU
seq_len:75
seq_name:tRNA_tdbR00000567-Homo_sapiens-9606-Tyr-9PA
seq_len:76
seq_name:5s_Thermus-aquaticus-1
seq_len:120
seq_name:tRNA_tdbR00000366-Rattus_norvegicus-10116-Arg-UCG
seq_len:72
seq_name:srp_Trep.dent._AE017246
seq_len:103
seq_name:23s_T.thermophilus_domain3
seq_len:373
seq_name:srp_Anto.locu._GSP-278021
seq_len:155
seq_name:16s_A.fulgidus_domain4
seq_len:133
seq_name:16s_Z.mays_domain3
seq_len:483
seq_name:5s_Mycoplasma-gallisepticum-4
seq_len:113
seq_name:srp_Myco.spec._CP000580
seq_len:104
seq_name:tRNA_tdbR00000266-Bos_taurus-9913-Leu-AA
seq_len:87
seq_name:srp_Meth.ferv._S49762
seq_len:154
seq_name:23s_H.pylori_domain6
seq_len:242
seq_name:RNaseP_P.troglodytes
seq_len:320
seq_name:5s_Hyphomicrobium-sp.-4
seq_len:118
seq_name:grp1_a.I1.e.A.capsulatus.FLs1.C1.SSU
seq_len:428
seq_name:srp_Sorg.bico._BE594178
seq_len:305
seq_name:RNaseP_Buchnera-APS
seq_len:376
seq_name:RNaseP_P.canadensis
seq_len:333
seq_name:grp1_a.I1.e.S.paniceum.UNK.SSU.1506
seq_len:259
seq_name:5s_Rhodobacter-sphaeroides-1
seq_len:115
seq_name:5s_Bacteroides-capillosus-1
seq_len:115
seq_name:RNaseP_S.unisporus
seq_len:244
seq_name:RNaseP_A.nidulans
seq_len:385
seq_name:16s_C.reinhardtii.mito_domain3
seq_len:387
seq_name:srp_Synt.wolf._CP000448
seq_len:65
seq_name:RNaseP_H.pylori-RU1
seq_len:317
seq_name:5s_Roseococcus-thiosulfatophilus-1
seq_len:119
seq_name:5s_Geodermatophilus-obscurus-1
seq_len:120
seq_name:tRNA_tdbR00000385-Mycoplasma_capricolum-2095-Ser-UGA
seq_len:92
seq_name:srp_Lact.delb._AF496545
seq_len:88
seq_name:srp_Chlo.tepi._AE006470
seq_len:106
seq_name:RNaseP_LGW113
seq_len:321
seq_name:5s_Oceanobacillus-iheyensis-4
seq_len:116
seq_name:RNaseP_PS6
seq_len:332
seq_name:srp_Baci.brev._D14472
seq_len:275
seq_name:tRNA_tdbR00000210-Enterobacteria_phage_T5-10726-Leu-UAG
seq_len:85
seq_name:RNaseP_Z.bailii
seq_len:205
seq_name:5s_Neurospora-intermedia-1
seq_len:119
seq_name:5s_Halorubrum-distributum-3
seq_len:121
seq_name:5s_Pleurodeles-waltl-1
seq_len:120
seq_name:tRNA_tdbR00000359-Escherichia_coli-562-Arg-CCG
seq_len:77
seq_name:tRNA_tdbR00000490-Saccharomyces_cerevisiae-4932-Trp-CA
seq_len:74
seq_name:srp_Stre.muta._AE014879
seq_len:101
seq_name:RNaseP_CPA56
seq_len:334
current processing 301/792
seq_name:23s_H.pylori_domain3
seq_len:380
seq_name:RNaseP_K.polysporus
seq_len:265
seq_name:grp1_a.I1.e.T.pigmentosa.C1.LSU.1925
seq_len:451
seq_name:16s_C.psittaci_domain2
seq_len:355
seq_name:RNaseP_Y.pestis
seq_len:377
seq_name:tRNA_tdbR00000622-Nicotiana_rustica-4093-Cys-GCA
seq_len:75
seq_name:16s_B.subtilis_domain2
seq_len:355
seq_name:grp1_a.I1.e.A.capsulatus.CBS213.53.C1.SSU.943
seq_len:408
seq_name:tRNA_tdbR00000583-Aeropyrum_pernix-56636-Cys-GCA
seq_len:78
seq_name:srp_Lotu.japo._BW598799
seq_len:281
seq_name:5s_Nocardia-farcinica-1
seq_len:123
seq_name:srp_Chlo.vulg._AB001684
seq_len:67
seq_name:5s_Thermotoga-sp.-3
seq_len:124
seq_name:16s_B.burgdorferi_domain3
seq_len:485
seq_name:5s_Bursaphelenchus-xylophilus-1
seq_len:119
seq_name:5s_Buchnera-aphidicola-3
seq_len:115
seq_name:5s_Tricharina-hiemalis-1
seq_len:119
seq_name:srp_Asco.apis._GSP-392613
seq_len:259
seq_name:5s_Vitreoscilla-stercoraria-1
seq_len:118
seq_name:srp_Meth.maze._AE008384
seq_len:315
seq_name:16s_E.coli_domain2
seq_len:354
seq_name:srp_Halo.halo._CP000544
seq_len:101
seq_name:16s_A.pyrophilus_domain2
seq_len:250
seq_name:grp1_a.I1.e.T.cosmopolitanis.C1.LSU.1925
seq_len:451
seq_name:5s_Gracilaria-compressa-2
seq_len:121
seq_name:grp1_s.I1.e.T.thermophila.C1.LSU.1925.schem
seq_len:506
seq_name:16s_E.coli_domain3
seq_len:484
seq_name:tRNA_tdbR00000290-Enterobacteria_phage_T5-10726-Asn-GUU
seq_len:77
seq_name:srp_Cryp.parv._XM_626716
seq_len:300
seq_name:srp_Oryz.sati._AP003333
seq_len:318
seq_name:5s_Methanosarcina-barkeri-1
seq_len:130
seq_name:grp1_a.I1.e.P.carinii.C1.SSU.1506
seq_len:442
seq_name:5s_Hyphomonas-oligotropha-1
seq_len:119
seq_name:srp_Vibr.vuln._BA000037
seq_len:94
seq_name:16s_C.reinhardtii.chloro_domain4
seq_len:145
seq_name:srp_Psyc.arct._CP000082
seq_len:116
seq_name:5s_Rhodobacter-sphaeroides-3
seq_len:116
seq_name:tRNA_tdbR00000331-Mycoplasma_capricolum-2095-Gln-UG
seq_len:75
seq_name:grp1_a.I1.e.D.salina.C1.SSU.943
seq_len:423
seq_name:tRNA_tdbR00000079-Rattus_norvegicus-10116-Phe-GAA
seq_len:71
seq_name:5s_Thermomicrobium-roseum-1
seq_len:127
seq_name:5s_Limulus-polyphemus-1
seq_len:120
seq_name:RNaseP_R.americana-mito
seq_len:312
seq_name:RNaseP_T.tumescens
seq_len:307
seq_name:tRNA_tdbR00000504-Mycoplasma_capricolum-2095-Ini-CAU
seq_len:76
seq_name:RNaseP_A.laidlawii
seq_len:316
seq_name:srp_Lact.john._AE017201
seq_len:101
seq_name:5s_Wuchereria-bancrofti-1
seq_len:121
seq_name:tRNA_tdbR00000036-Euglena_gracilis-3039-Asp-GUC
seq_len:75
seq_name:RNaseP_SL1-1
seq_len:252
seq_name:5s_Coxiella-burnetii-1
seq_len:117
seq_name:srp_Taen.gutt._CK235759
seq_len:270
seq_name:tRNA_tdbR00000368-Mesocricetus_auratus-10036-Arg-UCG
seq_len:71
seq_name:5s_Pneumocystis-carinii-1
seq_len:120
seq_name:srp_Chla.trac._AE001298
seq_len:102
seq_name:tRNA_tdbR00000251-Saccharomyces_cerevisiae-4932-Leu-UAA
seq_len:87
seq_name:5s_Diatoma-tenue-1
seq_len:118
seq_name:srp_Rhod.balt._BX294144
seq_len:93
seq_name:tRNA_tdbR00000245-Rattus_norvegicus-10116-Leu-UAG
seq_len:75
seq_name:srp_Proc.mari._CP000111
seq_len:74
seq_name:telomerase_AF221935.112-602
seq_len:491
seq_name:5s_Methanospirillum-hungatei-1
seq_len:126
seq_name:tRNA_tdbR00000124-Aedes_albopictus-7160-Gly-UCC
seq_len:70
seq_name:tRNA_tdbR00000621-Nicotiana_rustica-4093-Cys-GCA
seq_len:75
seq_name:RNaseP_T.thermophilus
seq_len:392
seq_name:RNaseP_B.pertussis
seq_len:414
seq_name:16s_G.intestinalis_domain3
seq_len:441
seq_name:srp_Ther.fusc._CP000088
seq_len:98
seq_name:RNaseP_D.radiodurans-g
seq_len:447
seq_name:tRNA_tdbR00000263-Rattus_norvegicus-10116-Leu-AA
seq_len:86
seq_name:grp1_b.I1.e.M.anisopliae.2.C1.LSU.1921
seq_len:456
seq_name:srp_Stre.coel._AL939118
seq_len:64
seq_name:tRNA_tdbR00000609-Chlamydomonas_reinhardtii-3055-Leu-UA7
seq_len:84
seq_name:grp1_a.I1.c.A.cherimola.C3.tLEU
seq_len:494
seq_name:tRNA_tdbR00000167-Aedes_albopictus-7160-Ile-GAU
seq_len:72
seq_name:5s_Spirosoma-sp.-1
seq_len:111
seq_name:tRNA_tdbR00000138-Haloferax_volcanii-2246-His-GUG
seq_len:77
seq_name:grp1_a.I1.e.S.paniceum.UNK.SSU.114
seq_len:210
seq_name:telomerase_AF221939.99-544
seq_len:446
seq_name:srp_Ashb.goss._AE016819
seq_len:381
seq_name:5s_Proasellus-coxalis-1
seq_len:120
seq_name:tRNA_tdbR00000380-Halobacterium_salinarum-2242-Ser-MGA
seq_len:88
seq_name:srp_Ther.volc._BA000011
seq_len:299
seq_name:tRNA_tdbR00000475-Mus_musculus-10090-Val-IAC
seq_len:76
seq_name:RNaseP_Z.florentinus
seq_len:262
seq_name:srp_Plas.reic._GSP-5854
seq_len:312
seq_name:srp_Para.bras._GSP-121759
seq_len:338
seq_name:RNaseP_Mxa1
seq_len:312
seq_name:RNaseP_M.vannielli
seq_len:234
seq_name:srp_Sacc.para._BN000251
seq_len:509
seq_name:5s_Euplotes-aediculatus-1
seq_len:121
seq_name:srp_Psyc.ingr._CP000510
seq_len:114
seq_name:RNaseP_CPB69
seq_len:348
seq_name:telomerase_AF221914.112-589
seq_len:478
seq_name:srp_Cand.glab._CR380957
seq_len:504
seq_name:grp1_a.I1.e.P.carinii.Pc3.C1.LSU.1921
seq_len:381
seq_name:srp_Odon.sine._Z67753
seq_len:97
seq_name:srp_Pers.amer._X65992
seq_len:162
seq_name:16s_H.volcanii_domain3
seq_len:490
seq_name:grp1_a.I1.e.C.merochlorophea.UNK.SSU.1210
seq_len:267
current processing 401/792
seq_name:srp_Porp.purp._U38804
seq_len:92
seq_name:RNaseP_S.pyogenes
seq_len:409
seq_name:16s_M.polymorpha_domain3
seq_len:486
seq_name:RNaseP_ESH30-3
seq_len:318
seq_name:srp_Yarr.lipo._X51658
seq_len:270
seq_name:tRNA_tdbR00000467-Pichia_jadinii-4903-Val-IAC
seq_len:77
seq_name:5s_Sulfurococcus-mirabilis-1
seq_len:124
seq_name:RNaseP_H.sapiens
seq_len:340
seq_name:tRNA_tdbR00000177-Mycoplasma_capricolum-2095-Lys-CUU
seq_len:76
seq_name:tRNA_tdbR00000126-Halocynthia_roretzi-7729-Gly-NCU
seq_len:68
seq_name:16s_G.intestinalis_domain1
seq_len:485
seq_name:srp_Ferr.acid._GSP-333146
seq_len:316
seq_name:RNaseP_R.palustris
seq_len:479
seq_name:tRNA_tdbR00000516-Spinacia_oleracea-3562-Ini-CAU
seq_len:77
seq_name:tRNA_tdbR00000547-Geobacillus_stearothermophilus-1422-Tyr-QUA
seq_len:85
seq_name:5s_Rhodococcus-fascians-2
seq_len:121
seq_name:telomerase_AY058901.1-397
seq_len:397
seq_name:tRNA_tdbR00000612-Sinorhizobium_meliloti-382-Trp-CCA
seq_len:76
seq_name:23s_S.aureus_domain4
seq_len:347
seq_name:tRNA_tdbR00000334-Hordeum_vulgare-4513-Gln-UG
seq_len:75
seq_name:tRNA_tdbR00000345-Homo_sapiens-9606-Gln-NUG
seq_len:75
seq_name:RNaseP_S.pastorianus
seq_len:365
seq_name:tRNA_tdbR00000623-Escherichia_coli-562-Pro-CGG
seq_len:77
seq_name:srp_Phyt.infe._CV911012
seq_len:91
seq_name:tRNA_tdbR00000478-Haloferax_volcanii-2246-Trp-BCA
seq_len:77
seq_name:RNaseP_PS24
seq_len:395
seq_name:5s_Halococcus-morrhuae-2
seq_len:125
seq_name:grp1_a.I1.e.P.macrosporus.C1.SSU.1506
seq_len:433
seq_name:telomerase_AF221920.99-541
seq_len:443
seq_name:srp_Stre.pyog._AM295007
seq_len:57
seq_name:RNaseP_Pseudoanabaena-PCC6903
seq_len:450
seq_name:tRNA_tdbR00000494-Saccharomyces_cerevisiae-4932-Trp-BCA
seq_len:75
seq_name:tRNA_tdbR00000440-Neurospora_crassa-5141-Thr-UGU
seq_len:74
seq_name:srp_Aero.pern._BA000002
seq_len:304
seq_name:5s_Scenedesmus-obliquus-1
seq_len:120
seq_name:grp1_a.I1.e.P.inouyei.C1.SSU.943
seq_len:390
seq_name:RNaseP_C.pneumoniae-CWL029
seq_len:406
seq_name:tRNA_tdbR00000611-Sinorhizobium_meliloti-382-His-GUG
seq_len:77
seq_name:RNaseP_S.castellii
seq_len:354
seq_name:telomerase_AF221916.94-481
seq_len:388
seq_name:srp_Deba.hans._CR382138
seq_len:263
seq_name:grp1_a.I1.e.T.hyperangularis.C1.LSU.1925
seq_len:451
seq_name:RNaseP_SMB-B2
seq_len:334
seq_name:16s_F.ananassa_domain3
seq_len:493
seq_name:srp_Trit.aest._X13915
seq_len:204
seq_name:tRNA_tdbR00000382-Haloferax_volcanii-2246-Ser-MGA
seq_len:88
seq_name:5s_Bacteroides-fragilis-5
seq_len:103
seq_name:grp1_a.I1.e.C.merochlorophea.UNK.SSU.1046
seq_len:267
seq_name:tRNA_tdbR00000283-Gallus_gallus-9031-Met-AU
seq_len:72
seq_name:srp_Proc.mari._AE017126
seq_len:51
seq_name:telomerase_AY312571.605-1069
seq_len:465
seq_name:RNaseP_SM-A5888
seq_len:393
seq_name:srp_Fuso.nucl._AE009951
seq_len:99
seq_name:RNaseP_S.dairensis
seq_len:465
seq_name:RNaseP_T.volcanum
seq_len:305
seq_name:5s_Octopus-vulgaris-1
seq_len:120
seq_name:5s_Borrelia-burgdorferi-1
seq_len:112
seq_name:telomerase_AF221913.109-520
seq_len:412
seq_name:tRNA_tdbR00000318-Salmonella_typhimurium-602-Pro-GGG
seq_len:77
seq_name:tRNA_tdbR00000347-Enterobacteria_phage_T4-10665-Arg-NCU
seq_len:75
seq_name:srp_Babe.bige._GSP-5866
seq_len:280
seq_name:tRNA_tdbR00000261-Cucumis_sativus-3659-Leu-NAA
seq_len:87
seq_name:srp_Desu.psyc._CR522870
seq_len:86
seq_name:srp_Myco.geni._U39706
seq_len:83
seq_name:tRNA_tdbR00000247-Bos_taurus-9913-Leu-UAG
seq_len:74
seq_name:tRNA_tdbR00000190-Bos_taurus-9913-Lys-NUU
seq_len:70
seq_name:RNaseP_Oscillatoria-PCC7515
seq_len:359
seq_name:srp_Lept.coll._AF006750
seq_len:280
seq_name:16s_P.occultum_domain3
seq_len:485
seq_name:tRNA_tdbR00000365-Aedes_albopictus-7160-Arg-UCG
seq_len:67
seq_name:16s_T.maritima_domain4
seq_len:151
seq_name:RNaseP_SM-A1621
seq_len:348
seq_name:5s_Pyrococcus-horikoshii-2
seq_len:122
seq_name:tRNA_tdbR00000466-Saccharomyces_cerevisiae-4932-Val-AC
seq_len:77
seq_name:tRNA_tdbR00000580-Aeropyrum_pernix-56636-Lys-UUU
seq_len:80
seq_name:srp_Porp.yezo._AP006715
seq_len:108
seq_name:tRNA_tdbR00000395-Saccharomyces_cerevisiae-4932-Ser-GCU
seq_len:86
seq_name:srp_List.mono._U15684
seq_len:279
seq_name:tRNA_tdbR00000505-Mycoplasma_mycoides-2102-Ini-CAU
seq_len:76
seq_name:grp1_a.I1.e.B.ciliata.JCM6865.C1.SSU.1506
seq_len:357
seq_name:5s_Neurospora-crassa-12
seq_len:120
seq_name:RNaseP_ESH26-4
seq_len:281
seq_name:5s_Thermoplasma-volcanium-1
seq_len:123
seq_name:grp1_b.I1.e.C.saccharophila.C1.SSU.156
seq_len:454
seq_name:5s_Lactobacillus-johnsonii-1
seq_len:116
seq_name:telomerase_AF221921.98-548
seq_len:451
seq_name:grp1_a.I1.e.C.saccatum.C1.SSU.1512
seq_len:476
seq_name:telomerase_AF221909.98-496
seq_len:399
seq_name:16s_P.staleyi_domain4
seq_len:147
seq_name:5s_Fusarium-pseudograminearum-3
seq_len:119
seq_name:16s_G.intestinalis_domain2
seq_len:392
seq_name:grp1_a.I1.e.D.parva.C1.SSU.1512
seq_len:436
seq_name:RNaseP_L.ferrooxidans-MK
seq_len:327
seq_name:5s_Methanothermobacter-thermautotrophicus-1
seq_len:129
seq_name:grp1_a.I1.e.L.dispersa.UNK.SSU.287
seq_len:229
seq_name:tRNA_tdbR00000572-Leishmania_tarentolae-5689-Lys-1UU
seq_len:73
seq_name:tRNA_tdbR00000492-Rattus_norvegicus-10116-Trp-NCA
seq_len:70
seq_name:RNaseP_ESH7-4
seq_len:356
seq_name:5s_Silicibacter-pomeroyi-1
seq_len:118
seq_name:5s_Spirogyra-sp.-1
seq_len:120
current processing 501/792
seq_name:tRNA_tdbR00000399-Aedes_albopictus-7160-Ser-GCU
seq_len:67
seq_name:tRNA_tdbR00000328-Enterobacteria_phage_T5-10726-Gln-UUG
seq_len:78
seq_name:5s_Lactococcus-lactis-4
seq_len:116
seq_name:tRNA_tdbR00000074-Tetrahymena_pyriformis-5908-Phe-GAA
seq_len:76
seq_name:5s_Chlamydomonas-reinhardtii-2
seq_len:121
seq_name:telomerase_AF221918.97-547
seq_len:451
seq_name:tRNA_tdbR00000549-Tetrahymena_pyriformis-5908-Tyr-QUA
seq_len:83
seq_name:grp1_a.I1.e.L.dispersa.UNK.SSU.1046
seq_len:255
seq_name:grp1_a.I1.e.B.ciliata.JCM6865.C1.SSU.943
seq_len:360
seq_name:16s_Z.mays_domain1
seq_len:506
seq_name:srp_Urea.parv._AE002112
seq_len:102
seq_name:srp_Clos.ther._CP000568
seq_len:175
seq_name:5s_Mycoplasma-sp.-2
seq_len:107
seq_name:srp_Ther.koda._AP006878
seq_len:318
seq_name:srp_Thei.parv._GSP-333668
seq_len:280
seq_name:srp_Leis.trop._AY781789
seq_len:134
seq_name:16s_B.subtilis_domain3
seq_len:483
seq_name:RNaseP_Synechocystis-PCC6803
seq_len:437
seq_name:RNaseP_S.polymorpha
seq_len:304
seq_name:RNaseP_S.acidocaldarius
seq_len:315
seq_name:srp_Shew.balt._CP000753
seq_len:93
seq_name:tRNA_tdbR00000423-Rattus_norvegicus-10116-Ser-IGA
seq_len:86
seq_name:srp_Mono.brev._GSP-81824
seq_len:311
seq_name:grp1_b.I1.e.M.anisopliae.3.C1.LSU.1921
seq_len:394
seq_name:RNaseP_SL2D
seq_len:293
seq_name:RNaseP_LGB5
seq_len:298
seq_name:tRNA_tdbR00000390-Escherichia_coli-562-Ser-CGA
seq_len:90
seq_name:srp_Schi.japo._GSP-402676
seq_len:257
seq_name:RNaseP_S.servazzii
seq_len:234
seq_name:tRNA_tdbR00000125-Bos_taurus-9913-Gly-UCC
seq_len:72
seq_name:23s_T.thermophilus_domain4
seq_len:339
seq_name:srp_Citr.sine._CN181544
seq_len:78
seq_name:tRNA_tdbR00000619-Toxoplasma_gondii-5811-Met-CAU
seq_len:73
seq_name:grp1_a.I1.e.P.clavariiformis.C1.SSU.943
seq_len:448
seq_name:RNaseP_H.volcanii
seq_len:433
seq_name:tRNA_tdbR00000519-Phaseolus_vulgaris-3885-Ini-CAU
seq_len:77
seq_name:grp1_a.I1.e.P.carinii.Pc2.C1.LSU.1921
seq_len:355
seq_name:tRNA_tdbR00000225-Synechococcus_elongatus_PCC_6301-269084-Leu-CAA
seq_len:87
seq_name:srp_Dein.radi._AE002056
seq_len:100
seq_name:tRNA_tdbR00000594-Ascaris_suum-6253-Leu-AA
seq_len:58
seq_name:5s_Erythromicrobium-ramosum-1
seq_len:120
seq_name:srp_Clos.novy._CP000382
seq_len:231
seq_name:RNaseP_C.psittaci-2
seq_len:332
seq_name:RNaseP_B.bronchiseptica
seq_len:243
seq_name:5s_Methanothermococcus-thermolithotrophicus-1
seq_len:120
seq_name:tRNA_tdbR00000573-Leishmania_tarentolae-5689-Gln-3UG
seq_len:72
seq_name:telomerase_AF221906.96-545
seq_len:450
seq_name:16s_H.sapiens.mito_domain4
seq_len:120
seq_name:RNaseP_A.erythreum
seq_len:310
seq_name:tRNA_tdbR00000403-Bos_taurus-9913-Ser-UGA
seq_len:72
seq_name:tRNA_tdbR00000460-Aedes_albopictus-7160-Val-UAC
seq_len:75
seq_name:5s_Roseococcus-thiosulfatophilus-2
seq_len:120
seq_name:tRNA_tdbR00000237-Saccharomyces_cerevisiae-4932-Leu-AA
seq_len:85
seq_name:tRNA_tdbR00000149-Homo_sapiens-9606-His-GUG
seq_len:76
seq_name:tRNA_tdbR00000419-Nicotiana_rustica-4093-Ser-IGA
seq_len:85
seq_name:srp_Lact.case._CP000423
seq_len:79
seq_name:RNaseP_B.thetaiotaomicron
seq_len:361
seq_name:tRNA_tdbR00000361-Saccharomyces_cerevisiae-4932-Arg-ACG
seq_len:74
seq_name:srp_Camp.jeju._CP000768
seq_len:103
seq_name:RNaseP_S.kluyveri
seq_len:336
seq_name:telomerase_AF221936.98-540
seq_len:443
seq_name:srp_Zymo.mobi._AF203881
seq_len:99
seq_name:srp_Xant.camp._AM039952
seq_len:118
seq_name:tRNA_tdbR00000393-Escherichia_coli-562-Ser-GGA
seq_len:88
seq_name:23s_S.aureus_domain3
seq_len:379
seq_name:tRNA_tdbR00000078-Ascaris_suum-6253-Phe-GAA
seq_len:62
seq_name:tRNA_tdbR00000542-Mycoplasma_capricolum-2095-Tyr-GUA
seq_len:84
seq_name:srp_Xeno.laev._X01055
seq_len:297
seq_name:tRNA_tdbR00000386-Mycoplasma_mycoides-2102-Ser-UGA
seq_len:93
seq_name:tRNA_tdbR00000294-Mycoplasma_capricolum-2095-Asn-GUU
seq_len:76
seq_name:RNaseP_K.thermotolerans
seq_len:219
seq_name:RNaseP_Nostoc-PCC7413
seq_len:391
seq_name:srp_Lotu.corn._AP006123
seq_len:304
seq_name:srp_Rals.meta._CP000352
seq_len:111
seq_name:RNaseP_S.versatilis
seq_len:286
seq_name:tRNA_tdbR00000618-Candida_albicans-5476-Leu-CAG
seq_len:85
seq_name:tRNA_tdbR00000438-Escherichia_coli-562-Thr-GGU
seq_len:75
seq_name:srp_Psyc.cryo._CP000323
seq_len:111
seq_name:5s_Ascaris-suum-1
seq_len:119
seq_name:srp_Toxo.gond._CO743022
seq_len:66
seq_name:srp_Onch.volv._BF727619
seq_len:293
seq_name:5s_Microtetraspora-glauca-1
seq_len:121
seq_name:RNaseP_P.purpurea-chloroplast
seq_len:383
seq_name:RNaseP_C.acetobutylicum
seq_len:345
seq_name:5s_Dehalococcoides-ethenogenes-1
seq_len:123
seq_name:RNaseP_PS2
seq_len:323
seq_name:16s_P.staleyi_domain2
seq_len:353
seq_name:srp_Tryp.viva._SDB-5699
seq_len:290
seq_name:RNaseP_C.crescentus
seq_len:398
seq_name:RNaseP_Z.rouxii
seq_len:295
seq_name:srp_Lemu.catt._GSP-9447
seq_len:302
seq_name:5s_Symbiobacterium-thermophilum-3
seq_len:113
seq_name:srp_Meth.mari._CP000745
seq_len:218
seq_name:RNaseP_N.olivacea-chloroplast
seq_len:398
seq_name:tRNA_tdbR00000211-Haloferax_volcanii-2246-Leu-CAA
seq_len:87
seq_name:RNaseP_A.brierleyi
seq_len:267
seq_name:srp_Zymo.mobi._AE008692
seq_len:103
seq_name:16s_C.elegans_domain2
seq_len:162
seq_name:tRNA_tdbR00000129-Saccharomyces_cerevisiae-4932-Gly-GCC
seq_len:73
seq_name:tRNA_tdbR00000121-Salmonella_typhimurium-602-Gly-NCC
seq_len:75
current processing 601/792
seq_name:tRNA_tdbR00000576-Leishmania_tarentolae-5689-Asp-GUC
seq_len:72
seq_name:RNaseP_C.tepidum-g
seq_len:381
seq_name:5s_Streptococcus-pyogenes-4
seq_len:116
seq_name:5s_Nitrobacter-winogradskyi-1
seq_len:117
seq_name:tRNA_tdbR00000595-Escherichia_coli-562-Leu-BAA
seq_len:85
seq_name:srp_Sulf.toko._BA000023
seq_len:308
seq_name:grp1_a.I1.e.P.sarcinoidea.C1.SSU.943
seq_len:476
seq_name:5s_Flectobacillus-major-1
seq_len:114
seq_name:5s_Tremella-mesenterica-1
seq_len:118
seq_name:RNaseP_B.brevis
seq_len:411
seq_name:16s_D.melanogaster_domain4
seq_len:169
seq_name:srp_Meth.volt._M22560
seq_len:306
seq_name:RNaseP_LGW46
seq_len:384
seq_name:RNaseP_CPA59
seq_len:316
seq_name:tRNA_tdbR00000352-Mycoplasma_capricolum-2095-Arg-ICG
seq_len:77
seq_name:tRNA_tdbR00000394-Escherichia_coli-562-Ser-VGA
seq_len:88
seq_name:RNaseP_L.acidophilus
seq_len:328
seq_name:srp_Trit.aest._BE424647
seq_len:223
seq_name:RNaseP_N.jensenii
seq_len:326
seq_name:tRNA_tdbR00000396-Saccharomyces_cerevisiae-4932-Ser-UGA
seq_len:90
seq_name:RNaseP_U.stansburiana
seq_len:327
seq_name:srp_Sino.medi._CP000738
seq_len:33
seq_name:grp1_a.I1.e.A.adeninivorans.C1.LSU.2449
seq_len:450
seq_name:23s_H.pylori_domain4
seq_len:337
seq_name:tRNA_tdbR00000428-Homo_sapiens-9606-Ser-UGA
seq_len:85
seq_name:tRNA_tdbR00000367-Bos_taurus-9913-Arg-UCG
seq_len:72
seq_name:srp_Myco.vanb._CP000511
seq_len:92
seq_name:16s_H.volcanii_domain2
seq_len:359
seq_name:5s_Finegoldia-magna-2
seq_len:117
seq_name:tRNA_tdbR00000280-Saccharomyces_cerevisiae-4932-Met-CAU
seq_len:77
seq_name:tRNA_tdbR00000114-Staphylococcus_epidermidis-1282-Gly-UCC
seq_len:75
seq_name:5s_Mycoplasma-genitalium-1
seq_len:104
seq_name:tRNA_tdbR00000400-Loligo_bleekeri-6617-Ser-7CU
seq_len:71
seq_name:srp_Phyt.infe._CV919934
seq_len:255
seq_name:16s_C.elegans_domain3
seq_len:290
seq_name:5s_Caulobacter-sp.-4
seq_len:119
seq_name:RNaseP_P.gingivalis
seq_len:398
seq_name:telomerase_AF221928.95-476
seq_len:382
seq_name:telomerase_AF221929.92-517
seq_len:426
seq_name:RNaseP_LGW17
seq_len:411
seq_name:srp_Phak.pach._GSP-170000-2
seq_len:308
seq_name:5s_Vibrio-nereis-1
seq_len:121
seq_name:telomerase_AF221924.105-538
seq_len:434
seq_name:srp_Yers.ente._AM286415
seq_len:114
seq_name:RNaseP_LGB21
seq_len:350
seq_name:5s_Nanoarchaeum-equitans-1
seq_len:121
seq_name:tRNA_tdbR00000383-Haloferax_volcanii-2246-Ser-GGA
seq_len:84
seq_name:srp_Leis.aeth._AY722730
seq_len:58
seq_name:5s_Distigma-proteus-1
seq_len:118
seq_name:5s_Clostridium-pasteurianum-1
seq_len:117
seq_name:5s_Natrinema-sp.-1
seq_len:126
seq_name:RNaseP_X.fastidiosa
seq_len:359
seq_name:16s_H.sapiens_domain4
seq_len:171
seq_name:5s_Fusarium-culmorum-6
seq_len:119
seq_name:tRNA_tdbR00000325-Pichia_jadinii-4903-Pro-GG
seq_len:75
seq_name:5s_Frankia-sp.-1
seq_len:121
seq_name:srp_Rick.typh._AE017197
seq_len:98
seq_name:16s_C.psittaci_domain4
seq_len:147
seq_name:srp_Guil.thet._AF041468
seq_len:97
seq_name:tRNA_tdbR00000379-Enterobacteria_phage_T4-10665-Ser-NGA
seq_len:90
seq_name:RNaseP_G.sulfurreducens
seq_len:367
seq_name:16s_B.burgdorferi_domain2
seq_len:349
seq_name:grp1_a.I1.e.P.carinii.Pc1.C1.LSU.1921
seq_len:375
seq_name:5s_Chlamydomonas-reinhardtii-1
seq_len:122
seq_name:5s_Tuberoidobacter-mutans-1
seq_len:116
seq_name:RNaseP_T.celerAL1
seq_len:279
seq_name:RNaseP_Synechococcus-PCC7003
seq_len:299
seq_name:5s_Chlamydia-trachomatis-1
seq_len:117
seq_name:telomerase_U85256.1-451
seq_len:451
seq_name:5s_Lactococcus-lactis-2
seq_len:116
seq_name:16s_M.polymorpha_domain2
seq_len:354
seq_name:23s_S.aureus_domain6
seq_len:255
seq_name:5s_Bacillus-amyloliquefaciens-1
seq_len:117
seq_name:tRNA_tdbR00000426-Drosophila_melanogaster-7227-Ser-CGA
seq_len:85
seq_name:tRNA_tdbR00000030-Aedes_albopictus-7160-Asp-GUC
seq_len:71
seq_name:tRNA_tdbR00000556-Schizosaccharomyces_pombe-4896-Tyr-GPA
seq_len:77
seq_name:5s_Porphyromonas-gingivalis-2
seq_len:108
seq_name:5s_Methanobrevibacter-ruminantium-1
seq_len:130
seq_name:RNaseP_Synechocystis-PCC6308
seq_len:320
seq_name:grp1_a.I1.e.C.grayi.UNK.SSU.1046
seq_len:283
seq_name:5s_Anaplasma-phagocytophilum-1
seq_len:118
seq_name:tRNA_tdbR00000406-Saccharomyces_cerevisiae-4932-Ser-NGA
seq_len:85
seq_name:16s_C.elegans_domain1
seq_len:173
seq_name:srp_Myco.spec._CP000384
seq_len:88
seq_name:RNaseP_H.morrhuae
seq_len:475
seq_name:RNaseP_SMB-A5
seq_len:293
seq_name:srp_Bart.quin._BX897700
seq_len:105
seq_name:5s_Paramecium-tetraurelia-1
seq_len:120
seq_name:RNaseP_LGB27
seq_len:347
seq_name:RNaseP_CPA61
seq_len:376
seq_name:5s_uncultured-euryarchaeote-37F11-1
seq_len:122
seq_name:grp1_a.I1.e.S.paniceum.UNK.SSU.1052
seq_len:240
seq_name:23s_B.subtilis_domain4
seq_len:348
seq_name:srp_Thal.pseu._GSP-296543
seq_len:96
seq_name:5s_Ureaplasma-urealyticum-3
seq_len:104
seq_name:srp_Stre.sang._CP000387
seq_len:73
seq_name:5s_Candidatus-Tremblaya-princeps-6
seq_len:117
seq_name:grp1_a.I1.e.A.stipitatus.C1.SSU.1046
seq_len:408
seq_name:srp_Haem.infl._CP000671
seq_len:87
seq_name:tRNA_tdbR00000128-Halocynthia_roretzi-7729-Gly-GCU
seq_len:70
current processing 701/792
seq_name:tRNA_tdbR00000459-Neurospora_crassa-5141-Val-UAC
seq_len:76
seq_name:RNaseP_P.innocua
seq_len:272
seq_name:16s_C.reinhardtii.mito_domain4
seq_len:115
seq_name:telomerase_AF221912.98-564
seq_len:467
seq_name:tRNA_tdbR00000034-Mesocricetus_auratus-10036-Asp-GUC
seq_len:71
seq_name:grp1_a.I1.e.S.paniceum.UNK.SSU.1210
seq_len:260
seq_name:srp_Ajel.caps._CV620298
seq_len:158
seq_name:tRNA_tdbR00000607-Lupinus_luteus-3873-Leu-IAG
seq_len:85
seq_name:srp_Medi.trun._AC136507-2
seq_len:263
seq_name:5s_Notophthalmus-viridescens-1
seq_len:120
seq_name:5s_Streptomyces-coelicolor-5
seq_len:117
seq_name:tRNA_tdbR00000555-Saccharomyces_cerevisiae-4932-Tyr-GPA
seq_len:78
seq_name:RNaseP_M.capricolum
seq_len:356
seq_name:tRNA_tdbR00000143-Asterias_amurensis-7602-His-QUG
seq_len:73
seq_name:5s_Trichoplax-adhaerens-1
seq_len:116
seq_name:srp_Shig.flex._AE014073
seq_len:108
seq_name:RNaseP_C.innocuum
seq_len:308
seq_name:tRNA_tdbR00000591-Ascaris_suum-6253-Lys-UU
seq_len:65
seq_name:23s_E.coli_domain4
seq_len:364
seq_name:srp_Unci.rees._GSP-336963
seq_len:299
seq_name:RNaseP_PS8
seq_len:304
seq_name:5s_Triticum-aestivum-1
seq_len:120
seq_name:srp_Trep.dent._AE017226
seq_len:100
seq_name:RNaseP_SM-A3048
seq_len:290
seq_name:5s_Andrias-davidianus-1
seq_len:121
seq_name:5s_Genistelloides-hibernus-1
seq_len:122
seq_name:tRNA_tdbR00000541-Haloferax_volcanii-2246-Tyr-GUA
seq_len:77
seq_name:16s_P.staleyi_domain3
seq_len:489
seq_name:grp1_a.I1.e.D.parva.C1.SSU.943
seq_len:396
seq_name:5s_Tremella-mesenterica-2
seq_len:118
seq_name:5s_Methanothermobacter-thermautotrophicus-5
seq_len:124
seq_name:RNaseP_EM14b-9
seq_len:355
seq_name:srp_Dani.rrer._CU179657
seq_len:282
seq_name:tRNA_tdbR00000091-Pisum_sativum-3888-Phe-AA
seq_len:76
seq_name:5s_Onchocerca-volvulus-1
seq_len:121
seq_name:srp_Podo.anse._GSP-5145
seq_len:288
seq_name:5s_Wolinella-succinogenes-1
seq_len:132
seq_name:tRNA_tdbR00000243-Rattus_norvegicus-10116-Leu-UAG
seq_len:74
seq_name:tRNA_tdbR00000246-Bos_taurus-9913-Leu-NAA
seq_len:78
seq_name:srp_Giar.lamb._GSP-184922
seq_len:170
seq_name:RNaseP_PS31
seq_len:372
seq_name:RNaseP_S.aureus
seq_len:349
seq_name:5s_Xenopus-borealis-3
seq_len:120
seq_name:srp_Xant.oryz._AP008229
seq_len:117
seq_name:srp_Kluy.lact._CR382126
seq_len:499
seq_name:RNaseP_C.jejuni
seq_len:318
seq_name:grp1_a.I1.e.S.granulatum.C1.SSU.1506
seq_len:437
seq_name:5s_Symbiobacterium-thermophilum-4
seq_len:110
seq_name:tRNA_tdbR00000412-Candida_cylindracea-44322-Ser-CGA
seq_len:84
seq_name:tRNA_tdbR00000289-Homo_sapiens-9606-Met-BAU
seq_len:76
seq_name:5s_Thraustochytrium-visurgense-2
seq_len:119
seq_name:srp_Halo.volc._AF395888
seq_len:306
seq_name:RNaseP_D.jeanneae
seq_len:406
seq_name:tRNA_tdbR00000191-Mesocricetus_auratus-10036-Lys-NUU
seq_len:68
seq_name:RNaseP_LGB23
seq_len:347
seq_name:srp_Mari.aqua._CP000514
seq_len:100
seq_name:tRNA_tdbR00000184-Asterias_amurensis-7602-Lys-CUU
seq_len:76
seq_name:5s_Emericella-nidulans-4
seq_len:119
seq_name:tRNA_tdbR00000522-Bos_taurus-9913-Ini-AU
seq_len:72
seq_name:5s_Buchnera-aphidicola-1
seq_len:115
seq_name:srp_Ther.petr._CP000702
seq_len:117
seq_name:tRNA_tdbR00000620-Toxoplasma_gondii-5811-Ini-CAU
seq_len:72
seq_name:5s_Xylella-fastidiosa-2
seq_len:118
seq_name:RNaseP_CPA49
seq_len:370
seq_name:grp1_a.I1.e.B.yamatoana.JCM2896.C1.SSU.943
seq_len:480
seq_name:grp1_a.I1.e.L.dispersa.UNK.SSU.1210
seq_len:221
seq_name:16s_S.cerevisiae_domain4
seq_len:164
seq_name:RNaseP_R.norvegicus
seq_len:257
seq_name:srp_Phyt.soja._GSP-67593
seq_len:315
seq_name:tRNA_tdbR00000614-Nanoarchaeum_equitans-160232-Ini-CAU
seq_len:78
seq_name:srp_Myco.tube._AE000516
seq_len:86
seq_name:srp_Bras.oler._GSP-109376
seq_len:312
seq_name:telomerase_AF221934.121-565
seq_len:445
seq_name:RNaseP_B.burgdorferi-g
seq_len:352
seq_name:RNaseP_W.fluorescens
seq_len:232
seq_name:grp1_a.I1.c.G.prostrata.C3.tLEU
seq_len:336
seq_name:5s_Myxococcus-coralloides-1
seq_len:117
seq_name:tRNA_tdbR00000046-Escherichia_coli-562-Glu-SUC
seq_len:76
seq_name:tRNA_tdbR00000550-Neurospora_crassa-5141-Tyr-GUA
seq_len:90
seq_name:srp_Oryz.sati._AC079888
seq_len:311
seq_name:5s_Pyrococcus-abyssi-1
seq_len:118
seq_name:5s_Methanosarcina-mazei-2
seq_len:129
seq_name:telomerase_AF221937.99-545
seq_len:447
seq_name:grp1_a.I1.e.U.maydis.C1.SSU.943
seq_len:429
seq_name:grp1_a.I1.e.C.saxonicum.C1.SSU.1506
seq_len:448
seq_name:telomerase_AF221911.104-513
seq_len:410
seq_name:tRNA_tdbR00000052-Aedes_albopictus-7160-Glu-NUC
seq_len:69
seq_name:tRNA_tdbR00000617-Nanoarchaeum_equitans-160232-Gln-UUG
seq_len:76
seq_name:RNaseP_H.mobilis
seq_len:342
seq_name:srp_Batr.dend._GSP-403673
seq_len:308
seq_name:srp_Stap.epid._AX145149
seq_len:270
All_file_list:792
Save RNA test data to data/test.pick
use gpu: True
Loading file:  data/test.pick
Loading dataset Done!!!
train.len=792
FCDenseNet(
  (features): Sequential(
    (0): BasicConv2d(
      (conv): Conv2d(146, 64, kernel_size=(3, 3), stride=(1, 1), padding=(1, 1), bias=False)
      (bn): BatchNorm2d(64, eps=1e-05, momentum=0.1, affine=True, track_running_stats=True)
      (relu): ReLU(inplace=True)
    )
    (1): BasicConv2d(
      (conv): Conv2d(64, 32, kernel_size=(3, 3), stride=(1, 1), padding=(1, 1), bias=False)
      (bn): BatchNorm2d(32, eps=1e-05, momentum=0.1, affine=True, track_running_stats=True)
      (relu): ReLU(inplace=True)
    )
    (2): BasicConv2d(
      (conv): Conv2d(32, 16, kernel_size=(3, 3), stride=(1, 1), padding=(1, 1), bias=False)
      (bn): BatchNorm2d(16, eps=1e-05, momentum=0.1, affine=True, track_running_stats=True)
      (relu): ReLU(inplace=True)
    )
  )
  (down_dense): Module(
    (block_0): DenseBlock(16, 4*4+16=32)(
      (layer_0): DenseLayer(16, 4)(
        (norm): BatchNorm2d(16, eps=1e-05, momentum=0.1, affine=True, track_running_stats=True)
        (relu): ReLU(inplace=True)
        (conv): Conv2d(16, 4, kernel_size=(3, 3), stride=(1, 1), padding=(1, 1), bias=False)
      )
      (layer_1): DenseLayer(20, 4)(
        (norm): BatchNorm2d(20, eps=1e-05, momentum=0.1, affine=True, track_running_stats=True)
        (relu): ReLU(inplace=True)
        (conv): Conv2d(20, 4, kernel_size=(3, 3), stride=(1, 1), padding=(1, 1), bias=False)
      )
      (layer_2): DenseLayer(24, 4)(
        (norm): BatchNorm2d(24, eps=1e-05, momentum=0.1, affine=True, track_running_stats=True)
        (relu): ReLU(inplace=True)
        (conv): Conv2d(24, 4, kernel_size=(3, 3), stride=(1, 1), padding=(1, 1), bias=False)
      )
      (layer_3): DenseLayer(28, 4)(
        (norm): BatchNorm2d(28, eps=1e-05, momentum=0.1, affine=True, track_running_stats=True)
        (relu): ReLU(inplace=True)
        (conv): Conv2d(28, 4, kernel_size=(3, 3), stride=(1, 1), padding=(1, 1), bias=False)
      )
    )
    (block_1): DenseBlock(32, 4*8+32=64)(
      (layer_0): DenseLayer(32, 8)(
        (norm): BatchNorm2d(32, eps=1e-05, momentum=0.1, affine=True, track_running_stats=True)
        (relu): ReLU(inplace=True)
        (conv): Conv2d(32, 8, kernel_size=(3, 3), stride=(1, 1), padding=(1, 1), bias=False)
      )
      (layer_1): DenseLayer(40, 8)(
        (norm): BatchNorm2d(40, eps=1e-05, momentum=0.1, affine=True, track_running_stats=True)
        (relu): ReLU(inplace=True)
        (conv): Conv2d(40, 8, kernel_size=(3, 3), stride=(1, 1), padding=(1, 1), bias=False)
      )
      (layer_2): DenseLayer(48, 8)(
        (norm): BatchNorm2d(48, eps=1e-05, momentum=0.1, affine=True, track_running_stats=True)
        (relu): ReLU(inplace=True)
        (conv): Conv2d(48, 8, kernel_size=(3, 3), stride=(1, 1), padding=(1, 1), bias=False)
      )
      (layer_3): DenseLayer(56, 8)(
        (norm): BatchNorm2d(56, eps=1e-05, momentum=0.1, affine=True, track_running_stats=True)
        (relu): ReLU(inplace=True)
        (conv): Conv2d(56, 8, kernel_size=(3, 3), stride=(1, 1), padding=(1, 1), bias=False)
      )
    )
    (block_2): DenseBlock(64, 4*16+64=128)(
      (layer_0): DenseLayer(64, 16)(
        (norm): BatchNorm2d(64, eps=1e-05, momentum=0.1, affine=True, track_running_stats=True)
        (relu): ReLU(inplace=True)
        (conv): Conv2d(64, 16, kernel_size=(3, 3), stride=(1, 1), padding=(1, 1), bias=False)
      )
      (layer_1): DenseLayer(80, 16)(
        (norm): BatchNorm2d(80, eps=1e-05, momentum=0.1, affine=True, track_running_stats=True)
        (relu): ReLU(inplace=True)
        (conv): Conv2d(80, 16, kernel_size=(3, 3), stride=(1, 1), padding=(1, 1), bias=False)
      )
      (layer_2): DenseLayer(96, 16)(
        (norm): BatchNorm2d(96, eps=1e-05, momentum=0.1, affine=True, track_running_stats=True)
        (relu): ReLU(inplace=True)
        (conv): Conv2d(96, 16, kernel_size=(3, 3), stride=(1, 1), padding=(1, 1), bias=False)
      )
      (layer_3): DenseLayer(112, 16)(
        (norm): BatchNorm2d(112, eps=1e-05, momentum=0.1, affine=True, track_running_stats=True)
        (relu): ReLU(inplace=True)
        (conv): Conv2d(112, 16, kernel_size=(3, 3), stride=(1, 1), padding=(1, 1), bias=False)
      )
    )
    (block_3): DenseBlock(128, 4*32+128=256)(
      (layer_0): DenseLayer(128, 32)(
        (norm): BatchNorm2d(128, eps=1e-05, momentum=0.1, affine=True, track_running_stats=True)
        (relu): ReLU(inplace=True)
        (conv): Conv2d(128, 32, kernel_size=(3, 3), stride=(1, 1), padding=(1, 1), bias=False)
      )
      (layer_1): DenseLayer(160, 32)(
        (norm): BatchNorm2d(160, eps=1e-05, momentum=0.1, affine=True, track_running_stats=True)
        (relu): ReLU(inplace=True)
        (conv): Conv2d(160, 32, kernel_size=(3, 3), stride=(1, 1), padding=(1, 1), bias=False)
      )
      (layer_2): DenseLayer(192, 32)(
        (norm): BatchNorm2d(192, eps=1e-05, momentum=0.1, affine=True, track_running_stats=True)
        (relu): ReLU(inplace=True)
        (conv): Conv2d(192, 32, kernel_size=(3, 3), stride=(1, 1), padding=(1, 1), bias=False)
      )
      (layer_3): DenseLayer(224, 32)(
        (norm): BatchNorm2d(224, eps=1e-05, momentum=0.1, affine=True, track_running_stats=True)
        (relu): ReLU(inplace=True)
        (conv): Conv2d(224, 32, kernel_size=(3, 3), stride=(1, 1), padding=(1, 1), bias=False)
      )
    )
  )
  (down_trans): Module(
    (trans_0): TransitionDown(32, 32, dropout=0)(
      (norm): BatchNorm2d(32, eps=1e-05, momentum=0.1, affine=True, track_running_stats=True)
      (relu): ReLU(inplace=True)
      (conv): Conv2d(32, 32, kernel_size=(1, 1), stride=(1, 1), bias=False)
      (pool): MaxPool2d(kernel_size=2, stride=2, padding=0, dilation=1, ceil_mode=False)
    )
    (trans_1): TransitionDown(64, 64, dropout=0)(
      (norm): BatchNorm2d(64, eps=1e-05, momentum=0.1, affine=True, track_running_stats=True)
      (relu): ReLU(inplace=True)
      (conv): Conv2d(64, 64, kernel_size=(1, 1), stride=(1, 1), bias=False)
      (pool): MaxPool2d(kernel_size=2, stride=2, padding=0, dilation=1, ceil_mode=False)
    )
    (trans_2): TransitionDown(128, 128, dropout=0)(
      (norm): BatchNorm2d(128, eps=1e-05, momentum=0.1, affine=True, track_running_stats=True)
      (relu): ReLU(inplace=True)
      (conv): Conv2d(128, 128, kernel_size=(1, 1), stride=(1, 1), bias=False)
      (pool): MaxPool2d(kernel_size=2, stride=2, padding=0, dilation=1, ceil_mode=False)
    )
    (trans_3): TransitionDown(256, 256, dropout=0)(
      (norm): BatchNorm2d(256, eps=1e-05, momentum=0.1, affine=True, track_running_stats=True)
      (relu): ReLU(inplace=True)
      (conv): Conv2d(256, 256, kernel_size=(1, 1), stride=(1, 1), bias=False)
      (pool): MaxPool2d(kernel_size=2, stride=2, padding=0, dilation=1, ceil_mode=False)
    )
  )
  (middle): DenseBlock(256, 8*32+256=512)(
    (layer_0): DenseLayer(256, 32)(
      (norm): BatchNorm2d(256, eps=1e-05, momentum=0.1, affine=True, track_running_stats=True)
      (relu): ReLU(inplace=True)
      (conv): Conv2d(256, 32, kernel_size=(3, 3), stride=(1, 1), padding=(1, 1), bias=False)
    )
    (layer_1): DenseLayer(288, 32)(
      (norm): BatchNorm2d(288, eps=1e-05, momentum=0.1, affine=True, track_running_stats=True)
      (relu): ReLU(inplace=True)
      (conv): Conv2d(288, 32, kernel_size=(3, 3), stride=(1, 1), padding=(1, 1), bias=False)
    )
    (layer_2): DenseLayer(320, 32)(
      (norm): BatchNorm2d(320, eps=1e-05, momentum=0.1, affine=True, track_running_stats=True)
      (relu): ReLU(inplace=True)
      (conv): Conv2d(320, 32, kernel_size=(3, 3), stride=(1, 1), padding=(1, 1), bias=False)
    )
    (layer_3): DenseLayer(352, 32)(
      (norm): BatchNorm2d(352, eps=1e-05, momentum=0.1, affine=True, track_running_stats=True)
      (relu): ReLU(inplace=True)
      (conv): Conv2d(352, 32, kernel_size=(3, 3), stride=(1, 1), padding=(1, 1), bias=False)
    )
    (layer_4): DenseLayer(384, 32)(
      (norm): BatchNorm2d(384, eps=1e-05, momentum=0.1, affine=True, track_running_stats=True)
      (relu): ReLU(inplace=True)
      (conv): Conv2d(384, 32, kernel_size=(3, 3), stride=(1, 1), padding=(1, 1), bias=False)
    )
    (layer_5): DenseLayer(416, 32)(
      (norm): BatchNorm2d(416, eps=1e-05, momentum=0.1, affine=True, track_running_stats=True)
      (relu): ReLU(inplace=True)
      (conv): Conv2d(416, 32, kernel_size=(3, 3), stride=(1, 1), padding=(1, 1), bias=False)
    )
    (layer_6): DenseLayer(448, 32)(
      (norm): BatchNorm2d(448, eps=1e-05, momentum=0.1, affine=True, track_running_stats=True)
      (relu): ReLU(inplace=True)
      (conv): Conv2d(448, 32, kernel_size=(3, 3), stride=(1, 1), padding=(1, 1), bias=False)
    )
    (layer_7): DenseLayer(480, 32)(
      (norm): BatchNorm2d(480, eps=1e-05, momentum=0.1, affine=True, track_running_stats=True)
      (relu): ReLU(inplace=True)
      (conv): Conv2d(480, 32, kernel_size=(3, 3), stride=(1, 1), padding=(1, 1), bias=False)
    )
  )
  (up_dense): Module(
    (block_0): DenseBlock(256, 4*64=256)(
      (layer_0): DenseLayer(256, 64)(
        (norm): BatchNorm2d(256, eps=1e-05, momentum=0.1, affine=True, track_running_stats=True)
        (relu): ReLU(inplace=True)
        (conv): Conv2d(256, 64, kernel_size=(3, 3), stride=(1, 1), padding=(1, 1), bias=False)
      )
      (layer_1): DenseLayer(320, 64)(
        (norm): BatchNorm2d(320, eps=1e-05, momentum=0.1, affine=True, track_running_stats=True)
        (relu): ReLU(inplace=True)
        (conv): Conv2d(320, 64, kernel_size=(3, 3), stride=(1, 1), padding=(1, 1), bias=False)
      )
      (layer_2): DenseLayer(384, 64)(
        (norm): BatchNorm2d(384, eps=1e-05, momentum=0.1, affine=True, track_running_stats=True)
        (relu): ReLU(inplace=True)
        (conv): Conv2d(384, 64, kernel_size=(3, 3), stride=(1, 1), padding=(1, 1), bias=False)
      )
      (layer_3): DenseLayer(448, 64)(
        (norm): BatchNorm2d(448, eps=1e-05, momentum=0.1, affine=True, track_running_stats=True)
        (relu): ReLU(inplace=True)
        (conv): Conv2d(448, 64, kernel_size=(3, 3), stride=(1, 1), padding=(1, 1), bias=False)
      )
    )
    (block_1): DenseBlock(128, 4*32=128)(
      (layer_0): DenseLayer(128, 32)(
        (norm): BatchNorm2d(128, eps=1e-05, momentum=0.1, affine=True, track_running_stats=True)
        (relu): ReLU(inplace=True)
        (conv): Conv2d(128, 32, kernel_size=(3, 3), stride=(1, 1), padding=(1, 1), bias=False)
      )
      (layer_1): DenseLayer(160, 32)(
        (norm): BatchNorm2d(160, eps=1e-05, momentum=0.1, affine=True, track_running_stats=True)
        (relu): ReLU(inplace=True)
        (conv): Conv2d(160, 32, kernel_size=(3, 3), stride=(1, 1), padding=(1, 1), bias=False)
      )
      (layer_2): DenseLayer(192, 32)(
        (norm): BatchNorm2d(192, eps=1e-05, momentum=0.1, affine=True, track_running_stats=True)
        (relu): ReLU(inplace=True)
        (conv): Conv2d(192, 32, kernel_size=(3, 3), stride=(1, 1), padding=(1, 1), bias=False)
      )
      (layer_3): DenseLayer(224, 32)(
        (norm): BatchNorm2d(224, eps=1e-05, momentum=0.1, affine=True, track_running_stats=True)
        (relu): ReLU(inplace=True)
        (conv): Conv2d(224, 32, kernel_size=(3, 3), stride=(1, 1), padding=(1, 1), bias=False)
      )
    )
    (block_2): DenseBlock(64, 4*16=64)(
      (layer_0): DenseLayer(64, 16)(
        (norm): BatchNorm2d(64, eps=1e-05, momentum=0.1, affine=True, track_running_stats=True)
        (relu): ReLU(inplace=True)
        (conv): Conv2d(64, 16, kernel_size=(3, 3), stride=(1, 1), padding=(1, 1), bias=False)
      )
      (layer_1): DenseLayer(80, 16)(
        (norm): BatchNorm2d(80, eps=1e-05, momentum=0.1, affine=True, track_running_stats=True)
        (relu): ReLU(inplace=True)
        (conv): Conv2d(80, 16, kernel_size=(3, 3), stride=(1, 1), padding=(1, 1), bias=False)
      )
      (layer_2): DenseLayer(96, 16)(
        (norm): BatchNorm2d(96, eps=1e-05, momentum=0.1, affine=True, track_running_stats=True)
        (relu): ReLU(inplace=True)
        (conv): Conv2d(96, 16, kernel_size=(3, 3), stride=(1, 1), padding=(1, 1), bias=False)
      )
      (layer_3): DenseLayer(112, 16)(
        (norm): BatchNorm2d(112, eps=1e-05, momentum=0.1, affine=True, track_running_stats=True)
        (relu): ReLU(inplace=True)
        (conv): Conv2d(112, 16, kernel_size=(3, 3), stride=(1, 1), padding=(1, 1), bias=False)
      )
    )
    (block_3): DenseBlock(32, 4*8=32)(
      (layer_0): DenseLayer(32, 8)(
        (norm): BatchNorm2d(32, eps=1e-05, momentum=0.1, affine=True, track_running_stats=True)
        (relu): ReLU(inplace=True)
        (conv): Conv2d(32, 8, kernel_size=(3, 3), stride=(1, 1), padding=(1, 1), bias=False)
      )
      (layer_1): DenseLayer(40, 8)(
        (norm): BatchNorm2d(40, eps=1e-05, momentum=0.1, affine=True, track_running_stats=True)
        (relu): ReLU(inplace=True)
        (conv): Conv2d(40, 8, kernel_size=(3, 3), stride=(1, 1), padding=(1, 1), bias=False)
      )
      (layer_2): DenseLayer(48, 8)(
        (norm): BatchNorm2d(48, eps=1e-05, momentum=0.1, affine=True, track_running_stats=True)
        (relu): ReLU(inplace=True)
        (conv): Conv2d(48, 8, kernel_size=(3, 3), stride=(1, 1), padding=(1, 1), bias=False)
      )
      (layer_3): DenseLayer(56, 8)(
        (norm): BatchNorm2d(56, eps=1e-05, momentum=0.1, affine=True, track_running_stats=True)
        (relu): ReLU(inplace=True)
        (conv): Conv2d(56, 8, kernel_size=(3, 3), stride=(1, 1), padding=(1, 1), bias=False)
      )
    )
  )
  (up_trans): Module(
    (trans_0): TransitionUp([256, 256] -> 256))(
      (upconv): Sequential(
        (0): Upsample(scale_factor=2.0, mode=nearest)
        (1): Conv2d(512, 256, kernel_size=(3, 3), stride=(1, 1), padding=(1, 1))
        (2): BatchNorm2d(256, eps=1e-05, momentum=0.1, affine=True, track_running_stats=True)
        (3): ReLU(inplace=True)
      )
      (concat): Concatenate()
    )
    (trans_1): TransitionUp([128, 128] -> 128))(
      (upconv): Sequential(
        (0): Upsample(scale_factor=2.0, mode=nearest)
        (1): Conv2d(256, 128, kernel_size=(3, 3), stride=(1, 1), padding=(1, 1))
        (2): BatchNorm2d(128, eps=1e-05, momentum=0.1, affine=True, track_running_stats=True)
        (3): ReLU(inplace=True)
      )
      (concat): Concatenate()
    )
    (trans_2): TransitionUp([64, 64] -> 64))(
      (upconv): Sequential(
        (0): Upsample(scale_factor=2.0, mode=nearest)
        (1): Conv2d(128, 64, kernel_size=(3, 3), stride=(1, 1), padding=(1, 1))
        (2): BatchNorm2d(64, eps=1e-05, momentum=0.1, affine=True, track_running_stats=True)
        (3): ReLU(inplace=True)
      )
      (concat): Concatenate()
    )
    (trans_3): TransitionUp([32, 32] -> 32))(
      (upconv): Sequential(
        (0): Upsample(scale_factor=2.0, mode=nearest)
        (1): Conv2d(64, 32, kernel_size=(3, 3), stride=(1, 1), padding=(1, 1))
        (2): BatchNorm2d(32, eps=1e-05, momentum=0.1, affine=True, track_running_stats=True)
        (3): ReLU(inplace=True)
      )
      (concat): Concatenate()
    )
  )
  (final): Conv2d(32, 1, kernel_size=(1, 1), stride=(1, 1))
  (Norm): BatchNorm2d(1, eps=1e-05, momentum=0.1, affine=True, track_running_stats=True)
)
----------
Epoch 50/100
----------
Phase train...
Train data:792
/home/gkulemeyer/Repos/REDfold/exec1/redfold/fold/data_generator.py:53: VisibleDeprecationWarning: Creating an ndarray from ragged nested sequences (which is a list-or-tuple of lists-or-tuples-or ndarrays with different lengths or shapes) is deprecated. If you meant to do this, you must specify 'dtype=object' when creating the ndarray.
  self.seq_hot= np.array([instance[2] for instance in self.data])
/home/gkulemeyer/Repos/REDfold/exec1/redfold/fold/data_generator.py:54: VisibleDeprecationWarning: Creating an ndarray from ragged nested sequences (which is a list-or-tuple of lists-or-tuples-or ndarrays with different lengths or shapes) is deprecated. If you meant to do this, you must specify 'dtype=object' when creating the ndarray.
  self.data_y= np.array([instance[3] for instance in self.data])
/home/gkulemeyer/Repos/REDfold/exec1/redfold/fold/data_generator.py:55: VisibleDeprecationWarning: Creating an ndarray from ragged nested sequences (which is a list-or-tuple of lists-or-tuples-or ndarrays with different lengths or shapes) is deprecated. If you meant to do this, you must specify 'dtype=object' when creating the ndarray.
  self.data_x= np.array([instance[4] for instance in self.data])
/home/gkulemeyer/Repos/REDfold/exec1/redfold/fold/data_generator.py:56: VisibleDeprecationWarning: Creating an ndarray from ragged nested sequences (which is a list-or-tuple of lists-or-tuples-or ndarrays with different lengths or shapes) is deprecated. If you meant to do this, you must specify 'dtype=object' when creating the ndarray.
  self.data_z= np.array([instance[5] for instance in self.data])
Epoch Loss:0.0824
----------
Epoch 51/100
----------
Phase train...
Train data:792
Epoch Loss:0.0841
----------
Epoch 52/100
----------
Phase train...
Train data:792
Epoch Loss:0.0826
----------
Epoch 53/100
----------
Phase train...
Train data:792
Epoch Loss:0.0782
----------
Epoch 54/100
----------
Phase train...
Train data:792
Epoch Loss:0.0821
----------
Epoch 55/100
----------
Phase train...
Train data:792
Epoch Loss:0.0797
----------
Epoch 56/100
----------
Phase train...
Train data:792
Epoch Loss:0.0748
----------
Epoch 57/100
----------
Phase train...
Train data:792
Epoch Loss:0.0752
----------
Epoch 58/100
----------
Phase train...
Train data:792
Epoch Loss:0.0795
----------
Epoch 59/100
----------
Phase train...
Train data:792
Epoch Loss:0.0818
----------
Epoch 60/100
----------
Phase train...
Train data:792
Epoch Loss:0.0781
----------
Epoch 61/100
----------
Phase train...
Train data:792
Epoch Loss:0.0816
----------
Epoch 62/100
----------
Phase train...
Train data:792
Epoch Loss:0.0779
----------
Epoch 63/100
----------
Phase train...
Train data:792
Epoch Loss:0.0774
----------
Epoch 64/100
----------
Phase train...
Train data:792
Epoch Loss:0.0819
----------
Epoch 65/100
----------
Phase train...
Train data:792
Epoch Loss:0.0796
----------
Epoch 66/100
----------
Phase train...
Train data:792
Epoch Loss:0.0757
----------
Epoch 67/100
----------
Phase train...
Train data:792
Epoch Loss:0.0742
----------
Epoch 68/100
----------
Phase train...
Train data:792
Epoch Loss:0.0746
----------
Epoch 69/100
----------
Phase train...
Train data:792
Epoch Loss:0.0841
----------
Epoch 70/100
----------
Phase train...
Train data:792
Epoch Loss:0.0787
----------
Epoch 71/100
----------
Phase train...
Train data:792
Epoch Loss:0.0756
----------
Epoch 72/100
----------
Phase train...
Train data:792
Epoch Loss:0.0735
----------
Epoch 73/100
----------
Phase train...
Train data:792
Epoch Loss:0.0736
----------
Epoch 74/100
----------
Phase train...
Train data:792
Epoch Loss:0.0799
----------
Epoch 75/100
----------
Phase train...
Train data:792
Epoch Loss:0.0801
----------
Epoch 76/100
----------
Phase train...
Train data:792
Epoch Loss:0.0768
----------
Epoch 77/100
----------
Phase train...
Train data:792
Epoch Loss:0.0794
----------
Epoch 78/100
----------
Phase train...
Train data:792
Epoch Loss:0.0772
----------
Epoch 79/100
----------
Phase train...
Train data:792
Epoch Loss:0.0756
----------
Epoch 80/100
----------
Phase train...
Train data:792
Epoch Loss:0.0734
----------
Epoch 81/100
----------
Phase train...
Train data:792
Epoch Loss:0.0747
----------
Epoch 82/100
----------
Phase train...
Train data:792
Epoch Loss:0.0840
----------
Epoch 83/100
----------
Phase train...
Train data:792
Epoch Loss:0.0762
----------
Epoch 84/100
----------
Phase train...
Train data:792
Epoch Loss:0.0739
----------
Epoch 85/100
----------
Phase train...
Train data:792
Epoch Loss:0.0724
----------
Epoch 86/100
----------
Phase train...
Train data:792
Epoch Loss:0.0727
----------
Epoch 87/100
----------
Phase train...
Train data:792
Epoch Loss:0.0773
----------
Epoch 88/100
----------
Phase train...
Train data:792
Epoch Loss:0.0833
----------
Epoch 89/100
----------
Phase train...
Train data:792
Epoch Loss:0.0802
----------
Epoch 90/100
----------
Phase train...
Train data:792
Epoch Loss:0.0745
----------
Epoch 91/100
----------
Phase train...
Train data:792
Epoch Loss:0.0727
----------
Epoch 92/100
----------
Phase train...
Train data:792
Epoch Loss:0.0724
----------
Epoch 93/100
----------
Phase train...
Train data:792
Epoch Loss:0.0765
----------
Epoch 94/100
----------
Phase train...
Train data:792
Epoch Loss:0.0770
----------
Epoch 95/100
----------
Phase train...
Train data:792
Epoch Loss:0.0818
----------
Epoch 96/100
----------
Phase train...
Train data:792
Epoch Loss:0.0761
----------
Epoch 97/100
----------
Phase train...
Train data:792
Epoch Loss:0.0745
----------
Epoch 98/100
----------
Phase train...
Train data:792
Epoch Loss:0.0739
----------
Epoch 99/100
----------
Phase train...
Train data:792
Epoch Loss:0.0731
Saving model to data/mod_redense_100.pt
train finish.
