seq_name:RNaseP_CPA58
seq_len:379
current processing 1/472
seq_name:grp1_a.I1.e.L.dispersa.UNK.SSU.516
seq_len:328
seq_name:srp_Psyc.sp.._CP000713
seq_len:90
seq_name:16s_H.sapiens_domain3
seq_len:504
seq_name:tRNA_tdbR00000010-Escherichia_coli-562-Ala-VGC
seq_len:76
seq_name:tmRNA_uncu.bact._TRW-72274-2_1-359
seq_len:359
seq_name:tRNA_tdbR00000553-Asterias_amurensis-7602-Tyr-GUA
seq_len:74
seq_name:telomerase_AF221927.113-556
seq_len:444
seq_name:16s_T.maritima_domain2
seq_len:442
seq_name:tmRNA_Yers.berc._TRW-349968_1-381
seq_len:381
seq_name:srp_Ther.mari._AE000512
seq_len:117
seq_name:tmRNA_Aqui.aeol._TRW-63363_1-347
seq_len:347
seq_name:grp1_a.I1.e.A.capsulatus.G186B.C1.SSU
seq_len:425
seq_name:16s_H.sapiens.mito_domain1
seq_len:282
seq_name:16s_E.coli_domain4
seq_len:145
seq_name:16s_Z.mays_domain4
seq_len:146
seq_name:tRNA_tdbR00000336-Aedes_albopictus-7160-Gln-NUG
seq_len:72
seq_name:tRNA_tdbR00000159-Escherichia_coli-562-Ile-GAU
seq_len:77
seq_name:telomerase_AF221930.94-546
seq_len:453
seq_name:RNaseP_A.telluris
seq_len:364
seq_name:tRNA_tdbR00000249-Saccharomyces_cerevisiae-4932-Leu-CAA
seq_len:85
seq_name:RNaseP_SM-A3355
seq_len:303
seq_name:tRNA_tdbR00000559-Triticum_aestivum-4565-Tyr-GPA
seq_len:76
seq_name:grp1_a.I1.b.Phormidium.sp.N182.C3.tLEU
seq_len:270
seq_name:RNaseP_SM-A2135
seq_len:332
seq_name:16s_G.intestinalis_domain4
seq_len:134
seq_name:16s_H.sapiens.mito_domain2
seq_len:237
seq_name:grp1_a.I1.e.P.inouyei.C1.SSU.1506
seq_len:409
seq_name:RNaseP_A.obstetricans
seq_len:404
seq_name:tRNA_tdbR00000277-Codium_fragile-3133-Met-CAU
seq_len:77
seq_name:srp_Clos.botu._AM412317
seq_len:244
seq_name:tmRNA_Psyc.cryo._CP000323_1-359
seq_len:359
seq_name:grp1_a.I1.e.P.pachydermus.C1.SSU.943
seq_len:392
seq_name:srp_Cion.inte._BW088710
seq_len:269
seq_name:srp_Burk.pseu._CP000570
seq_len:79
seq_name:RNaseP_F.antarctica
seq_len:312
seq_name:RNaseP_Calothrix-PCC7601
seq_len:467
seq_name:tRNA_tdbR00000301-Lupinus_luteus-3873-Asn-UU
seq_len:76
seq_name:tRNA_tdbR00000384-Mycoplasma_capricolum-2095-Ser-GCU
seq_len:90
seq_name:16s_A.fulgidus_domain3
seq_len:488
seq_name:tRNA_tdbR00000080-Bos_taurus-9913-Phe-GAA
seq_len:70
seq_name:RNaseP_S.japonicus
seq_len:286
seq_name:tRNA_tdbR00000335-Nicotiana_rustica-4093-Gln-NUG
seq_len:75
seq_name:23s_E.coli_domain6
seq_len:262
seq_name:RNaseP_WB3
seq_len:294
seq_name:RNaseP_CPB147
seq_len:298
seq_name:tRNA_tdbR00000189-Rattus_norvegicus-10116-Lys-NUU
seq_len:67
seq_name:tRNA_tdbR00000049-Chlamydomonas_reinhardtii-3055-Glu-NUC
seq_len:76
seq_name:srp_Aede.aegy._DW714804
seq_len:302
seq_name:tRNA_tdbR00000226-Synechococcus_elongatus_PCC_6301-269084-Leu-CAG
seq_len:87
seq_name:srp_Plas.yoel._GSP-352914
seq_len:304
seq_name:srp_Pyro.furi._AE010126
seq_len:319
seq_name:tmRNA_Spir.citr._AM285321_1-424
seq_len:424
seq_name:RNaseP_SM-A04
seq_len:330
seq_name:grp1_a.I1.e.G.spirotaenia.C1.SSU.1506
seq_len:387
seq_name:srp_Pich.stip._CP000502
seq_len:98
seq_name:tmRNA_Stre.pneu._TRW-216600_1-348
seq_len:348
seq_name:RNaseP_L.japonicus-IFO12422
seq_len:326
seq_name:grp1_a.I1.e.S.sclerotiorum_1837.C1.LSU.798
seq_len:371
seq_name:tmRNA_Stre.ther._CP000024_1-350
seq_len:350
seq_name:tRNA_tdbR00000073-Spinacia_oleracea-3562-Phe-GAA
seq_len:76
seq_name:tRNA_tdbR00000059-Rattus_norvegicus-10116-Glu-3UC
seq_len:75
seq_name:srp_Esch.coli._CP000247
seq_len:118
seq_name:tmRNA_Baci.G._TRW-12333_1-312
seq_len:312
seq_name:srp_Spra.loph._GSP-51541
seq_len:161
seq_name:tmRNA_Baci.clau._AP006627_1-355
seq_len:355
seq_name:tmRNA_Baci.anth._AE016879_1-355
seq_len:355
seq_name:grp1_a.I1.e.C.merochlorophea.UNK.SSU.1516
seq_len:274
seq_name:tmRNA_Trep.pall._TRW-243276_1-354
seq_len:354
seq_name:tmRNA_Chla.trac._TRW-813-1_1-420
seq_len:420
seq_name:srp_Dech.arom._CP000089
seq_len:113
seq_name:tRNA_tdbR00000065-Bacillus_subtilis-1423-Phe-AA
seq_len:76
seq_name:RNaseP_UK5
seq_len:294
seq_name:tmRNA_Salm.ente._TRW-59204_1-363
seq_len:363
seq_name:srp_Volv.cart._GSP-51971-2
seq_len:290
seq_name:tRNA_tdbR00000314-Mycoplasma_capricolum-2095-Pro-UGG
seq_len:77
seq_name:16s_Z.mays_domain2
seq_len:355
seq_name:grp1_a.I1.e.Staurastrum.sp.M753.C1.SSU.1506
seq_len:415
seq_name:16s_M.polymorpha_domain4
seq_len:143
seq_name:tRNA_tdbR00000089-Brassica_napus-3708-Phe-AA
seq_len:76
seq_name:16s_P.occultum_domain2
seq_len:358
seq_name:srp_Lact.john._AX926712
seq_len:76
seq_name:tRNA_tdbR00000117-Escherichia_coli-562-Gly-CCC
seq_len:74
seq_name:RNaseP_Onchorhynchus-2
seq_len:308
seq_name:grp1_a.I1.e.A.capsulatus.G184B.C1.SSU
seq_len:425
seq_name:16s_T.gondii_domain4
seq_len:159
seq_name:RNaseP_M.tuberculosis-g
seq_len:433
seq_name:tmRNA_Copr.prot._TRW-351627_1-353
seq_len:353
seq_name:RNaseP_A.paspali
seq_len:294
seq_name:grp1_a.I1.e.L.dispersa.UNK.SSU.789
seq_len:218
seq_name:srp_Buch.aphi._AE016826
seq_len:118
seq_name:tRNA_tdbR00000507-Bacillus_subtilis-1423-Ini-CAU
seq_len:77
seq_name:telomerase_AF221926.103-507
seq_len:405
seq_name:srp_Schm.medi._GSP-79327
seq_len:298
seq_name:telomerase_AF221931.99-541
seq_len:443
seq_name:srp_Fran.tula._AJ749949
seq_len:100
seq_name:RNaseP_M.genitalium
seq_len:384
seq_name:telomerase_AF221925.98-540
seq_len:443
seq_name:grp1_a.I1.m.M.grisea.B2.ND1
seq_len:285
seq_name:telomerase_AF147806.247-692
seq_len:446
seq_name:srp_Proc.mari._CP000552
seq_len:81
current processing 101/472
seq_name:16s_A.pyrophilus_domain4
seq_len:137
seq_name:RNaseP_P.hollandica
seq_len:481
seq_name:tRNA_tdbR00000084-Saccharomyces_cerevisiae-4932-Phe-AA
seq_len:76
seq_name:RNaseP_Saccharomonospora-K180
seq_len:337
seq_name:tRNA_tdbR00000341-Rattus_norvegicus-10116-Gln-CUG
seq_len:75
seq_name:tRNA_tdbR00000083-Saccharomyces_cerevisiae-4932-Phe-AA
seq_len:76
seq_name:grp1_a.I1.e.C.ellipsoidea.IAMC-87.C1.SSU.1506
seq_len:504
seq_name:RNaseP_EM14b-11
seq_len:349
seq_name:tmRNA_uncu.bact._TRW-80840-1_1-378
seq_len:378
seq_name:srp_Clos.kluy._CP000673
seq_len:234
seq_name:tmRNA_Heli.pylo._AE001503_1-383
seq_len:383
seq_name:RNaseP_U.urealyticum
seq_len:370
seq_name:telomerase_AF221910.112-554
seq_len:443
seq_name:srp_Lyco.escu._Z29104
seq_len:304
seq_name:grp1_a.I1.e.E.dermatitidis.C1.SSU.943
seq_len:426
seq_name:16s_A.fulgidus_domain2
seq_len:359
seq_name:grp1_a.I1.e.C.ellipsoidea.211-1a.C1.SSU.1506
seq_len:479
seq_name:srp_Baci.thur._CP000485
seq_len:269
seq_name:RNaseP_CPB75
seq_len:301
seq_name:srp_Lact.acid._CP000033
seq_len:101
seq_name:telomerase_AF221919.107-614
seq_len:508
seq_name:tRNA_tdbR00000320-Spinacia_oleracea-3562-Pro-NGG
seq_len:77
seq_name:grp1_a.I1.e.T.malaccensis.C1.LSU.1925
seq_len:447
seq_name:telomerase_AC121792.109554-109950
seq_len:397
seq_name:RNaseP_SMB-A3
seq_len:313
seq_name:grp1_a.I1.e.L.dispersa.UNK.SSU.1516
seq_len:240
seq_name:grp1_a.I1.e.C.grayi.UNK.SSU.1516
seq_len:308
seq_name:tmRNA_Myco.capr._S67602_1-408
seq_len:408
seq_name:RNaseP_C.psittaci-R54
seq_len:351
seq_name:23s_E.coli_domain3
seq_len:372
seq_name:grp1_a.I1.e.L.dispersa.UNK.SSU.114
seq_len:211
seq_name:srp_Nect.haem._GSP-71109
seq_len:302
seq_name:srp_Cani.spec._SDB-9616
seq_len:299
seq_name:srp_Ratt.norv._AA923995
seq_len:290
seq_name:16s_F.ananassa_domain4
seq_len:172
seq_name:RNaseP_ESH210B
seq_len:327
seq_name:tmRNA_Ocea.ihey._BA000028_1-364
seq_len:364
seq_name:tmRNA_Acti.naes._TRW-240017_1-371
seq_len:371
seq_name:tRNA_tdbR00000104-Enterobacteria_phage_T4-10665-Gly-NCC
seq_len:74
seq_name:grp1_a.I1.c.S.bicolor.C3.tLEU
seq_len:510
seq_name:tmRNA_Odon.sine._Z67753_1-368
seq_len:368
seq_name:16s_C.psittaci_domain3
seq_len:483
seq_name:tmRNA_Chla.trac._TRW-813-2_1-420
seq_len:420
seq_name:tmRNA_Chla.pneu._TRW-83558_1-426
seq_len:426
seq_name:tRNA_tdbR00000032-Rattus_norvegicus-10116-Asp-GUC
seq_len:72
seq_name:tRNA_tdbR00000205-Loligo_bleekeri-6617-Lys-NUU
seq_len:76
seq_name:16s_H.volcanii_domain4
seq_len:128
seq_name:srp_Cyan.mero._AB002583
seq_len:86
seq_name:16s_C.reinhardtii.chloro_domain2
seq_len:347
seq_name:tRNA_tdbR00000053-Bos_taurus-9913-Glu-NUC
seq_len:72
seq_name:23s_T.thermophilus_domain3
seq_len:373
seq_name:16s_A.fulgidus_domain4
seq_len:133
seq_name:16s_Z.mays_domain3
seq_len:483
seq_name:tmRNA_Stap.epid._TRW-1282-1_1-361
seq_len:361
seq_name:srp_Meth.ferv._S49762
seq_len:154
seq_name:23s_H.pylori_domain6
seq_len:242
seq_name:srp_Stap.haem._AP006716
seq_len:101
seq_name:tmRNA_Thio.crun._CP000109_1-358
seq_len:358
seq_name:srp_Dani.reri._EH513970
seq_len:297
seq_name:grp1_a.I1.e.A.capsulatus.FLs1.C1.SSU
seq_len:428
seq_name:srp_Geob.kaus._BA000043
seq_len:103
seq_name:srp_Baci.poly._D11421
seq_len:272
seq_name:RNaseP_Buchnera-APS
seq_len:376
seq_name:tmRNA_Neis.lact._TRW-486_1-362
seq_len:362
seq_name:tmRNA_Shew.onei._AX048560_1-355
seq_len:355
seq_name:telomerase_AF221940.103-499
seq_len:397
seq_name:tRNA_tdbR00000003-Haloferax_volcanii-2246-Ala-GGC
seq_len:75
seq_name:RNaseP_S.putrefaciens
seq_len:354
seq_name:16s_C.reinhardtii.mito_domain3
seq_len:387
seq_name:RNaseP_S.caesia-SB22
seq_len:339
seq_name:srp_Stap.aure._BX571857
seq_len:101
seq_name:srp_Carb.hydr._CP000141
seq_len:36
seq_name:tmRNA_Chlo.tepi._TRW-194439_1-404
seq_len:404
seq_name:tmRNA_Rubr.xyla._TRW-266117_1-360
seq_len:360
seq_name:srp_Brug.mala._GSP-6279
seq_len:301
seq_name:srp_Baci.thur._D11412
seq_len:271
seq_name:tmRNA_Ther.teng._AE013063_1-351
seq_len:351
seq_name:23s_H.pylori_domain3
seq_len:380
seq_name:grp1_a.I1.e.T.pigmentosa.C1.LSU.1925
seq_len:451
seq_name:16s_C.psittaci_domain2
seq_len:355
seq_name:RNaseP_Y.pestis
seq_len:377
seq_name:16s_B.subtilis_domain2
seq_len:355
seq_name:grp1_a.I1.e.A.capsulatus.CBS213.53.C1.SSU.943
seq_len:408
seq_name:tRNA_tdbR00000215-Haloferax_volcanii-2246-Leu-5AG
seq_len:86
seq_name:tRNA_tdbR00000296-Azospirillum_lipoferum-193-Asn-QUU
seq_len:75
seq_name:16s_B.burgdorferi_domain3
seq_len:485
seq_name:tRNA_tdbR00000123-Saccharomyces_cerevisiae-4932-Gly-NCC
seq_len:75
seq_name:RNaseP_SMB-B4
seq_len:320
seq_name:srp_Stre.pneu._AE008386
seq_len:77
seq_name:RNaseP_F.yabuuchiae
seq_len:330
seq_name:tmRNA_Shew.spec._CP000444_1-355
seq_len:355
seq_name:tRNA_tdbR00000181-Escherichia_coli-562-Lys-SUU
seq_len:76
seq_name:srp_Meth.maze._AE008384
seq_len:315
seq_name:tmRNA_Burk.pseu._TRW-28450_1-370
seq_len:370
seq_name:16s_E.coli_domain2
seq_len:354
seq_name:srp_Halo.halo._CP000544
seq_len:101
seq_name:srp_Plas.chab._GSP-31271
seq_len:319
seq_name:16s_A.pyrophilus_domain2
seq_len:250
seq_name:RNaseP_Prochlorococcus-TATL2-2
seq_len:311
seq_name:grp1_a.I1.e.S.paniceum.UNK.SSU.287
seq_len:234
current processing 201/472
seq_name:grp1_s.I1.e.T.thermophila.C1.LSU.1925.schem
seq_len:506
seq_name:16s_E.coli_domain3
seq_len:484
seq_name:tmRNA_Trop.whip._BX251411_1-369
seq_len:369
seq_name:grp1_a.I1.e.P.carinii.C1.SSU.1506
seq_len:442
seq_name:tmRNA_uncu.bact._TRW-80840-2_1-379
seq_len:379
seq_name:RNaseP_P.maris
seq_len:320
seq_name:RNaseP_T.commune
seq_len:332
seq_name:tmRNA_uncu.bact._TRW-72274-1_1-359
seq_len:359
seq_name:16s_C.reinhardtii.chloro_domain4
seq_len:145
seq_name:tRNA_tdbR00000298-Asterias_amurensis-7602-Asn-GUU
seq_len:75
seq_name:RNaseP_CPB139
seq_len:301
seq_name:RNaseP_R.americana-mito
seq_len:312
seq_name:tRNA_tdbR00000427-Gallus_gallus-9031-Ser-UGA
seq_len:78
seq_name:tRNA_tdbR00000036-Euglena_gracilis-3039-Asp-GUC
seq_len:75
seq_name:tRNA_tdbR00000284-Saccharomyces_cerevisiae-4932-Met-CAU
seq_len:76
seq_name:srp_Chla.trac._AE001298
seq_len:102
seq_name:tRNA_tdbR00000251-Saccharomyces_cerevisiae-4932-Leu-UAA
seq_len:87
seq_name:tmRNA_Bact.frag._CR626927_1-398
seq_len:398
seq_name:RNaseP_SM-A05
seq_len:302
seq_name:telomerase_AF221935.112-602
seq_len:491
seq_name:RNaseP_P.staleyi
seq_len:376
seq_name:RNaseP_BH145
seq_len:293
seq_name:16s_G.intestinalis_domain3
seq_len:441
seq_name:tmRNA_Myxo.xant._TRW-34_1-366
seq_len:366
seq_name:tRNA_tdbR00000105-Halobacterium_salinarum-2242-Gly-GCC
seq_len:74
seq_name:RNaseP_D.radiodurans-g
seq_len:447
seq_name:tmRNA_Magn.spec._CP000471_1-366
seq_len:366
seq_name:grp1_b.I1.e.M.anisopliae.2.C1.LSU.1921
seq_len:456
seq_name:grp1_a.I1.c.A.cherimola.C3.tLEU
seq_len:494
seq_name:grp1_a.I1.e.S.paniceum.UNK.SSU.114
seq_len:210
seq_name:telomerase_AF221939.99-544
seq_len:446
seq_name:tmRNA_Lact.delb._TRW-321956_1-362
seq_len:362
seq_name:tmRNA_Nost.punc._TRW-63737_1-390
seq_len:390
seq_name:tmRNA_Fibr.succ._TRW-59374_1-361
seq_len:361
seq_name:srp_Clav.lusi._GSP-306902
seq_len:274
seq_name:tmRNA_Camp.jeju._AL139078_1-356
seq_len:356
seq_name:tRNA_tdbR00000355-Escherichia_coli-562-Arg-ICG
seq_len:76
seq_name:grp1_a.I1.e.C.merochlorophea.UNK.SSU.1389
seq_len:265
seq_name:telomerase_AF221914.112-589
seq_len:478
seq_name:grp1_a.I1.e.P.carinii.Pc3.C1.LSU.1921
seq_len:381
seq_name:srp_Pers.amer._X65992
seq_len:162
seq_name:16s_H.volcanii_domain3
seq_len:490
seq_name:grp1_a.I1.e.C.merochlorophea.UNK.SSU.1210
seq_len:267
seq_name:srp_Porp.purp._U38804
seq_len:92
seq_name:16s_M.polymorpha_domain3
seq_len:486
seq_name:16s_G.intestinalis_domain1
seq_len:485
seq_name:tmRNA_Bord.aviu._AM167904_1-406
seq_len:406
seq_name:RNaseP_E.coli-JM109
seq_len:377
seq_name:tRNA_tdbR00000516-Spinacia_oleracea-3562-Ini-CAU
seq_len:77
seq_name:srp_Pseu.syri._CP000075
seq_len:117
seq_name:srp_Myco.gall._AE015450
seq_len:83
seq_name:srp_Baci.subt._D11417
seq_len:270
seq_name:tmRNA_Myco.arth._TRW-243272_1-394
seq_len:394
seq_name:RNaseP_CPA63
seq_len:328
seq_name:telomerase_AY058901.1-397
seq_len:397
seq_name:23s_S.aureus_domain4
seq_len:347
seq_name:tRNA_tdbR00000250-Saccharomyces_cerevisiae-4932-Leu-UAG
seq_len:85
seq_name:tmRNA_Clos.acet._AE001437_1-359
seq_len:359
seq_name:grp1_a.I1.e.P.macrosporus.C1.SSU.1506
seq_len:433
seq_name:telomerase_AF221920.99-541
seq_len:443
seq_name:tmRNA_Lact.acid._CP000033_1-369
seq_len:369
seq_name:RNaseP_Pseudoanabaena-PCC6903
seq_len:450
seq_name:grp1_a.I1.e.P.inouyei.C1.SSU.943
seq_len:390
seq_name:RNaseP_A.ferrooxidans
seq_len:344
seq_name:tRNA_tdbR00000435-Mycoplasma_mycoides-2102-Thr-UGU
seq_len:76
seq_name:tmRNA_Fran.tula._AM286280_1-421
seq_len:421
seq_name:telomerase_AF221916.94-481
seq_len:388
seq_name:srp_Pris.paci._GSP-54126
seq_len:299
seq_name:grp1_a.I1.e.T.hyperangularis.C1.LSU.1925
seq_len:451
seq_name:16s_F.ananassa_domain3
seq_len:493
seq_name:tmRNA_Leuc.mese._TRW-1245_1-358
seq_len:358
seq_name:RNaseP_P.vulgaris
seq_len:301
seq_name:srp_Trit.aest._X13915
seq_len:204
seq_name:tRNA_tdbR00000376-Bos_taurus-9913-Arg-3CP
seq_len:76
seq_name:RNaseP_A.fulgidus
seq_len:229
seq_name:grp1_a.I1.e.C.merochlorophea.UNK.SSU.1046
seq_len:267
seq_name:telomerase_AY312571.605-1069
seq_len:465
seq_name:srp_Heli.hepa._AE017125
seq_len:108
seq_name:srp_Shew.spec._CP000469
seq_len:101
seq_name:RNaseP_SM-A1113
seq_len:290
seq_name:telomerase_AF221913.109-520
seq_len:412
seq_name:srp_Zea.mays._AY108846
seq_len:287
seq_name:RNaseP_E.faecalis
seq_len:331
seq_name:tRNA_tdbR00000064-Mycoplasma_capricolum-2095-Phe-GAA
seq_len:76
seq_name:tRNA_tdbR00000510-Escherichia_coli-562-Ini-CAU
seq_len:77
seq_name:RNaseP_SM2
seq_len:294
seq_name:tmRNA_Shig.flex._AE005674_1-363
seq_len:363
seq_name:RNaseP_P126
seq_len:293
seq_name:16s_P.occultum_domain3
seq_len:485
seq_name:tmRNA_List.mono._TRW-1639-1_1-370
seq_len:370
seq_name:tRNA_tdbR00000103-Homo_sapiens-9606-Phe-AA
seq_len:76
seq_name:16s_T.maritima_domain4
seq_len:151
seq_name:tmRNA_uncu.bact._TRW-32045-4_1-369
seq_len:369
seq_name:srp_Stre.dysg._AJ489606
seq_len:89
seq_name:RNaseP_P.fluorescens
seq_len:354
seq_name:RNaseP_S.caesia-SB01
seq_len:339
seq_name:RNaseP_ESH167F
seq_len:278
seq_name:grp1_a.I1.e.B.ciliata.JCM6865.C1.SSU.1506
seq_len:357
seq_name:grp1_b.I1.e.C.saccharophila.C1.SSU.156
seq_len:454
seq_name:telomerase_AF221921.98-548
seq_len:451
current processing 301/472
seq_name:grp1_a.I1.e.C.saccatum.C1.SSU.1512
seq_len:476
seq_name:16s_P.staleyi_domain4
seq_len:147
seq_name:16s_G.intestinalis_domain2
seq_len:392
seq_name:srp_Burk.pseu._CP000572
seq_len:79
seq_name:grp1_a.I1.e.L.dispersa.UNK.SSU.287
seq_len:229
seq_name:tmRNA_Phot.asym._TRW-291112_1-364
seq_len:364
seq_name:srp_Baci.mega._D11414
seq_len:270
seq_name:telomerase_AF221918.97-547
seq_len:451
seq_name:grp1_a.I1.e.L.dispersa.UNK.SSU.1046
seq_len:255
seq_name:srp_Stap.sapr._AP008934
seq_len:101
seq_name:grp1_a.I1.e.B.ciliata.JCM6865.C1.SSU.943
seq_len:360
seq_name:16s_Z.mays_domain1
seq_len:506
seq_name:tRNA_tdbR00000132-Lupinus_luteus-3873-Gly-GCC
seq_len:74
seq_name:tmRNA_Myco.tube._TRW-1773_1-368
seq_len:368
seq_name:16s_B.subtilis_domain3
seq_len:483
seq_name:RNaseP_Synechocystis-PCC6803
seq_len:437
seq_name:srp_Arab.thal._AC005275
seq_len:305
seq_name:RNaseP_S.polymorpha
seq_len:304
seq_name:grp1_b.I1.e.M.anisopliae.3.C1.LSU.1921
seq_len:394
seq_name:tRNA_tdbR00000390-Escherichia_coli-562-Ser-CGA
seq_len:90
seq_name:tmRNA_Myco.lepr._TRW-272631_1-369
seq_len:369
seq_name:tmRNA_Myco.tube._TRW-164513_1-368
seq_len:368
seq_name:srp_Yers.pest._AL590842
seq_len:98
seq_name:23s_T.thermophilus_domain4
seq_len:339
seq_name:tRNA_tdbR00000041-Xenopus_laevis-8355-Asp-8UC
seq_len:75
seq_name:grp1_a.I1.e.P.clavariiformis.C1.SSU.943
seq_len:448
seq_name:tmRNA_Lact.lact._AF176556_1-359
seq_len:359
seq_name:srp_Fran.tula._AM286280
seq_len:99
seq_name:tmRNA_Shig.dyse._CP000034_1-363
seq_len:363
seq_name:srp_Cory.jeik._CR931997
seq_len:91
seq_name:grp1_a.I1.e.Staurastrum.sp.M752.C1.SSU.1506
seq_len:423
seq_name:tmRNA_Chla.pneu._AE002224_1-423
seq_len:423
seq_name:tRNA_tdbR00000387-Bacillus_subtilis-1423-Ser-5GA
seq_len:92
seq_name:16s_H.sapiens.mito_domain4
seq_len:120
seq_name:RNaseP_ERE
seq_len:307
seq_name:RNaseP_C.limicola
seq_len:386
seq_name:23s_S.aureus_domain3
seq_len:379
seq_name:RNaseP_EF
seq_len:296
seq_name:grp1_a.I1.e.B.yamatoana.JCM2896.C1.SSU.1506
seq_len:468
seq_name:tRNA_tdbR00000294-Mycoplasma_capricolum-2095-Asn-GUU
seq_len:76
seq_name:tmRNA_Myco.bovi._TRW-1765_1-368
seq_len:368
seq_name:RNaseP_K.thermotolerans
seq_len:219
seq_name:tmRNA_Haem.somn._CP000436_1-367
seq_len:367
seq_name:RNaseP_Nostoc-PCC7413
seq_len:391
seq_name:tmRNA_Soda.glos._AP008232_1-384
seq_len:384
seq_name:tmRNA_Stap.aure._BX571856_1-362
seq_len:362
seq_name:srp_Rals.meta._CP000352
seq_len:111
seq_name:tmRNA_Stap.aure._BA000018_1-362
seq_len:362
seq_name:tmRNA_Stre.sobr._TRW-246202_1-349
seq_len:349
seq_name:tRNA_tdbR00000200-Oryctolagus_cuniculus-9986-Lys-3UU
seq_len:76
seq_name:tRNA_tdbR00000044-Mycoplasma_capricolum-2095-Glu-UC
seq_len:76
seq_name:16s_P.staleyi_domain2
seq_len:353
seq_name:RNaseP_C.crescentus
seq_len:398
seq_name:grp1_a.I1.e.P.macrosporus.C1.SSU.943
seq_len:380
seq_name:RNaseP_A.brierleyi
seq_len:267
seq_name:16s_C.elegans_domain2
seq_len:162
seq_name:tRNA_tdbR00000121-Salmonella_typhimurium-602-Gly-NCC
seq_len:75
seq_name:tRNA_tdbR00000576-Leishmania_tarentolae-5689-Asp-GUC
seq_len:72
seq_name:RNaseP_B.brevis
seq_len:411
seq_name:16s_D.melanogaster_domain4
seq_len:169
seq_name:RNaseP_SM-A0911
seq_len:291
seq_name:tmRNA_Paen.larv._TRW-1464_1-367
seq_len:367
seq_name:srp_Desu.vulg._CP000527
seq_len:82
seq_name:srp_Lott.giga._GSP-225164
seq_len:305
seq_name:tRNA_tdbR00000004-Haloferax_volcanii-2246-Ala-UGC
seq_len:75
seq_name:tmRNA_List.wels._AF440351_1-321
seq_len:321
seq_name:tRNA_tdbR00000396-Saccharomyces_cerevisiae-4932-Ser-UGA
seq_len:90
seq_name:tmRNA_Lact.sake._TRW-314315_1-370
seq_len:370
seq_name:tRNA_tdbR00000480-Mycoplasma_capricolum-2095-Trp-CA
seq_len:76
seq_name:srp_Enta.mosh._GSP-41668
seq_len:273
seq_name:grp1_a.I1.e.A.adeninivorans.C1.LSU.2449
seq_len:450
seq_name:23s_H.pylori_domain4
seq_len:337
seq_name:srp_Xyle.fast._AE009442
seq_len:103
seq_name:srp_Dros.mela._X01056
seq_len:295
seq_name:tmRNA_Esch.coli._CP000468_1-363
seq_len:363
seq_name:16s_H.volcanii_domain2
seq_len:359
seq_name:RNaseP_SM-A02
seq_len:311
seq_name:tRNA_tdbR00000007-Bacillus_subtilis-1423-Ala-5GC
seq_len:76
seq_name:tmRNA_Heli.pylo._TRW-85962_1-386
seq_len:386
seq_name:tRNA_tdbR00000400-Loligo_bleekeri-6617-Ser-7CU
seq_len:71
seq_name:srp_Meth.caps._AE017282
seq_len:118
seq_name:RNaseP_PS27
seq_len:342
seq_name:16s_C.elegans_domain3
seq_len:290
seq_name:telomerase_AF221923.106-554
seq_len:449
seq_name:tmRNA_Lact.john._TRW-257314_1-367
seq_len:367
seq_name:srp_Stap.aure._BX571856
seq_len:101
seq_name:RNaseP_CPB80
seq_len:301
seq_name:srp_Tric.eryt._CP000393
seq_len:94
seq_name:srp_Para.bras._CN241909
seq_len:127
seq_name:tRNA_tdbR00000058-Lupinus_luteus-3873-Glu-CUC
seq_len:76
seq_name:telomerase_AF221924.105-538
seq_len:434
seq_name:RNaseP_X.fastidiosa
seq_len:359
seq_name:RNaseP_N.gonnorhoeae
seq_len:360
seq_name:tmRNA_List.ivan._AF440342_1-321
seq_len:321
seq_name:srp_Medi.trun._CT485797
seq_len:301
seq_name:16s_H.sapiens_domain4
seq_len:171
seq_name:16s_C.psittaci_domain4
seq_len:147
seq_name:tRNA_tdbR00000022-Enterobacteria_phage_T5-10726-Asp-GUC
seq_len:77
seq_name:RNaseP_G.sulfurreducens
seq_len:367
seq_name:16s_B.burgdorferi_domain2
seq_len:349
current processing 401/472
seq_name:grp1_a.I1.e.P.carinii.Pc1.C1.LSU.1921
seq_len:375
seq_name:RNaseP_Synechococcus-PCC7003
seq_len:299
seq_name:srp_Volv.cart._GSP-51971-1
seq_len:290
seq_name:telomerase_U85256.1-451
seq_len:451
seq_name:16s_M.polymorpha_domain2
seq_len:354
seq_name:tmRNA_Azoa.spec._TRW-62928_1-378
seq_len:378
seq_name:23s_S.aureus_domain6
seq_len:255
seq_name:tmRNA_envi.sequ._TRW-32045-2_1-345
seq_len:345
seq_name:RNaseP_M.thermoautotrophicumDH-g
seq_len:293
seq_name:tRNA_tdbR00000030-Aedes_albopictus-7160-Asp-GUC
seq_len:71
seq_name:tRNA_tdbR00000556-Schizosaccharomyces_pombe-4896-Tyr-GPA
seq_len:77
seq_name:grp1_a.I1.e.C.grayi.UNK.SSU.1046
seq_len:283
seq_name:tRNA_tdbR00000406-Saccharomyces_cerevisiae-4932-Ser-NGA
seq_len:85
seq_name:RNaseP_M.thermolithotrophicus
seq_len:234
seq_name:16s_C.elegans_domain1
seq_len:173
seq_name:tmRNA_Bord.bron._TRW-257310_1-387
seq_len:387
seq_name:srp_Mus.musc._AC126244
seq_len:302
seq_name:tRNA_tdbR00000072-Phaseolus_vulgaris-3885-Phe-GAA
seq_len:76
seq_name:RNaseP_P.azotoformans
seq_len:293
seq_name:grp1_a.I1.e.S.paniceum.UNK.SSU.1052
seq_len:240
seq_name:tmRNA_Desu.vulg._AE017285_1-352
seq_len:352
seq_name:23s_B.subtilis_domain4
seq_len:348
seq_name:srp_Plas.falc._EF690554
seq_len:228
seq_name:RNaseP_T.pallidum
seq_len:340
seq_name:tRNA_tdbR00000529-Triticum_aestivum-4565-Ini-CAU
seq_len:75
seq_name:tRNA_tdbR00000152-Haloferax_volcanii-2246-Ile-NAU
seq_len:78
seq_name:tmRNA_Ther.neap._TRW-309803_1-357
seq_len:357
seq_name:tRNA_tdbR00000101-Mus_musculus-10090-Phe-AA
seq_len:76
seq_name:tmRNA_Acti.acti._TRW-272556_1-366
seq_len:366
seq_name:srp_Meth.burt._CP000300
seq_len:320
seq_name:tRNA_tdbR00000362-Saccharomyces_cerevisiae-4932-Arg-NCU
seq_len:76
seq_name:srp_Dros.mela._AE014297
seq_len:299
seq_name:RNaseP_P.innocua
seq_len:272
seq_name:RNaseP_SM-A6296
seq_len:335
seq_name:16s_C.reinhardtii.mito_domain4
seq_len:115
seq_name:srp_Proc.mari._CP000576
seq_len:81
seq_name:telomerase_AF221912.98-564
seq_len:467
seq_name:grp1_a.I1.e.S.paniceum.UNK.SSU.1210
seq_len:260
seq_name:srp_Ajel.caps._CV620298
seq_len:158
seq_name:tmRNA_Stre.agal._TRW-1311_1-350
seq_len:350
seq_name:grp1_a.I1.b.Synechococcus.sp2.C3.tLEU
seq_len:265
seq_name:RNaseP_SM-A3862
seq_len:290
seq_name:23s_E.coli_domain4
seq_len:364
seq_name:16s_P.staleyi_domain3
seq_len:489
seq_name:grp1_a.I1.e.D.parva.C1.SSU.943
seq_len:396
seq_name:tmRNA_Lact.delb._AF440335_1-316
seq_len:316
seq_name:tRNA_tdbR00000275-Thermus_thermophilus-274-Met-CAU
seq_len:77
seq_name:tmRNA_Stap.aure._AC074317_1-359
seq_len:359
seq_name:RNaseP_C.jejuni
seq_len:318
seq_name:grp1_a.I1.e.S.granulatum.C1.SSU.1506
seq_len:437
seq_name:tRNA_tdbR00000536-Salmo_salar-8030-Ini-CAU
seq_len:75
seq_name:grp1_a.I1.e.G.planctonica.C1.SSU.943
seq_len:461
seq_name:telomerase_AF221908.136-584
seq_len:449
seq_name:srp_Nost.spec._BA000019
seq_len:102
seq_name:tRNA_tdbR00000522-Bos_taurus-9913-Ini-AU
seq_len:72
seq_name:RNaseP_CPA49
seq_len:370
seq_name:grp1_a.I1.e.B.yamatoana.JCM2896.C1.SSU.943
seq_len:480
seq_name:grp1_a.I1.e.L.dispersa.UNK.SSU.1210
seq_len:221
seq_name:tRNA_tdbR00000422-Rattus_norvegicus-10116-Ser-GCU
seq_len:85
seq_name:16s_S.cerevisiae_domain4
seq_len:164
seq_name:tRNA_tdbR00000158-Escherichia_coli-562-Ile-GAU
seq_len:77
seq_name:tmRNA_Cyan.para._TRW-2762_1-294
seq_len:294
seq_name:srp_Desu.vulg._AE017285
seq_len:82
seq_name:telomerase_AF221934.121-565
seq_len:445
seq_name:tRNA_tdbR00000534-Euphausia_superba-6819-Ini-CAU
seq_len:75
seq_name:telomerase_AF221937.99-545
seq_len:447
seq_name:tRNA_tdbR00000295-Escherichia_coli-562-Asn-QUU
seq_len:76
seq_name:grp1_a.I1.e.U.maydis.C1.SSU.943
seq_len:429
seq_name:telomerase_AF221911.104-513
seq_len:410
seq_name:srp_Schi.pomb._X15220
seq_len:256
seq_name:tRNA_tdbR00000485-Nicotiana_tabacum-4097-Trp-BCA
seq_len:77
All_file_list:472
Save RNA test data to data/test.pick
use gpu: True
Loading file:  data/test.pick
Loading dataset Done!!!
train.len=472
FCDenseNet(
  (features): Sequential(
    (0): BasicConv2d(
      (conv): Conv2d(146, 64, kernel_size=(3, 3), stride=(1, 1), padding=(1, 1), bias=False)
      (bn): BatchNorm2d(64, eps=1e-05, momentum=0.1, affine=True, track_running_stats=True)
      (relu): ReLU(inplace=True)
    )
    (1): BasicConv2d(
      (conv): Conv2d(64, 32, kernel_size=(3, 3), stride=(1, 1), padding=(1, 1), bias=False)
      (bn): BatchNorm2d(32, eps=1e-05, momentum=0.1, affine=True, track_running_stats=True)
      (relu): ReLU(inplace=True)
    )
    (2): BasicConv2d(
      (conv): Conv2d(32, 16, kernel_size=(3, 3), stride=(1, 1), padding=(1, 1), bias=False)
      (bn): BatchNorm2d(16, eps=1e-05, momentum=0.1, affine=True, track_running_stats=True)
      (relu): ReLU(inplace=True)
    )
  )
  (down_dense): Module(
    (block_0): DenseBlock(16, 4*4+16=32)(
      (layer_0): DenseLayer(16, 4)(
        (norm): BatchNorm2d(16, eps=1e-05, momentum=0.1, affine=True, track_running_stats=True)
        (relu): ReLU(inplace=True)
        (conv): Conv2d(16, 4, kernel_size=(3, 3), stride=(1, 1), padding=(1, 1), bias=False)
      )
      (layer_1): DenseLayer(20, 4)(
        (norm): BatchNorm2d(20, eps=1e-05, momentum=0.1, affine=True, track_running_stats=True)
        (relu): ReLU(inplace=True)
        (conv): Conv2d(20, 4, kernel_size=(3, 3), stride=(1, 1), padding=(1, 1), bias=False)
      )
      (layer_2): DenseLayer(24, 4)(
        (norm): BatchNorm2d(24, eps=1e-05, momentum=0.1, affine=True, track_running_stats=True)
        (relu): ReLU(inplace=True)
        (conv): Conv2d(24, 4, kernel_size=(3, 3), stride=(1, 1), padding=(1, 1), bias=False)
      )
      (layer_3): DenseLayer(28, 4)(
        (norm): BatchNorm2d(28, eps=1e-05, momentum=0.1, affine=True, track_running_stats=True)
        (relu): ReLU(inplace=True)
        (conv): Conv2d(28, 4, kernel_size=(3, 3), stride=(1, 1), padding=(1, 1), bias=False)
      )
    )
    (block_1): DenseBlock(32, 4*8+32=64)(
      (layer_0): DenseLayer(32, 8)(
        (norm): BatchNorm2d(32, eps=1e-05, momentum=0.1, affine=True, track_running_stats=True)
        (relu): ReLU(inplace=True)
        (conv): Conv2d(32, 8, kernel_size=(3, 3), stride=(1, 1), padding=(1, 1), bias=False)
      )
      (layer_1): DenseLayer(40, 8)(
        (norm): BatchNorm2d(40, eps=1e-05, momentum=0.1, affine=True, track_running_stats=True)
        (relu): ReLU(inplace=True)
        (conv): Conv2d(40, 8, kernel_size=(3, 3), stride=(1, 1), padding=(1, 1), bias=False)
      )
      (layer_2): DenseLayer(48, 8)(
        (norm): BatchNorm2d(48, eps=1e-05, momentum=0.1, affine=True, track_running_stats=True)
        (relu): ReLU(inplace=True)
        (conv): Conv2d(48, 8, kernel_size=(3, 3), stride=(1, 1), padding=(1, 1), bias=False)
      )
      (layer_3): DenseLayer(56, 8)(
        (norm): BatchNorm2d(56, eps=1e-05, momentum=0.1, affine=True, track_running_stats=True)
        (relu): ReLU(inplace=True)
        (conv): Conv2d(56, 8, kernel_size=(3, 3), stride=(1, 1), padding=(1, 1), bias=False)
      )
    )
    (block_2): DenseBlock(64, 4*16+64=128)(
      (layer_0): DenseLayer(64, 16)(
        (norm): BatchNorm2d(64, eps=1e-05, momentum=0.1, affine=True, track_running_stats=True)
        (relu): ReLU(inplace=True)
        (conv): Conv2d(64, 16, kernel_size=(3, 3), stride=(1, 1), padding=(1, 1), bias=False)
      )
      (layer_1): DenseLayer(80, 16)(
        (norm): BatchNorm2d(80, eps=1e-05, momentum=0.1, affine=True, track_running_stats=True)
        (relu): ReLU(inplace=True)
        (conv): Conv2d(80, 16, kernel_size=(3, 3), stride=(1, 1), padding=(1, 1), bias=False)
      )
      (layer_2): DenseLayer(96, 16)(
        (norm): BatchNorm2d(96, eps=1e-05, momentum=0.1, affine=True, track_running_stats=True)
        (relu): ReLU(inplace=True)
        (conv): Conv2d(96, 16, kernel_size=(3, 3), stride=(1, 1), padding=(1, 1), bias=False)
      )
      (layer_3): DenseLayer(112, 16)(
        (norm): BatchNorm2d(112, eps=1e-05, momentum=0.1, affine=True, track_running_stats=True)
        (relu): ReLU(inplace=True)
        (conv): Conv2d(112, 16, kernel_size=(3, 3), stride=(1, 1), padding=(1, 1), bias=False)
      )
    )
    (block_3): DenseBlock(128, 4*32+128=256)(
      (layer_0): DenseLayer(128, 32)(
        (norm): BatchNorm2d(128, eps=1e-05, momentum=0.1, affine=True, track_running_stats=True)
        (relu): ReLU(inplace=True)
        (conv): Conv2d(128, 32, kernel_size=(3, 3), stride=(1, 1), padding=(1, 1), bias=False)
      )
      (layer_1): DenseLayer(160, 32)(
        (norm): BatchNorm2d(160, eps=1e-05, momentum=0.1, affine=True, track_running_stats=True)
        (relu): ReLU(inplace=True)
        (conv): Conv2d(160, 32, kernel_size=(3, 3), stride=(1, 1), padding=(1, 1), bias=False)
      )
      (layer_2): DenseLayer(192, 32)(
        (norm): BatchNorm2d(192, eps=1e-05, momentum=0.1, affine=True, track_running_stats=True)
        (relu): ReLU(inplace=True)
        (conv): Conv2d(192, 32, kernel_size=(3, 3), stride=(1, 1), padding=(1, 1), bias=False)
      )
      (layer_3): DenseLayer(224, 32)(
        (norm): BatchNorm2d(224, eps=1e-05, momentum=0.1, affine=True, track_running_stats=True)
        (relu): ReLU(inplace=True)
        (conv): Conv2d(224, 32, kernel_size=(3, 3), stride=(1, 1), padding=(1, 1), bias=False)
      )
    )
  )
  (down_trans): Module(
    (trans_0): TransitionDown(32, 32, dropout=0)(
      (norm): BatchNorm2d(32, eps=1e-05, momentum=0.1, affine=True, track_running_stats=True)
      (relu): ReLU(inplace=True)
      (conv): Conv2d(32, 32, kernel_size=(1, 1), stride=(1, 1), bias=False)
      (pool): MaxPool2d(kernel_size=2, stride=2, padding=0, dilation=1, ceil_mode=False)
    )
    (trans_1): TransitionDown(64, 64, dropout=0)(
      (norm): BatchNorm2d(64, eps=1e-05, momentum=0.1, affine=True, track_running_stats=True)
      (relu): ReLU(inplace=True)
      (conv): Conv2d(64, 64, kernel_size=(1, 1), stride=(1, 1), bias=False)
      (pool): MaxPool2d(kernel_size=2, stride=2, padding=0, dilation=1, ceil_mode=False)
    )
    (trans_2): TransitionDown(128, 128, dropout=0)(
      (norm): BatchNorm2d(128, eps=1e-05, momentum=0.1, affine=True, track_running_stats=True)
      (relu): ReLU(inplace=True)
      (conv): Conv2d(128, 128, kernel_size=(1, 1), stride=(1, 1), bias=False)
      (pool): MaxPool2d(kernel_size=2, stride=2, padding=0, dilation=1, ceil_mode=False)
    )
    (trans_3): TransitionDown(256, 256, dropout=0)(
      (norm): BatchNorm2d(256, eps=1e-05, momentum=0.1, affine=True, track_running_stats=True)
      (relu): ReLU(inplace=True)
      (conv): Conv2d(256, 256, kernel_size=(1, 1), stride=(1, 1), bias=False)
      (pool): MaxPool2d(kernel_size=2, stride=2, padding=0, dilation=1, ceil_mode=False)
    )
  )
  (middle): DenseBlock(256, 8*32+256=512)(
    (layer_0): DenseLayer(256, 32)(
      (norm): BatchNorm2d(256, eps=1e-05, momentum=0.1, affine=True, track_running_stats=True)
      (relu): ReLU(inplace=True)
      (conv): Conv2d(256, 32, kernel_size=(3, 3), stride=(1, 1), padding=(1, 1), bias=False)
    )
    (layer_1): DenseLayer(288, 32)(
      (norm): BatchNorm2d(288, eps=1e-05, momentum=0.1, affine=True, track_running_stats=True)
      (relu): ReLU(inplace=True)
      (conv): Conv2d(288, 32, kernel_size=(3, 3), stride=(1, 1), padding=(1, 1), bias=False)
    )
    (layer_2): DenseLayer(320, 32)(
      (norm): BatchNorm2d(320, eps=1e-05, momentum=0.1, affine=True, track_running_stats=True)
      (relu): ReLU(inplace=True)
      (conv): Conv2d(320, 32, kernel_size=(3, 3), stride=(1, 1), padding=(1, 1), bias=False)
    )
    (layer_3): DenseLayer(352, 32)(
      (norm): BatchNorm2d(352, eps=1e-05, momentum=0.1, affine=True, track_running_stats=True)
      (relu): ReLU(inplace=True)
      (conv): Conv2d(352, 32, kernel_size=(3, 3), stride=(1, 1), padding=(1, 1), bias=False)
    )
    (layer_4): DenseLayer(384, 32)(
      (norm): BatchNorm2d(384, eps=1e-05, momentum=0.1, affine=True, track_running_stats=True)
      (relu): ReLU(inplace=True)
      (conv): Conv2d(384, 32, kernel_size=(3, 3), stride=(1, 1), padding=(1, 1), bias=False)
    )
    (layer_5): DenseLayer(416, 32)(
      (norm): BatchNorm2d(416, eps=1e-05, momentum=0.1, affine=True, track_running_stats=True)
      (relu): ReLU(inplace=True)
      (conv): Conv2d(416, 32, kernel_size=(3, 3), stride=(1, 1), padding=(1, 1), bias=False)
    )
    (layer_6): DenseLayer(448, 32)(
      (norm): BatchNorm2d(448, eps=1e-05, momentum=0.1, affine=True, track_running_stats=True)
      (relu): ReLU(inplace=True)
      (conv): Conv2d(448, 32, kernel_size=(3, 3), stride=(1, 1), padding=(1, 1), bias=False)
    )
    (layer_7): DenseLayer(480, 32)(
      (norm): BatchNorm2d(480, eps=1e-05, momentum=0.1, affine=True, track_running_stats=True)
      (relu): ReLU(inplace=True)
      (conv): Conv2d(480, 32, kernel_size=(3, 3), stride=(1, 1), padding=(1, 1), bias=False)
    )
  )
  (up_dense): Module(
    (block_0): DenseBlock(256, 4*64=256)(
      (layer_0): DenseLayer(256, 64)(
        (norm): BatchNorm2d(256, eps=1e-05, momentum=0.1, affine=True, track_running_stats=True)
        (relu): ReLU(inplace=True)
        (conv): Conv2d(256, 64, kernel_size=(3, 3), stride=(1, 1), padding=(1, 1), bias=False)
      )
      (layer_1): DenseLayer(320, 64)(
        (norm): BatchNorm2d(320, eps=1e-05, momentum=0.1, affine=True, track_running_stats=True)
        (relu): ReLU(inplace=True)
        (conv): Conv2d(320, 64, kernel_size=(3, 3), stride=(1, 1), padding=(1, 1), bias=False)
      )
      (layer_2): DenseLayer(384, 64)(
        (norm): BatchNorm2d(384, eps=1e-05, momentum=0.1, affine=True, track_running_stats=True)
        (relu): ReLU(inplace=True)
        (conv): Conv2d(384, 64, kernel_size=(3, 3), stride=(1, 1), padding=(1, 1), bias=False)
      )
      (layer_3): DenseLayer(448, 64)(
        (norm): BatchNorm2d(448, eps=1e-05, momentum=0.1, affine=True, track_running_stats=True)
        (relu): ReLU(inplace=True)
        (conv): Conv2d(448, 64, kernel_size=(3, 3), stride=(1, 1), padding=(1, 1), bias=False)
      )
    )
    (block_1): DenseBlock(128, 4*32=128)(
      (layer_0): DenseLayer(128, 32)(
        (norm): BatchNorm2d(128, eps=1e-05, momentum=0.1, affine=True, track_running_stats=True)
        (relu): ReLU(inplace=True)
        (conv): Conv2d(128, 32, kernel_size=(3, 3), stride=(1, 1), padding=(1, 1), bias=False)
      )
      (layer_1): DenseLayer(160, 32)(
        (norm): BatchNorm2d(160, eps=1e-05, momentum=0.1, affine=True, track_running_stats=True)
        (relu): ReLU(inplace=True)
        (conv): Conv2d(160, 32, kernel_size=(3, 3), stride=(1, 1), padding=(1, 1), bias=False)
      )
      (layer_2): DenseLayer(192, 32)(
        (norm): BatchNorm2d(192, eps=1e-05, momentum=0.1, affine=True, track_running_stats=True)
        (relu): ReLU(inplace=True)
        (conv): Conv2d(192, 32, kernel_size=(3, 3), stride=(1, 1), padding=(1, 1), bias=False)
      )
      (layer_3): DenseLayer(224, 32)(
        (norm): BatchNorm2d(224, eps=1e-05, momentum=0.1, affine=True, track_running_stats=True)
        (relu): ReLU(inplace=True)
        (conv): Conv2d(224, 32, kernel_size=(3, 3), stride=(1, 1), padding=(1, 1), bias=False)
      )
    )
    (block_2): DenseBlock(64, 4*16=64)(
      (layer_0): DenseLayer(64, 16)(
        (norm): BatchNorm2d(64, eps=1e-05, momentum=0.1, affine=True, track_running_stats=True)
        (relu): ReLU(inplace=True)
        (conv): Conv2d(64, 16, kernel_size=(3, 3), stride=(1, 1), padding=(1, 1), bias=False)
      )
      (layer_1): DenseLayer(80, 16)(
        (norm): BatchNorm2d(80, eps=1e-05, momentum=0.1, affine=True, track_running_stats=True)
        (relu): ReLU(inplace=True)
        (conv): Conv2d(80, 16, kernel_size=(3, 3), stride=(1, 1), padding=(1, 1), bias=False)
      )
      (layer_2): DenseLayer(96, 16)(
        (norm): BatchNorm2d(96, eps=1e-05, momentum=0.1, affine=True, track_running_stats=True)
        (relu): ReLU(inplace=True)
        (conv): Conv2d(96, 16, kernel_size=(3, 3), stride=(1, 1), padding=(1, 1), bias=False)
      )
      (layer_3): DenseLayer(112, 16)(
        (norm): BatchNorm2d(112, eps=1e-05, momentum=0.1, affine=True, track_running_stats=True)
        (relu): ReLU(inplace=True)
        (conv): Conv2d(112, 16, kernel_size=(3, 3), stride=(1, 1), padding=(1, 1), bias=False)
      )
    )
    (block_3): DenseBlock(32, 4*8=32)(
      (layer_0): DenseLayer(32, 8)(
        (norm): BatchNorm2d(32, eps=1e-05, momentum=0.1, affine=True, track_running_stats=True)
        (relu): ReLU(inplace=True)
        (conv): Conv2d(32, 8, kernel_size=(3, 3), stride=(1, 1), padding=(1, 1), bias=False)
      )
      (layer_1): DenseLayer(40, 8)(
        (norm): BatchNorm2d(40, eps=1e-05, momentum=0.1, affine=True, track_running_stats=True)
        (relu): ReLU(inplace=True)
        (conv): Conv2d(40, 8, kernel_size=(3, 3), stride=(1, 1), padding=(1, 1), bias=False)
      )
      (layer_2): DenseLayer(48, 8)(
        (norm): BatchNorm2d(48, eps=1e-05, momentum=0.1, affine=True, track_running_stats=True)
        (relu): ReLU(inplace=True)
        (conv): Conv2d(48, 8, kernel_size=(3, 3), stride=(1, 1), padding=(1, 1), bias=False)
      )
      (layer_3): DenseLayer(56, 8)(
        (norm): BatchNorm2d(56, eps=1e-05, momentum=0.1, affine=True, track_running_stats=True)
        (relu): ReLU(inplace=True)
        (conv): Conv2d(56, 8, kernel_size=(3, 3), stride=(1, 1), padding=(1, 1), bias=False)
      )
    )
  )
  (up_trans): Module(
    (trans_0): TransitionUp([256, 256] -> 256))(
      (upconv): Sequential(
        (0): Upsample(scale_factor=2.0, mode=nearest)
        (1): Conv2d(512, 256, kernel_size=(3, 3), stride=(1, 1), padding=(1, 1))
        (2): BatchNorm2d(256, eps=1e-05, momentum=0.1, affine=True, track_running_stats=True)
        (3): ReLU(inplace=True)
      )
      (concat): Concatenate()
    )
    (trans_1): TransitionUp([128, 128] -> 128))(
      (upconv): Sequential(
        (0): Upsample(scale_factor=2.0, mode=nearest)
        (1): Conv2d(256, 128, kernel_size=(3, 3), stride=(1, 1), padding=(1, 1))
        (2): BatchNorm2d(128, eps=1e-05, momentum=0.1, affine=True, track_running_stats=True)
        (3): ReLU(inplace=True)
      )
      (concat): Concatenate()
    )
    (trans_2): TransitionUp([64, 64] -> 64))(
      (upconv): Sequential(
        (0): Upsample(scale_factor=2.0, mode=nearest)
        (1): Conv2d(128, 64, kernel_size=(3, 3), stride=(1, 1), padding=(1, 1))
        (2): BatchNorm2d(64, eps=1e-05, momentum=0.1, affine=True, track_running_stats=True)
        (3): ReLU(inplace=True)
      )
      (concat): Concatenate()
    )
    (trans_3): TransitionUp([32, 32] -> 32))(
      (upconv): Sequential(
        (0): Upsample(scale_factor=2.0, mode=nearest)
        (1): Conv2d(64, 32, kernel_size=(3, 3), stride=(1, 1), padding=(1, 1))
        (2): BatchNorm2d(32, eps=1e-05, momentum=0.1, affine=True, track_running_stats=True)
        (3): ReLU(inplace=True)
      )
      (concat): Concatenate()
    )
  )
  (final): Conv2d(32, 1, kernel_size=(1, 1), stride=(1, 1))
  (Norm): BatchNorm2d(1, eps=1e-05, momentum=0.1, affine=True, track_running_stats=True)
)
----------
Epoch 150/200
----------
Phase train...
Train data:472
/home/gkulemeyer/Repos/REDfold/exec1/redfold/fold/data_generator.py:53: VisibleDeprecationWarning: Creating an ndarray from ragged nested sequences (which is a list-or-tuple of lists-or-tuples-or ndarrays with different lengths or shapes) is deprecated. If you meant to do this, you must specify 'dtype=object' when creating the ndarray.
  self.seq_hot= np.array([instance[2] for instance in self.data])
/home/gkulemeyer/Repos/REDfold/exec1/redfold/fold/data_generator.py:54: VisibleDeprecationWarning: Creating an ndarray from ragged nested sequences (which is a list-or-tuple of lists-or-tuples-or ndarrays with different lengths or shapes) is deprecated. If you meant to do this, you must specify 'dtype=object' when creating the ndarray.
  self.data_y= np.array([instance[3] for instance in self.data])
/home/gkulemeyer/Repos/REDfold/exec1/redfold/fold/data_generator.py:55: VisibleDeprecationWarning: Creating an ndarray from ragged nested sequences (which is a list-or-tuple of lists-or-tuples-or ndarrays with different lengths or shapes) is deprecated. If you meant to do this, you must specify 'dtype=object' when creating the ndarray.
  self.data_x= np.array([instance[4] for instance in self.data])
/home/gkulemeyer/Repos/REDfold/exec1/redfold/fold/data_generator.py:56: VisibleDeprecationWarning: Creating an ndarray from ragged nested sequences (which is a list-or-tuple of lists-or-tuples-or ndarrays with different lengths or shapes) is deprecated. If you meant to do this, you must specify 'dtype=object' when creating the ndarray.
  self.data_z= np.array([instance[5] for instance in self.data])
Epoch Loss:0.0518
----------
Epoch 151/200
----------
Phase train...
Train data:472
Epoch Loss:0.0538
----------
Epoch 152/200
----------
Phase train...
Train data:472
Epoch Loss:0.0518
----------
Epoch 153/200
----------
Phase train...
Train data:472
Epoch Loss:0.0542
----------
Epoch 154/200
----------
Phase train...
Train data:472
Epoch Loss:0.0544
----------
Epoch 155/200
----------
Phase train...
Train data:472
Epoch Loss:0.0508
----------
Epoch 156/200
----------
Phase train...
Train data:472
Epoch Loss:0.0498
----------
Epoch 157/200
----------
Phase train...
Train data:472
Epoch Loss:0.0495
----------
Epoch 158/200
----------
Phase train...
Train data:472
Epoch Loss:0.0492
----------
Epoch 159/200
----------
Phase train...
Train data:472
Epoch Loss:0.0491
----------
Epoch 160/200
----------
Phase train...
Train data:472
Epoch Loss:0.0489
----------
Epoch 161/200
----------
Phase train...
Train data:472
Epoch Loss:0.0493
----------
Epoch 162/200
----------
Phase train...
Train data:472
Epoch Loss:0.0555
----------
Epoch 163/200
----------
Phase train...
Train data:472
Epoch Loss:0.0534
----------
Epoch 164/200
----------
Phase train...
Train data:472
Epoch Loss:0.0548
----------
Epoch 165/200
----------
Phase train...
Train data:472
Epoch Loss:0.0514
----------
Epoch 166/200
----------
Phase train...
Train data:472
Epoch Loss:0.0523
----------
Epoch 167/200
----------
Phase train...
Train data:472
Epoch Loss:0.0506
----------
Epoch 168/200
----------
Phase train...
Train data:472
Epoch Loss:0.0504
----------
Epoch 169/200
----------
Phase train...
Train data:472
Epoch Loss:0.0502
----------
Epoch 170/200
----------
Phase train...
Train data:472
Epoch Loss:0.0540
----------
Epoch 171/200
----------
Phase train...
Train data:472
Epoch Loss:0.0562
----------
Epoch 172/200
----------
Phase train...
Train data:472
Epoch Loss:0.0506
----------
Epoch 173/200
----------
Phase train...
Train data:472
Epoch Loss:0.0497
----------
Epoch 174/200
----------
Phase train...
Train data:472
Epoch Loss:0.0494
----------
Epoch 175/200
----------
Phase train...
Train data:472
Epoch Loss:0.0493
----------
Epoch 176/200
----------
Phase train...
Train data:472
Epoch Loss:0.0502
----------
Epoch 177/200
----------
Phase train...
Train data:472
Epoch Loss:0.0497
----------
Epoch 178/200
----------
Phase train...
Train data:472
Epoch Loss:0.0495
----------
Epoch 179/200
----------
Phase train...
Train data:472
Epoch Loss:0.0497
----------
Epoch 180/200
----------
Phase train...
Train data:472
Epoch Loss:0.0502
----------
Epoch 181/200
----------
Phase train...
Train data:472
Epoch Loss:0.0537
----------
Epoch 182/200
----------
Phase train...
Train data:472
Epoch Loss:0.0537
----------
Epoch 183/200
----------
Phase train...
Train data:472
Epoch Loss:0.0522
----------
Epoch 184/200
----------
Phase train...
Train data:472
Epoch Loss:0.0500
----------
Epoch 185/200
----------
Phase train...
Train data:472
Epoch Loss:0.0507
----------
Epoch 186/200
----------
Phase train...
Train data:472
Epoch Loss:0.0520
----------
Epoch 187/200
----------
Phase train...
Train data:472
Epoch Loss:0.0505
----------
Epoch 188/200
----------
Phase train...
Train data:472
Epoch Loss:0.0499
----------
Epoch 189/200
----------
Phase train...
Train data:472
Epoch Loss:0.0496
----------
Epoch 190/200
----------
Phase train...
Train data:472
Epoch Loss:0.0491
----------
Epoch 191/200
----------
Phase train...
Train data:472
Epoch Loss:0.0488
----------
Epoch 192/200
----------
Phase train...
Train data:472
Epoch Loss:0.0487
----------
Epoch 193/200
----------
Phase train...
Train data:472
Epoch Loss:0.0488
----------
Epoch 194/200
----------
Phase train...
Train data:472
Epoch Loss:0.0525
----------
Epoch 195/200
----------
Phase train...
Train data:472
Epoch Loss:0.0555
----------
Epoch 196/200
----------
Phase train...
Train data:472
Epoch Loss:0.0513
----------
Epoch 197/200
----------
Phase train...
Train data:472
Epoch Loss:0.0500
----------
Epoch 198/200
----------
Phase train...
Train data:472
Epoch Loss:0.0493
----------
Epoch 199/200
----------
Phase train...
Train data:472
Epoch Loss:0.0489
Saving model to data/mod_redense_200.pt
train finish.
