seq_name:srp_Hype.buty._CP000493
seq_len:274
current processing 1/499
seq_name:srp_Bdel.bact._BX842656
seq_len:56
seq_name:5s_Triticum-aestivum-1
seq_len:120
seq_name:5s_Bursaphelenchus-xylophilus-1
seq_len:119
seq_name:srp_Thal.pseu._GSP-296543
seq_len:96
seq_name:5s_Andrias-davidianus-1
seq_len:121
seq_name:tmRNA_Cyan.mero._TRW-45157_1-236
seq_len:236
seq_name:tRNA_tdbR00000190-Bos_taurus-9913-Lys-NUU
seq_len:70
seq_name:grp1_a.I1.e.L.dispersa.UNK.SSU.1210
seq_len:221
seq_name:srp_Enta.hist._AF487684
seq_len:210
seq_name:tmRNA_Myco.Bxz1._AY129337_1-437
seq_len:437
seq_name:grp1_a.I1.e.A.adeninivorans.C1.LSU.2449
seq_len:450
seq_name:tRNA_tdbR00000398-Ascaris_suum-6253-Ser-UCU
seq_len:54
seq_name:tRNA_tdbR00000618-Candida_albicans-5476-Leu-CAG
seq_len:85
seq_name:tRNA_tdbR00000518-Saccharomyces_cerevisiae-4932-Ini-CAU
seq_len:76
seq_name:5s_Ureaplasma-urealyticum-3
seq_len:104
seq_name:srp_Aero.pern._BA000002
seq_len:304
seq_name:5s_Fusarium-culmorum-6
seq_len:119
seq_name:tRNA_tdbR00000034-Mesocricetus_auratus-10036-Asp-GUC
seq_len:71
seq_name:tmRNA_Trem.prin._AF481102_1-264
seq_len:264
seq_name:5s_Vitreoscilla-stercoraria-1
seq_len:118
seq_name:telomerase_AF221935.112-602
seq_len:491
seq_name:tRNA_tdbR00000263-Rattus_norvegicus-10116-Leu-AA
seq_len:86
seq_name:telomerase_AF221919.107-614
seq_len:508
seq_name:5s_uncultured-euryarchaeote-37F11-1
seq_len:122
seq_name:tmRNA_Guil.thet._TRW-55529_1-330
seq_len:330
seq_name:RNaseP_R.norvegicus
seq_len:257
seq_name:RNaseP_LGW17
seq_len:411
seq_name:23s_T.thermophilus_domain6
seq_len:260
seq_name:5s_Mycoplasma-mobile-1
seq_len:106
seq_name:srp_Pseu.syri._CP000058
seq_len:90
seq_name:grp1_a.I1.m.S.pombe.B1.OX1
seq_len:343
seq_name:srp_Thei.parv._GSP-333668
seq_len:280
seq_name:tmRNA_Bact.mari._TRW-97084_1-385
seq_len:385
seq_name:telomerase_AF221920.99-541
seq_len:443
seq_name:5s_Sphingomonas-ursincola-1
seq_len:118
seq_name:srp_Schi.pomb._Z99259
seq_len:256
seq_name:5s_Neurospora-crassa-12
seq_len:120
seq_name:tmRNA_Syne.spec._TRW-32049_1-396
seq_len:396
seq_name:5s_Sulfurococcus-mirabilis-1
seq_len:124
seq_name:tRNA_tdbR00000074-Tetrahymena_pyriformis-5908-Phe-GAA
seq_len:76
seq_name:tmRNA_envi.sequ._TRW-32045-3_1-350
seq_len:350
seq_name:grp1_a.I1.e.S.sclerotiorum_1837.C1.LSU.798
seq_len:371
seq_name:srp_Taen.gutt._CK235759
seq_len:270
seq_name:srp_Psyc.arct._CP000082
seq_len:116
seq_name:tRNA_tdbR00000611-Sinorhizobium_meliloti-382-His-GUG
seq_len:77
seq_name:RNaseP_Rr327
seq_len:326
seq_name:tRNA_tdbR00000462-Rattus_norvegicus-10116-Val-UAC
seq_len:72
seq_name:RNaseP_R.americana-mito
seq_len:312
seq_name:tRNA_tdbR00000127-Halocynthia_roretzi-7729-Gly-UCU
seq_len:65
seq_name:tmRNA_Meso.flor._AE017263_1-408
seq_len:408
seq_name:RNaseP_Prochlorococcus-NATL2
seq_len:323
seq_name:tRNA_tdbR00000114-Staphylococcus_epidermidis-1282-Gly-UCC
seq_len:75
seq_name:23s_S.aureus_domain6
seq_len:255
seq_name:23s_B.subtilis_domain4
seq_len:348
seq_name:tmRNA_Lact.sake._TRW-314315_1-370
seq_len:370
seq_name:grp1_s.I1.e.T.thermophila.C1.LSU.1925.schem
seq_len:506
seq_name:tmRNA_envi.sequ._TRW-2-1_1-365
seq_len:365
seq_name:srp_Giar.lamb._GSP-184922
seq_len:170
seq_name:tmRNA_Fran.tula._CP000437_1-421
seq_len:421
seq_name:tmRNA_Trep.pall._TRW-243276_1-354
seq_len:354
seq_name:5s_Halorubrum-distributum-3
seq_len:121
seq_name:RNaseP_S.pombe
seq_len:284
seq_name:srp_Phae.nodo._GSP-321614
seq_len:264
seq_name:srp_Ther.petr._CP000702
seq_len:117
seq_name:srp_Cand.trop._GSP-294747
seq_len:266
seq_name:RNaseP_SM-A5888
seq_len:393
seq_name:srp_Stre.pyog._AM295007
seq_len:57
seq_name:srp_Ajel.caps._CV620298
seq_len:158
seq_name:srp_Meth.volt._M22560
seq_len:306
seq_name:srp_Synt.wolf._CP000448
seq_len:65
seq_name:grp1_b.I1.e.T.thermophila.C1.LSU.1925
seq_len:506
seq_name:srp_Plas.yoel._GSP-352914
seq_len:304
seq_name:tmRNA_Magn.spec._CP000471_1-366
seq_len:366
seq_name:tRNA_tdbR00000290-Enterobacteria_phage_T5-10726-Asn-GUU
seq_len:77
seq_name:tmRNA_Oeno.oeni._TRW-203123_1-350
seq_len:350
seq_name:5s_Rhodobacter-sphaeroides-3
seq_len:116
seq_name:telomerase_AF221912.98-564
seq_len:467
seq_name:srp_Pich.guil._GSP-294746
seq_len:255
seq_name:tmRNA_Ocea.ihey._BA000028_1-364
seq_len:364
seq_name:telomerase_AF221929.92-517
seq_len:426
seq_name:tmRNA_uncu.bact._TRW-135621-1_1-397
seq_len:397
seq_name:grp1_a.I1.e.B.ciliata.JCM6865.C1.SSU.943
seq_len:360
seq_name:tRNA_tdbR00000335-Nicotiana_rustica-4093-Gln-NUG
seq_len:75
seq_name:RNaseP_S.uvarum
seq_len:369
seq_name:grp1_a.I1.e.U.maydis.C1.SSU.943
seq_len:429
seq_name:RNaseP_S.solfataricus
seq_len:259
seq_name:RNaseP_Synechocystis-PCC6308
seq_len:320
seq_name:grp1_a.I1.e.C.grayi.UNK.SSU.1046
seq_len:283
seq_name:srp_Pich.stip._CP000502
seq_len:98
seq_name:5s_Bacteroides-capillosus-1
seq_len:115
seq_name:RNaseP_CPA58
seq_len:379
seq_name:tmRNA_Ther.rose._TRW-309801_1-353
seq_len:353
seq_name:srp_Ence.cuni._AL590449
seq_len:162
seq_name:grp1_a.I1.e.T.pigmentosa.C1.LSU.1925
seq_len:451
seq_name:tmRNA_Prop.acne._TRW-1747-3_1-353
seq_len:353
seq_name:5s_Limulus-polyphemus-1
seq_len:120
seq_name:23s_S.aureus_domain4
seq_len:347
seq_name:tmRNA_uncu.mari._TRW-363180_1-347
seq_len:347
seq_name:tRNA_tdbR00000328-Enterobacteria_phage_T5-10726-Gln-UUG
seq_len:78
seq_name:tmRNA_Onio.yell._AP006628_1-423
seq_len:423
current processing 101/499
seq_name:RNaseP_B.bronchiseptica
seq_len:243
seq_name:5s_Roseococcus-thiosulfatophilus-2
seq_len:120
seq_name:tRNA_tdbR00000593-Ascaris_suum-6253-Trp-CA
seq_len:60
seq_name:RNaseP_T.celerAL1
seq_len:279
seq_name:tmRNA_Dict.ther._TRW-14_1-350
seq_len:350
seq_name:srp_Tetr.ther._X56981
seq_len:283
seq_name:tmRNA_Heli.pylo._TRW-85963_1-386
seq_len:386
seq_name:RNaseP_S.dairensis
seq_len:465
seq_name:RNaseP_SMB-B1
seq_len:255
seq_name:srp_Xeno.laev._X01055
seq_len:297
seq_name:srp_Phyt.soja._GSP-67593
seq_len:315
seq_name:5s_Filobasidiella-depauperata-1
seq_len:119
seq_name:tmRNA_uncu.bact._TRW-45456_1-408
seq_len:408
seq_name:grp1_a.I1.e.L.dispersa.UNK.SSU.1046
seq_len:255
seq_name:5s_Porphyromonas-gingivalis-2
seq_len:108
seq_name:tRNA_tdbR00000206-Loligo_bleekeri-6617-Lys-UUU
seq_len:76
seq_name:5s_Neurospora-intermedia-1
seq_len:119
seq_name:srp_Citr.sine._CN181544
seq_len:78
seq_name:telomerase_AF147806.247-692
seq_len:446
seq_name:srp_Yers.pseu._CP000720
seq_len:97
seq_name:RNaseP_H.morrhuae
seq_len:475
seq_name:RNaseP_P.canadensis
seq_len:333
seq_name:tRNA_tdbR00000104-Enterobacteria_phage_T4-10665-Gly-NCC
seq_len:74
seq_name:tmRNA_Mora.cata._AX067460_1-359
seq_len:359
seq_name:5s_Trichoplax-adhaerens-1
seq_len:116
seq_name:RNaseP_Z.bailii
seq_len:205
seq_name:srp_Para.bras._EH655308
seq_len:127
seq_name:tRNA_tdbR00000177-Mycoplasma_capricolum-2095-Lys-CUU
seq_len:76
seq_name:grp1_a.I1.e.D.parva.C1.SSU.943
seq_len:396
seq_name:tmRNA_uncu.bact._TRW-72274-2_1-359
seq_len:359
seq_name:RNaseP_W.fluorescens
seq_len:232
seq_name:5s_Halobacterium-sp.-2
seq_len:120
seq_name:srp_Lodd.elon._GSP-379508
seq_len:299
seq_name:tRNA_tdbR00000246-Bos_taurus-9913-Leu-NAA
seq_len:78
seq_name:RNaseP_CPB144
seq_len:421
seq_name:tRNA_tdbR00000549-Tetrahymena_pyriformis-5908-Tyr-QUA
seq_len:83
seq_name:tRNA_tdbR00000168-Bos_taurus-9913-Ile-GAU
seq_len:72
seq_name:tRNA_tdbR00000359-Escherichia_coli-562-Arg-CCG
seq_len:77
seq_name:grp1_a.I1.e.A.capsulatus.CBS213.53.C1.SSU.943
seq_len:408
seq_name:RNaseP_Rr368
seq_len:368
seq_name:tRNA_tdbR00000237-Saccharomyces_cerevisiae-4932-Leu-AA
seq_len:85
seq_name:srp_Pers.amer._X65992
seq_len:162
seq_name:RNaseP_P.gingivalis
seq_len:398
seq_name:srp_Myco.hyop._AE017244
seq_len:81
seq_name:RNaseP_P.purpurea-chloroplast
seq_len:383
seq_name:5s_Ehrlichia-ruminantium-1
seq_len:119
seq_name:grp1_a.I1.e.C.saxonicum.C1.SSU.1506
seq_len:448
seq_name:tRNA_tdbR00000363-Ascaris_suum-6253-Arg-PCU
seq_len:54
seq_name:srp_Cryp.parv._XM_626716
seq_len:300
seq_name:5s_Spirosoma-sp.-1
seq_len:111
seq_name:5s_Mycoplasma-gallisepticum-4
seq_len:113
seq_name:tRNA_tdbR00000520-Aedes_albopictus-7160-Ini-CAU
seq_len:72
seq_name:grp1_a.I1.e.S.paniceum.UNK.SSU.287
seq_len:234
seq_name:tmRNA_Woli.succ._BX571661_1-369
seq_len:369
seq_name:srp_Oryz.sati._AP008207
seq_len:318
seq_name:grp1_a.I1.e.C.merochlorophea.UNK.SSU.1516
seq_len:274
seq_name:RNaseP_A.eutrophus
seq_len:341
seq_name:grp1_a.I1.e.C.merochlorophea.UNK.SSU.1046
seq_len:267
seq_name:telomerase_AY312571.605-1069
seq_len:465
seq_name:RNaseP_Nostoc-PCC7413
seq_len:391
seq_name:5s_Wolinella-succinogenes-1
seq_len:132
seq_name:grp1_a.I1.e.L.dispersa.UNK.SSU.789
seq_len:218
seq_name:tRNA_tdbR00000572-Leishmania_tarentolae-5689-Lys-1UU
seq_len:73
seq_name:srp_Trep.pall._AE000520
seq_len:96
seq_name:5s_Wolbachia-endosymbiont-of-D.-melanogaster-1
seq_len:111
seq_name:5s_Coxiella-burnetii-2
seq_len:118
seq_name:tRNA_tdbR00000223-Salmonella_typhimurium-602-Leu-CAG
seq_len:87
seq_name:5s_Streptococcus-salivarius-1
seq_len:116
seq_name:tRNA_tdbR00000211-Haloferax_volcanii-2246-Leu-CAA
seq_len:87
seq_name:srp_Nect.haem._GSP-71109
seq_len:302
seq_name:tRNA_tdbR00000594-Ascaris_suum-6253-Leu-AA
seq_len:58
seq_name:tmRNA_Cyan.cald._AF022186_1-254
seq_len:254
seq_name:5s_Azospirillum-lipoferum-1
seq_len:115
seq_name:tRNA_tdbR00000167-Aedes_albopictus-7160-Ile-GAU
seq_len:72
seq_name:tmRNA_Chla.trac._TRW-813-2_1-420
seq_len:420
seq_name:grp1_a.I1.b.Synechococcus.sp2.C3.tLEU
seq_len:265
seq_name:tmRNA_Myco.geni._U39713_1-385
seq_len:385
seq_name:tmRNA_Lact.john._TRW-257314_1-367
seq_len:367
seq_name:tmRNA_Stre.scab._TRW-1883_1-402
seq_len:402
seq_name:tRNA_tdbR00000013-Pichia_jadinii-4903-Ala-IGC
seq_len:76
seq_name:grp1_a.I1.e.D.parva.C1.SSU.1512
seq_len:436
seq_name:RNaseP_D.jeanneae
seq_len:406
seq_name:srp_Meth.mari._CP000745
seq_len:218
seq_name:tmRNA_List.wels._AF440351_1-321
seq_len:321
seq_name:23s_B.subtilis_domain3
seq_len:377
seq_name:RNaseP_Z.florentinus
seq_len:262
seq_name:tmRNA_Borr.gari._CP000013_1-363
seq_len:363
seq_name:srp_List.mono._AE017262
seq_len:215
seq_name:5s_Pyrococcus-horikoshii-2
seq_len:122
seq_name:telomerase_AF221917.99-542
seq_len:444
seq_name:tmRNA_Clos.ther._TRW-203119_1-387
seq_len:387
seq_name:tRNA_tdbR00000578-Leishmania_tarentolae-5689-Glu-3UC
seq_len:72
seq_name:tRNA_tdbR00000280-Saccharomyces_cerevisiae-4932-Met-CAU
seq_len:77
seq_name:srp_Sacc.cere._U18916
seq_len:429
seq_name:5s_Aurelia_aurita-1
seq_len:120
seq_name:grp1_a.I1.b.Dermocarpa.sp.ATCC29371.C3.tMET
seq_len:268
seq_name:5s_Thermoplasma-volcanium-1
seq_len:123
seq_name:tRNA_tdbR00000395-Saccharomyces_cerevisiae-4932-Ser-GCU
seq_len:86
seq_name:tmRNA_Bloc.penn._CP000016_1-392
seq_len:392
seq_name:grp1_a.I1.e.C.saccatum.C1.SSU.1512
seq_len:476
current processing 201/499
seq_name:tmRNA_Porp.purp._TRW-2787_1-323
seq_len:323
seq_name:5s_Lactobacillus-johnsonii-1
seq_len:116
seq_name:tmRNA_Spir.kunk._TRW-273035_1-424
seq_len:424
seq_name:tmRNA_envi.sequ._TRW-204433_1-356
seq_len:356
seq_name:RNaseP_R.palustris
seq_len:479
seq_name:srp_Gibb.zeae._GSP-229533
seq_len:298
seq_name:telomerase_AF221914.112-589
seq_len:478
seq_name:grp1_a.I1.e.P.inouyei.C1.SSU.943
seq_len:390
seq_name:RNaseP_vHge3-5
seq_len:359
seq_name:srp_Desu.psyc._CR522870
seq_len:86
seq_name:srp_Zymo.mobi._AF203881
seq_len:99
seq_name:RNaseP_T.tumescens
seq_len:307
seq_name:tRNA_tdbR00000247-Bos_taurus-9913-Leu-UAG
seq_len:74
seq_name:tRNA_tdbR00000283-Gallus_gallus-9031-Met-AU
seq_len:72
seq_name:RNaseP_B.pertussis
seq_len:414
seq_name:grp1_a.I1.e.Staurastrum.sp.M752.C1.SSU.1506
seq_len:423
seq_name:tRNA_tdbR00000266-Bos_taurus-9913-Leu-AA
seq_len:87
seq_name:tRNA_tdbR00000591-Ascaris_suum-6253-Lys-UU
seq_len:65
seq_name:tRNA_tdbR00000397-Saccharomyces_cerevisiae-4932-Ser-UGA
seq_len:90
seq_name:grp1_a.I1.e.T.malaccensis.C1.LSU.1925
seq_len:447
seq_name:RNaseP_EM14b-11
seq_len:349
seq_name:grp1_a.I1.e.L.dispersa.UNK.SSU.1516
seq_len:240
seq_name:tRNA_tdbR00000463-Bos_taurus-9913-Val-UAC
seq_len:70
seq_name:srp_Psyc.ingr._CP000510
seq_len:114
seq_name:tRNA_tdbR00000551-Saccharomyces_cerevisiae-4932-Tyr-GUA
seq_len:88
seq_name:srp_Ashb.goss._AE016819
seq_len:381
seq_name:srp_Schi.pomb._AU010514
seq_len:95
seq_name:tmRNA_Chlo.tepi._TRW-194439_1-404
seq_len:404
seq_name:srp_Stre.sang._CP000387
seq_len:73
seq_name:5s_Rhodococcus-fascians-2
seq_len:121
seq_name:tmRNA_Carn.malt._AF275938_1-366
seq_len:366
seq_name:tRNA_tdbR00000620-Toxoplasma_gondii-5811-Ini-CAU
seq_len:72
seq_name:grp1_a.I1.e.A.capsulatus.G184B.C1.SSU
seq_len:425
seq_name:grp1_a.I1.e.P.inouyei.C1.SSU.1506
seq_len:409
seq_name:srp_Plas.falc._EF690554
seq_len:228
seq_name:tRNA_tdbR00000126-Halocynthia_roretzi-7729-Gly-NCU
seq_len:68
seq_name:telomerase_AF221924.105-538
seq_len:434
seq_name:telomerase_AF221931.99-541
seq_len:443
seq_name:tmRNA_Nitr.ocea._CP000127_1-361
seq_len:361
seq_name:5s_Sandaracinobacter-sibiricus-1
seq_len:120
seq_name:tRNA_tdbR00000461-Rattus_norvegicus-10116-Val-UAC
seq_len:71
seq_name:srp_Baci.anth._AE017334
seq_len:205
seq_name:RNaseP_EM14b-9
seq_len:355
seq_name:srp_Yarr.lipo._X51658
seq_len:270
seq_name:5s_Thermus-aquaticus-1
seq_len:120
seq_name:grp1_a.I1.e.A.capsulatus.G186B.C1.SSU
seq_len:425
seq_name:tRNA_tdbR00000282-Ascaris_suum-6253-Met-AU
seq_len:64
seq_name:5s_Erythromicrobium-ramosum-1
seq_len:120
seq_name:tRNA_tdbR00000009-Escherichia_coli-562-Ala-VGC
seq_len:76
seq_name:srp_Sorg.bico._BE594178
seq_len:305
seq_name:srp_Stre.coel._AL939118
seq_len:64
seq_name:tmRNA_Phot.prof._CR378665_1-368
seq_len:368
seq_name:RNaseP_SM-A3048
seq_len:290
seq_name:srp_Xant.camp._AM039952
seq_len:118
seq_name:telomerase_AF221911.104-513
seq_len:410
seq_name:grp1_a.I1.e.P.carinii.Pc3.C1.LSU.1921
seq_len:381
seq_name:RNaseP_S.fibuligera
seq_len:243
seq_name:23s_H.pylori_domain3
seq_len:380
seq_name:srp_Para.bras._GSP-121759
seq_len:338
seq_name:RNaseP_U.stansburiana
seq_len:327
seq_name:tmRNA_uncu.bact._TRW-80840-3_1-379
seq_len:379
seq_name:srp_Enta.terr._GSP-110771
seq_len:271
seq_name:tRNA_tdbR00000245-Rattus_norvegicus-10116-Leu-UAG
seq_len:75
seq_name:tRNA_tdbR00000069-Synechococcus_sp._PCC_7002-32049-Phe-GAA
seq_len:76
seq_name:srp_Tric.rees._GSP-334564-1
seq_len:293
seq_name:RNaseP_Saccharomonospora-K180
seq_len:337
seq_name:srp_Hist.caps._GSP-278162
seq_len:317
seq_name:tRNA_tdbR00000124-Aedes_albopictus-7160-Gly-UCC
seq_len:70
seq_name:5s_Desulfurococcus-mobilis-1
seq_len:129
seq_name:5s_Cryptococcus-laurentii-1
seq_len:118
seq_name:5s_Streptomyces-violaceus-1
seq_len:120
seq_name:RNaseP_S.pyogenes
seq_len:409
seq_name:RNaseP_M.fermentans
seq_len:302
seq_name:grp1_a.I1.e.L.dispersa.UNK.SSU.516
seq_len:328
seq_name:tRNA_tdbR00000595-Escherichia_coli-562-Leu-BAA
seq_len:85
seq_name:RNaseP_S.pastorianus
seq_len:365
seq_name:5s_Fusobacterium-nucleatum-5
seq_len:116
seq_name:5s_Asterias-vulgaris-1
seq_len:120
seq_name:5s_Drosophila-melanogaster-2
seq_len:120
seq_name:tRNA_tdbR00000460-Aedes_albopictus-7160-Val-UAC
seq_len:75
seq_name:tmRNA_uncu.bact._TRW-72274-1_1-359
seq_len:359
seq_name:telomerase_AF221937.99-545
seq_len:447
seq_name:grp1_a.I1.e.P.clavariiformis.C1.SSU.943
seq_len:448
seq_name:srp_Spra.loph._GSP-51541
seq_len:161
seq_name:RNaseP_CPB7776
seq_len:357
seq_name:5s_Thermomicrobium-roseum-1
seq_len:127
seq_name:tmRNA_Baci.G._TRW-12333_1-312
seq_len:312
seq_name:tRNA_tdbR00000365-Aedes_albopictus-7160-Arg-UCG
seq_len:67
seq_name:RNaseP_V.spinosum
seq_len:364
seq_name:23s_T.thermophilus_domain4
seq_len:339
seq_name:srp_Scle.scle._GSP-325569
seq_len:289
seq_name:tRNA_tdbR00000334-Hordeum_vulgare-4513-Gln-UG
seq_len:75
seq_name:5s_Nanoarchaeum-equitans-1
seq_len:121
seq_name:grp1_a.I1.e.M.caldariorum.C1.SSU.1506
seq_len:439
seq_name:tmRNA_Thio.deni._CP000116_1-367
seq_len:367
seq_name:RNaseP_H.trapanicum
seq_len:362
seq_name:RNaseP_Y.pestis
seq_len:377
seq_name:telomerase_AF221932.102-549
seq_len:448
seq_name:srp_Meso.viri._AF166114
seq_len:103
seq_name:RNaseP_M.vannielli
seq_len:234
current processing 301/499
seq_name:RNaseP_P.innocua
seq_len:272
seq_name:tRNA_tdbR00000406-Saccharomyces_cerevisiae-4932-Ser-NGA
seq_len:85
seq_name:RNaseP_CPA61
seq_len:376
seq_name:RNaseP_H.chlorum-partial
seq_len:120
seq_name:RNaseP_S.unisporus
seq_len:244
seq_name:tmRNA_Synt.acid._CP000252_1-356
seq_len:356
seq_name:tRNA_tdbR00000494-Saccharomyces_cerevisiae-4932-Trp-BCA
seq_len:75
seq_name:RNaseP_P.marinus-2
seq_len:387
seq_name:grp1_a.I1.e.P.pachydermus.C1.SSU.943
seq_len:392
seq_name:srp_Pyro.isla._CP000504
seq_len:244
seq_name:tRNA_tdbR00000489-Neurospora_crassa-5141-Trp-NCA
seq_len:74
seq_name:tmRNA_Chro.viol._AE016825_1-365
seq_len:365
seq_name:5s_Methanopyrus-kandleri-1
seq_len:131
seq_name:srp_Cand.glab._CR380957
seq_len:504
seq_name:tmRNA_Rhod.balt._BX294141_1-380
seq_len:380
seq_name:23s_E.coli_domain3
seq_len:372
seq_name:tmRNA_Para.symb._BX908798_1-405
seq_len:405
seq_name:grp1_a.I1.e.S.paniceum.UNK.SSU.1052
seq_len:240
seq_name:5s_Paenibacillus-popilliae-1
seq_len:117
seq_name:srp_Phak.pach._GSP-170000-2
seq_len:308
seq_name:5s_Pyrococcus-abyssi-1
seq_len:118
seq_name:RNaseP_T.volcanum
seq_len:305
seq_name:telomerase_AY058901.1-397
seq_len:397
seq_name:tRNA_tdbR00000321-Saccharomyces_cerevisiae-4932-Pro-UGG
seq_len:75
seq_name:tmRNA_Myco.arth._TRW-243272_1-394
seq_len:394
seq_name:tmRNA_Grac.tenu._AY673996_1-396
seq_len:396
seq_name:RNaseP_T.littoralis
seq_len:331
seq_name:grp1_a.I1.e.L.dispersa.UNK.SSU.114
seq_len:211
seq_name:5s_Clostridium-acetobutylicum-3
seq_len:117
seq_name:RNaseP_Halobacterium-NRC1
seq_len:375
seq_name:23s_S.aureus_domain3
seq_len:379
seq_name:grp1_a.I1.e.D.salina.C1.SSU.943
seq_len:423
seq_name:grp1_a.I1.e.P.carinii.Pc1.C1.LSU.1921
seq_len:375
seq_name:tRNA_tdbR00000590-Ascaris_suum-6253-Glu-UC
seq_len:62
seq_name:RNaseP_PS24
seq_len:395
seq_name:5s_Plasmodium-falciparum-1
seq_len:119
seq_name:grp1_a.I1.b.S.hofmanii.C3.tMET
seq_len:251
seq_name:srp_Lept.coll._AF006750
seq_len:280
seq_name:grp1_a.I1.e.C.grayi.UNK.SSU.1516
seq_len:308
seq_name:srp_Toxo.gond._GSP-398031
seq_len:288
seq_name:RNaseP_C.tepidum-g
seq_len:381
seq_name:RNaseP_LGB21
seq_len:350
seq_name:RNaseP_T.delbrueckii
seq_len:295
seq_name:5s_Brucella-suis-1
seq_len:125
seq_name:tmRNA_Syne.spec._AB003477_1-394
seq_len:394
seq_name:5s_Mycoplasma-sp.-2
seq_len:107
seq_name:grp1_a.I1.e.P.macrosporus.C1.SSU.943
seq_len:380
seq_name:grp1_a.I1.e.P.carinii.C1.SSU.1506
seq_len:442
seq_name:RNaseP_S.faciem
seq_len:331
seq_name:srp_Trit.aest._X13915
seq_len:204
seq_name:tRNA_tdbR00000345-Homo_sapiens-9606-Gln-NUG
seq_len:75
seq_name:tRNA_tdbR00000046-Escherichia_coli-562-Glu-SUC
seq_len:76
seq_name:srp_Kluy.lact._CR382126
seq_len:499
seq_name:tRNA_tdbR00000556-Schizosaccharomyces_pombe-4896-Tyr-GPA
seq_len:77
seq_name:tmRNA_Tann.fors._TRW-203275_1-400
seq_len:400
seq_name:tRNA_tdbR00000440-Neurospora_crassa-5141-Thr-UGU
seq_len:74
seq_name:srp_Stap.epid._AX145149
seq_len:270
seq_name:grp1_a.I1.e.E.dermatitidis.C1.SSU.943
seq_len:426
seq_name:5s_Pyrenophora-graminea-1
seq_len:119
seq_name:srp_Zygo.roux._BN000170
seq_len:243
seq_name:5s_Ascobolus-immersus-1
seq_len:119
seq_name:23s_H.pylori_domain6
seq_len:242
seq_name:tmRNA_Cald.sacc._TRW-351627_1-368
seq_len:368
seq_name:tmRNA_Emil.huxl._TRW-280463_1-291
seq_len:291
seq_name:tmRNA_Urea.parv._AE002154_1-413
seq_len:413
seq_name:telomerase_AF221916.94-481
seq_len:388
seq_name:tRNA_tdbR00000573-Leishmania_tarentolae-5689-Gln-3UG
seq_len:72
seq_name:grp1_a.I1.m.M.grisea.B2.ND1
seq_len:285
seq_name:telomerase_AF221928.95-476
seq_len:382
seq_name:srp_Sacc.para._BN000251
seq_len:509
seq_name:RNaseP_LGB23
seq_len:347
seq_name:tmRNA_Myco.pene._BA000026_1-405
seq_len:405
seq_name:tmRNA_Acid.ferr._TRW-243159_1-364
seq_len:364
seq_name:5s_Gracilaria-compressa-2
seq_len:121
seq_name:grp1_a.I1.e.B.yamatoana.JCM2896.C1.SSU.1506
seq_len:468
seq_name:5s_Bacillus-amyloliquefaciens-1
seq_len:117
seq_name:tmRNA_envi.sequ._TRW-300695-2_1-345
seq_len:345
seq_name:grp1_a.I1.e.P.macrosporus.C1.SSU.1506
seq_len:433
seq_name:srp_Ther.volc._BA000011
seq_len:299
seq_name:grp1_b.I1.e.M.anisopliae.2.C1.LSU.1921
seq_len:456
seq_name:RNaseP_vHge2
seq_len:311
seq_name:grp1_a.I1.e.A.stipitatus.C1.SSU.1046
seq_len:408
seq_name:srp_Vibr.vuln._BA000037
seq_len:94
seq_name:RNaseP_C.pneumoniae-CWL029
seq_len:406
seq_name:5s_Pseudomonas-stutzeri-2
seq_len:120
seq_name:23s_E.coli_domain6
seq_len:262
seq_name:srp_Clos.novy._CP000382
seq_len:231
seq_name:tRNA_tdbR00000169-Homo_sapiens-9606-Ile-GAU
seq_len:72
seq_name:srp_Trit.aest._CJ679223
seq_len:272
seq_name:5s_Sulfolobus-tokodaii-1
seq_len:126
seq_name:telomerase_AF221927.113-556
seq_len:444
seq_name:5s_Methanobrevibacter-ruminantium-1
seq_len:130
seq_name:RNaseP_U.urealyticum
seq_len:370
seq_name:grp1_a.I1.c.G.prostrata.C3.tLEU
seq_len:336
seq_name:tmRNA_Camp.fetu._AY211269_1-361
seq_len:361
seq_name:RNaseP_Synechocystis-PCC6803
seq_len:437
seq_name:tmRNA_uncu.bact._TRW-32033-1_1-354
seq_len:354
seq_name:5s_Buchnera-aphidicola-1
seq_len:115
seq_name:tRNA_tdbR00000364-Ascaris_suum-6253-Arg-ACG
seq_len:57
seq_name:5s_Lactococcus-lactis-2
seq_len:116
current processing 401/499
seq_name:RNaseP_D.radiodurans-g
seq_len:447
seq_name:tmRNA_Gemm.obsc._TRW-214688_1-412
seq_len:412
seq_name:5s_Meloidogyne-arenaria-2
seq_len:121
seq_name:tmRNA_Pelo.carb._CP000142_1-358
seq_len:358
seq_name:RNaseP_R.rubrum
seq_len:429
seq_name:tRNA_tdbR00000347-Enterobacteria_phage_T4-10665-Arg-NCU
seq_len:75
seq_name:srp_Rhod.balt._BX294144
seq_len:93
seq_name:RNaseP_S.versatilis
seq_len:286
seq_name:tmRNA_Bord.pert._TRW-257313_1-387
seq_len:387
seq_name:telomerase_AF221921.98-548
seq_len:451
seq_name:RNaseP_H.volcanii
seq_len:433
seq_name:tmRNA_Sacc.degr._CP000282_1-389
seq_len:389
seq_name:RNaseP_P.cultripes
seq_len:311
seq_name:RNaseP_R.prowazekii
seq_len:385
seq_name:RNaseP_P.strasburgensis
seq_len:314
seq_name:srp_Shig.flex._AE016979
seq_len:54
seq_name:tRNA_tdbR00000492-Rattus_norvegicus-10116-Trp-NCA
seq_len:70
seq_name:grp1_b.I1.e.M.anisopliae.3.C1.LSU.1921
seq_len:394
seq_name:5s_Wolbachia-pipientis-1
seq_len:107
seq_name:tRNA_tdbR00000210-Enterobacteria_phage_T5-10726-Leu-UAG
seq_len:85
seq_name:5s_Erythromicrobium-hydrolyticum-1
seq_len:120
seq_name:tRNA_tdbR00000366-Rattus_norvegicus-10116-Arg-UCG
seq_len:72
seq_name:RNaseP_M.pneumoniae
seq_len:369
seq_name:srp_Meth.ferv._S49762
seq_len:154
seq_name:grp1_a.I1.e.S.paniceum.UNK.SSU.1506
seq_len:259
seq_name:telomerase_AF221913.109-520
seq_len:412
seq_name:tRNA_tdbR00000522-Bos_taurus-9913-Ini-AU
seq_len:72
seq_name:tmRNA_Myxo.xant._TRW-34_1-366
seq_len:366
seq_name:grp1_a.I1.e.B.ciliata.JCM6865.C1.SSU.1506
seq_len:357
seq_name:RNaseP_L.weilii
seq_len:336
seq_name:tmRNA_Rumi.albu._TRW-246199_1-354
seq_len:354
seq_name:5s_Candidatus-Tremblaya-princeps-5
seq_len:117
seq_name:5s_Chlorobium-tepidum-1
seq_len:109
seq_name:RNaseP_A.telluris
seq_len:364
seq_name:RNaseP_T.pallidum
seq_len:340
seq_name:5s_Erythromicrobium-ezovicum-1
seq_len:120
seq_name:tRNA_tdbR00000194-Triticum_aestivum-4565-Lys-CUU
seq_len:76
seq_name:srp_Perk.mari._GSP-31276
seq_len:287
seq_name:telomerase_AF221910.112-554
seq_len:443
seq_name:5s_Chlorella-pyrenoidosa-1
seq_len:119
seq_name:RNaseP_Pseudoanabaena-PCC6903
seq_len:450
seq_name:telomerase_AF221936.98-540
seq_len:443
seq_name:tRNA_tdbR00000318-Salmonella_typhimurium-602-Pro-GGG
seq_len:77
seq_name:tRNA_tdbR00000621-Nicotiana_rustica-4093-Cys-GCA
seq_len:75
seq_name:RNaseP_Z.rouxii
seq_len:295
seq_name:23s_B.subtilis_domain6
seq_len:258
seq_name:5s_Methanosarcina-mazei-2
seq_len:129
seq_name:grp1_a.I1.e.C.merochlorophea.UNK.SSU.1210
seq_len:267
seq_name:tRNA_tdbR00000622-Nicotiana_rustica-4093-Cys-GCA
seq_len:75
seq_name:tmRNA_Rubr.gela._TRW-279263_1-372
seq_len:372
seq_name:tmRNA_Meso.viri._AF166114_1-359
seq_len:359
seq_name:tmRNA_Myco.gall._AE015450_1-408
seq_len:408
seq_name:5s_Halococcus-morrhuae-2
seq_len:125
seq_name:5s_Methanospirillum-hungatei-1
seq_len:126
seq_name:telomerase_AF221906.96-545
seq_len:450
seq_name:tmRNA_Bdel.bact._BX842656_1-346
seq_len:346
seq_name:telomerase_AF221934.121-565
seq_len:445
seq_name:5s_Roseococcus-thiosulfatophilus-1
seq_len:119
seq_name:RNaseP_T.syrichta
seq_len:286
seq_name:tmRNA_envi.sequ._TRW-356-1_1-289
seq_len:289
seq_name:5s_Candidatus-Phytoplasma-asteris-1
seq_len:109
seq_name:tmRNA_Acin.spec._CR543861_1-360
seq_len:360
seq_name:5s_Bacteroides-fragilis-5
seq_len:103
seq_name:grp1_a.I1.c.S.bicolor.C3.tLEU
seq_len:510
seq_name:tmRNA_Ther.teng._AE013063_1-351
seq_len:351
seq_name:grp1_a.I1.e.Staurastrum.sp.M753.C1.SSU.1506
seq_len:415
seq_name:5s_Xenopus-borealis-3
seq_len:120
seq_name:RNaseP_M.hyopneumoniae
seq_len:416
seq_name:tRNA_tdbR00000184-Asterias_amurensis-7602-Lys-CUU
seq_len:76
seq_name:telomerase_AF221939.99-544
seq_len:446
seq_name:5s_Thermotoga-sp.-3
seq_len:124
seq_name:grp1_a.I1.e.G.spirotaenia.C1.SSU.1506
seq_len:387
seq_name:5s_Rhodopirellula-baltica-1
seq_len:110
seq_name:grp1_a.I1.e.T.cosmopolitanis.C1.LSU.1925
seq_len:451
seq_name:tmRNA_Myco.myco._BX842642_1-411
seq_len:411
seq_name:5s_Ulva-pertusa-1
seq_len:120
seq_name:srp_Onch.volv._BF727619
seq_len:293
seq_name:tRNA_tdbR00000583-Aeropyrum_pernix-56636-Cys-GCA
seq_len:78
seq_name:telomerase_AF221923.106-554
seq_len:449
seq_name:tmRNA_Prev.rumi._TRW-264731_1-401
seq_len:401
seq_name:5s_Methanosarcina-vacuolata-1
seq_len:127
seq_name:telomerase_AF221926.103-507
seq_len:405
seq_name:tRNA_tdbR00000609-Chlamydomonas_reinhardtii-3055-Leu-UA7
seq_len:84
seq_name:tRNA_tdbR00000619-Toxoplasma_gondii-5811-Met-CAU
seq_len:73
seq_name:srp_Clav.lusi._GSP-306902
seq_len:274
seq_name:tmRNA_Neph.oliv._AF137379-2_1-327
seq_len:327
seq_name:RNaseP_S.lividans
seq_len:405
seq_name:telomerase_U85256.1-451
seq_len:451
seq_name:RNaseP_SMB-B2
seq_len:334
seq_name:srp_Tryp.viva._SDB-5699
seq_len:290
seq_name:tmRNA_Pseu.atla._CP000388_1-357
seq_len:357
seq_name:grp1_a.I1.e.C.ellipsoidea.211-1a.C1.SSU.1506
seq_len:479
seq_name:srp_Deba.hans._CR382138
seq_len:263
seq_name:grp1_a.I1.e.A.capsulatus.FLs1.C1.SSU
seq_len:428
seq_name:tRNA_tdbR00000189-Rattus_norvegicus-10116-Lys-NUU
seq_len:67
seq_name:5s_Mycoplasma-genitalium-1
seq_len:104
seq_name:tRNA_tdbR00000493-Bos_taurus-9913-Trp-NCA
seq_len:70
seq_name:tmRNA_Jako.libe._TRW-143017_1-102
seq_len:102
All_file_list:499
Save RNA test data to data/test.pick
use gpu: True
Loading file:  data/test.pick
Loading dataset Done!!!
train.len=499
FCDenseNet(
  (features): Sequential(
    (0): BasicConv2d(
      (conv): Conv2d(146, 64, kernel_size=(3, 3), stride=(1, 1), padding=(1, 1), bias=False)
      (bn): BatchNorm2d(64, eps=1e-05, momentum=0.1, affine=True, track_running_stats=True)
      (relu): ReLU(inplace=True)
    )
    (1): BasicConv2d(
      (conv): Conv2d(64, 32, kernel_size=(3, 3), stride=(1, 1), padding=(1, 1), bias=False)
      (bn): BatchNorm2d(32, eps=1e-05, momentum=0.1, affine=True, track_running_stats=True)
      (relu): ReLU(inplace=True)
    )
    (2): BasicConv2d(
      (conv): Conv2d(32, 16, kernel_size=(3, 3), stride=(1, 1), padding=(1, 1), bias=False)
      (bn): BatchNorm2d(16, eps=1e-05, momentum=0.1, affine=True, track_running_stats=True)
      (relu): ReLU(inplace=True)
    )
  )
  (down_dense): Module(
    (block_0): DenseBlock(16, 4*4+16=32)(
      (layer_0): DenseLayer(16, 4)(
        (norm): BatchNorm2d(16, eps=1e-05, momentum=0.1, affine=True, track_running_stats=True)
        (relu): ReLU(inplace=True)
        (conv): Conv2d(16, 4, kernel_size=(3, 3), stride=(1, 1), padding=(1, 1), bias=False)
      )
      (layer_1): DenseLayer(20, 4)(
        (norm): BatchNorm2d(20, eps=1e-05, momentum=0.1, affine=True, track_running_stats=True)
        (relu): ReLU(inplace=True)
        (conv): Conv2d(20, 4, kernel_size=(3, 3), stride=(1, 1), padding=(1, 1), bias=False)
      )
      (layer_2): DenseLayer(24, 4)(
        (norm): BatchNorm2d(24, eps=1e-05, momentum=0.1, affine=True, track_running_stats=True)
        (relu): ReLU(inplace=True)
        (conv): Conv2d(24, 4, kernel_size=(3, 3), stride=(1, 1), padding=(1, 1), bias=False)
      )
      (layer_3): DenseLayer(28, 4)(
        (norm): BatchNorm2d(28, eps=1e-05, momentum=0.1, affine=True, track_running_stats=True)
        (relu): ReLU(inplace=True)
        (conv): Conv2d(28, 4, kernel_size=(3, 3), stride=(1, 1), padding=(1, 1), bias=False)
      )
    )
    (block_1): DenseBlock(32, 4*8+32=64)(
      (layer_0): DenseLayer(32, 8)(
        (norm): BatchNorm2d(32, eps=1e-05, momentum=0.1, affine=True, track_running_stats=True)
        (relu): ReLU(inplace=True)
        (conv): Conv2d(32, 8, kernel_size=(3, 3), stride=(1, 1), padding=(1, 1), bias=False)
      )
      (layer_1): DenseLayer(40, 8)(
        (norm): BatchNorm2d(40, eps=1e-05, momentum=0.1, affine=True, track_running_stats=True)
        (relu): ReLU(inplace=True)
        (conv): Conv2d(40, 8, kernel_size=(3, 3), stride=(1, 1), padding=(1, 1), bias=False)
      )
      (layer_2): DenseLayer(48, 8)(
        (norm): BatchNorm2d(48, eps=1e-05, momentum=0.1, affine=True, track_running_stats=True)
        (relu): ReLU(inplace=True)
        (conv): Conv2d(48, 8, kernel_size=(3, 3), stride=(1, 1), padding=(1, 1), bias=False)
      )
      (layer_3): DenseLayer(56, 8)(
        (norm): BatchNorm2d(56, eps=1e-05, momentum=0.1, affine=True, track_running_stats=True)
        (relu): ReLU(inplace=True)
        (conv): Conv2d(56, 8, kernel_size=(3, 3), stride=(1, 1), padding=(1, 1), bias=False)
      )
    )
    (block_2): DenseBlock(64, 4*16+64=128)(
      (layer_0): DenseLayer(64, 16)(
        (norm): BatchNorm2d(64, eps=1e-05, momentum=0.1, affine=True, track_running_stats=True)
        (relu): ReLU(inplace=True)
        (conv): Conv2d(64, 16, kernel_size=(3, 3), stride=(1, 1), padding=(1, 1), bias=False)
      )
      (layer_1): DenseLayer(80, 16)(
        (norm): BatchNorm2d(80, eps=1e-05, momentum=0.1, affine=True, track_running_stats=True)
        (relu): ReLU(inplace=True)
        (conv): Conv2d(80, 16, kernel_size=(3, 3), stride=(1, 1), padding=(1, 1), bias=False)
      )
      (layer_2): DenseLayer(96, 16)(
        (norm): BatchNorm2d(96, eps=1e-05, momentum=0.1, affine=True, track_running_stats=True)
        (relu): ReLU(inplace=True)
        (conv): Conv2d(96, 16, kernel_size=(3, 3), stride=(1, 1), padding=(1, 1), bias=False)
      )
      (layer_3): DenseLayer(112, 16)(
        (norm): BatchNorm2d(112, eps=1e-05, momentum=0.1, affine=True, track_running_stats=True)
        (relu): ReLU(inplace=True)
        (conv): Conv2d(112, 16, kernel_size=(3, 3), stride=(1, 1), padding=(1, 1), bias=False)
      )
    )
    (block_3): DenseBlock(128, 4*32+128=256)(
      (layer_0): DenseLayer(128, 32)(
        (norm): BatchNorm2d(128, eps=1e-05, momentum=0.1, affine=True, track_running_stats=True)
        (relu): ReLU(inplace=True)
        (conv): Conv2d(128, 32, kernel_size=(3, 3), stride=(1, 1), padding=(1, 1), bias=False)
      )
      (layer_1): DenseLayer(160, 32)(
        (norm): BatchNorm2d(160, eps=1e-05, momentum=0.1, affine=True, track_running_stats=True)
        (relu): ReLU(inplace=True)
        (conv): Conv2d(160, 32, kernel_size=(3, 3), stride=(1, 1), padding=(1, 1), bias=False)
      )
      (layer_2): DenseLayer(192, 32)(
        (norm): BatchNorm2d(192, eps=1e-05, momentum=0.1, affine=True, track_running_stats=True)
        (relu): ReLU(inplace=True)
        (conv): Conv2d(192, 32, kernel_size=(3, 3), stride=(1, 1), padding=(1, 1), bias=False)
      )
      (layer_3): DenseLayer(224, 32)(
        (norm): BatchNorm2d(224, eps=1e-05, momentum=0.1, affine=True, track_running_stats=True)
        (relu): ReLU(inplace=True)
        (conv): Conv2d(224, 32, kernel_size=(3, 3), stride=(1, 1), padding=(1, 1), bias=False)
      )
    )
  )
  (down_trans): Module(
    (trans_0): TransitionDown(32, 32, dropout=0)(
      (norm): BatchNorm2d(32, eps=1e-05, momentum=0.1, affine=True, track_running_stats=True)
      (relu): ReLU(inplace=True)
      (conv): Conv2d(32, 32, kernel_size=(1, 1), stride=(1, 1), bias=False)
      (pool): MaxPool2d(kernel_size=2, stride=2, padding=0, dilation=1, ceil_mode=False)
    )
    (trans_1): TransitionDown(64, 64, dropout=0)(
      (norm): BatchNorm2d(64, eps=1e-05, momentum=0.1, affine=True, track_running_stats=True)
      (relu): ReLU(inplace=True)
      (conv): Conv2d(64, 64, kernel_size=(1, 1), stride=(1, 1), bias=False)
      (pool): MaxPool2d(kernel_size=2, stride=2, padding=0, dilation=1, ceil_mode=False)
    )
    (trans_2): TransitionDown(128, 128, dropout=0)(
      (norm): BatchNorm2d(128, eps=1e-05, momentum=0.1, affine=True, track_running_stats=True)
      (relu): ReLU(inplace=True)
      (conv): Conv2d(128, 128, kernel_size=(1, 1), stride=(1, 1), bias=False)
      (pool): MaxPool2d(kernel_size=2, stride=2, padding=0, dilation=1, ceil_mode=False)
    )
    (trans_3): TransitionDown(256, 256, dropout=0)(
      (norm): BatchNorm2d(256, eps=1e-05, momentum=0.1, affine=True, track_running_stats=True)
      (relu): ReLU(inplace=True)
      (conv): Conv2d(256, 256, kernel_size=(1, 1), stride=(1, 1), bias=False)
      (pool): MaxPool2d(kernel_size=2, stride=2, padding=0, dilation=1, ceil_mode=False)
    )
  )
  (middle): DenseBlock(256, 8*32+256=512)(
    (layer_0): DenseLayer(256, 32)(
      (norm): BatchNorm2d(256, eps=1e-05, momentum=0.1, affine=True, track_running_stats=True)
      (relu): ReLU(inplace=True)
      (conv): Conv2d(256, 32, kernel_size=(3, 3), stride=(1, 1), padding=(1, 1), bias=False)
    )
    (layer_1): DenseLayer(288, 32)(
      (norm): BatchNorm2d(288, eps=1e-05, momentum=0.1, affine=True, track_running_stats=True)
      (relu): ReLU(inplace=True)
      (conv): Conv2d(288, 32, kernel_size=(3, 3), stride=(1, 1), padding=(1, 1), bias=False)
    )
    (layer_2): DenseLayer(320, 32)(
      (norm): BatchNorm2d(320, eps=1e-05, momentum=0.1, affine=True, track_running_stats=True)
      (relu): ReLU(inplace=True)
      (conv): Conv2d(320, 32, kernel_size=(3, 3), stride=(1, 1), padding=(1, 1), bias=False)
    )
    (layer_3): DenseLayer(352, 32)(
      (norm): BatchNorm2d(352, eps=1e-05, momentum=0.1, affine=True, track_running_stats=True)
      (relu): ReLU(inplace=True)
      (conv): Conv2d(352, 32, kernel_size=(3, 3), stride=(1, 1), padding=(1, 1), bias=False)
    )
    (layer_4): DenseLayer(384, 32)(
      (norm): BatchNorm2d(384, eps=1e-05, momentum=0.1, affine=True, track_running_stats=True)
      (relu): ReLU(inplace=True)
      (conv): Conv2d(384, 32, kernel_size=(3, 3), stride=(1, 1), padding=(1, 1), bias=False)
    )
    (layer_5): DenseLayer(416, 32)(
      (norm): BatchNorm2d(416, eps=1e-05, momentum=0.1, affine=True, track_running_stats=True)
      (relu): ReLU(inplace=True)
      (conv): Conv2d(416, 32, kernel_size=(3, 3), stride=(1, 1), padding=(1, 1), bias=False)
    )
    (layer_6): DenseLayer(448, 32)(
      (norm): BatchNorm2d(448, eps=1e-05, momentum=0.1, affine=True, track_running_stats=True)
      (relu): ReLU(inplace=True)
      (conv): Conv2d(448, 32, kernel_size=(3, 3), stride=(1, 1), padding=(1, 1), bias=False)
    )
    (layer_7): DenseLayer(480, 32)(
      (norm): BatchNorm2d(480, eps=1e-05, momentum=0.1, affine=True, track_running_stats=True)
      (relu): ReLU(inplace=True)
      (conv): Conv2d(480, 32, kernel_size=(3, 3), stride=(1, 1), padding=(1, 1), bias=False)
    )
  )
  (up_dense): Module(
    (block_0): DenseBlock(256, 4*64=256)(
      (layer_0): DenseLayer(256, 64)(
        (norm): BatchNorm2d(256, eps=1e-05, momentum=0.1, affine=True, track_running_stats=True)
        (relu): ReLU(inplace=True)
        (conv): Conv2d(256, 64, kernel_size=(3, 3), stride=(1, 1), padding=(1, 1), bias=False)
      )
      (layer_1): DenseLayer(320, 64)(
        (norm): BatchNorm2d(320, eps=1e-05, momentum=0.1, affine=True, track_running_stats=True)
        (relu): ReLU(inplace=True)
        (conv): Conv2d(320, 64, kernel_size=(3, 3), stride=(1, 1), padding=(1, 1), bias=False)
      )
      (layer_2): DenseLayer(384, 64)(
        (norm): BatchNorm2d(384, eps=1e-05, momentum=0.1, affine=True, track_running_stats=True)
        (relu): ReLU(inplace=True)
        (conv): Conv2d(384, 64, kernel_size=(3, 3), stride=(1, 1), padding=(1, 1), bias=False)
      )
      (layer_3): DenseLayer(448, 64)(
        (norm): BatchNorm2d(448, eps=1e-05, momentum=0.1, affine=True, track_running_stats=True)
        (relu): ReLU(inplace=True)
        (conv): Conv2d(448, 64, kernel_size=(3, 3), stride=(1, 1), padding=(1, 1), bias=False)
      )
    )
    (block_1): DenseBlock(128, 4*32=128)(
      (layer_0): DenseLayer(128, 32)(
        (norm): BatchNorm2d(128, eps=1e-05, momentum=0.1, affine=True, track_running_stats=True)
        (relu): ReLU(inplace=True)
        (conv): Conv2d(128, 32, kernel_size=(3, 3), stride=(1, 1), padding=(1, 1), bias=False)
      )
      (layer_1): DenseLayer(160, 32)(
        (norm): BatchNorm2d(160, eps=1e-05, momentum=0.1, affine=True, track_running_stats=True)
        (relu): ReLU(inplace=True)
        (conv): Conv2d(160, 32, kernel_size=(3, 3), stride=(1, 1), padding=(1, 1), bias=False)
      )
      (layer_2): DenseLayer(192, 32)(
        (norm): BatchNorm2d(192, eps=1e-05, momentum=0.1, affine=True, track_running_stats=True)
        (relu): ReLU(inplace=True)
        (conv): Conv2d(192, 32, kernel_size=(3, 3), stride=(1, 1), padding=(1, 1), bias=False)
      )
      (layer_3): DenseLayer(224, 32)(
        (norm): BatchNorm2d(224, eps=1e-05, momentum=0.1, affine=True, track_running_stats=True)
        (relu): ReLU(inplace=True)
        (conv): Conv2d(224, 32, kernel_size=(3, 3), stride=(1, 1), padding=(1, 1), bias=False)
      )
    )
    (block_2): DenseBlock(64, 4*16=64)(
      (layer_0): DenseLayer(64, 16)(
        (norm): BatchNorm2d(64, eps=1e-05, momentum=0.1, affine=True, track_running_stats=True)
        (relu): ReLU(inplace=True)
        (conv): Conv2d(64, 16, kernel_size=(3, 3), stride=(1, 1), padding=(1, 1), bias=False)
      )
      (layer_1): DenseLayer(80, 16)(
        (norm): BatchNorm2d(80, eps=1e-05, momentum=0.1, affine=True, track_running_stats=True)
        (relu): ReLU(inplace=True)
        (conv): Conv2d(80, 16, kernel_size=(3, 3), stride=(1, 1), padding=(1, 1), bias=False)
      )
      (layer_2): DenseLayer(96, 16)(
        (norm): BatchNorm2d(96, eps=1e-05, momentum=0.1, affine=True, track_running_stats=True)
        (relu): ReLU(inplace=True)
        (conv): Conv2d(96, 16, kernel_size=(3, 3), stride=(1, 1), padding=(1, 1), bias=False)
      )
      (layer_3): DenseLayer(112, 16)(
        (norm): BatchNorm2d(112, eps=1e-05, momentum=0.1, affine=True, track_running_stats=True)
        (relu): ReLU(inplace=True)
        (conv): Conv2d(112, 16, kernel_size=(3, 3), stride=(1, 1), padding=(1, 1), bias=False)
      )
    )
    (block_3): DenseBlock(32, 4*8=32)(
      (layer_0): DenseLayer(32, 8)(
        (norm): BatchNorm2d(32, eps=1e-05, momentum=0.1, affine=True, track_running_stats=True)
        (relu): ReLU(inplace=True)
        (conv): Conv2d(32, 8, kernel_size=(3, 3), stride=(1, 1), padding=(1, 1), bias=False)
      )
      (layer_1): DenseLayer(40, 8)(
        (norm): BatchNorm2d(40, eps=1e-05, momentum=0.1, affine=True, track_running_stats=True)
        (relu): ReLU(inplace=True)
        (conv): Conv2d(40, 8, kernel_size=(3, 3), stride=(1, 1), padding=(1, 1), bias=False)
      )
      (layer_2): DenseLayer(48, 8)(
        (norm): BatchNorm2d(48, eps=1e-05, momentum=0.1, affine=True, track_running_stats=True)
        (relu): ReLU(inplace=True)
        (conv): Conv2d(48, 8, kernel_size=(3, 3), stride=(1, 1), padding=(1, 1), bias=False)
      )
      (layer_3): DenseLayer(56, 8)(
        (norm): BatchNorm2d(56, eps=1e-05, momentum=0.1, affine=True, track_running_stats=True)
        (relu): ReLU(inplace=True)
        (conv): Conv2d(56, 8, kernel_size=(3, 3), stride=(1, 1), padding=(1, 1), bias=False)
      )
    )
  )
  (up_trans): Module(
    (trans_0): TransitionUp([256, 256] -> 256))(
      (upconv): Sequential(
        (0): Upsample(scale_factor=2.0, mode=nearest)
        (1): Conv2d(512, 256, kernel_size=(3, 3), stride=(1, 1), padding=(1, 1))
        (2): BatchNorm2d(256, eps=1e-05, momentum=0.1, affine=True, track_running_stats=True)
        (3): ReLU(inplace=True)
      )
      (concat): Concatenate()
    )
    (trans_1): TransitionUp([128, 128] -> 128))(
      (upconv): Sequential(
        (0): Upsample(scale_factor=2.0, mode=nearest)
        (1): Conv2d(256, 128, kernel_size=(3, 3), stride=(1, 1), padding=(1, 1))
        (2): BatchNorm2d(128, eps=1e-05, momentum=0.1, affine=True, track_running_stats=True)
        (3): ReLU(inplace=True)
      )
      (concat): Concatenate()
    )
    (trans_2): TransitionUp([64, 64] -> 64))(
      (upconv): Sequential(
        (0): Upsample(scale_factor=2.0, mode=nearest)
        (1): Conv2d(128, 64, kernel_size=(3, 3), stride=(1, 1), padding=(1, 1))
        (2): BatchNorm2d(64, eps=1e-05, momentum=0.1, affine=True, track_running_stats=True)
        (3): ReLU(inplace=True)
      )
      (concat): Concatenate()
    )
    (trans_3): TransitionUp([32, 32] -> 32))(
      (upconv): Sequential(
        (0): Upsample(scale_factor=2.0, mode=nearest)
        (1): Conv2d(64, 32, kernel_size=(3, 3), stride=(1, 1), padding=(1, 1))
        (2): BatchNorm2d(32, eps=1e-05, momentum=0.1, affine=True, track_running_stats=True)
        (3): ReLU(inplace=True)
      )
      (concat): Concatenate()
    )
  )
  (final): Conv2d(32, 1, kernel_size=(1, 1), stride=(1, 1))
  (Norm): BatchNorm2d(1, eps=1e-05, momentum=0.1, affine=True, track_running_stats=True)
)
----------
Epoch 100/150
----------
Phase train...
Train data:499
/home/gkulemeyer/Repos/REDFold/exec1/redfold/fold/data_generator.py:53: VisibleDeprecationWarning: Creating an ndarray from ragged nested sequences (which is a list-or-tuple of lists-or-tuples-or ndarrays with different lengths or shapes) is deprecated. If you meant to do this, you must specify 'dtype=object' when creating the ndarray.
  self.seq_hot= np.array([instance[2] for instance in self.data])
/home/gkulemeyer/Repos/REDFold/exec1/redfold/fold/data_generator.py:54: VisibleDeprecationWarning: Creating an ndarray from ragged nested sequences (which is a list-or-tuple of lists-or-tuples-or ndarrays with different lengths or shapes) is deprecated. If you meant to do this, you must specify 'dtype=object' when creating the ndarray.
  self.data_y= np.array([instance[3] for instance in self.data])
/home/gkulemeyer/Repos/REDFold/exec1/redfold/fold/data_generator.py:55: VisibleDeprecationWarning: Creating an ndarray from ragged nested sequences (which is a list-or-tuple of lists-or-tuples-or ndarrays with different lengths or shapes) is deprecated. If you meant to do this, you must specify 'dtype=object' when creating the ndarray.
  self.data_x= np.array([instance[4] for instance in self.data])
/home/gkulemeyer/Repos/REDFold/exec1/redfold/fold/data_generator.py:56: VisibleDeprecationWarning: Creating an ndarray from ragged nested sequences (which is a list-or-tuple of lists-or-tuples-or ndarrays with different lengths or shapes) is deprecated. If you meant to do this, you must specify 'dtype=object' when creating the ndarray.
  self.data_z= np.array([instance[5] for instance in self.data])
Epoch Loss:0.0665
----------
Epoch 101/150
----------
Phase train...
Train data:499
Epoch Loss:0.0677
----------
Epoch 102/150
----------
Phase train...
Train data:499
Epoch Loss:0.0662
----------
Epoch 103/150
----------
Phase train...
Train data:499
Epoch Loss:0.0660
----------
Epoch 104/150
----------
Phase train...
Train data:499
Epoch Loss:0.0655
----------
Epoch 105/150
----------
Phase train...
Train data:499
Epoch Loss:0.0699
----------
Epoch 106/150
----------
Phase train...
Train data:499
Epoch Loss:0.0701
----------
Epoch 107/150
----------
Phase train...
Train data:499
Epoch Loss:0.0654
----------
Epoch 108/150
----------
Phase train...
Train data:499
Epoch Loss:0.0640
----------
Epoch 109/150
----------
Phase train...
Train data:499
Epoch Loss:0.0639
----------
Epoch 110/150
----------
Phase train...
Train data:499
Epoch Loss:0.0686
----------
Epoch 111/150
----------
Phase train...
Train data:499
Epoch Loss:0.0719
----------
Epoch 112/150
----------
Phase train...
Train data:499
Epoch Loss:0.0745
----------
Epoch 113/150
----------
Phase train...
Train data:499
Epoch Loss:0.0657
----------
Epoch 114/150
----------
Phase train...
Train data:499
Epoch Loss:0.0635
----------
Epoch 115/150
----------
Phase train...
Train data:499
Epoch Loss:0.0626
----------
Epoch 116/150
----------
Phase train...
Train data:499
Epoch Loss:0.0621
----------
Epoch 117/150
----------
Phase train...
Train data:499
Epoch Loss:0.0617
----------
Epoch 118/150
----------
Phase train...
Train data:499
Epoch Loss:0.0620
----------
Epoch 119/150
----------
Phase train...
Train data:499
Epoch Loss:0.0758
----------
Epoch 120/150
----------
Phase train...
Train data:499
Epoch Loss:0.0702
----------
Epoch 121/150
----------
Phase train...
Train data:499
Epoch Loss:0.0652
----------
Epoch 122/150
----------
Phase train...
Train data:499
Epoch Loss:0.0633
----------
Epoch 123/150
----------
Phase train...
Train data:499
Epoch Loss:0.0626
----------
Epoch 124/150
----------
Phase train...
Train data:499
Epoch Loss:0.0703
----------
Epoch 125/150
----------
Phase train...
Train data:499
Epoch Loss:0.0689
----------
Epoch 126/150
----------
Phase train...
Train data:499
Epoch Loss:0.0664
----------
Epoch 127/150
----------
Phase train...
Train data:499
Epoch Loss:0.0673
----------
Epoch 128/150
----------
Phase train...
Train data:499
Epoch Loss:0.0689
----------
Epoch 129/150
----------
Phase train...
Train data:499
Epoch Loss:0.0648
----------
Epoch 130/150
----------
Phase train...
Train data:499
Epoch Loss:0.0631
----------
Epoch 131/150
----------
Phase train...
Train data:499
Epoch Loss:0.0622
----------
Epoch 132/150
----------
Phase train...
Train data:499
Epoch Loss:0.0623
----------
Epoch 133/150
----------
Phase train...
Train data:499
Epoch Loss:0.0627
----------
Epoch 134/150
----------
Phase train...
Train data:499
Epoch Loss:0.0647
----------
Epoch 135/150
----------
Phase train...
Train data:499
Epoch Loss:0.0705
----------
Epoch 136/150
----------
Phase train...
Train data:499
Epoch Loss:0.0678
----------
Epoch 137/150
----------
Phase train...
Train data:499
Epoch Loss:0.0668
----------
Epoch 138/150
----------
Phase train...
Train data:499
Epoch Loss:0.0641
----------
Epoch 139/150
----------
Phase train...
Train data:499
Epoch Loss:0.0624
----------
Epoch 140/150
----------
Phase train...
Train data:499
Epoch Loss:0.0618
----------
Epoch 141/150
----------
Phase train...
Train data:499
Epoch Loss:0.0614
----------
Epoch 142/150
----------
Phase train...
Train data:499
Epoch Loss:0.0615
----------
Epoch 143/150
----------
Phase train...
Train data:499
Epoch Loss:0.0676
----------
Epoch 144/150
----------
Phase train...
Train data:499
Epoch Loss:0.0681
----------
Epoch 145/150
----------
Phase train...
Train data:499
Epoch Loss:0.0658
----------
Epoch 146/150
----------
Phase train...
Train data:499
Epoch Loss:0.0635
----------
Epoch 147/150
----------
Phase train...
Train data:499
Epoch Loss:0.0636
----------
Epoch 148/150
----------
Phase train...
Train data:499
Epoch Loss:0.0640
----------
Epoch 149/150
----------
Phase train...
Train data:499
Epoch Loss:0.0637
Saving model to data/mod_redense_150.pt
train finish.
