seq_name:RNaseP_S.octosporus
seq_len:281
current processing 1/1432
seq_name:tRNA_tdbR00000383-Haloferax_volcanii-2246-Ser-GGA
seq_len:84
seq_name:srp_Picr.torr._AE017261
seq_len:309
seq_name:tRNA_tdbR00000361-Saccharomyces_cerevisiae-4932-Arg-ACG
seq_len:74
seq_name:5s_Paramecium-tetraurelia-1
seq_len:120
seq_name:srp_Haem.infl._CP000671
seq_len:87
seq_name:tRNA_tdbR00000219-Bacillus_subtilis-1423-Leu-CAG
seq_len:87
seq_name:RNaseP_LGA1
seq_len:339
seq_name:5s_Paracoccus-denitrificans-1
seq_len:117
seq_name:srp_Leis.guya._AY722728
seq_len:137
seq_name:5s_Samia-cynthia-ricini-1
seq_len:120
seq_name:srp_Bdel.bact._BX842656
seq_len:56
seq_name:tRNA_tdbR00000607-Lupinus_luteus-3873-Leu-IAG
seq_len:85
seq_name:srp_Legi.pneu._CR628337
seq_len:118
seq_name:RNaseP_S.typhi
seq_len:374
seq_name:tRNA_tdbR00000045-Escherichia_coli-562-Glu-SUC
seq_len:76
seq_name:5s_Bursaphelenchus-xylophilus-1
seq_len:119
seq_name:srp_Thal.pseu._GSP-296543
seq_len:96
seq_name:RNaseP_SM-A05
seq_len:302
seq_name:5s_Andrias-davidianus-1
seq_len:121
seq_name:RNaseP_E.faecalis
seq_len:331
seq_name:tRNA_tdbR00000019-Mycoplasma_capricolum-2095-Cys-GCA
seq_len:75
seq_name:tRNA_tdbR00000190-Bos_taurus-9913-Lys-NUU
seq_len:70
seq_name:grp1_a.I1.e.L.dispersa.UNK.SSU.1210
seq_len:221
seq_name:tRNA_tdbR00000234-Spinacia_oleracea-3562-Leu-UA7
seq_len:83
seq_name:srp_Enta.hist._AF487684
seq_len:210
seq_name:grp1_a.I1.e.A.adeninivorans.C1.LSU.2449
seq_len:450
seq_name:tRNA_tdbR00000466-Saccharomyces_cerevisiae-4932-Val-AC
seq_len:77
seq_name:tRNA_tdbR00000512-Mycobacterium_smegmatis-1772-Ini-CAU
seq_len:77
seq_name:srp_Medi.trun._AC136507-2
seq_len:263
seq_name:tRNA_tdbR00000042-Haloferax_volcanii-2246-Glu-MUC
seq_len:78
seq_name:srp_Plas.reic._GSP-5854
seq_len:312
seq_name:tRNA_tdbR00000398-Ascaris_suum-6253-Ser-UCU
seq_len:54
seq_name:tRNA_tdbR00000392-Escherichia_coli-562-Ser-GGA
seq_len:88
seq_name:tRNA_tdbR00000618-Candida_albicans-5476-Leu-CAG
seq_len:85
seq_name:RNaseP_SLC
seq_len:243
seq_name:srp_Arab.thal._AC005311
seq_len:305
seq_name:tRNA_tdbR00000518-Saccharomyces_cerevisiae-4932-Ini-CAU
seq_len:76
seq_name:RNaseP_C.muridarum-g
seq_len:395
seq_name:5s_Ureaplasma-urealyticum-3
seq_len:104
seq_name:tRNA_tdbR00000485-Nicotiana_tabacum-4097-Trp-BCA
seq_len:77
seq_name:RNaseP_S.carlsbergensis
seq_len:359
seq_name:RNaseP_purpleX
seq_len:300
seq_name:5s_Methylococcus-capsulatus-3
seq_len:118
seq_name:srp_Vibr.fisc._CP000020
seq_len:111
seq_name:srp_Aero.pern._BA000002
seq_len:304
seq_name:srp_Humu.lupu._AJ236706
seq_len:299
seq_name:tRNA_tdbR00000419-Nicotiana_rustica-4093-Ser-IGA
seq_len:85
seq_name:5s_Helicobacter-pylori-3
seq_len:135
seq_name:5s_Natrialba-magadii-1
seq_len:125
seq_name:tRNA_tdbR00000418-Nicotiana_rustica-4093-Ser-IGA
seq_len:85
seq_name:5s_Fusarium-culmorum-6
seq_len:119
seq_name:tRNA_tdbR00000034-Mesocricetus_auratus-10036-Asp-GUC
seq_len:71
seq_name:5s_Vitreoscilla-stercoraria-1
seq_len:118
seq_name:tRNA_tdbR00000504-Mycoplasma_capricolum-2095-Ini-CAU
seq_len:76
seq_name:tRNA_tdbR00000263-Rattus_norvegicus-10116-Leu-AA
seq_len:86
seq_name:telomerase_AF221919.107-614
seq_len:508
seq_name:5s_Halorubrum-terrestre-2
seq_len:122
seq_name:5s_uncultured-euryarchaeote-37F11-1
seq_len:122
seq_name:tRNA_tdbR00000541-Haloferax_volcanii-2246-Tyr-GUA
seq_len:77
seq_name:RNaseP_T.luteus
seq_len:307
seq_name:srp_Chla.trac._AE001298
seq_len:102
seq_name:5s_Meloidogyne-artiellia-1
seq_len:118
seq_name:srp_Myco.spec._CP000580
seq_len:104
seq_name:RNaseP_LGW17
seq_len:411
seq_name:srp_Porp.yezo._AP006715
seq_len:108
seq_name:tRNA_tdbR00000170-Saccharomyces_cerevisiae-4932-Ile-IAU
seq_len:77
seq_name:tRNA_tdbR00000055-Schizosaccharomyces_pombe-4896-Glu-3UC
seq_len:75
seq_name:srp_Call.jacc._GSP-9483
seq_len:302
seq_name:grp1_a.I1.m.S.pombe.B1.OX1
seq_len:343
seq_name:srp_Baci.thur._D11412
seq_len:271
seq_name:RNaseP_ESH26-4
seq_len:281
seq_name:srp_Thei.parv._GSP-333668
seq_len:280
seq_name:RNaseP_CPA62
seq_len:354
seq_name:tRNA_tdbR00000313-Haloferax_volcanii-2246-Pro-UGG
seq_len:76
seq_name:RNaseP_K.thermotolerans
seq_len:219
seq_name:RNaseP_C.sporogenes
seq_len:302
seq_name:5s_Bacillus-cereus-10
seq_len:124
seq_name:5s_Sphingomonas-ursincola-1
seq_len:118
seq_name:tRNA_tdbR00000391-Escherichia_coli-562-Ser-GCU
seq_len:93
seq_name:srp_Volv.cart._GSP-51971-2
seq_len:290
seq_name:5s_Chlorobium-limicola-1
seq_len:111
seq_name:5s_Cryptococcus-neoformans-2
seq_len:117
seq_name:5s_Neurospora-crassa-12
seq_len:120
seq_name:RNaseP_ESH30-3
seq_len:318
seq_name:RNaseP_PS4
seq_len:297
seq_name:5s_Proasellus-coxalis-1
seq_len:120
seq_name:RNaseP_S.caesia-SB22
seq_len:339
seq_name:5s_Sulfurococcus-mirabilis-1
seq_len:124
seq_name:tRNA_tdbR00000074-Tetrahymena_pyriformis-5908-Phe-GAA
seq_len:76
seq_name:tRNA_tdbR00000267-Bos_taurus-9913-Leu-IAG
seq_len:85
seq_name:srp_Clos.ther._CP000568
seq_len:175
seq_name:srp_Heli.pylo._AE000511
seq_len:103
seq_name:RNaseP_LGA8
seq_len:339
seq_name:tRNA_tdbR00000135-Homo_sapiens-9606-Gly-CCC
seq_len:74
seq_name:16s_P.staleyi_domain4
seq_len:147
seq_name:srp_Cocc.posa._GSP-222929
seq_len:326
seq_name:grp1_a.I1.e.S.sclerotiorum_1837.C1.LSU.798
seq_len:371
seq_name:srp_Chlo.tepi._AE006470
seq_len:106
seq_name:RNaseP_B.bufo
seq_len:397
seq_name:srp_Dein.radi._AE000513
seq_len:106
current processing 101/1432
seq_name:RNaseP_P.alcalifaciens
seq_len:301
seq_name:5s_Haloarcula-marismortui-1
seq_len:122
seq_name:tRNA_tdbR00000138-Haloferax_volcanii-2246-His-GUG
seq_len:77
seq_name:srp_Taen.gutt._CK235759
seq_len:270
seq_name:srp_Psyc.arct._CP000082
seq_len:116
seq_name:tRNA_tdbR00000171-Pichia_jadinii-4903-Ile-IAU
seq_len:77
seq_name:srp_Ferr.acid._GSP-333146
seq_len:316
seq_name:tRNA_tdbR00000611-Sinorhizobium_meliloti-382-His-GUG
seq_len:77
seq_name:RNaseP_F.mortiferum
seq_len:285
seq_name:5s_Xenopus-tropicalis-2
seq_len:121
seq_name:srp_Trop.whip._AE016852
seq_len:105
seq_name:tRNA_tdbR00000462-Rattus_norvegicus-10116-Val-UAC
seq_len:72
seq_name:23s_E.coli_domain4
seq_len:364
seq_name:5s_Juniperus-media-1
seq_len:120
seq_name:RNaseP_R.americana-mito
seq_len:312
seq_name:tRNA_tdbR00000127-Halocynthia_roretzi-7729-Gly-UCU
seq_len:65
seq_name:srp_Geob.ther._CP000557
seq_len:266
seq_name:srp_Gald.sulp._GSP-130081
seq_len:299
seq_name:tRNA_tdbR00000235-Neurospora_crassa-5141-Leu-NAA
seq_len:85
seq_name:5s_Nitella-flexilis-1
seq_len:121
seq_name:5s_Solemya-velum-1
seq_len:120
seq_name:srp_Sulf.toko._BA000023
seq_len:308
seq_name:5s_Tremella-mesenterica-2
seq_len:118
seq_name:RNaseP_SM-A1726
seq_len:338
seq_name:RNaseP_Prochlorococcus-NATL2
seq_len:323
seq_name:16s_M.polymorpha_domain2
seq_len:354
seq_name:tRNA_tdbR00000113-Streptomyces_coelicolor_A32-100226-Gly-CCC
seq_len:74
seq_name:23s_S.aureus_domain6
seq_len:255
seq_name:23s_B.subtilis_domain4
seq_len:348
seq_name:srp_Myco.capr._S67588
seq_len:81
seq_name:5s_Rickettsia-prowazekii-1
seq_len:119
seq_name:srp_Myco.myco._BX842642
seq_len:96
seq_name:grp1_s.I1.e.T.thermophila.C1.LSU.1925.schem
seq_len:506
seq_name:5s_Methanolobus-tindarius-2
seq_len:128
seq_name:RNaseP_C.pneumoniae
seq_len:336
seq_name:srp_Giar.lamb._GSP-184922
seq_len:170
seq_name:tRNA_tdbR00000557-Pichia_jadinii-4903-Tyr-GPA
seq_len:78
seq_name:5s_Sterkiella-nova-1
seq_len:120
seq_name:5s_Bacillus-firmus-1
seq_len:116
seq_name:tRNA_tdbR00000483-Bacillus_subtilis-1423-Trp-CCA
seq_len:74
seq_name:tRNA_tdbR00000225-Synechococcus_elongatus_PCC_6301-269084-Leu-CAA
seq_len:87
seq_name:5s_Candidatus-Tremblaya-princeps-2
seq_len:117
seq_name:srp_Heli.pylo._AE001441
seq_len:103
seq_name:5s_Bifidobacterium-longum-3
seq_len:120
seq_name:tRNA_tdbR00000330-Haloferax_volcanii-2246-Gln-MUG
seq_len:76
seq_name:5s_Methanothermobacter-thermautotrophicus-7
seq_len:131
seq_name:5s_Halorubrum-distributum-3
seq_len:121
seq_name:RNaseP_I.calvum
seq_len:289
seq_name:tRNA_tdbR00000422-Rattus_norvegicus-10116-Ser-GCU
seq_len:85
seq_name:srp_Chla.pneu._AE002198
seq_len:104
seq_name:RNaseP_E.eschscholtzii-1
seq_len:326
seq_name:5s_Lactobacillus-delbrueckii-1
seq_len:117
seq_name:5s_Vibrio-adaptatus-1
seq_len:121
seq_name:tRNA_tdbR00000105-Halobacterium_salinarum-2242-Gly-GCC
seq_len:74
seq_name:srp_Phae.nodo._GSP-321614
seq_len:264
seq_name:tRNA_tdbR00000420-Spinacia_oleracea-3562-Ser-IGA
seq_len:85
seq_name:RNaseP_P.fluorescens
seq_len:354
seq_name:srp_Myco.mobi._AE017308
seq_len:91
seq_name:srp_Ther.petr._CP000702
seq_len:117
seq_name:5s_Archaeoglobus-fulgidus-1
seq_len:124
seq_name:tRNA_tdbR00000566-Homo_sapiens-9606-Tyr-9PA
seq_len:76
seq_name:srp_Cand.trop._GSP-294747
seq_len:266
seq_name:srp_Stre.pyog._AM295007
seq_len:57
seq_name:srp_Clos.acet._AE001437
seq_len:262
seq_name:tRNA_tdbR00000411-Candida_cylindracea-44322-Ser-IGA
seq_len:85
seq_name:srp_Plas.gall._GSP-5849
seq_len:310
seq_name:5s_Oryza-sativa-2
seq_len:119
seq_name:grp1_a.I1.e.S.paniceum.UNK.SSU.114
seq_len:210
seq_name:srp_Ajel.caps._CV620298
seq_len:158
seq_name:srp_Meth.volt._M22560
seq_len:306
seq_name:RNaseP_M.phosphovorus-JCM9379
seq_len:305
seq_name:srp_Ther.acid._AL445063
seq_len:317
seq_name:5s_Pedinomonas-minor-1
seq_len:120
seq_name:RNaseP_N.fulvus-KCTC9580
seq_len:308
seq_name:srp_Arch.fulg._X17237
seq_len:310
seq_name:srp_Synt.wolf._CP000448
seq_len:65
seq_name:srp_Meth.jann._L77117
seq_len:330
seq_name:tRNA_tdbR00000503-Thermoplasma_acidophilum-2303-Ini-CAU
seq_len:77
seq_name:RNaseP_SM-A6090
seq_len:292
seq_name:grp1_b.I1.e.T.thermophila.C1.LSU.1925
seq_len:506
seq_name:tRNA_tdbR00000613-Nanoarchaeum_equitans-160232-Glu-CUC
seq_len:78
seq_name:RNaseP_A.laidlawii
seq_len:316
seq_name:RNaseP_T.aquaticus
seq_len:394
seq_name:tRNA_tdbR00000616-Nanoarchaeum_equitans-160232-Lys-CUU
seq_len:78
seq_name:srp_Plas.yoel._GSP-352914
seq_len:304
seq_name:grp1_a.I1.e.C.merochlorophea.UNK.SSU.1389
seq_len:265
seq_name:tRNA_tdbR00000292-Haloferax_volcanii-2246-Asn-GUU
seq_len:76
seq_name:RNaseP_CPA54
seq_len:294
seq_name:5s_Bacteroides-thetaiotaomicron-1
seq_len:111
seq_name:srp_Leis.majo._AY722715
seq_len:137
seq_name:tRNA_tdbR00000290-Enterobacteria_phage_T5-10726-Asn-GUU
seq_len:77
seq_name:tRNA_tdbR00000469-Rattus_norvegicus-10116-Val-IAC
seq_len:77
seq_name:5s_Rhodobacter-sphaeroides-3
seq_len:116
seq_name:telomerase_AF221912.98-564
seq_len:467
seq_name:srp_Nitr.euro._BX321857
seq_len:96
seq_name:RNaseP_Wolbachia-sp
seq_len:348
seq_name:srp_Oxyt.trif._GSP-99928
seq_len:304
seq_name:RNaseP_P.abyssi
seq_len:330
seq_name:RNaseP_SM-A5179
seq_len:335
seq_name:tRNA_tdbR00000425-Drosophila_melanogaster-7227-Ser-IGA
seq_len:85
current processing 201/1432
seq_name:RNaseP_SM-A1214
seq_len:293
seq_name:srp_Chla.trac._CP000051
seq_len:106
seq_name:5s_Geobacillus-stearothermophilus-4
seq_len:119
seq_name:RNaseP_M.genitalium
seq_len:384
seq_name:srp_Pich.guil._GSP-294746
seq_len:255
seq_name:5s_Shigella-flexneri-2
seq_len:119
seq_name:RNaseP_N.olivacea-chloroplast
seq_len:398
seq_name:5s_Listeria-monocytogenes-3
seq_len:114
seq_name:tRNA_tdbR00000348-Halobacterium_salinarum-2242-Arg-GCG
seq_len:76
seq_name:tRNA_tdbR00000149-Homo_sapiens-9606-His-GUG
seq_len:76
seq_name:RNaseP_SM-A4674
seq_len:307
seq_name:5s_Paracentrotus-lividus-2
seq_len:121
seq_name:5s_Methanothermobacter-thermautotrophicus-5
seq_len:124
seq_name:tRNA_tdbR00000052-Aedes_albopictus-7160-Glu-NUC
seq_len:69
seq_name:RNaseP_ESH210B
seq_len:327
seq_name:RNaseP_ESH7-4
seq_len:356
seq_name:telomerase_AF221929.92-517
seq_len:426
seq_name:tRNA_tdbR00000333-Escherichia_coli-562-Gln-NUG
seq_len:75
seq_name:tRNA_tdbR00000136-Homo_sapiens-9606-Gly-GCC
seq_len:74
seq_name:RNaseP_SM-A2743
seq_len:331
seq_name:RNaseP_S.epidermidis
seq_len:401
seq_name:5s_Saprospira-grandis-1
seq_len:121
seq_name:RNaseP_B.megaterium
seq_len:408
seq_name:tRNA_tdbR00000335-Nicotiana_rustica-4093-Gln-NUG
seq_len:75
seq_name:srp_Unci.rees._GSP-336963
seq_len:299
seq_name:RNaseP_S.uvarum
seq_len:369
seq_name:RNaseP_SM-A2033
seq_len:304
seq_name:srp_Humu.lupu._X65984
seq_len:307
seq_name:tRNA_tdbR00000565-Bos_taurus-9913-Tyr-9PA
seq_len:77
seq_name:RNaseP_S.solfataricus
seq_len:259
seq_name:RNaseP_M.luteus
seq_len:325
seq_name:RNaseP_Prochlorococcus-PAC1A
seq_len:333
seq_name:tRNA_tdbR00000368-Mesocricetus_auratus-10036-Arg-UCG
seq_len:71
seq_name:tRNA_tdbR00000424-Drosophila_melanogaster-7227-Ser-GCU
seq_len:85
seq_name:RNaseP_Synechocystis-PCC6308
seq_len:320
seq_name:tRNA_tdbR00000089-Brassica_napus-3708-Phe-AA
seq_len:76
seq_name:grp1_a.I1.e.C.grayi.UNK.SSU.1046
seq_len:283
seq_name:tRNA_tdbR00000252-Pichia_jadinii-4903-Leu-BAA
seq_len:85
seq_name:srp_Pich.stip._CP000502
seq_len:98
seq_name:5s_Sporosarcina-ureae-1
seq_len:116
seq_name:srp_Baci.brev._D14472
seq_len:275
seq_name:tRNA_tdbR00000550-Neurospora_crassa-5141-Tyr-GUA
seq_len:90
seq_name:srp_Yers.pseu._BX936398
seq_len:103
seq_name:5s_Bacteroides-capillosus-1
seq_len:115
seq_name:RNaseP_X.fastidiosa
seq_len:359
seq_name:5s_Neurospora-crassa-11
seq_len:120
seq_name:tRNA_tdbR00000212-Haloferax_volcanii-2246-Leu-CAG
seq_len:88
seq_name:RNaseP_CPA58
seq_len:379
seq_name:tRNA_tdbR00000534-Euphausia_superba-6819-Ini-CAU
seq_len:75
seq_name:RNaseP_S.gordonii
seq_len:382
seq_name:srp_Meth.ther._X15364
seq_len:310
seq_name:5s_Loofah-witches-broom-phytoplasma-1
seq_len:113
seq_name:grp1_a.I1.e.T.pigmentosa.C1.LSU.1925
seq_len:451
seq_name:16s_H.volcanii_domain3
seq_len:490
seq_name:tRNA_tdbR00000465-Saccharomyces_cerevisiae-4932-Val-CAC
seq_len:76
seq_name:5s_Limulus-polyphemus-1
seq_len:120
seq_name:srp_Shig.flex._CP000266
seq_len:28
seq_name:tRNA_tdbR00000079-Rattus_norvegicus-10116-Phe-GAA
seq_len:71
seq_name:srp_Cion.inte._BW088710
seq_len:269
seq_name:srp_Sene.crue._SDB-189209
seq_len:302
seq_name:tRNA_tdbR00000117-Escherichia_coli-562-Gly-CCC
seq_len:74
seq_name:tRNA_tdbR00000475-Mus_musculus-10090-Val-IAC
seq_len:76
seq_name:tRNA_tdbR00000455-Escherichia_coli-562-Val-GAC
seq_len:77
seq_name:16s_A.pyrophilus_domain2
seq_len:250
seq_name:5s_Acremonium-persicinum-1
seq_len:119
seq_name:23s_S.aureus_domain4
seq_len:347
seq_name:grp1_a.I1.m.S.luteus.A1.LSU.2504
seq_len:373
seq_name:tRNA_tdbR00000312-Haloferax_volcanii-2246-Pro-GGG
seq_len:74
seq_name:RNaseP_B.bronchiseptica
seq_len:243
seq_name:tRNA_tdbR00000589-Aeropyrum_pernix-56636-Arg-UCU
seq_len:78
seq_name:RNaseP_CPA59
seq_len:316
seq_name:5s_Roseococcus-thiosulfatophilus-2
seq_len:120
seq_name:16s_C.psittaci_domain2
seq_len:355
seq_name:tRNA_tdbR00000593-Ascaris_suum-6253-Trp-CA
seq_len:60
seq_name:RNaseP_SM-A07
seq_len:294
seq_name:RNaseP_T.celerAL1
seq_len:279
seq_name:srp_Tetr.ther._X56981
seq_len:283
seq_name:RNaseP_SM-A5382
seq_len:290
seq_name:5s_Spirogyra-sp.-1
seq_len:120
seq_name:srp_Legi.pneu._CP000675
seq_len:113
seq_name:srp_Eime.tene._CD666347
seq_len:269
seq_name:5s_Andrias-japonicus-1
seq_len:121
seq_name:RNaseP_S.dairensis
seq_len:465
seq_name:RNaseP_SMB-B1
seq_len:255
seq_name:5s_Locusta-migratoria-1
seq_len:120
seq_name:srp_Phyt.soja._GSP-67593
seq_len:315
seq_name:16s_A.pyrophilus_domain4
seq_len:137
seq_name:5s_Saccharomyces-pastorianus-1
seq_len:121
seq_name:RNaseP_N.jensenii
seq_len:326
seq_name:RNaseP_H.pylori-26695
seq_len:316
seq_name:5s_Anaplasma-phagocytophilum-1
seq_len:118
seq_name:5s_Filobasidiella-depauperata-1
seq_len:119
seq_name:RNaseP_CPB86
seq_len:301
seq_name:RNaseP_M.thermoautotrophicumDH-g
seq_len:293
seq_name:RNaseP_Mxa1
seq_len:312
seq_name:RNaseP_ESH46a-1
seq_len:303
seq_name:grp1_a.I1.e.L.dispersa.UNK.SSU.1046
seq_len:255
seq_name:tRNA_tdbR00000141-Salmonella_typhimurium-602-His-QUG
seq_len:77
seq_name:5s_Clavispora-opuntiae-1
seq_len:123
seq_name:srp_Leis.trop._AY781789
seq_len:134
current processing 301/1432
seq_name:tRNA_tdbR00000284-Saccharomyces_cerevisiae-4932-Met-CAU
seq_len:76
seq_name:16s_C.reinhardtii.mito_domain3
seq_len:387
seq_name:RNaseP_SM-A2539
seq_len:329
seq_name:tRNA_tdbR00000125-Bos_taurus-9913-Gly-UCC
seq_len:72
seq_name:5s_Ascobolus-immersus-4
seq_len:119
seq_name:RNaseP_Synechococcus-PCC7003
seq_len:299
seq_name:tRNA_tdbR00000206-Loligo_bleekeri-6617-Lys-UUU
seq_len:76
seq_name:srp_Asco.apis._GSP-392613
seq_len:259
seq_name:RNaseP_S.servazzii
seq_len:234
seq_name:5s_Tricharina-hiemalis-1
seq_len:119
seq_name:5s_Pimelobacter-simplex-1
seq_len:120
seq_name:tRNA_tdbR00000343-Mus_musculus-10090-Gln-CUG
seq_len:75
seq_name:srp_Dros.yaku._GSP-7245
seq_len:302
seq_name:srp_Citr.sine._CN181544
seq_len:78
seq_name:tRNA_tdbR00000605-Lupinus_luteus-3873-Leu-CAG
seq_len:85
seq_name:tRNA_tdbR00000508-Thermus_thermophilus-274-Ini-CAU
seq_len:77
seq_name:tRNA_tdbR00000587-Aeropyrum_pernix-56636-Met-CAU
seq_len:77
seq_name:srp_Myco.bovi._BX248347
seq_len:59
seq_name:srp_Shig.flex._AE005674
seq_len:74
seq_name:telomerase_AF147806.247-692
seq_len:446
seq_name:5s_Shigella-flexneri-3
seq_len:113
seq_name:srp_Yers.pseu._CP000720
seq_len:97
seq_name:tRNA_tdbR00000514-Scenedesmus_obliquus-3088-Ini-CAU
seq_len:77
seq_name:srp_Caen.eleg._U41993
seq_len:293
seq_name:5s_Methanobacterium-formicicum-1
seq_len:126
seq_name:tRNA_tdbR00000109-Haloferax_volcanii-2246-Gly-NCC
seq_len:74
seq_name:5s_Chlamydophila-pneumoniae-3
seq_len:117
seq_name:RNaseP_H.morrhuae
seq_len:475
seq_name:RNaseP_P.canadensis
seq_len:333
seq_name:RNaseP_T.album
seq_len:332
seq_name:tRNA_tdbR00000120-Salmonella_typhimurium-602-Gly-CCC
seq_len:74
seq_name:5s_Methanococcus-maripaludis-1
seq_len:115
seq_name:tRNA_tdbR00000244-Rattus_norvegicus-10116-Leu-UAG
seq_len:75
seq_name:RNaseP_LGB5
seq_len:298
seq_name:5s_Trichoplax-adhaerens-1
seq_len:116
seq_name:RNaseP_CPB147
seq_len:298
seq_name:tRNA_tdbR00000423-Rattus_norvegicus-10116-Ser-IGA
seq_len:86
seq_name:RNaseP_Z.bailii
seq_len:205
seq_name:srp_Para.bras._EH655308
seq_len:127
seq_name:16s_B.subtilis_domain2
seq_len:355
seq_name:RNaseP_SM-A1417
seq_len:302
seq_name:16s_M.polymorpha_domain4
seq_len:143
seq_name:tRNA_tdbR00000610-Caulobacter_crescentus_CB15-190650-His-GUG
seq_len:77
seq_name:RNaseP_C.trachomatis-D
seq_len:408
seq_name:srp_Popu.bals._GSP-73824
seq_len:303
seq_name:telomerase_AC121792.109554-109950
seq_len:397
seq_name:RNaseP_A.ferrooxidans
seq_len:344
seq_name:5s_Cryptomonas-paramecium-1
seq_len:121
seq_name:grp1_a.I1.e.D.parva.C1.SSU.943
seq_len:396
seq_name:RNaseP_S.solfataricus-P2
seq_len:311
seq_name:tRNA_tdbR00000214-Haloferax_volcanii-2246-Leu-UAA
seq_len:88
seq_name:5s_Halobacterium-sp.-2
seq_len:120
seq_name:5s_Ureaplasma-parvum-2
seq_len:102
seq_name:srp_Lodd.elon._GSP-379508
seq_len:299
seq_name:tRNA_tdbR00000246-Bos_taurus-9913-Leu-NAA
seq_len:78
seq_name:telomerase_AF221930.94-546
seq_len:453
seq_name:5s_Rhodobacter-sphaeroides-1
seq_len:115
seq_name:srp_Clos.teta._AE015927
seq_len:267
seq_name:16s_C.reinhardtii.mito_domain4
seq_len:115
seq_name:RNaseP_H.sapiens
seq_len:340
seq_name:5s_Bacteroides-fragilis-2
seq_len:110
seq_name:tRNA_tdbR00000253-Candida_cylindracea-44322-Leu-BAA
seq_len:85
seq_name:RNaseP_PF101
seq_len:381
seq_name:5s_Fusarium-cerealis-9
seq_len:119
seq_name:tRNA_tdbR00000549-Tetrahymena_pyriformis-5908-Tyr-QUA
seq_len:83
seq_name:tRNA_tdbR00000168-Bos_taurus-9913-Ile-GAU
seq_len:72
seq_name:RNaseP_SM-A1113
seq_len:290
seq_name:16s_G.intestinalis_domain3
seq_len:441
seq_name:tRNA_tdbR00000359-Escherichia_coli-562-Arg-CCG
seq_len:77
seq_name:grp1_a.I1.e.A.capsulatus.CBS213.53.C1.SSU.943
seq_len:408
seq_name:5s_Planctomyces-limnophilus-1
seq_len:111
seq_name:RNaseP_Rr368
seq_len:368
seq_name:tRNA_tdbR00000237-Saccharomyces_cerevisiae-4932-Leu-AA
seq_len:85
seq_name:srp_Pers.amer._X65992
seq_len:162
seq_name:5s_T_cruziE
seq_len:121
seq_name:RNaseP_C.psittaci-2
seq_len:332
seq_name:srp_Myco.hyop._AE017244
seq_len:81
seq_name:tRNA_tdbR00000133-Bombyx_mori-7091-Gly-GCC
seq_len:74
seq_name:RNaseP_CPB73
seq_len:302
seq_name:srp_Legi.pneu._CR628336
seq_len:98
seq_name:RNaseP_SM-A1315
seq_len:323
seq_name:tRNA_tdbR00000175-Haloferax_volcanii-2246-Lys-NUU
seq_len:77
seq_name:RNaseP_SM-A3254
seq_len:335
seq_name:5s_Xenopus-tropicalis-1
seq_len:120
seq_name:5s_Methanothermobacter-thermautotrophicus-2
seq_len:129
seq_name:5s_Ehrlichia-ruminantium-1
seq_len:119
seq_name:5s_Thermoplasma-acidophilum-1
seq_len:123
seq_name:tRNA_tdbR00000548-Scenedesmus_obliquus-3088-Tyr-GUA
seq_len:85
seq_name:RNaseP_A.erythreum
seq_len:310
seq_name:5s_Mycoplasma-gallisepticum-1
seq_len:107
seq_name:srp_Myco.hyop._AE017243
seq_len:101
seq_name:tRNA_tdbR00000586-Aeropyrum_pernix-56636-Met-CAU
seq_len:77
seq_name:5s_Deinococcus-radiodurans-2
seq_len:124
seq_name:grp1_a.I1.e.C.saxonicum.C1.SSU.1506
seq_len:448
seq_name:16s_M.polymorpha_domain3
seq_len:486
seq_name:srp_Chla.pneu._BA000008
seq_len:116
seq_name:5s_Octopus-vulgaris-1
seq_len:120
seq_name:RNaseP_C.pneumoniae-AR39
seq_len:406
seq_name:tRNA_tdbR00000337-Tetrahymena_thermophila-5911-Gln-CUA
seq_len:75
seq_name:srp_Dani.rrer._CU179657
seq_len:282
current processing 401/1432
seq_name:5s_Acholeplasma-laidlawii-3
seq_len:112
seq_name:srp_Cryp.parv._XM_626716
seq_len:300
seq_name:srp_Leis.braz._SDB-87235
seq_len:279
seq_name:tRNA_tdbR00000020-Escherichia_coli-562-Cys-GCA
seq_len:74
seq_name:5s_Spirosoma-sp.-1
seq_len:111
seq_name:srp_Pyro.abys._AJ248283
seq_len:297
seq_name:srp_Zea.mays._CF974802
seq_len:307
seq_name:RNaseP_A.tumefaciens
seq_len:402
seq_name:srp_Wolb.endo._AE017321
seq_len:103
seq_name:5s_Ralstonia-solanacearum-2
seq_len:115
seq_name:srp_Baci.alca._D11422
seq_len:268
seq_name:16s_H.sapiens.mito_domain2
seq_len:237
seq_name:tRNA_tdbR00000115-Staphylococcus_epidermidis-1282-Gly-UCC
seq_len:74
seq_name:RNaseP_S.shibatae
seq_len:260
seq_name:srp_Proc.mari._CP000111
seq_len:74
seq_name:tRNA_tdbR00000520-Aedes_albopictus-7160-Ini-CAU
seq_len:72
seq_name:grp1_a.I1.e.S.paniceum.UNK.SSU.287
seq_len:234
seq_name:5s_Cryptobranchus-alleganiensis-1
seq_len:121
seq_name:tRNA_tdbR00000139-Mycoplasma_capricolum-2095-His-GUK
seq_len:77
seq_name:grp1_a.I1.e.S.granulatum.C1.SSU.1506
seq_len:437
seq_name:RNaseP_CPA49
seq_len:370
seq_name:grp1_a.I1.e.G.planctonica.C1.SSU.943
seq_len:461
seq_name:srp_Heli.pylo._BD010626
seq_len:99
seq_name:srp_Oryz.sati._AP008207
seq_len:318
seq_name:tRNA_tdbR00000468-Lupinus_luteus-3873-Val-IAC
seq_len:76
seq_name:tRNA_tdbR00000558-Triticum_aestivum-4565-Tyr-QPA
seq_len:76
seq_name:grp1_a.I1.e.C.merochlorophea.UNK.SSU.1516
seq_len:274
seq_name:RNaseP_L.ferrooxidans-CF
seq_len:327
seq_name:tRNA_tdbR00000338-Tetrahymena_thermophila-5911-Gln-JUA
seq_len:75
seq_name:RNaseP_PS6
seq_len:332
seq_name:telomerase_AY312571.605-1069
seq_len:465
seq_name:RNaseP_Nostoc-PCC7413
seq_len:391
seq_name:5s_Wolinella-succinogenes-1
seq_len:132
seq_name:srp_Meth.bark._CP000099
seq_len:320
seq_name:srp_Legi.pneu._M31830
seq_len:114
seq_name:tRNA_tdbR00000585-Aeropyrum_pernix-56636-Thr-CGU
seq_len:75
seq_name:grp1_a.I1.e.L.dispersa.UNK.SSU.789
seq_len:218
seq_name:5s_Vitreoscilla-beggiatoides-1
seq_len:118
seq_name:tRNA_tdbR00000400-Loligo_bleekeri-6617-Ser-7CU
seq_len:71
seq_name:tRNA_tdbR00000230-Glycine_max-3847-Leu-UA7
seq_len:83
seq_name:tRNA_tdbR00000572-Leishmania_tarentolae-5689-Lys-1UU
seq_len:73
seq_name:srp_Urea.parv._AE002112
seq_len:102
seq_name:5s_Wolbachia-endosymbiont-of-D.-melanogaster-1
seq_len:111
seq_name:tRNA_tdbR00000567-Homo_sapiens-9606-Tyr-9PA
seq_len:76
seq_name:srp_Batr.dend._GSP-403673
seq_len:308
seq_name:srp_Baci.anth._AE016879
seq_len:269
seq_name:srp_Guil.thet._AF041468
seq_len:97
seq_name:5s_Ustilentyloma-fluitans-1
seq_len:119
seq_name:5s_Treponema-denticola-1
seq_len:111
seq_name:5s_Coxiella-burnetii-2
seq_len:118
seq_name:tRNA_tdbR00000164-Saccharomyces_cerevisiae-4932-Ile-GAU
seq_len:76
seq_name:tRNA_tdbR00000223-Salmonella_typhimurium-602-Leu-CAG
seq_len:87
seq_name:srp_Onch.volv._GSP-6282
seq_len:293
seq_name:16s_Z.mays_domain2
seq_len:355
seq_name:RNaseP_LGA6
seq_len:344
seq_name:tRNA_tdbR00000012-Saccharomyces_cerevisiae-4932-Ala-IGC
seq_len:76
seq_name:tRNA_tdbR00000443-Saccharomyces_cerevisiae-4932-Thr-IGU
seq_len:76
seq_name:5s_Mycoplasma-pulmonis-1
seq_len:103
seq_name:srp_Agro.tume._AE007869
seq_len:90
seq_name:RNaseP_ESH167E
seq_len:295
seq_name:tRNA_tdbR00000211-Haloferax_volcanii-2246-Leu-CAA
seq_len:87
seq_name:5s_Chlamydophila-pneumoniae-1
seq_len:117
seq_name:RNaseP_B.burgdorferi
seq_len:346
seq_name:16s_E.coli_domain2
seq_len:354
seq_name:RNaseP_E1B
seq_len:252
seq_name:srp_Nect.haem._GSP-71109
seq_len:302
seq_name:srp_Enta.inva._GSP-370355
seq_len:271
seq_name:srp_Proc.spec._AJ011025
seq_len:81
seq_name:tRNA_tdbR00000594-Ascaris_suum-6253-Leu-AA
seq_len:58
seq_name:RNaseP_B.anthracis
seq_len:408
seq_name:srp_Bloc.flor._BX248583
seq_len:118
seq_name:srp_Halo.mari._AY596297
seq_len:316
seq_name:5s_Thermococcus-kodakarensis-2
seq_len:126
seq_name:5s_Azospirillum-lipoferum-1
seq_len:115
seq_name:srp_Plas.falc._AE014819
seq_len:307
seq_name:5s_Wuchereria-bancrofti-1
seq_len:121
seq_name:srp_Lotu.japo._BW598799
seq_len:281
seq_name:tRNA_tdbR00000167-Aedes_albopictus-7160-Ile-GAU
seq_len:72
seq_name:srp_Wolb.endo._AE017259
seq_len:101
seq_name:srp_Bart.quin._BX897700
seq_len:105
seq_name:16s_B.subtilis_domain3
seq_len:483
seq_name:5s_Brevibacterium-casei-1
seq_len:123
seq_name:tRNA_tdbR00000519-Phaseolus_vulgaris-3885-Ini-CAU
seq_len:77
seq_name:5s_Caulobacter-sp.-3
seq_len:119
seq_name:5s_Pleurodeles-waltl-1
seq_len:120
seq_name:tRNA_tdbR00000286-Lupinus_luteus-3873-Met-BAU
seq_len:77
seq_name:5s_Psilotum-nudum-1
seq_len:121
seq_name:grp1_a.I1.b.Synechococcus.sp2.C3.tLEU
seq_len:265
seq_name:srp_Stre.suis._CP000408
seq_len:78
seq_name:srp_Syne.spec._BA000022
seq_len:101
seq_name:5s_Streptomyces-nodosus-2
seq_len:120
seq_name:5s_Zygoascus-hellenicus-1
seq_len:120
seq_name:tRNA_tdbR00000563-Lupinus_albus-3870-Tyr-GPA
seq_len:76
seq_name:23s_T.thermophilus_domain3
seq_len:373
seq_name:RNaseP_M.fervidus
seq_len:244
seq_name:5s_Halorubrum-terrestre-1
seq_len:122
seq_name:RNaseP_LGW23
seq_len:331
seq_name:srp_Myco.geni._BD439871
seq_len:97
seq_name:tRNA_tdbR00000575-Leishmania_tarentolae-5689-Thr-CGU
seq_len:72
seq_name:tRNA_tdbR00000013-Pichia_jadinii-4903-Ala-IGC
seq_len:76
current processing 501/1432
seq_name:tRNA_tdbR00000612-Sinorhizobium_meliloti-382-Trp-CCA
seq_len:76
seq_name:RNaseP_D.jeanneae
seq_len:406
seq_name:srp_Meth.mari._CP000745
seq_len:218
seq_name:RNaseP_CPB69
seq_len:348
seq_name:srp_Zymo.mobi._AE008692
seq_len:103
seq_name:16s_C.psittaci_domain4
seq_len:147
seq_name:srp_Schi.mans._GSP-6183
seq_len:298
seq_name:5s_Euplotes-woodruffi-1
seq_len:120
seq_name:RNaseP_SM-A0911
seq_len:291
seq_name:16s_C.reinhardtii.chloro_domain4
seq_len:145
seq_name:5s_Crossiella-cryophila-1
seq_len:120
seq_name:5s_Porphyromonas-gingivalis-1
seq_len:111
seq_name:RNaseP_Z.florentinus
seq_len:262
seq_name:RNaseP_N.albus
seq_len:281
seq_name:srp_Heli.hepa._AE017149
seq_len:99
seq_name:5s_Xenopus-laevis-8
seq_len:119
seq_name:RNaseP_Anabaena-PCC7120
seq_len:457
seq_name:srp_List.mono._AE017262
seq_len:215
seq_name:tRNA_tdbR00000146-Lupinus_luteus-3873-His-GUG
seq_len:76
seq_name:srp_Neur.cras._AL669999
seq_len:282
seq_name:tRNA_tdbR00000128-Halocynthia_roretzi-7729-Gly-GCU
seq_len:70
seq_name:RNaseP_Prochlorococcus-TAK9803-2
seq_len:308
seq_name:tRNA_tdbR00000080-Bos_taurus-9913-Phe-GAA
seq_len:70
seq_name:5s_Pyrococcus-horikoshii-2
seq_len:122
seq_name:tRNA_tdbR00000271-Haloferax_volcanii-2246-Met-BAU
seq_len:77
seq_name:5s_Septobasidium-carestianum-1
seq_len:119
seq_name:srp_Desu.vulg._CP000527
seq_len:82
seq_name:srp_Myco.lepr._AL583925
seq_len:92
seq_name:RNaseP_S.putrefaciens
seq_len:354
seq_name:5s_Silicibacter-pomeroyi-1
seq_len:118
seq_name:tRNA_tdbR00000228-Glycine_max-3847-Leu-BAA
seq_len:84
seq_name:tRNA_tdbR00000578-Leishmania_tarentolae-5689-Glu-3UC
seq_len:72
seq_name:srp_Sacc.cere._U18916
seq_len:429
seq_name:5s_Porphyra-yezoensis-1
seq_len:121
seq_name:5s_Aurelia_aurita-1
seq_len:120
seq_name:tRNA_tdbR00000233-Phaseolus_vulgaris-3885-Leu-UA7
seq_len:83
seq_name:grp1_a.I1.b.Dermocarpa.sp.ATCC29371.C3.tMET
seq_len:268
seq_name:srp_Meth.flag._CP000284
seq_len:96
seq_name:5s_Thermoplasma-volcanium-1
seq_len:123
seq_name:srp_Tric.vagi._GSP-5722-2
seq_len:306
seq_name:srp_Cory.jeik._CR931997
seq_len:91
seq_name:tRNA_tdbR00000213-Haloferax_volcanii-2246-Leu-GAG
seq_len:88
seq_name:tRNA_tdbR00000395-Saccharomyces_cerevisiae-4932-Ser-GCU
seq_len:86
seq_name:RNaseP_SM-A3153
seq_len:318
seq_name:srp_Sino.meli._AL591782
seq_len:33
seq_name:srp_Trep.pall._AE001187
seq_len:98
seq_name:5s_Onchocerca-cervicalis-1
seq_len:121
seq_name:RNaseP_C.vinosum
seq_len:369
seq_name:tRNA_tdbR00000265-Bos_taurus-9913-Leu-IAG
seq_len:85
seq_name:srp_Baci.halo._BA000004
seq_len:273
seq_name:5s_Finegoldia-magna-1
seq_len:117
seq_name:5s_Lactobacillus-johnsonii-1
seq_len:116
seq_name:tRNA_tdbR00000325-Pichia_jadinii-4903-Pro-GG
seq_len:75
seq_name:RNaseP_S.equi-g
seq_len:395
seq_name:RNaseP_LGB41
seq_len:319
seq_name:srp_Thei.annu._NW_001091934
seq_len:275
seq_name:RNaseP_R.palustris
seq_len:479
seq_name:srp_Gibb.zeae._GSP-229533
seq_len:298
seq_name:tRNA_tdbR00000396-Saccharomyces_cerevisiae-4932-Ser-UGA
seq_len:90
seq_name:telomerase_AF221914.112-589
seq_len:478
seq_name:5s_Acidithiobacillus-ferrooxidans-1
seq_len:118
seq_name:srp_Gall.gall._AB073218
seq_len:299
seq_name:srp_Pseu.aeru._CP000438
seq_len:104
seq_name:tRNA_tdbR00000262-Rattus_norvegicus-10116-Leu-AA
seq_len:86
seq_name:RNaseP_N.simplex
seq_len:273
seq_name:tRNA_tdbR00000511-Escherichia_coli-562-Ini-CAU
seq_len:77
seq_name:tRNA_tdbR00000288-Mus_musculus-10090-Met-BAU
seq_len:76
seq_name:RNaseP_S.aureus-2
seq_len:397
seq_name:5s_Staphylococcus-epidermidis-2
seq_len:115
seq_name:tRNA_tdbR00000291-Halobacterium_salinarum-2242-Asn-GUU
seq_len:76
seq_name:srp_Shew.balt._CP000753
seq_len:93
seq_name:tRNA_tdbR00000614-Nanoarchaeum_equitans-160232-Ini-CAU
seq_len:78
seq_name:RNaseP_L.muta-1
seq_len:331
seq_name:5s_Thermus-sp.-1
seq_len:123
seq_name:tRNA_tdbR00000412-Candida_cylindracea-44322-Ser-CGA
seq_len:84
seq_name:RNaseP_M.maripaludus
seq_len:233
seq_name:tRNA_tdbR00000448-Halobacterium_salinarum-2242-Val-GAC
seq_len:78
seq_name:tRNA_tdbR00000058-Lupinus_luteus-3873-Glu-CUC
seq_len:76
seq_name:5s_Phleogena-faginea-1
seq_len:119
seq_name:RNaseP_T.maritima-g
seq_len:338
seq_name:5s_Symbiobacterium-thermophilum-4
seq_len:110
seq_name:tRNA_tdbR00000030-Aedes_albopictus-7160-Asp-GUC
seq_len:71
seq_name:tRNA_tdbR00000445-Bos_taurus-9913-Thr-IGU
seq_len:76
seq_name:16s_A.fulgidus_domain4
seq_len:133
seq_name:srp_Lyco.escu._Z29109
seq_len:250
seq_name:grp1_a.I1.e.P.inouyei.C1.SSU.943
seq_len:390
seq_name:RNaseP_P.aeruginosa
seq_len:350
seq_name:RNaseP_vHge3-5
seq_len:359
seq_name:srp_Desu.psyc._CR522870
seq_len:86
seq_name:tRNA_tdbR00000559-Triticum_aestivum-4565-Tyr-GPA
seq_len:76
seq_name:srp_Zymo.mobi._AF203881
seq_len:99
seq_name:5s_Microtetraspora-glauca-1
seq_len:121
seq_name:5s_Hyphomicrobium-sp.-4
seq_len:118
seq_name:5s_Fusarium-sporotrichioides-1
seq_len:119
seq_name:RNaseP_T.tumescens
seq_len:307
seq_name:RNaseP_S.liquefaciens
seq_len:303
seq_name:tRNA_tdbR00000539-Ovis_aries-9940-Ini-CAU
seq_len:75
seq_name:tRNA_tdbR00000426-Drosophila_melanogaster-7227-Ser-CGA
seq_len:85
seq_name:RNaseP_M.xanthus
seq_len:336
seq_name:tRNA_tdbR00000283-Gallus_gallus-9031-Met-AU
seq_len:72
current processing 601/1432
seq_name:5s_Halorubrum-saccharovorum-1
seq_len:123
seq_name:tRNA_tdbR00000251-Saccharomyces_cerevisiae-4932-Leu-UAA
seq_len:87
seq_name:RNaseP_SL2D
seq_len:293
seq_name:RNaseP_B.pertussis
seq_len:414
seq_name:srp_Myco.spec._CP000384
seq_len:88
seq_name:grp1_a.I1.e.Staurastrum.sp.M752.C1.SSU.1506
seq_len:423
seq_name:tRNA_tdbR00000540-Homo_sapiens-9606-Ini-CAU
seq_len:75
seq_name:RNaseP_ESH7-16
seq_len:318
seq_name:srp_Zea.mays._CK700970
seq_len:303
seq_name:srp_Baci.circ._D11419
seq_len:272
seq_name:srp_Porp.purp._U38804
seq_len:92
seq_name:5s_Sphacelotheca-polygoni-persicariae-1
seq_len:119
seq_name:RNaseP_S.glauca-K194
seq_len:340
seq_name:RNaseP_P.troglodytes
seq_len:320
seq_name:srp_Shew.spec._CP000469
seq_len:101
seq_name:srp_Bifi.adol._AP009256
seq_len:98
seq_name:srp_Caul.cres._U49738
seq_len:87
seq_name:srp_Plas.berg._DC223613
seq_len:293
seq_name:srp_Chla.abor._CR848038
seq_len:102
seq_name:srp_Neos.fisc._GSP-331117
seq_len:277
seq_name:tRNA_tdbR00000397-Saccharomyces_cerevisiae-4932-Ser-UGA
seq_len:90
seq_name:16s_C.elegans_domain2
seq_len:162
seq_name:srp_Cyan.mero._AY286123
seq_len:85
seq_name:RNaseP_CPB149
seq_len:251
seq_name:tRNA_tdbR00000416-Nicotiana_rustica-4093-Ser-CGA
seq_len:85
seq_name:grp1_a.I1.e.L.dispersa.UNK.SSU.1516
seq_len:240
seq_name:RNaseP_C.limicola
seq_len:386
seq_name:tRNA_tdbR00000254-Candida_cylindracea-44322-Leu-IAG
seq_len:85
seq_name:tRNA_tdbR00000222-Escherichia_coli-562-Leu-GAG
seq_len:87
seq_name:tRNA_tdbR00000463-Bos_taurus-9913-Val-UAC
seq_len:70
seq_name:srp_Psyc.ingr._CP000510
seq_len:114
seq_name:RNaseP_Onchorhynchus-2
seq_len:308
seq_name:tRNA_tdbR00000580-Aeropyrum_pernix-56636-Lys-UUU
seq_len:80
seq_name:RNaseP_L.acidophilus
seq_len:328
seq_name:tRNA_tdbR00000551-Saccharomyces_cerevisiae-4932-Tyr-GUA
seq_len:88
seq_name:srp_Zea.mays._X14661
seq_len:308
seq_name:srp_Yers.ente._AM286415
seq_len:114
seq_name:srp_Stre.pyog._CP000261
seq_len:73
seq_name:5s_Saccharomyces-cerevisiae-3
seq_len:121
seq_name:RNaseP_B.calamita
seq_len:397
seq_name:tRNA_tdbR00000299-Asterias_amurensis-7602-Asn-GPU
seq_len:75
seq_name:5s_Agrobacterium-tumefaciens-8
seq_len:125
seq_name:srp_Rals.sola._AL646063
seq_len:106
seq_name:5s_Haloarcula-marismortui-3
seq_len:122
seq_name:srp_Lotu.corn._AP006123
seq_len:304
seq_name:tRNA_tdbR00000394-Escherichia_coli-562-Ser-VGA
seq_len:88
seq_name:tRNA_tdbR00000576-Leishmania_tarentolae-5689-Asp-GUC
seq_len:72
seq_name:RNaseP_CPB141
seq_len:301
seq_name:RNaseP_N.pyridinolyticus
seq_len:292
seq_name:srp_Ento.sulc._AF095839
seq_len:318
seq_name:5s_Pyrococcus-furiosus-1
seq_len:122
seq_name:grp1_a.I1.e.A.capsulatus.G184B.C1.SSU
seq_len:425
seq_name:srp_Medi.trun._CT485797
seq_len:301
seq_name:srp_Cyan.mero._AB002583
seq_len:86
seq_name:grp1_a.I1.e.P.inouyei.C1.SSU.1506
seq_len:409
seq_name:srp_Plas.falc._EF690554
seq_len:228
seq_name:tRNA_tdbR00000126-Halocynthia_roretzi-7729-Gly-NCU
seq_len:68
seq_name:tRNA_tdbR00000152-Haloferax_volcanii-2246-Ile-NAU
seq_len:78
seq_name:telomerase_AF221924.105-538
seq_len:434
seq_name:tRNA_tdbR00000255-Candida_cylindracea-44322-Leu-IAG
seq_len:85
seq_name:5s_Asellus-aquaticus-1
seq_len:120
seq_name:telomerase_AF221931.99-541
seq_len:443
seq_name:RNaseP_F.antarctica
seq_len:312
seq_name:5s_Streptomyces-ambofaciens-1
seq_len:120
seq_name:RNaseP_S.pneumoniae
seq_len:401
seq_name:tRNA_tdbR00000289-Homo_sapiens-9606-Met-BAU
seq_len:76
seq_name:tRNA_tdbR00000461-Rattus_norvegicus-10116-Val-UAC
seq_len:71
seq_name:tRNA_tdbR00000592-Ascaris_suum-6253-Gln-UG
seq_len:58
seq_name:16s_P.staleyi_domain3
seq_len:489
seq_name:srp_Baci.anth._AE017334
seq_len:205
seq_name:tRNA_tdbR00000390-Escherichia_coli-562-Ser-CGA
seq_len:90
seq_name:tRNA_tdbR00000421-Rattus_norvegicus-10116-Ser-IGA
seq_len:85
seq_name:RNaseP_A.ferrooxidans-g
seq_len:346
seq_name:5s_Beggiatoa-alba-1
seq_len:120
seq_name:srp_Yarr.lipo._X51658
seq_len:270
seq_name:RNaseP_M.phosphovorus-JCM9380
seq_len:306
seq_name:srp_Wolb.endo._AB080664
seq_len:83
seq_name:tRNA_tdbR00000410-Candida_cylindracea-44322-Ser-GA
seq_len:85
seq_name:srp_Heli.pylo._AE001439
seq_len:101
seq_name:5s_Fusarium-lunulosporum-10
seq_len:119
seq_name:tRNA_tdbR00000490-Saccharomyces_cerevisiae-4932-Trp-CA
seq_len:74
seq_name:5s_Thermus-aquaticus-1
seq_len:120
seq_name:grp1_a.I1.e.A.capsulatus.G186B.C1.SSU
seq_len:425
seq_name:RNaseP_A.brierleyi
seq_len:267
seq_name:tRNA_tdbR00000282-Ascaris_suum-6253-Met-AU
seq_len:64
seq_name:5s_Erythromicrobium-ramosum-1
seq_len:120
seq_name:tRNA_tdbR00000582-Aeropyrum_pernix-56636-Tyr-GUA
seq_len:75
seq_name:tRNA_tdbR00000106-Haloferax_volcanii-2246-Gly-CCC
seq_len:74
seq_name:RNaseP_H.pylori-RU1
seq_len:317
seq_name:tRNA_tdbR00000009-Escherichia_coli-562-Ala-VGC
seq_len:76
seq_name:tRNA_tdbR00000510-Escherichia_coli-562-Ini-CAU
seq_len:77
seq_name:RNaseP_M.barkeri
seq_len:371
seq_name:5s_Diplonema-papillatum-2
seq_len:117
seq_name:RNaseP_SL1-1
seq_len:252
seq_name:srp_Sorg.bico._BE594178
seq_len:305
seq_name:srp_Cory.effi._BA000035
seq_len:100
seq_name:RNaseP_T.neapolitana
seq_len:338
seq_name:5s_Burkholderia-pseudomallei-1
seq_len:116
seq_name:5s_Lactococcus-lactis-1
seq_len:116
seq_name:RNaseP_WA1
seq_len:294
current processing 701/1432
seq_name:tRNA_tdbR00000507-Bacillus_subtilis-1423-Ini-CAU
seq_len:77
seq_name:RNaseP_SM-A3048
seq_len:290
seq_name:5s_Methanothermobacter-thermautotrophicus-1
seq_len:129
seq_name:srp_Ente.faec._AE016953
seq_len:105
seq_name:RNaseP_SM-A2237
seq_len:301
seq_name:telomerase_AF221911.104-513
seq_len:410
seq_name:grp1_a.I1.e.P.carinii.Pc3.C1.LSU.1921
seq_len:381
seq_name:5s_Frankia-sp.-2
seq_len:120
seq_name:srp_Myco.hyop._AE017332
seq_len:101
seq_name:RNaseP_S.fibuligera
seq_len:243
seq_name:tRNA_tdbR00000043-Haloferax_volcanii-2246-Glu-NUC
seq_len:78
seq_name:23s_H.pylori_domain3
seq_len:380
seq_name:5s_Xenopus-borealis-2
seq_len:120
seq_name:RNaseP_S.cyanea-K168T
seq_len:339
seq_name:RNaseP_H.pylori-J99
seq_len:323
seq_name:RNaseP_K.pneumoniae
seq_len:383
seq_name:tRNA_tdbR00000307-Moloney_murine_leukemia_virus-11801-Pro-IGG
seq_len:75
seq_name:RNaseP_S.equi
seq_len:331
seq_name:tRNA_tdbR00000403-Bos_taurus-9913-Ser-UGA
seq_len:72
seq_name:srp_Lact.john._AE017198
seq_len:89
seq_name:srp_Para.bras._GSP-121759
seq_len:338
seq_name:tRNA_tdbR00000561-Nicotiana_rustica-4093-Tyr-GPA
seq_len:76
seq_name:RNaseP_U.stansburiana
seq_len:327
seq_name:5s_Pyrococcus-furiosus-2
seq_len:126
seq_name:srp_Tryp.cong._SDB-5692
seq_len:279
seq_name:srp_Myco.gall._AE015450
seq_len:83
seq_name:srp_Enta.terr._GSP-110771
seq_len:271
seq_name:tRNA_tdbR00000245-Rattus_norvegicus-10116-Leu-UAG
seq_len:75
seq_name:tRNA_tdbR00000069-Synechococcus_sp._PCC_7002-32049-Phe-GAA
seq_len:76
seq_name:5s_Nitrobacter-winogradskyi-1
seq_len:117
seq_name:5s_Porphyra-umbilicalis-1
seq_len:121
seq_name:5s_Notophthalmus-viridescens-1
seq_len:120
seq_name:RNaseP_P.douglassii
seq_len:330
seq_name:srp_Tric.rees._GSP-334564-1
seq_len:293
seq_name:tRNA_tdbR00000399-Aedes_albopictus-7160-Ser-GCU
seq_len:67
seq_name:5s_Nadsonia-fulvescens-1
seq_len:121
seq_name:srp_Lact.brev._CP000416
seq_len:55
seq_name:tRNA_tdbR00000544-Bacillus_subtilis-1423-Tyr-QUA
seq_len:85
seq_name:RNaseP_Saccharomonospora-K180
seq_len:337
seq_name:5s_Ascaris-suum-1
seq_len:119
seq_name:5s_Candidatus-Tremblaya-princeps-3
seq_len:116
seq_name:5s_Microbotryum-violaceum-1
seq_len:119
seq_name:tRNA_tdbR00000393-Escherichia_coli-562-Ser-GGA
seq_len:88
seq_name:5s_Rana-pipiens-1
seq_len:119
seq_name:srp_Nost.spec._BA000019
seq_len:102
seq_name:srp_Heli.exil._EE659686
seq_len:64
seq_name:5s_Lactobacillus-brevis-1
seq_len:117
seq_name:5s_Deinococcus-radiodurans-1
seq_len:122
seq_name:5s_Amphibacillus-xylanus-1
seq_len:116
seq_name:16s_E.coli_domain4
seq_len:145
seq_name:5s_Ambystoma-salmoides-1
seq_len:119
seq_name:tRNA_tdbR00000124-Aedes_albopictus-7160-Gly-UCC
seq_len:70
seq_name:5s_Desulfurococcus-mobilis-1
seq_len:129
seq_name:5s_Cryptococcus-laurentii-1
seq_len:118
seq_name:5s_Streptomyces-violaceus-1
seq_len:120
seq_name:srp_Cory.glut._BX927148
seq_len:89
seq_name:RNaseP_S.pyogenes
seq_len:409
seq_name:16s_C.psittaci_domain3
seq_len:483
seq_name:RNaseP_M.fermentans
seq_len:302
seq_name:srp_Phyt.infe._CV911012
seq_len:91
seq_name:RNaseP_S.bikiniensis
seq_len:398
seq_name:5s_Lactococcus-lactis-4
seq_len:116
seq_name:tRNA_tdbR00000053-Bos_taurus-9913-Glu-NUC
seq_len:72
seq_name:srp_Heli.pylo._CP000241
seq_len:99
seq_name:RNaseP_B.stearothermophilus
seq_len:417
seq_name:srp_Baci.mace._D11420
seq_len:272
seq_name:5s_Parachlamydia-sp.-1
seq_len:117
seq_name:tRNA_tdbR00000546-Escherichia_coli-562-Tyr-QUA
seq_len:85
seq_name:RNaseP_S.pastorianus
seq_len:365
seq_name:tRNA_tdbR00000521-Bos_taurus-9913-Ini-CAU
seq_len:72
seq_name:srp_Humu.lupu._X65985
seq_len:303
seq_name:5s_Scenedesmus-obliquus-1
seq_len:120
seq_name:RNaseP_EF
seq_len:296
seq_name:5s_Fusobacterium-nucleatum-5
seq_len:116
seq_name:srp_Geob.sulf._AE017180
seq_len:91
seq_name:5s_Asterias-vulgaris-1
seq_len:120
seq_name:5s_Drosophila-melanogaster-2
seq_len:120
seq_name:5s_Deinococcus-radiophilus-1
seq_len:125
seq_name:tRNA_tdbR00000460-Aedes_albopictus-7160-Val-UAC
seq_len:75
seq_name:grp1_a.I1.e.C.ellipsoidea.IAMC-87.C1.SSU.1506
seq_len:504
seq_name:tRNA_tdbR00000220-Escherichia_coli-562-Leu-HAA
seq_len:87
seq_name:srp_Vibr.para._BA000031
seq_len:98
seq_name:srp_Toxo.gond._CO743022
seq_len:66
seq_name:srp_Trit.aest._CA718249
seq_len:240
seq_name:srp_Rhod.palu._CP000283
seq_len:98
seq_name:telomerase_AF221937.99-545
seq_len:447
seq_name:RNaseP_SMB-A3
seq_len:313
seq_name:tRNA_tdbR00000344-Mus_musculus-10090-Gln-JUG
seq_len:75
seq_name:grp1_a.I1.e.P.clavariiformis.C1.SSU.943
seq_len:448
seq_name:srp_Spra.loph._GSP-51541
seq_len:161
seq_name:RNaseP_L.japonicus-IFO15385
seq_len:326
seq_name:RNaseP_CPB7776
seq_len:357
seq_name:tRNA_tdbR00000108-Haloferax_volcanii-2246-Gly-GCC
seq_len:74
seq_name:RNaseP_SMB-B4
seq_len:320
seq_name:5s_Vibrio-parahaemolyticus-6
seq_len:119
seq_name:srp_Myco.smeg._CP000480
seq_len:88
seq_name:RNaseP_Onchorhynchus-sp-1
seq_len:299
seq_name:RNaseP_A.fulgidus
seq_len:229
seq_name:5s_Thermomicrobium-roseum-1
seq_len:127
seq_name:tRNA_tdbR00000381-Haloferax_volcanii-2246-Ser-GCU
seq_len:88
current processing 801/1432
seq_name:grp1_a.I1.e.P.sarcinoidea.C1.SSU.943
seq_len:476
seq_name:RNaseP_S.marcescens
seq_len:378
seq_name:5s_Streptococcus-mutans-3
seq_len:116
seq_name:RNaseP_V.spinosum
seq_len:364
seq_name:RNaseP_M.sedula
seq_len:304
seq_name:srp_Myco.pene._BA000026
seq_len:77
seq_name:23s_T.thermophilus_domain4
seq_len:339
seq_name:srp_Scle.scle._GSP-325569
seq_len:289
seq_name:tRNA_tdbR00000334-Hordeum_vulgare-4513-Gln-UG
seq_len:75
seq_name:5s_Nanoarchaeum-equitans-1
seq_len:121
seq_name:grp1_a.I1.e.M.caldariorum.C1.SSU.1506
seq_len:439
seq_name:RNaseP_CPB72
seq_len:357
seq_name:5s_Starkeya-novella-1
seq_len:120
seq_name:srp_Haem.ducr._U32175
seq_len:100
seq_name:5s_Mycoplasma-flocculare-1
seq_len:107
seq_name:5s_Salmonella-typhi-1
seq_len:116
seq_name:5s_Rhodobacter-capsulatus-1
seq_len:116
seq_name:5s_Dipsacomyces-acuminosporus-1
seq_len:119
seq_name:RNaseP_Onchorhynchus-1
seq_len:312
seq_name:RNaseP_CPB70
seq_len:334
seq_name:srp_Meth.kand._AE010387
seq_len:313
seq_name:RNaseP_L.muta-2
seq_len:349
seq_name:RNaseP_H.trapanicum
seq_len:362
seq_name:5s_Natrinema-sp.-1
seq_len:126
seq_name:5s_Nocardia-farcinica-1
seq_len:123
seq_name:telomerase_AF221932.102-549
seq_len:448
seq_name:srp_Sino.medi._CP000738
seq_len:33
seq_name:16s_C.reinhardtii.chloro_domain2
seq_len:347
seq_name:srp_Meso.viri._AF166114
seq_len:103
seq_name:tRNA_tdbR00000584-Aeropyrum_pernix-56636-Pro-GGG
seq_len:78
seq_name:grp1_a.I1.e.T.hyperangularis.C1.LSU.1925
seq_len:451
seq_name:16s_T.maritima_domain4
seq_len:151
seq_name:tRNA_tdbR00000243-Rattus_norvegicus-10116-Leu-UAG
seq_len:74
seq_name:5s_Clostridium-pasteurianum-1
seq_len:117
seq_name:RNaseP_M.vannielli
seq_len:234
seq_name:RNaseP_P.innocua
seq_len:272
seq_name:RNaseP_CPA61
seq_len:376
seq_name:RNaseP_PS33
seq_len:306
seq_name:tRNA_tdbR00000351-Haloferax_volcanii-2246-Arg-NCG
seq_len:78
seq_name:tRNA_tdbR00000384-Mycoplasma_capricolum-2095-Ser-GCU
seq_len:90
seq_name:tRNA_tdbR00000048-Synechocystis_sp.-1143-Glu-NUC
seq_len:76
seq_name:srp_Heli.pylo._AE000524
seq_len:113
seq_name:5s_Diatoma-tenue-1
seq_len:118
seq_name:5s_Cyanophora-paradoxa-1
seq_len:119
seq_name:tRNA_tdbR00000450-Haloferax_volcanii-2246-Val-GAC
seq_len:78
seq_name:RNaseP_T.thermophilus
seq_len:392
seq_name:srp_Camp.jeju._CP000538
seq_len:106
seq_name:RNaseP_SM-A01
seq_len:389
seq_name:RNaseP_S.castellii
seq_len:354
seq_name:5s_Isosphaera-pallida-1
seq_len:111
seq_name:RNaseP_H.chlorum-partial
seq_len:120
seq_name:RNaseP_P.acanthamoebae
seq_len:306
seq_name:tRNA_tdbR00000224-Rhodospirillum_rubrum-1085-Leu-CAA
seq_len:85
seq_name:RNaseP_S.unisporus
seq_len:244
seq_name:tRNA_tdbR00000494-Saccharomyces_cerevisiae-4932-Trp-BCA
seq_len:75
seq_name:5s_Symbiobacterium-thermophilum-3
seq_len:113
seq_name:5s_Spirogyra-grevilleana-1
seq_len:119
seq_name:16s_H.sapiens_domain3
seq_len:504
seq_name:RNaseP_P.marinus-2
seq_len:387
seq_name:srp_Geob.kaus._BA000043
seq_len:103
seq_name:srp_Geob.uran._CP000698
seq_len:33
seq_name:RNaseP_C.psittaci-R54
seq_len:351
seq_name:5s_Streptococcus-pneumoniae-1
seq_len:115
seq_name:tRNA_tdbR00000517-Neurospora_crassa-5141-Ini-CAU
seq_len:74
seq_name:tRNA_tdbR00000357-Escherichia_coli-562-Arg-CU
seq_len:75
seq_name:5s_Pichia-angusta-1
seq_len:119
seq_name:5s_Euplotes-aediculatus-1
seq_len:121
seq_name:srp_Stre.pneu._AE007319
seq_len:82
seq_name:grp1_a.I1.e.P.pachydermus.C1.SSU.943
seq_len:392
seq_name:tRNA_tdbR00000285-Triticum_aestivum-4565-Met-BAU
seq_len:77
seq_name:srp_Pyro.isla._CP000504
seq_len:244
seq_name:tRNA_tdbR00000489-Neurospora_crassa-5141-Trp-NCA
seq_len:74
seq_name:tRNA_tdbR00000173-Bombyx_mori-7091-Ile-IAU
seq_len:77
seq_name:tRNA_tdbR00000087-Hordeum_vulgare-4513-Phe-AA
seq_len:76
seq_name:5s_Sepia-officinalis-1
seq_len:120
seq_name:tRNA_tdbR00000217-Mycoplasma_capricolum-2095-Leu-AA
seq_len:89
seq_name:RNaseP_CPA63
seq_len:328
seq_name:tRNA_tdbR00000205-Loligo_bleekeri-6617-Lys-NUU
seq_len:76
seq_name:srp_Cand.glab._CR380957
seq_len:504
seq_name:5s_Streptomyces-coelicolor-6
seq_len:119
seq_name:RNaseP_H.mobilis
seq_len:342
seq_name:tRNA_tdbR00000176-Haloferax_volcanii-2246-Lys-MUU
seq_len:77
seq_name:23s_E.coli_domain3
seq_len:372
seq_name:5s_Coleochaete-scutata-1
seq_len:118
seq_name:5s_Planocera-reticulata-1
seq_len:120
seq_name:5s_Candida-azyma-1
seq_len:120
seq_name:tRNA_tdbR00000054-Saccharomyces_cerevisiae-4932-Glu-3UC
seq_len:75
seq_name:tRNA_tdbR00000216-Mycoplasma_capricolum-2095-Leu-BAA
seq_len:85
seq_name:grp1_a.I1.e.S.paniceum.UNK.SSU.1052
seq_len:240
seq_name:srp_Borr.afze._CP000395
seq_len:81
seq_name:16s_H.sapiens_domain4
seq_len:171
seq_name:5s_Thermus-sp.-2
seq_len:120
seq_name:5s_Paenibacillus-popilliae-1
seq_len:117
seq_name:srp_Phak.pach._GSP-170000-2
seq_len:308
seq_name:srp_List.inno._AL596173
seq_len:277
seq_name:tRNA_tdbR00000276-Escherichia_coli-562-Met-MAU
seq_len:77
seq_name:5s_Methanothermobacter-thermautotrophicus-6
seq_len:128
seq_name:16s_Z.mays_domain3
seq_len:483
seq_name:tRNA_tdbR00000537-Mus_musculus-10090-Ini-CAU
seq_len:75
seq_name:tRNA_tdbR00000382-Haloferax_volcanii-2246-Ser-MGA
seq_len:88
current processing 901/1432
seq_name:srp_Arab.thal._AL161496
seq_len:305
seq_name:tRNA_tdbR00000326-Lupinus_luteus-3873-Pro-IGG
seq_len:75
seq_name:tRNA_tdbR00000331-Mycoplasma_capricolum-2095-Gln-UG
seq_len:75
seq_name:srp_Xyle.fast._AE012554
seq_len:114
seq_name:tRNA_tdbR00000091-Pisum_sativum-3888-Phe-AA
seq_len:76
seq_name:RNaseP_PS22
seq_len:299
seq_name:16s_T.gondii_domain4
seq_len:159
seq_name:5s_Pyrococcus-abyssi-1
seq_len:118
seq_name:RNaseP_T.volcanum
seq_len:305
seq_name:RNaseP_H.influenza
seq_len:377
seq_name:tRNA_tdbR00000577-Leishmania_tarentolae-5689-Glu-CUC
seq_len:72
seq_name:telomerase_AY058901.1-397
seq_len:397
seq_name:tRNA_tdbR00000321-Saccharomyces_cerevisiae-4932-Pro-UGG
seq_len:75
seq_name:RNaseP_T.littoralis
seq_len:331
seq_name:16s_H.sapiens.mito_domain4
seq_len:120
seq_name:tRNA_tdbR00000218-Mycoplasma_capricolum-2095-Leu-UAG
seq_len:84
seq_name:srp_Myco.tube._AE000516
seq_len:86
seq_name:grp1_a.I1.e.L.dispersa.UNK.SSU.114
seq_len:211
seq_name:16s_H.sapiens.mito_domain1
seq_len:282
seq_name:RNaseP_E.eschsholtzii
seq_len:317
seq_name:RNaseP_H.cutirubrum
seq_len:375
seq_name:16s_Z.mays_domain1
seq_len:506
seq_name:5s_Thermoactinomyces-vulgaris-1
seq_len:115
seq_name:srp_Lyco.escu._Z29105
seq_len:304
seq_name:RNaseP_SM-A02
seq_len:311
seq_name:23s_H.pylori_domain4
seq_len:337
seq_name:5s_Clostridium-acetobutylicum-3
seq_len:117
seq_name:srp_Trit.aest._BE424647
seq_len:223
seq_name:tRNA_tdbR00000427-Gallus_gallus-9031-Ser-UGA
seq_len:78
seq_name:tRNA_tdbR00000147-Drosophila_melanogaster-7227-His-GUG
seq_len:76
seq_name:srp_Pseu.syri._AE016853
seq_len:95
seq_name:srp_Chla.pneu._AE001363
seq_len:116
seq_name:16s_G.intestinalis_domain4
seq_len:134
seq_name:RNaseP_A.ambivalens
seq_len:262
seq_name:5s_Methanothermobacter-thermautotrophicus-3
seq_len:127
seq_name:srp_Anto.locu._GSP-278021
seq_len:155
seq_name:5s_Palmaria-palmata-1
seq_len:121
seq_name:tRNA_tdbR00000588-Aeropyrum_pernix-56636-Asp-GUC
seq_len:78
seq_name:5s_Halorubrum-distributum-7
seq_len:119
seq_name:tRNA_tdbR00000191-Mesocricetus_auratus-10036-Lys-NUU
seq_len:68
seq_name:RNaseP_Halobacterium-NRC1
seq_len:375
seq_name:RNaseP_U.stanburiana
seq_len:319
seq_name:tRNA_tdbR00000085-Schizosaccharomyces_pombe-4896-Phe-AA
seq_len:76
seq_name:tRNA_tdbR00000608-Lupinus_luteus-3873-Leu-UAA
seq_len:85
seq_name:RNaseP_T.acidophilum
seq_len:305
seq_name:RNaseP_L.ferrooxidans-MK
seq_len:327
seq_name:grp1_a.I1.b.Phormidium.sp.N182.C3.tLEU
seq_len:270
seq_name:RNaseP_Dermocarpa-PCC7437
seq_len:359
seq_name:RNaseP_M.jannaschii
seq_len:252
seq_name:RNaseP_D.desulfuricans
seq_len:360
seq_name:tRNA_tdbR00000346-Homo_sapiens-9606-Gln-NUG
seq_len:75
seq_name:23s_S.aureus_domain3
seq_len:379
seq_name:srp_Pyro.occu._M21085
seq_len:304
seq_name:srp_Myco.geni._U39706
seq_len:83
seq_name:tRNA_tdbR00000140-Escherichia_coli-562-His-QUG
seq_len:77
seq_name:5s_Thraustochytrium-visurgense-2
seq_len:119
seq_name:5s_Paracoccus-denitrificans-2
seq_len:117
seq_name:grp1_a.I1.e.D.salina.C1.SSU.943
seq_len:423
seq_name:srp_Xant.oryz._AP008229
seq_len:117
seq_name:tRNA_tdbR00000300-Saccharomyces_cerevisiae-4932-Asn-GUU
seq_len:77
seq_name:5s_Mycobacterium-tuberculosis-4
seq_len:116
seq_name:srp_Medi.trun._CX540689
seq_len:286
seq_name:RNaseP_M.avium
seq_len:398
seq_name:srp_Meth.maze._AE008384
seq_len:315
seq_name:srp_Rick.prow._AJ235273
seq_len:99
seq_name:tRNA_tdbR00000323-Saccharomyces_cerevisiae-4932-Pro-NGG
seq_len:75
seq_name:5s_Ascobolus-immersus-2
seq_len:119
seq_name:5s_Lactobacillus-delbrueckii-2
seq_len:117
seq_name:5s_Streptomyces-roseoverticillatus-1
seq_len:122
seq_name:srp_Halo.volc._AF395888
seq_len:306
seq_name:RNaseP_SM-A1621
seq_len:348
seq_name:tRNA_tdbR00000132-Lupinus_luteus-3873-Gly-GCC
seq_len:74
seq_name:srp_Shig.flex._AE014073
seq_len:108
seq_name:grp1_a.I1.e.P.carinii.Pc1.C1.LSU.1921
seq_len:375
seq_name:tRNA_tdbR00000590-Ascaris_suum-6253-Glu-UC
seq_len:62
seq_name:5s_Toxoplasma-gondii-2
seq_len:123
seq_name:tRNA_tdbR00000110-Methanobacterium_thermaggregans-83982-Gly-GCC
seq_len:76
seq_name:tRNA_tdbR00000226-Synechococcus_elongatus_PCC_6301-269084-Leu-CAG
seq_len:87
seq_name:5s_Andrias-japonicus-2
seq_len:121
seq_name:RNaseP_B.subtilis-g
seq_len:401
seq_name:RNaseP_PS24
seq_len:395
seq_name:srp_Sili.pome._CP000031
seq_len:99
seq_name:16s_A.fulgidus_domain2
seq_len:359
seq_name:grp1_b.I1.e.C.saccharophila.C1.SSU.156
seq_len:454
seq_name:5s_Oceanobacillus-iheyensis-4
seq_len:116
seq_name:tRNA_tdbR00000360-Codium_fragile-3133-Arg-ICG
seq_len:77
seq_name:5s_Fusarium-pseudograminearum-3
seq_len:119
seq_name:5s_Chlamydomonas-reinhardtii-2
seq_len:121
seq_name:srp_Lept.coll._AF006750
seq_len:280
seq_name:tRNA_tdbR00000467-Pichia_jadinii-4903-Val-IAC
seq_len:77
seq_name:tRNA_tdbR00000332-Escherichia_coli-562-Gln-CUG
seq_len:75
seq_name:RNaseP_P.shigelloides
seq_len:303
seq_name:tRNA_tdbR00000099-Mus_musculus-10090-Phe-AA
seq_len:77
seq_name:RNaseP_VSDW
seq_len:304
seq_name:grp1_a.I1.e.C.grayi.UNK.SSU.1516
seq_len:308
seq_name:16s_A.fulgidus_domain3
seq_len:488
seq_name:srp_Toxo.gond._GSP-398031
seq_len:288
seq_name:RNaseP_C.tepidum-g
seq_len:381
seq_name:RNaseP_LGB21
seq_len:350
seq_name:RNaseP_SM-A3761
seq_len:392
current processing 1001/1432
seq_name:srp_Tetr.nigr._GSP-99883
seq_len:299
seq_name:tRNA_tdbR00000488-Tetrahymena_thermophila-5911-Trp-CA
seq_len:74
seq_name:tRNA_tdbR00000078-Ascaris_suum-6253-Phe-GAA
seq_len:62
seq_name:tRNA_tdbR00000515-Phaseolus_vulgaris-3885-Ini-CAU
seq_len:77
seq_name:RNaseP_T.delbrueckii
seq_len:295
seq_name:srp_Ther.mela._CP000716
seq_len:38
seq_name:RNaseP_E.coli-g
seq_len:377
seq_name:srp_Camp.jeju._CP000025
seq_len:91
seq_name:srp_Arab.thal._X72228
seq_len:306
seq_name:RNaseP_B.hermsii
seq_len:285
seq_name:RNaseP_LGW18
seq_len:351
seq_name:5s_Streptomyces-nodosus-3
seq_len:120
seq_name:srp_Medi.trun._AC146941
seq_len:297
seq_name:5s_Idiomarina-loihiensis-2
seq_len:123
seq_name:RNaseP_Nostoc-PCC7107
seq_len:389
seq_name:srp_Pseu.syri._CP000075
seq_len:117
seq_name:5s_Mycoplasma-sp.-2
seq_len:107
seq_name:grp1_a.I1.e.P.macrosporus.C1.SSU.943
seq_len:380
seq_name:grp1_a.I1.e.P.carinii.C1.SSU.1506
seq_len:442
seq_name:5s_Tuberoidobacter-mutans-1
seq_len:116
seq_name:srp_Stre.aver._BA000030
seq_len:90
seq_name:5s_Burkholderia-cepacia-2
seq_len:116
seq_name:RNaseP_Synechococcus-MINOS1
seq_len:305
seq_name:16s_G.intestinalis_domain1
seq_len:485
seq_name:srp_Lott.giga._GSP-225164
seq_len:305
seq_name:RNaseP_S.faciem
seq_len:331
seq_name:srp_Trit.aest._X13915
seq_len:204
seq_name:RNaseP_ESH167F
seq_len:278
seq_name:tRNA_tdbR00000581-Aeropyrum_pernix-56636-Lys-CUU
seq_len:85
seq_name:srp_Bras.oler._GSP-109376
seq_len:312
seq_name:telomerase_AF221918.97-547
seq_len:451
seq_name:tRNA_tdbR00000345-Homo_sapiens-9606-Gln-NUG
seq_len:75
seq_name:RNaseP_P.maris
seq_len:320
seq_name:RNaseP_Synechococcus-PCC7942
seq_len:312
seq_name:5s_Methanococcus-voltae-2
seq_len:120
seq_name:5s_Uthatobasidium-fusisporum-1
seq_len:118
seq_name:RNaseP_N.europaea
seq_len:285
seq_name:tRNA_tdbR00000046-Escherichia_coli-562-Glu-SUC
seq_len:76
seq_name:RNaseP_CPB74
seq_len:305
seq_name:RNaseP_C.hydrogenoformans
seq_len:331
seq_name:5s_Lentinula-edodes-2
seq_len:120
seq_name:tRNA_tdbR00000556-Schizosaccharomyces_pombe-4896-Tyr-GPA
seq_len:77
seq_name:tRNA_tdbR00000560-Lupinus_luteus-3873-Tyr-GPA
seq_len:76
seq_name:5s_Rhodobacter-capsulatus-3
seq_len:117
seq_name:5s_Spirochaeta-aurantia-1
seq_len:110
seq_name:RNaseP_D.vulgaris
seq_len:359
seq_name:srp_Stap.epid._AX145149
seq_len:270
seq_name:grp1_a.I1.e.E.dermatitidis.C1.SSU.943
seq_len:426
seq_name:5s_Pyrenophora-graminea-1
seq_len:119
seq_name:5s_Rhodobacter-sphaeroides-2
seq_len:118
seq_name:tRNA_tdbR00000387-Bacillus_subtilis-1423-Ser-5GA
seq_len:92
seq_name:srp_Zygo.roux._BN000170
seq_len:243
seq_name:16s_P.occultum_domain2
seq_len:358
seq_name:tRNA_tdbR00000121-Salmonella_typhimurium-602-Gly-NCC
seq_len:75
seq_name:tRNA_tdbR00000287-Oryctolagus_cuniculus-9986-Met-BAU
seq_len:76
seq_name:5s_Frankia-sp.-1
seq_len:121
seq_name:5s_Ascobolus-immersus-1
seq_len:119
seq_name:RNaseP_C.testosteroni
seq_len:275
seq_name:tRNA_tdbR00000049-Chlamydomonas_reinhardtii-3055-Glu-NUC
seq_len:76
seq_name:tRNA_tdbR00000336-Aedes_albopictus-7160-Gln-NUG
seq_len:72
seq_name:RNaseP_S.aureus
seq_len:349
seq_name:23s_H.pylori_domain6
seq_len:242
seq_name:RNaseP_LGA10
seq_len:313
seq_name:tRNA_tdbR00000311-Haloferax_volcanii-2246-Pro-MGG
seq_len:76
seq_name:srp_Sphi.alas._CP000356
seq_len:92
seq_name:5s_Chlorobium-phaeobacteroides-1
seq_len:110
seq_name:5s_Smittium-culisetae-1
seq_len:121
seq_name:5s_Acetobacter-aceti-2
seq_len:120
seq_name:srp_Sphi.witt._CP000699
seq_len:105
seq_name:RNaseP_S.globosus
seq_len:339
seq_name:telomerase_AF221916.94-481
seq_len:388
seq_name:tRNA_tdbR00000209-Enterobacteria_phage_T4-10665-Leu-NAA
seq_len:87
seq_name:RNaseP_C.jejuni
seq_len:318
seq_name:5s_Genistelloides-hibernus-1
seq_len:122
seq_name:telomerase_AF221908.136-584
seq_len:449
seq_name:RNaseP_WC1
seq_len:294
seq_name:srp_Odon.sine._Z67753
seq_len:97
seq_name:grp1_a.I1.m.M.grisea.B2.ND1
seq_len:285
seq_name:5s_Gracilaria-compressa-1
seq_len:121
seq_name:RNaseP_S.typhimurium
seq_len:375
seq_name:RNaseP_H.aurantiacus
seq_len:328
seq_name:srp_Sacc.para._BN000251
seq_len:509
seq_name:RNaseP_LGB23
seq_len:347
seq_name:srp_Tryp.bruc._X57047
seq_len:273
seq_name:srp_Xyle.fast._AE003940
seq_len:98
seq_name:srp_Homo.sapi._BF909563
seq_len:280
seq_name:srp_Chla.muri._AE002160
seq_len:106
seq_name:5s_Lentinula-edodes-1
seq_len:120
seq_name:5s_Pneumocystis-carinii-1
seq_len:120
seq_name:srp_Para.symb._BX908798
seq_len:102
seq_name:5s_Gracilaria-compressa-2
seq_len:121
seq_name:grp1_a.I1.e.B.yamatoana.JCM2896.C1.SSU.1506
seq_len:468
seq_name:5s_Fusarium-pseudograminearum-1
seq_len:119
seq_name:RNaseP_PS1
seq_len:327
seq_name:RNaseP_PS27
seq_len:342
seq_name:5s_Candidatus-Portiera-aleyrodidarum-1
seq_len:121
seq_name:5s_Bacillus-amyloliquefaciens-1
seq_len:117
seq_name:grp1_a.I1.e.P.macrosporus.C1.SSU.1506
seq_len:433
seq_name:srp_Ther.volc._BA000011
seq_len:299
seq_name:tRNA_tdbR00000324-Saccharomyces_cerevisiae-4932-Pro-NGG
seq_len:75
current processing 1101/1432
seq_name:5s_Hyphomonas-oligotropha-1
seq_len:119
seq_name:RNaseP_Nostoc-PCC6705
seq_len:393
seq_name:5s_Methanolobus-tindarius-1
seq_len:124
seq_name:5s_Streptococcus-thermophilus-2
seq_len:116
seq_name:grp1_b.I1.e.M.anisopliae.2.C1.LSU.1921
seq_len:456
seq_name:tRNA_tdbR00000378-Mus_musculus-10090-Arg-ICG
seq_len:76
seq_name:RNaseP_vHge2
seq_len:311
seq_name:srp_Tric.spir._GSP-6334
seq_len:306
seq_name:RNaseP_F.yabuuchiae
seq_len:330
seq_name:5s_Haloferax-mediterranei-2
seq_len:122
seq_name:5s_Corynebacterium-glutamicum-2
seq_len:121
seq_name:tRNA_tdbR00000011-Neurospora_crassa-5141-Ala-UGC
seq_len:75
seq_name:RNaseP_B.halodurans
seq_len:412
seq_name:RNaseP_P.furiosus-2
seq_len:330
seq_name:tRNA_tdbR00000172-Lupinus_luteus-3873-Ile-IAU
seq_len:77
seq_name:srp_Chla.cavi._AE015925
seq_len:115
seq_name:grp1_a.I1.e.A.stipitatus.C1.SSU.1046
seq_len:408
seq_name:5s_Haloferax-volcanii-3
seq_len:122
seq_name:srp_Vibr.vuln._BA000037
seq_len:94
seq_name:5s_Mycoplasma-pneumoniae-1
seq_len:108
seq_name:srp_Meth.burt._CP000300
seq_len:320
seq_name:srp_Neph.oliv._AF137379
seq_len:101
seq_name:RNaseP_C.pneumoniae-CWL029
seq_len:406
seq_name:5s_Pseudomonas-stutzeri-2
seq_len:120
seq_name:RNaseP_M.bovis
seq_len:422
seq_name:tRNA_tdbR00000553-Asterias_amurensis-7602-Tyr-GUA
seq_len:74
seq_name:srp_Myco.capr._CP000123
seq_len:98
seq_name:RNaseP_ESH20b-4
seq_len:293
seq_name:23s_E.coli_domain6
seq_len:262
seq_name:tRNA_tdbR00000169-Homo_sapiens-9606-Ile-GAU
seq_len:72
seq_name:srp_Trit.aest._CJ679223
seq_len:272
seq_name:5s_Sulfolobus-tokodaii-1
seq_len:126
seq_name:5s_Dehalococcoides-ethenogenes-1
seq_len:123
seq_name:tRNA_tdbR00000438-Escherichia_coli-562-Thr-GGU
seq_len:75
seq_name:RNaseP_E.asper
seq_len:307
seq_name:RNaseP_P126
seq_len:293
seq_name:srp_Rhiz.etli._CP000133
seq_len:103
seq_name:5s_Pseudomonas-aeruginosa-3
seq_len:120
seq_name:5s_Geobacillus-kaustophilus-3
seq_len:115
seq_name:telomerase_AF221927.113-556
seq_len:444
seq_name:srp_Oryz.sati._AP003333
seq_len:318
seq_name:5s_Methanobrevibacter-ruminantium-1
seq_len:130
seq_name:RNaseP_U.urealyticum
seq_len:370
seq_name:grp1_a.I1.c.G.prostrata.C3.tLEU
seq_len:336
seq_name:5s_Chlamydomonas-reinhardtii-1
seq_len:122
seq_name:RNaseP_T.roseum
seq_len:350
seq_name:5s_Perkinsus-olseni-1
seq_len:124
seq_name:RNaseP_WB3
seq_len:294
seq_name:tRNA_tdbR00000111-Mycoplasma_capricolum-2095-Gly-UCC
seq_len:74
seq_name:5s_Caulobacter-sp.-4
seq_len:119
seq_name:RNaseP_D.radiodurans
seq_len:486
seq_name:srp_Cand.dubl._GSP-42374
seq_len:263
seq_name:srp_Myco.geni._L43967
seq_len:101
seq_name:srp_Lact.john._AX926712
seq_len:76
seq_name:RNaseP_Synechocystis-PCC6803
seq_len:437
seq_name:5s_Buchnera-aphidicola-1
seq_len:115
seq_name:srp_Lemu.catt._GSP-9447
seq_len:302
seq_name:srp_Chae.glob._GSP-306901
seq_len:280
seq_name:RNaseP_S.acidocaldarius
seq_len:315
seq_name:5s_Lactococcus-lactis-2
seq_len:116
seq_name:RNaseP_D.radiodurans-g
seq_len:447
seq_name:srp_Clos.kluy._CP000673
seq_len:234
seq_name:srp_Trep.dent._AE017246
seq_len:103
seq_name:srp_Lyco.escu._Z29099
seq_len:304
seq_name:5s_Geodermatophilus-obscurus-1
seq_len:120
seq_name:RNaseP_SM-A2642
seq_len:290
seq_name:srp_Lyco.escu._Z46746
seq_len:303
seq_name:RNaseP_SM-A5584
seq_len:341
seq_name:5s_Meloidogyne-arenaria-2
seq_len:121
seq_name:5s_Wigglesworthia-glossinidia-1
seq_len:120
seq_name:tRNA_tdbR00000057-Hordeum_vulgare-4513-Glu-CPC
seq_len:76
seq_name:16s_G.intestinalis_domain2
seq_len:392
seq_name:tRNA_tdbR00000322-Phaseolus_vulgaris-3885-Pro-UGG
seq_len:78
seq_name:5s_Anthoceros-punctatus-1
seq_len:118
seq_name:RNaseP_LGB32
seq_len:313
seq_name:tRNA_tdbR00000232-Phaseolus_vulgaris-3885-Leu-NAA
seq_len:88
seq_name:5s_Rubrivivax-gelatinosus-1
seq_len:114
seq_name:tRNA_tdbR00000347-Enterobacteria_phage_T4-10665-Arg-NCU
seq_len:75
seq_name:tRNA_tdbR00000056-Hordeum_vulgare-4513-Glu-UPC
seq_len:76
seq_name:srp_Rhod.balt._BX294144
seq_len:93
seq_name:RNaseP_S.versatilis
seq_len:286
seq_name:srp_Leis.aeth._AY722730
seq_len:58
seq_name:srp_Meth.mari._BX957223
seq_len:314
seq_name:5s_Thiobacillus-thioparus-1
seq_len:118
seq_name:tRNA_tdbR00000131-Triticum_aestivum-4565-Gly-GCC
seq_len:74
seq_name:5s_Nephila-clavipes-1
seq_len:119
seq_name:tRNA_tdbR00000417-Nicotiana_rustica-4093-Ser-GCU
seq_len:85
seq_name:tRNA_tdbR00000472-Drosophila_melanogaster-7227-Val-IAC
seq_len:76
seq_name:RNaseP_H.volcanii
seq_len:433
seq_name:RNaseP_P.vulgaris
seq_len:301
seq_name:RNaseP_Prochlorococcus-NATL1
seq_len:333
seq_name:16s_C.elegans_domain1
seq_len:173
seq_name:5s_Rickettsia-felis-1
seq_len:119
seq_name:tRNA_tdbR00000112-Mycoplasma_mycoides-2102-Gly-UCC
seq_len:74
seq_name:RNaseP_P.cultripes
seq_len:311
seq_name:RNaseP_R.prowazekii
seq_len:385
seq_name:RNaseP_SM-A1519
seq_len:300
seq_name:5s_Thiobacillus-sp.-1
seq_len:120
seq_name:RNaseP_E.faecalis-2
seq_len:389
seq_name:RNaseP_SM-A03
seq_len:321
current processing 1201/1432
seq_name:tRNA_tdbR00000447-Halobacterium_salinarum-2242-Val-CAC
seq_len:78
seq_name:srp_Synt.fuma._CP000478
seq_len:110
seq_name:5s_Caulobacter-spinosum-1
seq_len:117
seq_name:RNaseP_SMB-A5
seq_len:293
seq_name:telomerase_AF221909.98-496
seq_len:399
seq_name:5s_Weissella-viridescens-2
seq_len:117
seq_name:5s_Emericella-nidulans-4
seq_len:119
seq_name:tRNA_tdbR00000385-Mycoplasma_capricolum-2095-Ser-UGA
seq_len:92
seq_name:5s_Mycobacterium-tuberculosis-1
seq_len:115
seq_name:srp_Babe.bige._GSP-5866
seq_len:280
seq_name:RNaseP_M.thermoautotrophicum-DH
seq_len:293
seq_name:srp_Podo.anse._GSP-5145
seq_len:288
seq_name:srp_Trep.dent._AE017226
seq_len:100
seq_name:16s_D.melanogaster_domain4
seq_len:169
seq_name:tRNA_tdbR00000413-Candida_cylindracea-44322-Ser-GCU
seq_len:86
seq_name:srp_Heli.annu._AJ828095
seq_len:64
seq_name:5s_Xylella-fastidiosa-2
seq_len:118
seq_name:5s_Eimeria-tenella-1
seq_len:123
seq_name:tRNA_tdbR00000535-Xenopus_laevis-8355-Ini-CAU
seq_len:75
seq_name:tRNA_tdbR00000574-Leishmania_tarentolae-5689-Trp-CCA
seq_len:72
seq_name:16s_P.staleyi_domain2
seq_len:353
seq_name:tRNA_tdbR00000492-Rattus_norvegicus-10116-Trp-NCA
seq_len:70
seq_name:5s_Emericella-nidulans-5
seq_len:119
seq_name:RNaseP_SM-A1831
seq_len:340
seq_name:srp_Gynu.aura._SDB-109565
seq_len:66
seq_name:5s_Streptomyces-griseus-3
seq_len:120
seq_name:srp_Aspe.terr._GSP-341663
seq_len:283
seq_name:RNaseP_A.obstetricans
seq_len:404
seq_name:5s_Flectobacillus-major-1
seq_len:114
seq_name:grp1_b.I1.e.M.anisopliae.3.C1.LSU.1921
seq_len:394
seq_name:5s_Porphyra-tenera-1
seq_len:121
seq_name:5s_Wolbachia-pipientis-1
seq_len:107
seq_name:5s_Vitreoscilla-filiformis-1
seq_len:116
seq_name:tRNA_tdbR00000210-Enterobacteria_phage_T5-10726-Leu-UAG
seq_len:85
seq_name:5s_Ustilago-maydis-1
seq_len:118
seq_name:5s_Erythromicrobium-hydrolyticum-1
seq_len:120
seq_name:RNaseP_PS26
seq_len:352
seq_name:5s_Vibrio-nereis-1
seq_len:121
seq_name:srp_Myco.lepr._AL023596
seq_len:103
seq_name:5s_Xenopus-laevis-5
seq_len:120
seq_name:5s_Stella-humosa-1
seq_len:117
seq_name:tRNA_tdbR00000366-Rattus_norvegicus-10116-Arg-UCG
seq_len:72
seq_name:srp_Clos.diff._AM180355
seq_len:238
seq_name:RNaseP_M.pneumoniae
seq_len:369
seq_name:srp_Myco.vanb._CP000511
seq_len:92
seq_name:RNaseP_Nocardiodes-ATCC39419
seq_len:310
seq_name:tRNA_tdbR00000415-Nicotiana_rustica-4093-Ser-GA
seq_len:85
seq_name:srp_Aspe.nidu._GSP-227321
seq_len:269
seq_name:RNaseP_E.coli-JM109
seq_len:377
seq_name:RNaseP_LGA2
seq_len:312
seq_name:srp_Meth.ferv._S49762
seq_len:154
seq_name:tRNA_tdbR00000555-Saccharomyces_cerevisiae-4932-Tyr-GPA
seq_len:78
seq_name:tRNA_tdbR00000129-Saccharomyces_cerevisiae-4932-Gly-GCC
seq_len:73
seq_name:telomerase_AF221913.109-520
seq_len:412
seq_name:srp_Mari.aqua._CP000514
seq_len:100
seq_name:5s_Paracoccus-versutus-1
seq_len:116
seq_name:srp_Pyro.aero._AE009852
seq_len:322
seq_name:tRNA_tdbR00000522-Bos_taurus-9913-Ini-AU
seq_len:72
seq_name:srp_Sola.tube._DR037646
seq_len:251
seq_name:srp_Leis.majo._SDB-347515
seq_len:275
seq_name:grp1_a.I1.e.B.ciliata.JCM6865.C1.SSU.1506
seq_len:357
seq_name:tRNA_tdbR00000107-Haloferax_volcanii-2246-Gly-GCC
seq_len:74
seq_name:16s_E.coli_domain3
seq_len:484
seq_name:tRNA_tdbR00000623-Escherichia_coli-562-Pro-CGG
seq_len:77
seq_name:RNaseP_A.truei
seq_len:320
seq_name:RNaseP_L.weilii
seq_len:336
seq_name:5s_Erysipelothrix-tonsillarum-1
seq_len:114
seq_name:RNaseP_C.psittaci
seq_len:333
seq_name:srp_Sulf.solf._Y08257
seq_len:312
seq_name:srp_Proc.mari._BX572096
seq_len:97
seq_name:srp_Chla.rein._X71484
seq_len:290
seq_name:5s_Clostridium-butyricum-2
seq_len:117
seq_name:RNaseP_N.gregoryi
seq_len:474
seq_name:5s_Candidatus-Tremblaya-princeps-5
seq_len:117
seq_name:tRNA_tdbR00000533-Drosophila_melanogaster-7227-Ini-CAU
seq_len:75
seq_name:RNaseP_SM-A6296
seq_len:335
seq_name:5s_Chlorobium-tepidum-1
seq_len:109
seq_name:16s_C.elegans_domain3
seq_len:290
seq_name:16s_S.cerevisiae_domain4
seq_len:164
seq_name:5s_Seliberia-stellata-1
seq_len:118
seq_name:RNaseP_B.brevis
seq_len:411
seq_name:5s_Nocardia-asteroides-1
seq_len:121
seq_name:5s_Flavobacterium-johnsoniae-1
seq_len:116
seq_name:srp_Clos.botu._CP000728
seq_len:244
seq_name:srp_Xant.oryz._AE013598
seq_len:119
seq_name:RNaseP_A.telluris
seq_len:364
seq_name:RNaseP_T.pallidum
seq_len:340
seq_name:5s_Erythromicrobium-ezovicum-1
seq_len:120
seq_name:tRNA_tdbR00000194-Triticum_aestivum-4565-Lys-CUU
seq_len:76
seq_name:srp_Dich.nodo._CP000513
seq_len:107
seq_name:tRNA_tdbR00000023-Haloferax_volcanii-2246-Asp-GUC
seq_len:76
seq_name:16s_H.volcanii_domain2
seq_len:359
seq_name:telomerase_AF221910.112-554
seq_len:443
seq_name:tRNA_tdbR00000320-Spinacia_oleracea-3562-Pro-NGG
seq_len:77
seq_name:5s_Chlorella-pyrenoidosa-1
seq_len:119
seq_name:tRNA_tdbR00000505-Mycoplasma_mycoides-2102-Ini-CAU
seq_len:76
seq_name:tRNA_tdbR00000367-Bos_taurus-9913-Arg-UCG
seq_len:72
seq_name:RNaseP_CPA56
seq_len:334
seq_name:RNaseP_E.eschscholtzii-2
seq_len:326
seq_name:RNaseP_Pseudoanabaena-PCC6903
seq_len:450
current processing 1301/1432
seq_name:telomerase_AF221936.98-540
seq_len:443
seq_name:tRNA_tdbR00000318-Salmonella_typhimurium-602-Pro-GGG
seq_len:77
seq_name:tRNA_tdbR00000621-Nicotiana_rustica-4093-Cys-GCA
seq_len:75
seq_name:RNaseP_Z.rouxii
seq_len:295
seq_name:RNaseP_N.luteus
seq_len:266
seq_name:5s_Haloferax-mediterranei-1
seq_len:118
seq_name:tRNA_tdbR00000293-Methanobacterium_thermaggregans-83982-Asn-UU
seq_len:78
seq_name:srp_Syne.elon._AP008231
seq_len:102
seq_name:srp_Trit.aest._CD897082
seq_len:259
seq_name:srp_Eime.tene._GSP-413949
seq_len:281
seq_name:tRNA_tdbR00000459-Neurospora_crassa-5141-Val-UAC
seq_len:76
seq_name:RNaseP_Synechococcus-PCC6717
seq_len:315
seq_name:srp_Mus.musc._DQ285765
seq_len:290
seq_name:tRNA_tdbR00000622-Nicotiana_rustica-4093-Cys-GCA
seq_len:75
seq_name:5s_Fusarium-sporotrichioides-2
seq_len:119
seq_name:5s_Halococcus-morrhuae-2
seq_len:125
seq_name:tRNA_tdbR00000409-Candida_cylindracea-44322-Ser-CAG
seq_len:84
seq_name:srp_Shew.spec._CP000446
seq_len:114
seq_name:srp_Trop.whip._BX251412
seq_len:89
seq_name:5s_Methanospirillum-hungatei-1
seq_len:126
seq_name:RNaseP_Buchnera-APS
seq_len:376
seq_name:16s_B.burgdorferi_domain3
seq_len:485
seq_name:RNaseP_T.maritima
seq_len:338
seq_name:telomerase_AF221906.96-545
seq_len:450
seq_name:5s_Candidatus-Tremblaya-princeps-6
seq_len:117
seq_name:RNaseP_P.aerogenes
seq_len:297
seq_name:srp_Proc.mari._BX572093
seq_len:100
seq_name:tRNA_tdbR00000389-Bacillus_subtilis-1423-Ser-GGA
seq_len:92
seq_name:grp1_a.I1.c.A.cherimola.C3.tLEU
seq_len:494
seq_name:RNaseP_SM-A3355
seq_len:303
seq_name:16s_P.occultum_domain3
seq_len:485
seq_name:tRNA_tdbR00000499-Halobacterium_salinarum-2242-Ini-CAU
seq_len:78
seq_name:5s_Gemm_obscuB
seq_len:109
seq_name:telomerase_AF221925.98-540
seq_len:443
seq_name:5s_Finegoldia-magna-2
seq_len:117
seq_name:telomerase_AF221934.121-565
seq_len:445
seq_name:tRNA_tdbR00000379-Enterobacteria_phage_T4-10665-Ser-NGA
seq_len:90
seq_name:srp_Desu.vulg._AE017285
seq_len:82
seq_name:RNaseP_T.syrichta
seq_len:286
seq_name:srp_Plas.viva._GSP-31273
seq_len:312
seq_name:5s_Bacteroides-fragilis-5
seq_len:103
seq_name:RNaseP_Onchorhynchus-sp-2
seq_len:303
seq_name:5s_Escherichia-coli-14
seq_len:120
seq_name:srp_Popu.trem._DN498769
seq_len:299
seq_name:tRNA_tdbR00000032-Rattus_norvegicus-10116-Asp-GUC
seq_len:72
seq_name:RNaseP_A.fastidiosum
seq_len:309
seq_name:RNaseP_LGW46
seq_len:384
seq_name:grp1_a.I1.e.Staurastrum.sp.M753.C1.SSU.1506
seq_len:415
seq_name:RNaseP_T.celerAL1-2
seq_len:331
seq_name:srp_Yers.pest._AL590842
seq_len:98
seq_name:srp_Myco.aviu._CP000479
seq_len:88
seq_name:5s_Methanosarcina-barkeri-1
seq_len:130
seq_name:5s_Methylobacterium-extorquens-1
seq_len:118
seq_name:5s_Cyanidium-caldarium-1
seq_len:124
seq_name:5s_Xenopus-borealis-3
seq_len:120
seq_name:RNaseP_S.mutans
seq_len:389
seq_name:RNaseP_M.hyopneumoniae
seq_len:416
seq_name:tRNA_tdbR00000270-Avian_myeloblastosis_virus-11866-Met-BAU
seq_len:76
seq_name:srp_Caul.cres._AE005673
seq_len:93
seq_name:5s_Caenorhabditis-elegans-3
seq_len:120
seq_name:tRNA_tdbR00000029-Asterias_amurensis-7602-Asp-QUC
seq_len:73
seq_name:16s_B.burgdorferi_domain2
seq_len:349
seq_name:5s_Tremella-mesenterica-1
seq_len:118
seq_name:16s_T.maritima_domain2
seq_len:442
seq_name:tRNA_tdbR00000221-Escherichia_coli-562-Leu-CAG
seq_len:87
seq_name:tRNA_tdbR00000350-Haloferax_volcanii-2246-Arg-GCG
seq_len:76
seq_name:RNaseP_B.thetaiotaomicron
seq_len:361
seq_name:tRNA_tdbR00000352-Mycoplasma_capricolum-2095-Arg-ICG
seq_len:77
seq_name:srp_Mono.brev._GSP-81824
seq_len:311
seq_name:RNaseP_SMB-B3
seq_len:287
seq_name:grp1_a.I1.e.G.spirotaenia.C1.SSU.1506
seq_len:387
seq_name:5s_Rhodopirellula-baltica-1
seq_len:110
seq_name:tRNA_tdbR00000047-Escherichia_coli-562-Glu-SUC
seq_len:75
seq_name:16s_F.ananassa_domain4
seq_len:172
seq_name:tRNA_tdbR00000562-Nicotiana_rustica-4093-Tyr-GPA
seq_len:76
seq_name:grp1_a.I1.e.T.cosmopolitanis.C1.LSU.1925
seq_len:451
seq_name:5s_Ulva-pertusa-1
seq_len:120
seq_name:16s_Z.mays_domain4
seq_len:146
seq_name:srp_Onch.volv._BF727619
seq_len:293
seq_name:srp_Lact.delb._AF496545
seq_len:88
seq_name:5s_Filobasidiella-neoformans-1
seq_len:118
seq_name:tRNA_tdbR00000473-Drosophila_melanogaster-7227-Val-CAC
seq_len:76
seq_name:RNaseP_PS2
seq_len:323
seq_name:tRNA_tdbR00000617-Nanoarchaeum_equitans-160232-Gln-UUG
seq_len:76
seq_name:tRNA_tdbR00000145-Saccharomyces_cerevisiae-4932-His-GUG
seq_len:76
seq_name:tRNA_tdbR00000583-Aeropyrum_pernix-56636-Cys-GCA
seq_len:78
seq_name:5s_Micrococcus-luteus-4
seq_len:120
seq_name:16s_F.ananassa_domain3
seq_len:493
seq_name:telomerase_AF221923.106-554
seq_len:449
seq_name:5s_Euglena-gracilis-2
seq_len:119
seq_name:5s_Caulobacter-sp.-1
seq_len:119
seq_name:srp_Rick.cono._AE008680
seq_len:87
seq_name:telomerase_AF221926.103-507
seq_len:405
seq_name:5s_Chlamydia-trachomatis-1
seq_len:117
seq_name:srp_Lact.john._AE017201
seq_len:101
seq_name:tRNA_tdbR00000619-Toxoplasma_gondii-5811-Met-CAU
seq_len:73
seq_name:grp1_a.I1.e.S.paniceum.UNK.SSU.1210
seq_len:260
seq_name:tRNA_tdbR00000025-Thermus_thermophilus-274-Asp-GUC
seq_len:77
seq_name:srp_Enta.mosh._GSP-41668
seq_len:273
seq_name:srp_Clav.lusi._GSP-306902
seq_len:274
current processing 1401/1432
seq_name:5s_Spiroplasma-melliferum-1
seq_len:107
seq_name:RNaseP_ESH20b-1
seq_len:285
seq_name:RNaseP_P.guilliermondii
seq_len:189
seq_name:RNaseP_S.lividans
seq_len:405
seq_name:srp_Xyle.fast._AE009442
seq_len:103
seq_name:RNaseP_SM-A06
seq_len:343
seq_name:RNaseP_TP1
seq_len:294
seq_name:telomerase_U85256.1-451
seq_len:451
seq_name:srp_Tric.eryt._CP000393
seq_len:94
seq_name:5s_Tilletiaria-anomala-1
seq_len:118
seq_name:RNaseP_SMB-B2
seq_len:334
seq_name:srp_Tryp.viva._SDB-5699
seq_len:290
seq_name:RNaseP_SM-A04
seq_len:330
seq_name:RNaseP_SM-A4775
seq_len:289
seq_name:5s_Methanothermococcus-thermolithotrophicus-1
seq_len:120
seq_name:srp_Burk.pseu._CP000572
seq_len:79
seq_name:srp_Deba.hans._CR382138
seq_len:263
seq_name:tRNA_tdbR00000542-Mycoplasma_capricolum-2095-Tyr-GUA
seq_len:84
seq_name:RNaseP_K.polysporus
seq_len:265
seq_name:16s_H.volcanii_domain4
seq_len:128
seq_name:srp_Rals.meta._CP000352
seq_len:111
seq_name:srp_Sacc.cere._U18917
seq_len:493
seq_name:grp1_a.I1.e.A.capsulatus.FLs1.C1.SSU
seq_len:428
seq_name:RNaseP_P.staleyi
seq_len:376
seq_name:srp_Lyco.escu._Z29103
seq_len:304
seq_name:RNaseP_C.aurantiacus
seq_len:328
seq_name:5s_Burkholderia-cepacia-1
seq_len:116
seq_name:srp_Phyt.infe._CV919934
seq_len:255
seq_name:5s_Borrelia-burgdorferi-1
seq_len:112
seq_name:srp_Ther.teng._AE012978
seq_len:267
seq_name:srp_Proc.mari._AE017126
seq_len:51
All_file_list:1432
Save RNA test data to data/test.pick
use gpu: True
Loading file:  data/test.pick
Loading dataset Done!!!
train.len=1432
FCDenseNet(
  (features): Sequential(
    (0): BasicConv2d(
      (conv): Conv2d(146, 64, kernel_size=(3, 3), stride=(1, 1), padding=(1, 1), bias=False)
      (bn): BatchNorm2d(64, eps=1e-05, momentum=0.1, affine=True, track_running_stats=True)
      (relu): ReLU(inplace=True)
    )
    (1): BasicConv2d(
      (conv): Conv2d(64, 32, kernel_size=(3, 3), stride=(1, 1), padding=(1, 1), bias=False)
      (bn): BatchNorm2d(32, eps=1e-05, momentum=0.1, affine=True, track_running_stats=True)
      (relu): ReLU(inplace=True)
    )
    (2): BasicConv2d(
      (conv): Conv2d(32, 16, kernel_size=(3, 3), stride=(1, 1), padding=(1, 1), bias=False)
      (bn): BatchNorm2d(16, eps=1e-05, momentum=0.1, affine=True, track_running_stats=True)
      (relu): ReLU(inplace=True)
    )
  )
  (down_dense): Module(
    (block_0): DenseBlock(16, 4*4+16=32)(
      (layer_0): DenseLayer(16, 4)(
        (norm): BatchNorm2d(16, eps=1e-05, momentum=0.1, affine=True, track_running_stats=True)
        (relu): ReLU(inplace=True)
        (conv): Conv2d(16, 4, kernel_size=(3, 3), stride=(1, 1), padding=(1, 1), bias=False)
      )
      (layer_1): DenseLayer(20, 4)(
        (norm): BatchNorm2d(20, eps=1e-05, momentum=0.1, affine=True, track_running_stats=True)
        (relu): ReLU(inplace=True)
        (conv): Conv2d(20, 4, kernel_size=(3, 3), stride=(1, 1), padding=(1, 1), bias=False)
      )
      (layer_2): DenseLayer(24, 4)(
        (norm): BatchNorm2d(24, eps=1e-05, momentum=0.1, affine=True, track_running_stats=True)
        (relu): ReLU(inplace=True)
        (conv): Conv2d(24, 4, kernel_size=(3, 3), stride=(1, 1), padding=(1, 1), bias=False)
      )
      (layer_3): DenseLayer(28, 4)(
        (norm): BatchNorm2d(28, eps=1e-05, momentum=0.1, affine=True, track_running_stats=True)
        (relu): ReLU(inplace=True)
        (conv): Conv2d(28, 4, kernel_size=(3, 3), stride=(1, 1), padding=(1, 1), bias=False)
      )
    )
    (block_1): DenseBlock(32, 4*8+32=64)(
      (layer_0): DenseLayer(32, 8)(
        (norm): BatchNorm2d(32, eps=1e-05, momentum=0.1, affine=True, track_running_stats=True)
        (relu): ReLU(inplace=True)
        (conv): Conv2d(32, 8, kernel_size=(3, 3), stride=(1, 1), padding=(1, 1), bias=False)
      )
      (layer_1): DenseLayer(40, 8)(
        (norm): BatchNorm2d(40, eps=1e-05, momentum=0.1, affine=True, track_running_stats=True)
        (relu): ReLU(inplace=True)
        (conv): Conv2d(40, 8, kernel_size=(3, 3), stride=(1, 1), padding=(1, 1), bias=False)
      )
      (layer_2): DenseLayer(48, 8)(
        (norm): BatchNorm2d(48, eps=1e-05, momentum=0.1, affine=True, track_running_stats=True)
        (relu): ReLU(inplace=True)
        (conv): Conv2d(48, 8, kernel_size=(3, 3), stride=(1, 1), padding=(1, 1), bias=False)
      )
      (layer_3): DenseLayer(56, 8)(
        (norm): BatchNorm2d(56, eps=1e-05, momentum=0.1, affine=True, track_running_stats=True)
        (relu): ReLU(inplace=True)
        (conv): Conv2d(56, 8, kernel_size=(3, 3), stride=(1, 1), padding=(1, 1), bias=False)
      )
    )
    (block_2): DenseBlock(64, 4*16+64=128)(
      (layer_0): DenseLayer(64, 16)(
        (norm): BatchNorm2d(64, eps=1e-05, momentum=0.1, affine=True, track_running_stats=True)
        (relu): ReLU(inplace=True)
        (conv): Conv2d(64, 16, kernel_size=(3, 3), stride=(1, 1), padding=(1, 1), bias=False)
      )
      (layer_1): DenseLayer(80, 16)(
        (norm): BatchNorm2d(80, eps=1e-05, momentum=0.1, affine=True, track_running_stats=True)
        (relu): ReLU(inplace=True)
        (conv): Conv2d(80, 16, kernel_size=(3, 3), stride=(1, 1), padding=(1, 1), bias=False)
      )
      (layer_2): DenseLayer(96, 16)(
        (norm): BatchNorm2d(96, eps=1e-05, momentum=0.1, affine=True, track_running_stats=True)
        (relu): ReLU(inplace=True)
        (conv): Conv2d(96, 16, kernel_size=(3, 3), stride=(1, 1), padding=(1, 1), bias=False)
      )
      (layer_3): DenseLayer(112, 16)(
        (norm): BatchNorm2d(112, eps=1e-05, momentum=0.1, affine=True, track_running_stats=True)
        (relu): ReLU(inplace=True)
        (conv): Conv2d(112, 16, kernel_size=(3, 3), stride=(1, 1), padding=(1, 1), bias=False)
      )
    )
    (block_3): DenseBlock(128, 4*32+128=256)(
      (layer_0): DenseLayer(128, 32)(
        (norm): BatchNorm2d(128, eps=1e-05, momentum=0.1, affine=True, track_running_stats=True)
        (relu): ReLU(inplace=True)
        (conv): Conv2d(128, 32, kernel_size=(3, 3), stride=(1, 1), padding=(1, 1), bias=False)
      )
      (layer_1): DenseLayer(160, 32)(
        (norm): BatchNorm2d(160, eps=1e-05, momentum=0.1, affine=True, track_running_stats=True)
        (relu): ReLU(inplace=True)
        (conv): Conv2d(160, 32, kernel_size=(3, 3), stride=(1, 1), padding=(1, 1), bias=False)
      )
      (layer_2): DenseLayer(192, 32)(
        (norm): BatchNorm2d(192, eps=1e-05, momentum=0.1, affine=True, track_running_stats=True)
        (relu): ReLU(inplace=True)
        (conv): Conv2d(192, 32, kernel_size=(3, 3), stride=(1, 1), padding=(1, 1), bias=False)
      )
      (layer_3): DenseLayer(224, 32)(
        (norm): BatchNorm2d(224, eps=1e-05, momentum=0.1, affine=True, track_running_stats=True)
        (relu): ReLU(inplace=True)
        (conv): Conv2d(224, 32, kernel_size=(3, 3), stride=(1, 1), padding=(1, 1), bias=False)
      )
    )
  )
  (down_trans): Module(
    (trans_0): TransitionDown(32, 32, dropout=0)(
      (norm): BatchNorm2d(32, eps=1e-05, momentum=0.1, affine=True, track_running_stats=True)
      (relu): ReLU(inplace=True)
      (conv): Conv2d(32, 32, kernel_size=(1, 1), stride=(1, 1), bias=False)
      (pool): MaxPool2d(kernel_size=2, stride=2, padding=0, dilation=1, ceil_mode=False)
    )
    (trans_1): TransitionDown(64, 64, dropout=0)(
      (norm): BatchNorm2d(64, eps=1e-05, momentum=0.1, affine=True, track_running_stats=True)
      (relu): ReLU(inplace=True)
      (conv): Conv2d(64, 64, kernel_size=(1, 1), stride=(1, 1), bias=False)
      (pool): MaxPool2d(kernel_size=2, stride=2, padding=0, dilation=1, ceil_mode=False)
    )
    (trans_2): TransitionDown(128, 128, dropout=0)(
      (norm): BatchNorm2d(128, eps=1e-05, momentum=0.1, affine=True, track_running_stats=True)
      (relu): ReLU(inplace=True)
      (conv): Conv2d(128, 128, kernel_size=(1, 1), stride=(1, 1), bias=False)
      (pool): MaxPool2d(kernel_size=2, stride=2, padding=0, dilation=1, ceil_mode=False)
    )
    (trans_3): TransitionDown(256, 256, dropout=0)(
      (norm): BatchNorm2d(256, eps=1e-05, momentum=0.1, affine=True, track_running_stats=True)
      (relu): ReLU(inplace=True)
      (conv): Conv2d(256, 256, kernel_size=(1, 1), stride=(1, 1), bias=False)
      (pool): MaxPool2d(kernel_size=2, stride=2, padding=0, dilation=1, ceil_mode=False)
    )
  )
  (middle): DenseBlock(256, 8*32+256=512)(
    (layer_0): DenseLayer(256, 32)(
      (norm): BatchNorm2d(256, eps=1e-05, momentum=0.1, affine=True, track_running_stats=True)
      (relu): ReLU(inplace=True)
      (conv): Conv2d(256, 32, kernel_size=(3, 3), stride=(1, 1), padding=(1, 1), bias=False)
    )
    (layer_1): DenseLayer(288, 32)(
      (norm): BatchNorm2d(288, eps=1e-05, momentum=0.1, affine=True, track_running_stats=True)
      (relu): ReLU(inplace=True)
      (conv): Conv2d(288, 32, kernel_size=(3, 3), stride=(1, 1), padding=(1, 1), bias=False)
    )
    (layer_2): DenseLayer(320, 32)(
      (norm): BatchNorm2d(320, eps=1e-05, momentum=0.1, affine=True, track_running_stats=True)
      (relu): ReLU(inplace=True)
      (conv): Conv2d(320, 32, kernel_size=(3, 3), stride=(1, 1), padding=(1, 1), bias=False)
    )
    (layer_3): DenseLayer(352, 32)(
      (norm): BatchNorm2d(352, eps=1e-05, momentum=0.1, affine=True, track_running_stats=True)
      (relu): ReLU(inplace=True)
      (conv): Conv2d(352, 32, kernel_size=(3, 3), stride=(1, 1), padding=(1, 1), bias=False)
    )
    (layer_4): DenseLayer(384, 32)(
      (norm): BatchNorm2d(384, eps=1e-05, momentum=0.1, affine=True, track_running_stats=True)
      (relu): ReLU(inplace=True)
      (conv): Conv2d(384, 32, kernel_size=(3, 3), stride=(1, 1), padding=(1, 1), bias=False)
    )
    (layer_5): DenseLayer(416, 32)(
      (norm): BatchNorm2d(416, eps=1e-05, momentum=0.1, affine=True, track_running_stats=True)
      (relu): ReLU(inplace=True)
      (conv): Conv2d(416, 32, kernel_size=(3, 3), stride=(1, 1), padding=(1, 1), bias=False)
    )
    (layer_6): DenseLayer(448, 32)(
      (norm): BatchNorm2d(448, eps=1e-05, momentum=0.1, affine=True, track_running_stats=True)
      (relu): ReLU(inplace=True)
      (conv): Conv2d(448, 32, kernel_size=(3, 3), stride=(1, 1), padding=(1, 1), bias=False)
    )
    (layer_7): DenseLayer(480, 32)(
      (norm): BatchNorm2d(480, eps=1e-05, momentum=0.1, affine=True, track_running_stats=True)
      (relu): ReLU(inplace=True)
      (conv): Conv2d(480, 32, kernel_size=(3, 3), stride=(1, 1), padding=(1, 1), bias=False)
    )
  )
  (up_dense): Module(
    (block_0): DenseBlock(256, 4*64=256)(
      (layer_0): DenseLayer(256, 64)(
        (norm): BatchNorm2d(256, eps=1e-05, momentum=0.1, affine=True, track_running_stats=True)
        (relu): ReLU(inplace=True)
        (conv): Conv2d(256, 64, kernel_size=(3, 3), stride=(1, 1), padding=(1, 1), bias=False)
      )
      (layer_1): DenseLayer(320, 64)(
        (norm): BatchNorm2d(320, eps=1e-05, momentum=0.1, affine=True, track_running_stats=True)
        (relu): ReLU(inplace=True)
        (conv): Conv2d(320, 64, kernel_size=(3, 3), stride=(1, 1), padding=(1, 1), bias=False)
      )
      (layer_2): DenseLayer(384, 64)(
        (norm): BatchNorm2d(384, eps=1e-05, momentum=0.1, affine=True, track_running_stats=True)
        (relu): ReLU(inplace=True)
        (conv): Conv2d(384, 64, kernel_size=(3, 3), stride=(1, 1), padding=(1, 1), bias=False)
      )
      (layer_3): DenseLayer(448, 64)(
        (norm): BatchNorm2d(448, eps=1e-05, momentum=0.1, affine=True, track_running_stats=True)
        (relu): ReLU(inplace=True)
        (conv): Conv2d(448, 64, kernel_size=(3, 3), stride=(1, 1), padding=(1, 1), bias=False)
      )
    )
    (block_1): DenseBlock(128, 4*32=128)(
      (layer_0): DenseLayer(128, 32)(
        (norm): BatchNorm2d(128, eps=1e-05, momentum=0.1, affine=True, track_running_stats=True)
        (relu): ReLU(inplace=True)
        (conv): Conv2d(128, 32, kernel_size=(3, 3), stride=(1, 1), padding=(1, 1), bias=False)
      )
      (layer_1): DenseLayer(160, 32)(
        (norm): BatchNorm2d(160, eps=1e-05, momentum=0.1, affine=True, track_running_stats=True)
        (relu): ReLU(inplace=True)
        (conv): Conv2d(160, 32, kernel_size=(3, 3), stride=(1, 1), padding=(1, 1), bias=False)
      )
      (layer_2): DenseLayer(192, 32)(
        (norm): BatchNorm2d(192, eps=1e-05, momentum=0.1, affine=True, track_running_stats=True)
        (relu): ReLU(inplace=True)
        (conv): Conv2d(192, 32, kernel_size=(3, 3), stride=(1, 1), padding=(1, 1), bias=False)
      )
      (layer_3): DenseLayer(224, 32)(
        (norm): BatchNorm2d(224, eps=1e-05, momentum=0.1, affine=True, track_running_stats=True)
        (relu): ReLU(inplace=True)
        (conv): Conv2d(224, 32, kernel_size=(3, 3), stride=(1, 1), padding=(1, 1), bias=False)
      )
    )
    (block_2): DenseBlock(64, 4*16=64)(
      (layer_0): DenseLayer(64, 16)(
        (norm): BatchNorm2d(64, eps=1e-05, momentum=0.1, affine=True, track_running_stats=True)
        (relu): ReLU(inplace=True)
        (conv): Conv2d(64, 16, kernel_size=(3, 3), stride=(1, 1), padding=(1, 1), bias=False)
      )
      (layer_1): DenseLayer(80, 16)(
        (norm): BatchNorm2d(80, eps=1e-05, momentum=0.1, affine=True, track_running_stats=True)
        (relu): ReLU(inplace=True)
        (conv): Conv2d(80, 16, kernel_size=(3, 3), stride=(1, 1), padding=(1, 1), bias=False)
      )
      (layer_2): DenseLayer(96, 16)(
        (norm): BatchNorm2d(96, eps=1e-05, momentum=0.1, affine=True, track_running_stats=True)
        (relu): ReLU(inplace=True)
        (conv): Conv2d(96, 16, kernel_size=(3, 3), stride=(1, 1), padding=(1, 1), bias=False)
      )
      (layer_3): DenseLayer(112, 16)(
        (norm): BatchNorm2d(112, eps=1e-05, momentum=0.1, affine=True, track_running_stats=True)
        (relu): ReLU(inplace=True)
        (conv): Conv2d(112, 16, kernel_size=(3, 3), stride=(1, 1), padding=(1, 1), bias=False)
      )
    )
    (block_3): DenseBlock(32, 4*8=32)(
      (layer_0): DenseLayer(32, 8)(
        (norm): BatchNorm2d(32, eps=1e-05, momentum=0.1, affine=True, track_running_stats=True)
        (relu): ReLU(inplace=True)
        (conv): Conv2d(32, 8, kernel_size=(3, 3), stride=(1, 1), padding=(1, 1), bias=False)
      )
      (layer_1): DenseLayer(40, 8)(
        (norm): BatchNorm2d(40, eps=1e-05, momentum=0.1, affine=True, track_running_stats=True)
        (relu): ReLU(inplace=True)
        (conv): Conv2d(40, 8, kernel_size=(3, 3), stride=(1, 1), padding=(1, 1), bias=False)
      )
      (layer_2): DenseLayer(48, 8)(
        (norm): BatchNorm2d(48, eps=1e-05, momentum=0.1, affine=True, track_running_stats=True)
        (relu): ReLU(inplace=True)
        (conv): Conv2d(48, 8, kernel_size=(3, 3), stride=(1, 1), padding=(1, 1), bias=False)
      )
      (layer_3): DenseLayer(56, 8)(
        (norm): BatchNorm2d(56, eps=1e-05, momentum=0.1, affine=True, track_running_stats=True)
        (relu): ReLU(inplace=True)
        (conv): Conv2d(56, 8, kernel_size=(3, 3), stride=(1, 1), padding=(1, 1), bias=False)
      )
    )
  )
  (up_trans): Module(
    (trans_0): TransitionUp([256, 256] -> 256))(
      (upconv): Sequential(
        (0): Upsample(scale_factor=2.0, mode=nearest)
        (1): Conv2d(512, 256, kernel_size=(3, 3), stride=(1, 1), padding=(1, 1))
        (2): BatchNorm2d(256, eps=1e-05, momentum=0.1, affine=True, track_running_stats=True)
        (3): ReLU(inplace=True)
      )
      (concat): Concatenate()
    )
    (trans_1): TransitionUp([128, 128] -> 128))(
      (upconv): Sequential(
        (0): Upsample(scale_factor=2.0, mode=nearest)
        (1): Conv2d(256, 128, kernel_size=(3, 3), stride=(1, 1), padding=(1, 1))
        (2): BatchNorm2d(128, eps=1e-05, momentum=0.1, affine=True, track_running_stats=True)
        (3): ReLU(inplace=True)
      )
      (concat): Concatenate()
    )
    (trans_2): TransitionUp([64, 64] -> 64))(
      (upconv): Sequential(
        (0): Upsample(scale_factor=2.0, mode=nearest)
        (1): Conv2d(128, 64, kernel_size=(3, 3), stride=(1, 1), padding=(1, 1))
        (2): BatchNorm2d(64, eps=1e-05, momentum=0.1, affine=True, track_running_stats=True)
        (3): ReLU(inplace=True)
      )
      (concat): Concatenate()
    )
    (trans_3): TransitionUp([32, 32] -> 32))(
      (upconv): Sequential(
        (0): Upsample(scale_factor=2.0, mode=nearest)
        (1): Conv2d(64, 32, kernel_size=(3, 3), stride=(1, 1), padding=(1, 1))
        (2): BatchNorm2d(32, eps=1e-05, momentum=0.1, affine=True, track_running_stats=True)
        (3): ReLU(inplace=True)
      )
      (concat): Concatenate()
    )
  )
  (final): Conv2d(32, 1, kernel_size=(1, 1), stride=(1, 1))
  (Norm): BatchNorm2d(1, eps=1e-05, momentum=0.1, affine=True, track_running_stats=True)
)
----------
Epoch 0/15
----------
Phase train...
Train data:1432
/home/gkulemeyer/Repos/REDFold/exec0/redfold/fold/data_generator.py:53: VisibleDeprecationWarning: Creating an ndarray from ragged nested sequences (which is a list-or-tuple of lists-or-tuples-or ndarrays with different lengths or shapes) is deprecated. If you meant to do this, you must specify 'dtype=object' when creating the ndarray.
  self.seq_hot= np.array([instance[2] for instance in self.data])
/home/gkulemeyer/Repos/REDFold/exec0/redfold/fold/data_generator.py:54: VisibleDeprecationWarning: Creating an ndarray from ragged nested sequences (which is a list-or-tuple of lists-or-tuples-or ndarrays with different lengths or shapes) is deprecated. If you meant to do this, you must specify 'dtype=object' when creating the ndarray.
  self.data_y= np.array([instance[3] for instance in self.data])
/home/gkulemeyer/Repos/REDFold/exec0/redfold/fold/data_generator.py:55: VisibleDeprecationWarning: Creating an ndarray from ragged nested sequences (which is a list-or-tuple of lists-or-tuples-or ndarrays with different lengths or shapes) is deprecated. If you meant to do this, you must specify 'dtype=object' when creating the ndarray.
  self.data_x= np.array([instance[4] for instance in self.data])
/home/gkulemeyer/Repos/REDFold/exec0/redfold/fold/data_generator.py:56: VisibleDeprecationWarning: Creating an ndarray from ragged nested sequences (which is a list-or-tuple of lists-or-tuples-or ndarrays with different lengths or shapes) is deprecated. If you meant to do this, you must specify 'dtype=object' when creating the ndarray.
  self.data_z= np.array([instance[5] for instance in self.data])
Epoch Loss:0.5624
----------
Epoch 1/15
----------
Phase train...
Train data:1432
Epoch Loss:0.3223
----------
Epoch 2/15
----------
Phase train...
Train data:1432
Epoch Loss:0.2401
----------
Epoch 3/15
----------
Phase train...
Train data:1432
Epoch Loss:0.2148
----------
Epoch 4/15
----------
Phase train...
Train data:1432
Epoch Loss:0.1762
----------
Epoch 5/15
----------
Phase train...
Train data:1432
Epoch Loss:0.1635
----------
Epoch 6/15
----------
Phase train...
Train data:1432
Epoch Loss:0.1472
----------
Epoch 7/15
----------
Phase train...
Train data:1432
Epoch Loss:0.1368
----------
Epoch 8/15
----------
Phase train...
Train data:1432
Epoch Loss:0.1301
----------
Epoch 9/15
----------
Phase train...
Train data:1432
Epoch Loss:0.1240
----------
Epoch 10/15
----------
Phase train...
Train data:1432
Epoch Loss:0.1152
----------
Epoch 11/15
----------
Phase train...
Train data:1432
Epoch Loss:0.1101
----------
Epoch 12/15
----------
Phase train...
Train data:1432
Epoch Loss:0.1202
----------
Epoch 13/15
----------
Phase train...
Train data:1432
Epoch Loss:0.1139
----------
Epoch 14/15
----------
Phase train...
Train data:1432
Epoch Loss:0.1027
Saving model to data/mod_redense_015.pt
train finish.
