seq_name:tmRNA_Trep.dent._AE017226_1-351
seq_len:351
current processing 1/792
seq_name:5s_Arthrobacter-polychromogenes-1
seq_len:121
seq_name:5s_Antheraea-pernyi-1
seq_len:120
seq_name:grp1_a.I1.e.L.dispersa.UNK.SSU.516
seq_len:328
seq_name:srp_Psyc.sp.._CP000713
seq_len:90
seq_name:16s_H.sapiens_domain3
seq_len:504
seq_name:tmRNA_Desu.psyc._CR522870_1-366
seq_len:366
seq_name:tRNA_tdbR00000430-Halobacterium_salinarum-2242-Thr-GGU
seq_len:75
seq_name:telomerase_AF221927.113-556
seq_len:444
seq_name:srp_Esch.coli._X01074
seq_len:98
seq_name:16s_T.maritima_domain2
seq_len:442
seq_name:tmRNA_Clav.mich._TRW-31964_1-376
seq_len:376
seq_name:tRNA_tdbR00000539-Ovis_aries-9940-Ini-CAU
seq_len:75
seq_name:srp_Homo.sapi._BF909438
seq_len:284
seq_name:5s_Acidiphilium-acidophilum-1
seq_len:120
seq_name:tmRNA_Aqui.aeol._TRW-63363_1-347
seq_len:347
seq_name:tRNA_tdbR00000291-Halobacterium_salinarum-2242-Asn-GUU
seq_len:76
seq_name:srp_Lyco.escu._Z29099
seq_len:304
seq_name:grp1_a.I1.e.A.capsulatus.G186B.C1.SSU
seq_len:425
seq_name:16s_H.sapiens.mito_domain1
seq_len:282
seq_name:16s_E.coli_domain4
seq_len:145
seq_name:5s_Thiothrix-nivea-1
seq_len:122
seq_name:5s_Vibrio-parahaemolyticus-3
seq_len:121
seq_name:16s_Z.mays_domain4
seq_len:146
seq_name:tRNA_tdbR00000336-Aedes_albopictus-7160-Gln-NUG
seq_len:72
seq_name:telomerase_AF221930.94-546
seq_len:453
seq_name:srp_Homo.sapi._BF875598
seq_len:288
seq_name:5s_Brachionus-plicatilis-1
seq_len:120
seq_name:tRNA_tdbR00000042-Haloferax_volcanii-2246-Glu-MUC
seq_len:78
seq_name:5s_Fusarium-pseudograminearum-6
seq_len:119
seq_name:srp_Camp.jeju._CP000025
seq_len:91
seq_name:5s_Emericella-nidulans-7
seq_len:119
seq_name:srp_Baci.subt._X12642
seq_len:270
seq_name:tmRNA_envi.sequ._TRW-259292_1-355
seq_len:355
seq_name:5s_Gelidium-amansii-1
seq_len:120
seq_name:5s_Idiomarina-loihiensis-1
seq_len:119
seq_name:tmRNA_Buch.aphi._AE013218_1-376
seq_len:376
seq_name:tRNA_tdbR00000559-Triticum_aestivum-4565-Tyr-GPA
seq_len:76
seq_name:grp1_a.I1.b.Phormidium.sp.N182.C3.tLEU
seq_len:270
seq_name:tmRNA_Sali.rube._CP000159_1-369
seq_len:369
seq_name:tmRNA_Leuc.mese._CP000414_1-358
seq_len:358
seq_name:16s_G.intestinalis_domain4
seq_len:134
seq_name:16s_H.sapiens.mito_domain2
seq_len:237
seq_name:tmRNA_Neis.gono._TRW-242231_1-363
seq_len:363
seq_name:grp1_a.I1.e.P.inouyei.C1.SSU.1506
seq_len:409
seq_name:tRNA_tdbR00000218-Mycoplasma_capricolum-2095-Leu-UAG
seq_len:84
seq_name:5s_T_cruziE
seq_len:121
seq_name:tRNA_tdbR00000277-Codium_fragile-3133-Met-CAU
seq_len:77
seq_name:tmRNA_Clos.diff._AM180355_1-350
seq_len:350
seq_name:srp_Clos.botu._AM412317
seq_len:244
seq_name:5s_Plasmodium-falciparum-1
seq_len:119
seq_name:tmRNA_Xant.axon._AE011783_1-397
seq_len:397
seq_name:srp_Shig.flex._CP000266
seq_len:28
seq_name:srp_Stre.pneu._AE007319
seq_len:82
seq_name:tRNA_tdbR00000514-Scenedesmus_obliquus-3088-Ini-CAU
seq_len:77
seq_name:grp1_a.I1.b.S.hofmanii.C3.tMET
seq_len:251
seq_name:grp1_a.I1.m.S.luteus.A1.LSU.2504
seq_len:373
seq_name:grp1_a.I1.e.P.pachydermus.C1.SSU.943
seq_len:392
seq_name:tRNA_tdbR00000155-Mycoplasma_mycoides-2102-Ile-GAU
seq_len:77
seq_name:tRNA_tdbR00000343-Mus_musculus-10090-Gln-CUG
seq_len:75
seq_name:5s_Juniperus-media-1
seq_len:120
seq_name:tmRNA_Acin.spec._CR543861_1-360
seq_len:360
seq_name:srp_Bdel.bact._BX842656
seq_len:56
seq_name:tmRNA_Cyan.mero._AY286123_1-236
seq_len:236
seq_name:5s_Escherichia-coli-3
seq_len:120
seq_name:5s_Bartonella-henselae-1
seq_len:119
seq_name:tRNA_tdbR00000301-Lupinus_luteus-3873-Asn-UU
seq_len:76
seq_name:grp1_b.I1.e.T.thermophila.C1.LSU.1925
seq_len:506
seq_name:tRNA_tdbR00000535-Xenopus_laevis-8355-Ini-CAU
seq_len:75
seq_name:srp_Ther.mela._CP000716
seq_len:38
seq_name:16s_A.fulgidus_domain3
seq_len:488
seq_name:tRNA_tdbR00000196-Rattus_norvegicus-10116-Lys-CUN
seq_len:76
seq_name:tRNA_tdbR00000488-Tetrahymena_thermophila-5911-Trp-CA
seq_len:74
seq_name:23s_E.coli_domain6
seq_len:262
seq_name:tRNA_tdbR00000011-Neurospora_crassa-5141-Ala-UGC
seq_len:75
seq_name:tRNA_tdbR00000413-Candida_cylindracea-44322-Ser-GCU
seq_len:86
seq_name:srp_Phyt.ramo._GSP-164328
seq_len:314
seq_name:5s_Blepharisma-japonicum-1
seq_len:120
seq_name:tmRNA_Erwi.caro._BX950851_1-363
seq_len:363
seq_name:tRNA_tdbR00000017-Homo_sapiens-9606-Ala-IGC
seq_len:76
seq_name:tmRNA_Ente.faec._BD193796_1-367
seq_len:367
seq_name:5s_Clostridium-acetobutylicum-5
seq_len:117
seq_name:5s_Rhodococcus-erythropolis-2
seq_len:120
seq_name:5s_Delftia-acidovorans-1
seq_len:115
seq_name:5s_Filobasidiella-depauperata-1
seq_len:119
seq_name:srp_Ento.sulc._AF095839
seq_len:318
seq_name:5s_Candidatus-Tremblaya-princeps-1
seq_len:117
seq_name:5s_Fusarium-sporotrichioides-1
seq_len:119
seq_name:tRNA_tdbR00000063-Haloferax_volcanii-2246-Phe-GAA
seq_len:77
seq_name:tmRNA_Bact.frag._TRW-817_1-398
seq_len:398
seq_name:tmRNA_Yers.pest._CP000305_1-364
seq_len:364
seq_name:5s_Bifidobacterium-longum-1
seq_len:120
seq_name:tRNA_tdbR00000407-Saccharomyces_cerevisiae-4932-Ser-IGA
seq_len:85
seq_name:grp1_a.I1.e.S.sclerotiorum_1837.C1.LSU.798
seq_len:371
seq_name:5s_Streptococcus-salivarius-1
seq_len:116
seq_name:tmRNA_Ente.faec._TRW-1352_1-367
seq_len:367
seq_name:5s_Bacteroides-fragilis-3
seq_len:103
seq_name:srp_Hahe.chej._CP000155
seq_len:100
seq_name:tRNA_tdbR00000194-Triticum_aestivum-4565-Lys-CUU
seq_len:76
seq_name:tmRNA_Fran.tula._AM233362_1-421
seq_len:421
seq_name:srp_Hype.buty._CP000493
seq_len:274
current processing 101/792
seq_name:srp_Caul.cres._AE005700
seq_len:102
seq_name:5s_Dirofilaria-immitis-1
seq_len:119
seq_name:5s_Gallus-gallus-1
seq_len:120
seq_name:tRNA_tdbR00000059-Rattus_norvegicus-10116-Glu-3UC
seq_len:75
seq_name:srp_Tric.vagi._GSP-5722-2
seq_len:306
seq_name:tmRNA_Shew.putr._TRW-319224_1-356
seq_len:356
seq_name:tRNA_tdbR00000351-Haloferax_volcanii-2246-Arg-NCG
seq_len:78
seq_name:tmRNA_Heli.pylo._TRW-85963_1-386
seq_len:386
seq_name:tRNA_tdbR00000523-Tetrahymena_thermophila-5911-Ini-CAU
seq_len:75
seq_name:tRNA_tdbR00000013-Pichia_jadinii-4903-Ala-IGC
seq_len:76
seq_name:tmRNA_Esch.coli._D90888_1-363
seq_len:363
seq_name:tmRNA_Baci.anth._AE016879_1-355
seq_len:355
seq_name:tRNA_tdbR00000548-Scenedesmus_obliquus-3088-Tyr-GUA
seq_len:85
seq_name:tRNA_tdbR00000533-Drosophila_melanogaster-7227-Ini-CAU
seq_len:75
seq_name:tmRNA_Pedi.pent._CP000422_1-369
seq_len:369
seq_name:tmRNA_Trep.pall._TRW-243276_1-354
seq_len:354
seq_name:tmRNA_Chla.trac._TRW-813-1_1-420
seq_len:420
seq_name:tmRNA_Shew.spec._TRW-323850_1-356
seq_len:356
seq_name:5s_Oerskovia-turbata-1
seq_len:120
seq_name:5s_Thermoactinomyces-vulgaris-1
seq_len:115
seq_name:tmRNA_Thal.weis._AF049491_1-348
seq_len:348
seq_name:5s_Andrias-japonicus-1
seq_len:121
seq_name:5s_Amycolatopsis-lactamdurans-1
seq_len:120
seq_name:5s_Vibrio-harveyi-1
seq_len:120
seq_name:tRNA_tdbR00000192-Saccharomyces_cerevisiae-4932-Lys-CUU
seq_len:76
seq_name:srp_Meth.jann._L77117
seq_len:330
seq_name:5s_Mycoplasma-pneumoniae-1
seq_len:108
seq_name:16s_Z.mays_domain2
seq_len:355
seq_name:srp_Medi.trun._CX540689
seq_len:286
seq_name:tRNA_tdbR00000043-Haloferax_volcanii-2246-Glu-NUC
seq_len:78
seq_name:16s_M.polymorpha_domain4
seq_len:143
seq_name:16s_P.occultum_domain2
seq_len:358
seq_name:tRNA_tdbR00000581-Aeropyrum_pernix-56636-Lys-CUU
seq_len:85
seq_name:srp_Myco.lepr._AL023596
seq_len:103
seq_name:srp_Citr.sine._CN181543
seq_len:78
seq_name:srp_Orni.anat._GSP-9258
seq_len:302
seq_name:grp1_a.I1.e.A.capsulatus.G184B.C1.SSU
seq_len:425
seq_name:16s_T.gondii_domain4
seq_len:159
seq_name:srp_Leis.majo._SDB-347515
seq_len:275
seq_name:tmRNA_Copr.prot._TRW-351627_1-353
seq_len:353
seq_name:srp_Stre.pyog._CP000056
seq_len:98
seq_name:grp1_a.I1.e.L.dispersa.UNK.SSU.789
seq_len:218
seq_name:tmRNA_Noca.farc._AP006618_1-368
seq_len:368
seq_name:tRNA_tdbR00000507-Bacillus_subtilis-1423-Ini-CAU
seq_len:77
seq_name:5s_Acremonium-chrysogenum-1
seq_len:119
seq_name:telomerase_AF221926.103-507
seq_len:405
seq_name:srp_Schm.medi._GSP-79327
seq_len:298
seq_name:5s_Thermomyces-lanuginosus-1
seq_len:119
seq_name:telomerase_AF221931.99-541
seq_len:443
seq_name:tmRNA_Salm.ente._AE014613_1-363
seq_len:363
seq_name:tmRNA_Nitr.euro._BX321865_1-360
seq_len:360
seq_name:srp_Stre.pneu._CP000410
seq_len:77
seq_name:tRNA_tdbR00000234-Spinacia_oleracea-3562-Leu-UA7
seq_len:83
seq_name:tRNA_tdbR00000578-Leishmania_tarentolae-5689-Glu-3UC
seq_len:72
seq_name:5s_Paenibacillus-popilliae-1
seq_len:117
seq_name:srp_Proc.mari._CP000551
seq_len:97
seq_name:tRNA_tdbR00000512-Mycobacterium_smegmatis-1772-Ini-CAU
seq_len:77
seq_name:telomerase_AF221925.98-540
seq_len:443
seq_name:grp1_a.I1.m.M.grisea.B2.ND1
seq_len:285
seq_name:telomerase_AF147806.247-692
seq_len:446
seq_name:srp_Sili.spec._CP000377
seq_len:62
seq_name:16s_A.pyrophilus_domain4
seq_len:137
seq_name:srp_Bras.napu._EE412262
seq_len:308
seq_name:srp_Kleb.pneu._CP000647
seq_len:100
seq_name:tmRNA_Heli.must._DQ250625_1-366
seq_len:366
seq_name:tRNA_tdbR00000170-Saccharomyces_cerevisiae-4932-Ile-IAU
seq_len:77
seq_name:5s_Bacteroides-fragilis-6
seq_len:107
seq_name:tmRNA_Bdel.bact._BX842656_1-346
seq_len:346
seq_name:tRNA_tdbR00000498-Gallus_gallus-9031-Trp-BCA
seq_len:75
seq_name:5s_Pseudomonas-aeruginosa-2
seq_len:120
seq_name:tmRNA_Shig.sonn._CP000038_1-363
seq_len:363
seq_name:srp_Yers.pseu._BX936398
seq_len:103
seq_name:grp1_a.I1.e.C.ellipsoidea.IAMC-87.C1.SSU.1506
seq_len:504
seq_name:tRNA_tdbR00000221-Escherichia_coli-562-Leu-CAG
seq_len:87
seq_name:tmRNA_Thal.pseu._EF067921_1-344
seq_len:344
seq_name:srp_Clos.kluy._CP000673
seq_len:234
seq_name:tmRNA_Chla.cavi._AE015925_1-425
seq_len:425
seq_name:tmRNA_Heli.pylo._AE001503_1-383
seq_len:383
seq_name:5s_Chlamydophila-abortus-1
seq_len:117
seq_name:5s_Cystobacter-fuscus-1
seq_len:116
seq_name:tRNA_tdbR00000197-Rattus_norvegicus-10116-Lys-3UU
seq_len:76
seq_name:telomerase_AF221910.112-554
seq_len:443
seq_name:grp1_a.I1.e.E.dermatitidis.C1.SSU.943
seq_len:426
seq_name:5s_Salmonella-typhi-1
seq_len:116
seq_name:16s_A.fulgidus_domain2
seq_len:359
seq_name:srp_Baci.thur._CP000485
seq_len:269
seq_name:tmRNA_Synt.acid._CP000252_1-356
seq_len:356
seq_name:5s_Bacillus-anthracis-6
seq_len:119
seq_name:srp_Fran.tula._CP000439
seq_len:103
seq_name:telomerase_AF221919.107-614
seq_len:508
seq_name:5s_Pinus-contorta-1
seq_len:121
seq_name:grp1_a.I1.e.T.malaccensis.C1.LSU.1925
seq_len:447
seq_name:tmRNA_Mann.haem._TRW-272629_1-367
seq_len:367
seq_name:tmRNA_Chla.muri._AE002296_1-418
seq_len:418
seq_name:5s_Pseudomonas-aeruginosa-1
seq_len:120
seq_name:5s_Rhodopseudomonas-palustris-2
seq_len:119
seq_name:grp1_a.I1.e.L.dispersa.UNK.SSU.1516
seq_len:240
seq_name:srp_Toxo.gond._GSP-398031
seq_len:288
seq_name:tmRNA_Xyle.fast._TRW-155920_1-355
seq_len:355
seq_name:5s_Bacillus-halodurans-4
seq_len:116
current processing 201/792
seq_name:srp_Gibb.zeae._GSP-229533
seq_len:298
seq_name:srp_Heli.pylo._AE001439
seq_len:101
seq_name:23s_E.coli_domain3
seq_len:372
seq_name:5s_Ralstonia-solanacearum-1
seq_len:114
seq_name:tRNA_tdbR00000164-Saccharomyces_cerevisiae-4932-Ile-GAU
seq_len:76
seq_name:srp_Stre.pyog._CP000261
seq_len:73
seq_name:srp_Leis.majo._AY722715
seq_len:137
seq_name:srp_Cocc.posa._GSP-222929
seq_len:326
seq_name:5s_Spirobolus-sp-1
seq_len:121
seq_name:5s_Campylobacter-jejuni-3
seq_len:120
seq_name:tRNA_tdbR00000472-Drosophila_melanogaster-7227-Val-IAC
seq_len:76
seq_name:tmRNA_Acti.succ._TRW-339671_1-367
seq_len:367
seq_name:5s_Caenorhabditis-elegans-3
seq_len:120
seq_name:tRNA_tdbR00000461-Rattus_norvegicus-10116-Val-UAC
seq_len:71
seq_name:tRNA_tdbR00000363-Ascaris_suum-6253-Arg-PCU
seq_len:54
seq_name:16s_F.ananassa_domain4
seq_len:172
seq_name:tRNA_tdbR00000333-Escherichia_coli-562-Gln-NUG
seq_len:75
seq_name:5s_Blakeslea-trispora-1
seq_len:120
seq_name:tmRNA_Salm.bong._TRW-218493_1-363
seq_len:363
seq_name:tRNA_tdbR00000136-Homo_sapiens-9606-Gly-GCC
seq_len:74
seq_name:5s_C_paradoxE
seq_len:119
seq_name:tmRNA_Camp.fetu._AY211269_1-361
seq_len:361
seq_name:tmRNA_Acti.naes._TRW-240017_1-371
seq_len:371
seq_name:tmRNA_Croc.wats._TRW-165597_1-386
seq_len:386
seq_name:grp1_a.I1.c.S.bicolor.C3.tLEU
seq_len:510
seq_name:5s_Pythium-torulosum-1
seq_len:118
seq_name:5s_Thermus-sp.-2
seq_len:120
seq_name:5s_Fusobacterium-nucleatum-2
seq_len:116
seq_name:16s_C.psittaci_domain3
seq_len:483
seq_name:srp_Aspe.terr._GSP-341663
seq_len:283
seq_name:tmRNA_Bord.para._TRW-257311_1-387
seq_len:387
seq_name:tmRNA_Chla.pneu._TRW-83558_1-426
seq_len:426
seq_name:tRNA_tdbR00000032-Rattus_norvegicus-10116-Asp-GUC
seq_len:72
seq_name:srp_Heli.pylo._CP000241
seq_len:99
seq_name:5s_Geobacillus-stearothermophilus-2
seq_len:117
seq_name:16s_H.volcanii_domain4
seq_len:128
seq_name:5s_Achromobacter-xylosoxidans-1
seq_len:114
seq_name:srp_Xant.oryz._AE013598
seq_len:119
seq_name:tmRNA_Pseu.ento._CT573326_1-392
seq_len:392
seq_name:tmRNA_Pola.spec._CP000316_1-387
seq_len:387
seq_name:16s_C.reinhardtii.chloro_domain2
seq_len:347
seq_name:5s_Ustilago-maydis-1
seq_len:118
seq_name:srp_Borr.burg._AE000783
seq_len:100
seq_name:5s_Thermus-thermophilus-2
seq_len:122
seq_name:5s_Taxus-baccata-1
seq_len:121
seq_name:srp_Homo.sapi._BF909560
seq_len:280
seq_name:23s_T.thermophilus_domain3
seq_len:373
seq_name:tmRNA_Heli.hepa._AE017125_1-369
seq_len:369
seq_name:srp_Anto.locu._GSP-278021
seq_len:155
seq_name:16s_A.fulgidus_domain4
seq_len:133
seq_name:grp1_a.I1.b.Dermocarpa.sp.ATCC29371.C3.tMET
seq_len:268
seq_name:16s_Z.mays_domain3
seq_len:483
seq_name:5s_Mycobacterium-tuberculosis-3
seq_len:117
seq_name:23s_H.pylori_domain6
seq_len:242
seq_name:tmRNA_Haem.infl._L42023_1-366
seq_len:366
seq_name:tmRNA_Borr.burg._AE001118_1-359
seq_len:359
seq_name:srp_Baci.cere._CP000001
seq_len:103
seq_name:tmRNA_Leuc.mese._AF375574_1-307
seq_len:307
seq_name:grp1_a.I1.e.A.capsulatus.FLs1.C1.SSU
seq_len:428
seq_name:srp_Tryp.bruc._S56681
seq_len:276
seq_name:tRNA_tdbR00000377-Mus_musculus-10090-Arg-ICG
seq_len:76
seq_name:tRNA_tdbR00000233-Phaseolus_vulgaris-3885-Leu-UA7
seq_len:83
seq_name:srp_Yers.pest._AJ414155
seq_len:98
seq_name:srp_Baci.poly._D11421
seq_len:272
seq_name:tRNA_tdbR00000497-Bos_taurus-9913-Trp-BCA
seq_len:75
seq_name:srp_Bos.taur._GSP-6282
seq_len:301
seq_name:5s_Helicobacter-pylori-3
seq_len:135
seq_name:grp1_a.I1.e.S.paniceum.UNK.SSU.1506
seq_len:259
seq_name:tmRNA_Shew.onei._AX048560_1-355
seq_len:355
seq_name:telomerase_AF221940.103-499
seq_len:397
seq_name:5s_Archaeoglobus-fulgidus-1
seq_len:124
seq_name:tmRNA_Pseu.aeru._CP000438_1-353
seq_len:353
seq_name:tRNA_tdbR00000003-Haloferax_volcanii-2246-Ala-GGC
seq_len:75
seq_name:16s_C.reinhardtii.mito_domain3
seq_len:387
seq_name:5s_Blastocladiella-simplex-1
seq_len:118
seq_name:5s_Roseococcus-thiosulfatophilus-1
seq_len:119
seq_name:tmRNA_Guil.thet._AF041468_1-327
seq_len:327
seq_name:tRNA_tdbR00000206-Loligo_bleekeri-6617-Lys-UUU
seq_len:76
seq_name:srp_Trit.aest._CD897082
seq_len:259
seq_name:tRNA_tdbR00000360-Codium_fragile-3133-Arg-ICG
seq_len:77
seq_name:5s_Corynebacterium-glutamicum-1
seq_len:120
seq_name:srp_Stap.aure._BX571857
seq_len:101
seq_name:tRNA_tdbR00000448-Halobacterium_salinarum-2242-Val-GAC
seq_len:78
seq_name:srp_Carb.hydr._CP000141
seq_len:36
seq_name:srp_Esch.coli._U00096
seq_len:118
seq_name:tmRNA_Baci.thur._AE017355_1-355
seq_len:355
seq_name:5s_Vibrio-fluvialis-1
seq_len:120
seq_name:srp_Thal.pseu._EF067921
seq_len:90
seq_name:5s_Microbacterium-testaceum-1
seq_len:120
seq_name:5s_Thermotoga-sp.-1
seq_len:124
seq_name:tRNA_tdbR00000375-Bos_taurus-9913-Arg-CCU
seq_len:76
seq_name:srp_Leis.infa._AM502223
seq_len:279
seq_name:tmRNA_Aero.hydr._CP000462_1-360
seq_len:360
seq_name:tmRNA_uncu.bact._TRW-32033-1_1-354
seq_len:354
seq_name:tmRNA_Ther.teng._AE013063_1-351
seq_len:351
seq_name:23s_H.pylori_domain3
seq_len:380
seq_name:16s_C.psittaci_domain2
seq_len:355
seq_name:tmRNA_Rubr.gela._TRW-279263_1-372
seq_len:372
seq_name:16s_B.subtilis_domain2
seq_len:355
seq_name:5s_Eimeria-tenella-1
seq_len:123
current processing 301/792
seq_name:grp1_a.I1.e.A.capsulatus.CBS213.53.C1.SSU.943
seq_len:408
seq_name:tRNA_tdbR00000500-Haloferax_volcanii-2246-Ini-CAU
seq_len:78
seq_name:5s_Haloarcula-marismortui-2
seq_len:122
seq_name:5s_Aquifex-aeolicus-1
seq_len:120
seq_name:srp_Tryp.bruc._X57047
seq_len:273
seq_name:tRNA_tdbR00000092-Oryctolagus_cuniculus-9986-Phe-AA
seq_len:76
seq_name:5s_Yersinia-pestis-1
seq_len:120
seq_name:5s_Hyphomicrobium-sp.-5
seq_len:120
seq_name:srp_Chlo.vulg._AB001684
seq_len:67
seq_name:16s_B.burgdorferi_domain3
seq_len:485
seq_name:tRNA_tdbR00000273-Mycoplasma_capricolum-2095-Met-CAU
seq_len:77
seq_name:5s_Vitreoscilla-stercoraria-1
seq_len:118
seq_name:tRNA_tdbR00000397-Saccharomyces_cerevisiae-4932-Ser-UGA
seq_len:90
seq_name:srp_Bloc.flor._BX248585
seq_len:114
seq_name:srp_Trop.whip._AE016852
seq_len:105
seq_name:5s_Streptomyces-violaceus-1
seq_len:120
seq_name:srp_Clos.beij._CP000721
seq_len:232
seq_name:tmRNA_Shew.spec._CP000444_1-355
seq_len:355
seq_name:srp_Meth.maze._AE008384
seq_len:315
seq_name:16s_E.coli_domain2
seq_len:354
seq_name:16s_A.pyrophilus_domain2
seq_len:250
seq_name:srp_Aede.aegy._DW714815
seq_len:302
seq_name:grp1_a.I1.e.T.cosmopolitanis.C1.LSU.1925
seq_len:451
seq_name:grp1_a.I1.m.S.pombe.B1.OX1
seq_len:343
seq_name:tmRNA_Camp.upsa._TRW-306264_1-359
seq_len:359
seq_name:grp1_a.I1.e.S.paniceum.UNK.SSU.287
seq_len:234
seq_name:grp1_s.I1.e.T.thermophila.C1.LSU.1925.schem
seq_len:506
seq_name:16s_E.coli_domain3
seq_len:484
seq_name:5s_Ustilentyloma-fluitans-1
seq_len:119
seq_name:5s_Propionibacterium-acnes-1
seq_len:122
seq_name:grp1_a.I1.e.P.carinii.C1.SSU.1506
seq_len:442
seq_name:tmRNA_Rals.sola._AL646052_1-360
seq_len:360
seq_name:srp_Medi.trun._BE941271
seq_len:272
seq_name:16s_C.reinhardtii.chloro_domain4
seq_len:145
seq_name:srp_Psyc.arct._CP000082
seq_len:116
seq_name:srp_Cion.savi._BW551179
seq_len:293
seq_name:5s_Cryptomonas-paramecium-1
seq_len:121
seq_name:tmRNA_Myco.afri._TRW-33894_1-368
seq_len:368
seq_name:grp1_a.I1.e.D.salina.C1.SSU.943
seq_len:423
seq_name:tmRNA_Haem.infl._U32808_1-366
seq_len:366
seq_name:5s_Corynebacterium-glutamicum-2
seq_len:121
seq_name:tRNA_tdbR00000504-Mycoplasma_capricolum-2095-Ini-CAU
seq_len:76
seq_name:srp_Trop.whip._AE014184
seq_len:89
seq_name:tmRNA_Esch.coli._U36840_1-363
seq_len:363
seq_name:tRNA_tdbR00000036-Euglena_gracilis-3039-Asp-GUC
seq_len:75
seq_name:5s_Photobacterium-profundum-3
seq_len:118
seq_name:srp_Stap.aure._CP000703
seq_len:270
seq_name:tmRNA_Lept.inte._AE016823_1-350
seq_len:350
seq_name:tRNA_tdbR00000368-Mesocricetus_auratus-10036-Arg-UCG
seq_len:71
seq_name:5s_Asellus-aquaticus-2
seq_len:120
seq_name:5s_Pneumocystis-carinii-1
seq_len:120
seq_name:srp_Chla.trac._AE001298
seq_len:102
seq_name:tRNA_tdbR00000139-Mycoplasma_capricolum-2095-His-GUK
seq_len:77
seq_name:tRNA_tdbR00000415-Nicotiana_rustica-4093-Ser-GA
seq_len:85
seq_name:tmRNA_Bact.frag._CR626927_1-398
seq_len:398
seq_name:srp_Ence.cuni._AL590449
seq_len:162
seq_name:tRNA_tdbR00000245-Rattus_norvegicus-10116-Leu-UAG
seq_len:75
seq_name:srp_Baci.alca._D11422
seq_len:268
seq_name:5s_Caulobacter-sp.-6
seq_len:119
seq_name:tmRNA_Burk.spec._CP000151_1-370
seq_len:370
seq_name:telomerase_AF221935.112-602
seq_len:491
seq_name:5s_Streptococcus-mutans-2
seq_len:116
seq_name:srp_Humu.lupu._AJ236703
seq_len:268
seq_name:tRNA_tdbR00000342-Bos_taurus-9913-Gln-CUG
seq_len:75
seq_name:tmRNA_Syne.spec._D90916_1-396
seq_len:396
seq_name:tmRNA_Nitr.mult._CP000103_1-362
seq_len:362
seq_name:tRNA_tdbR00000584-Aeropyrum_pernix-56636-Pro-GGG
seq_len:78
seq_name:srp_Salm.ente._AE017220
seq_len:116
seq_name:srp_Vibr.chol._CP000627
seq_len:111
seq_name:5s_Saprolegnia-ferax-1
seq_len:118
seq_name:16s_G.intestinalis_domain3
seq_len:441
seq_name:tmRNA_Myxo.xant._TRW-34_1-366
seq_len:366
seq_name:tmRNA_Carn.malt._AF275938_1-366
seq_len:366
seq_name:srp_Bruc.ovis._CP000708
seq_len:103
seq_name:5s_Cyclidiopsis-acus-1
seq_len:118
seq_name:srp_Lact.delb._CR954253
seq_len:91
seq_name:srp_Homo.sapi._BF909563
seq_len:280
seq_name:srp_Kine.radi._CP000750
seq_len:53
seq_name:tRNA_tdbR00000463-Bos_taurus-9913-Val-UAC
seq_len:70
seq_name:tmRNA_Geob.stea._TRW-1422_1-352
seq_len:352
seq_name:grp1_b.I1.e.M.anisopliae.2.C1.LSU.1921
seq_len:456
seq_name:tmRNA_Shew.spec._CP000446_1-355
seq_len:355
seq_name:grp1_a.I1.c.A.cherimola.C3.tLEU
seq_len:494
seq_name:tRNA_tdbR00000172-Lupinus_luteus-3873-Ile-IAU
seq_len:77
seq_name:srp_Esch.coli._CP000243
seq_len:117
seq_name:grp1_a.I1.e.S.paniceum.UNK.SSU.114
seq_len:210
seq_name:telomerase_AF221939.99-544
seq_len:446
seq_name:tRNA_tdbR00000090-Lupinus_luteus-3873-Phe-AA
seq_len:76
seq_name:srp_Ashb.goss._AE016819
seq_len:381
seq_name:tmRNA_Nost.punc._TRW-63737_1-390
seq_len:390
seq_name:srp_Homo.sapi._AB061847
seq_len:302
seq_name:tRNA_tdbR00000475-Mus_musculus-10090-Val-IAC
seq_len:76
seq_name:srp_Haem.infl._CP000672
seq_len:98
seq_name:srp_Acin.spec._CR543861
seq_len:47
seq_name:srp_Leis.dono._AY722734
seq_len:138
seq_name:tmRNA_Moor.ther._CP000232_1-358
seq_len:358
seq_name:5s_Rumex-acetosa-1
seq_len:120
seq_name:srp_Sacc.para._BN000251
seq_len:509
seq_name:tRNA_tdbR00000451-Mycoplasma_capricolum-2095-Val-UAC
seq_len:76
seq_name:tRNA_tdbR00000355-Escherichia_coli-562-Arg-ICG
seq_len:76
current processing 401/792
seq_name:srp_Sulf.solf._Y08257
seq_len:312
seq_name:grp1_a.I1.e.C.merochlorophea.UNK.SSU.1389
seq_len:265
seq_name:telomerase_AF221914.112-589
seq_len:478
seq_name:tRNA_tdbR00000119-Escherichia_coli-562-Gly-NCC
seq_len:75
seq_name:tmRNA_Stap.epid._TRW-1282-2_1-362
seq_len:362
seq_name:grp1_a.I1.e.P.carinii.Pc3.C1.LSU.1921
seq_len:381
seq_name:16s_H.volcanii_domain3
seq_len:490
seq_name:grp1_a.I1.e.C.merochlorophea.UNK.SSU.1210
seq_len:267
seq_name:16s_M.polymorpha_domain3
seq_len:486
seq_name:srp_Baci.subt._X06802
seq_len:270
seq_name:tRNA_tdbR00000467-Pichia_jadinii-4903-Val-IAC
seq_len:77
seq_name:tRNA_tdbR00000177-Mycoplasma_capricolum-2095-Lys-CUU
seq_len:76
seq_name:srp_Homo.sapi._NR_002715
seq_len:301
seq_name:16s_G.intestinalis_domain1
seq_len:485
seq_name:tRNA_tdbR00000316-Bacillus_subtilis-1423-Pro-5GG
seq_len:77
seq_name:srp_Mann.succ._AE016827
seq_len:118
seq_name:srp_Ther.acid._AL445063
seq_len:317
seq_name:srp_Tryp.cong._SDB-5692
seq_len:279
seq_name:tRNA_tdbR00000337-Tetrahymena_thermophila-5911-Gln-CUA
seq_len:75
seq_name:srp_Pseu.syri._CP000075
seq_len:117
seq_name:tmRNA_Lact.lact._AE006373_1-359
seq_len:359
seq_name:tmRNA_Pseu.syri._AE016853_1-388
seq_len:388
seq_name:srp_Cory.diph._BX248354
seq_len:89
seq_name:5s_Prasinocladus-sp.-1
seq_len:120
seq_name:srp_Stre.agal._AL766845
seq_len:77
seq_name:tmRNA_Stre.equi._TRW-1336_1-349
seq_len:349
seq_name:telomerase_AY058901.1-397
seq_len:397
seq_name:tmRNA_Pseu.fluo._CP000076_1-394
seq_len:394
seq_name:23s_S.aureus_domain4
seq_len:347
seq_name:tmRNA_Emil.huxl._TRW-280463_1-291
seq_len:291
seq_name:srp_Popu.bals._GSP-73824
seq_len:303
seq_name:tRNA_tdbR00000478-Haloferax_volcanii-2246-Trp-BCA
seq_len:77
seq_name:tmRNA_Clos.acet._AE001437_1-359
seq_len:359
seq_name:5s_Halococcus-morrhuae-2
seq_len:125
seq_name:5s_Haloferax-volcanii-2
seq_len:125
seq_name:grp1_a.I1.e.P.macrosporus.C1.SSU.1506
seq_len:433
seq_name:telomerase_AF221920.99-541
seq_len:443
seq_name:5s_Bacillus-clausii-1
seq_len:116
seq_name:tRNA_tdbR00000590-Ascaris_suum-6253-Glu-UC
seq_len:62
seq_name:tRNA_tdbR00000443-Saccharomyces_cerevisiae-4932-Thr-IGU
seq_len:76
seq_name:tRNA_tdbR00000613-Nanoarchaeum_equitans-160232-Glu-CUC
seq_len:78
seq_name:tRNA_tdbR00000611-Sinorhizobium_meliloti-382-His-GUG
seq_len:77
seq_name:tmRNA_Fran.tula._AM286280_1-421
seq_len:421
seq_name:telomerase_AF221916.94-481
seq_len:388
seq_name:tmRNA_Para.symb._BX908798_1-405
seq_len:405
seq_name:grp1_a.I1.e.T.hyperangularis.C1.LSU.1925
seq_len:451
seq_name:16s_F.ananassa_domain3
seq_len:493
seq_name:tRNA_tdbR00000376-Bos_taurus-9913-Arg-3CP
seq_len:76
seq_name:5s_Rhodobacter-sphaeroides-2
seq_len:118
seq_name:grp1_a.I1.e.C.merochlorophea.UNK.SSU.1046
seq_len:267
seq_name:5s_Streptomyces-coelicolor-1
seq_len:121
seq_name:5s_Bombyx-mori-1
seq_len:121
seq_name:telomerase_AF221913.109-520
seq_len:412
seq_name:5s_Saccharothrix-mutabilis-1
seq_len:120
seq_name:tRNA_tdbR00000347-Enterobacteria_phage_T4-10665-Arg-NCU
seq_len:75
seq_name:tmRNA_Myco.aviu._AE016958_1-368
seq_len:368
seq_name:srp_Chla.cavi._AE016995
seq_len:102
seq_name:srp_Humu.lupu._X65983
seq_len:306
seq_name:5s_Streptomyces-rimosus-2
seq_len:120
seq_name:srp_Nitr.euro._BX321857
seq_len:96
seq_name:5s_Hyphomicrobium-sp.-3
seq_len:119
seq_name:tRNA_tdbR00000510-Escherichia_coli-562-Ini-CAU
seq_len:77
seq_name:5s_Ancylobacter-aquaticus-1
seq_len:117
seq_name:tmRNA_Stre.pneu._AE008453_1-348
seq_len:348
seq_name:tRNA_tdbR00000471-Oryctolagus_cuniculus-9986-Val-IAC
seq_len:76
seq_name:5s_Schizosaccharomyces-pombe-1
seq_len:119
seq_name:16s_P.occultum_domain3
seq_len:485
seq_name:5s_Pyrococcus-horikoshii-1
seq_len:122
seq_name:tmRNA_List.mono._TRW-1639-1_1-370
seq_len:370
seq_name:16s_T.maritima_domain4
seq_len:151
seq_name:tmRNA_uncu.bact._TRW-32045-4_1-369
seq_len:369
seq_name:tmRNA_Shig.flex._AE014073_1-363
seq_len:363
seq_name:tRNA_tdbR00000565-Bos_taurus-9913-Tyr-9PA
seq_len:77
seq_name:5s_Kondoa-malvinella-1
seq_len:119
seq_name:srp_Stre.pyog._AE009969
seq_len:78
seq_name:tRNA_tdbR00000499-Halobacterium_salinarum-2242-Ini-CAU
seq_len:78
seq_name:tmRNA_Camp.coli._TRW-306254_1-359
seq_len:359
seq_name:tmRNA_Lact.plan._AL935259_1-372
seq_len:372
seq_name:srp_Stap.epid._AF269814
seq_len:101
seq_name:srp_Dros.mela._X00952
seq_len:298
seq_name:tmRNA_Myco.pulm._AL445565_1-387
seq_len:387
seq_name:tRNA_tdbR00000216-Mycoplasma_capricolum-2095-Leu-BAA
seq_len:85
seq_name:tmRNA_Anab.vari._CP000117_1-390
seq_len:390
seq_name:srp_Brad.japo._BA000040
seq_len:33
seq_name:5s_Fusarium-pseudograminearum-1
seq_len:119
seq_name:5s_Neurospora-crassa-12
seq_len:120
seq_name:tmRNA_Prop.acne._AE017283_1-371
seq_len:371
seq_name:grp1_b.I1.e.C.saccharophila.C1.SSU.156
seq_len:454
seq_name:5s_Exidia-glandulosa-1
seq_len:118
seq_name:telomerase_AF221921.98-548
seq_len:451
seq_name:grp1_a.I1.e.C.saccatum.C1.SSU.1512
seq_len:476
seq_name:telomerase_AF221909.98-496
seq_len:399
seq_name:16s_P.staleyi_domain4
seq_len:147
seq_name:tRNA_tdbR00000364-Ascaris_suum-6253-Arg-ACG
seq_len:57
seq_name:srp_Anae.sp.._CP000769
seq_len:88
seq_name:16s_G.intestinalis_domain2
seq_len:392
seq_name:tRNA_tdbR00000254-Candida_cylindracea-44322-Leu-IAG
seq_len:85
seq_name:grp1_a.I1.e.D.parva.C1.SSU.1512
seq_len:436
seq_name:srp_Burk.pseu._CP000572
seq_len:79
seq_name:tRNA_tdbR00000572-Leishmania_tarentolae-5689-Lys-1UU
seq_len:73
current processing 501/792
seq_name:tRNA_tdbR00000492-Rattus_norvegicus-10116-Trp-NCA
seq_len:70
seq_name:tmRNA_Haem.ducr._AE017143_1-367
seq_len:367
seq_name:tRNA_tdbR00000593-Ascaris_suum-6253-Trp-CA
seq_len:60
seq_name:tmRNA_Esch.coli._AP009048_1-363
seq_len:363
seq_name:tRNA_tdbR00000328-Enterobacteria_phage_T5-10726-Gln-UUG
seq_len:78
seq_name:tRNA_tdbR00000074-Tetrahymena_pyriformis-5908-Phe-GAA
seq_len:76
seq_name:telomerase_AF221918.97-547
seq_len:451
seq_name:tmRNA_Exig.sibi._TRW-262543_1-359
seq_len:359
seq_name:5s_Pichia-jadinii-2
seq_len:121
seq_name:grp1_a.I1.e.L.dispersa.UNK.SSU.1046
seq_len:255
seq_name:grp1_a.I1.e.B.ciliata.JCM6865.C1.SSU.943
seq_len:360
seq_name:tmRNA_Camp.lari._TRW-306263_1-359
seq_len:359
seq_name:16s_Z.mays_domain1
seq_len:506
seq_name:tRNA_tdbR00000132-Lupinus_luteus-3873-Gly-GCC
seq_len:74
seq_name:srp_Tryp.bruc._AF047723
seq_len:273
seq_name:srp_Ther.koda._AP006878
seq_len:318
seq_name:5s_Ralstonia-solanacearum-2
seq_len:115
seq_name:16s_B.subtilis_domain3
seq_len:483
seq_name:5s_Drosophila-teissieri-1
seq_len:120
seq_name:srp_Arab.thal._AC005275
seq_len:305
seq_name:5s_Escherichia-coli-14
seq_len:120
seq_name:srp_Cypr.carp._CF662133
seq_len:297
seq_name:tRNA_tdbR00000309-Enterobacteria_phage_T4-10665-Pro-NGG
seq_len:77
seq_name:tmRNA_Fuso.nucl._TRW-209882_1-344
seq_len:344
seq_name:srp_Mono.brev._GSP-81824
seq_len:311
seq_name:grp1_b.I1.e.M.anisopliae.3.C1.LSU.1921
seq_len:394
seq_name:tRNA_tdbR00000286-Lupinus_luteus-3873-Met-BAU
seq_len:77
seq_name:srp_Chla.pneu._AE001363
seq_len:116
seq_name:tmRNA_Stap.aure._TRW-1280_1-362
seq_len:362
seq_name:5s_Filobasidium-capsuligenum-1
seq_len:118
seq_name:tmRNA_Myco.tube._TRW-164513_1-368
seq_len:368
seq_name:tRNA_tdbR00000125-Bos_taurus-9913-Gly-UCC
seq_len:72
seq_name:tmRNA_Stre.aure._AY616521_1-382
seq_len:382
seq_name:23s_T.thermophilus_domain4
seq_len:339
seq_name:tmRNA_Meth.flag._CP000284_1-361
seq_len:361
seq_name:tRNA_tdbR00000175-Haloferax_volcanii-2246-Lys-NUU
seq_len:77
seq_name:grp1_a.I1.e.P.clavariiformis.C1.SSU.943
seq_len:448
seq_name:tmRNA_Lact.lact._AF176556_1-359
seq_len:359
seq_name:srp_Fran.tula._AM286280
seq_len:99
seq_name:5s_Neurospora-crassa-15
seq_len:119
seq_name:tmRNA_Shig.dyse._CP000034_1-363
seq_len:363
seq_name:srp_Cory.jeik._CR931997
seq_len:91
seq_name:grp1_a.I1.e.Staurastrum.sp.M752.C1.SSU.1506
seq_len:423
seq_name:tRNA_tdbR00000519-Phaseolus_vulgaris-3885-Ini-CAU
seq_len:77
seq_name:srp_Medi.trun._AC136507
seq_len:295
seq_name:tmRNA_Arth.spec._CP000454_1-369
seq_len:369
seq_name:tRNA_tdbR00000230-Glycine_max-3847-Leu-UA7
seq_len:83
seq_name:grp1_a.I1.e.P.carinii.Pc2.C1.LSU.1921
seq_len:355
seq_name:tRNA_tdbR00000225-Synechococcus_elongatus_PCC_6301-269084-Leu-CAA
seq_len:87
seq_name:5s_Acholeplasma-laidlawii-2
seq_len:111
seq_name:srp_Stre.pyog._AE014139
seq_len:99
seq_name:tRNA_tdbR00000300-Saccharomyces_cerevisiae-4932-Asn-GUU
seq_len:77
seq_name:5s_Fusarium-lunulosporum-5
seq_len:119
seq_name:srp_Arab.thal._X72228
seq_len:306
seq_name:16s_H.sapiens.mito_domain4
seq_len:120
seq_name:tmRNA_Odon.sine._TRW-2839_1-371
seq_len:371
seq_name:tRNA_tdbR00000403-Bos_taurus-9913-Ser-UGA
seq_len:72
seq_name:5s_Roseococcus-thiosulfatophilus-2
seq_len:120
seq_name:5s_Bacillus-firmus-1
seq_len:116
seq_name:tRNA_tdbR00000237-Saccharomyces_cerevisiae-4932-Leu-AA
seq_len:85
seq_name:5s_Puccinia-suaveolens-1
seq_len:119
seq_name:tmRNA_Esch.coli._BA000007_1-363
seq_len:363
seq_name:tRNA_tdbR00000252-Pichia_jadinii-4903-Leu-BAA
seq_len:85
seq_name:srp_Lact.case._CP000423
seq_len:79
seq_name:srp_Bruc.meli._AM040264
seq_len:106
seq_name:5s_Pseudomonas-stutzeri-2
seq_len:120
seq_name:5s_Escherichia-coli-11
seq_len:122
seq_name:tmRNA_Rumi.albu._TRW-246199_1-354
seq_len:354
seq_name:5s_Acinetobacter-sp.-1
seq_len:116
seq_name:tmRNA_Sulf.azor._TRW-204536_1-351
seq_len:351
seq_name:5s_Cancer-pagurus-1
seq_len:120
seq_name:telomerase_AF221936.98-540
seq_len:443
seq_name:5s_Vibrio-vulnificus-4
seq_len:120
seq_name:tRNA_tdbR00000393-Escherichia_coli-562-Ser-GGA
seq_len:88
seq_name:23s_S.aureus_domain3
seq_len:379
seq_name:tRNA_tdbR00000078-Ascaris_suum-6253-Phe-GAA
seq_len:62
seq_name:tmRNA_Yers.ente._TRW-34054_1-381
seq_len:381
seq_name:tmRNA_Salm.typh._AY316313_1-363
seq_len:363
seq_name:tmRNA_Myco.myco._BX842642_1-411
seq_len:411
seq_name:tmRNA_Myco.Bxz1._AY129337_1-437
seq_len:437
seq_name:tRNA_tdbR00000453-Bacillus_subtilis-1423-Val-5AC
seq_len:76
seq_name:tRNA_tdbR00000560-Lupinus_luteus-3873-Tyr-GPA
seq_len:76
seq_name:tmRNA_Mann.succ._AE016827_1-367
seq_len:367
seq_name:grp1_a.I1.e.B.yamatoana.JCM2896.C1.SSU.1506
seq_len:468
seq_name:tmRNA_Myco.bovi._TRW-1765_1-368
seq_len:368
seq_name:tmRNA_Ther.mari._TRW-243274-1_1-356
seq_len:356
seq_name:srp_Ente.faec._AE016953
seq_len:105
seq_name:tmRNA_Soda.glos._AP008232_1-384
seq_len:384
seq_name:5s_Coprinopsis-cinerea-1
seq_len:118
seq_name:tRNA_tdbR00000618-Candida_albicans-5476-Leu-CAG
seq_len:85
seq_name:srp_Meth.acet._AE010299
seq_len:316
seq_name:tRNA_tdbR00000486-Phaseolus_vulgaris-3885-Trp-BCA
seq_len:77
seq_name:tmRNA_Stre.sobr._TRW-246202_1-349
seq_len:349
seq_name:5s_Locusta-migratoria-1
seq_len:120
seq_name:tmRNA_Pseu.fluo._TRW-216595_1-397
seq_len:397
seq_name:5s_Microtetraspora-glauca-1
seq_len:121
seq_name:tRNA_tdbR00000431-Haloferax_volcanii-2246-Thr-CGU
seq_len:76
seq_name:16s_P.staleyi_domain2
seq_len:353
seq_name:srp_Chla.muri._AE002160
seq_len:106
seq_name:tmRNA_Neis.meni._TRW-272831_1-363
seq_len:363
current processing 601/792
seq_name:5s_Streptomyces-avermitilis-4
seq_len:118
seq_name:5s_Pirellula-sp.-2
seq_len:111
seq_name:srp_List.wels._AM263198
seq_len:30
seq_name:srp_Meth.mari._CP000745
seq_len:218
seq_name:tRNA_tdbR00000211-Haloferax_volcanii-2246-Leu-CAA
seq_len:87
seq_name:grp1_a.I1.e.P.macrosporus.C1.SSU.943
seq_len:380
seq_name:srp_Yers.pest._AE017129
seq_len:117
seq_name:16s_C.elegans_domain2
seq_len:162
seq_name:tmRNA_envi.sequ._TRW-204433_1-356
seq_len:356
seq_name:5s_Nitrobacter-winogradskyi-1
seq_len:117
seq_name:tmRNA_Leif.xyli._AE016822_1-394
seq_len:394
seq_name:grp1_a.I1.e.P.sarcinoidea.C1.SSU.943
seq_len:476
seq_name:tmRNA_Sten.malt._TRW-40324_1-354
seq_len:354
seq_name:tRNA_tdbR00000278-Scenedesmus_obliquus-3088-Met-CAU
seq_len:77
seq_name:16s_D.melanogaster_domain4
seq_len:169
seq_name:srp_Desu.vulg._CP000527
seq_len:82
seq_name:tmRNA_Haem.infl._AY599475_1-366
seq_len:366
seq_name:tRNA_tdbR00000352-Mycoplasma_capricolum-2095-Arg-ICG
seq_len:77
seq_name:5s_Parachlamydia-sp.-1
seq_len:117
seq_name:srp_Trit.aest._BE424647
seq_len:223
seq_name:tmRNA_Stre.scab._TRW-1883_1-402
seq_len:402
seq_name:tRNA_tdbR00000477-Avian_myeloblastosis_virus-11866-Trp-BCA
seq_len:75
seq_name:tRNA_tdbR00000396-Saccharomyces_cerevisiae-4932-Ser-UGA
seq_len:90
seq_name:tRNA_tdbR00000480-Mycoplasma_capricolum-2095-Trp-CA
seq_len:76
seq_name:tRNA_tdbR00000506-Streptomyces_griseus-1911-Ini-CAU
seq_len:77
seq_name:grp1_a.I1.e.A.adeninivorans.C1.LSU.2449
seq_len:450
seq_name:23s_H.pylori_domain4
seq_len:337
seq_name:srp_Burk.mall._CP000546
seq_len:79
seq_name:tRNA_tdbR00000228-Glycine_max-3847-Leu-BAA
seq_len:84
seq_name:srp_Stre.muta._AE014133
seq_len:73
seq_name:srp_Proc.mari._BX572093
seq_len:100
seq_name:16s_H.volcanii_domain2
seq_len:359
seq_name:tRNA_tdbR00000605-Lupinus_luteus-3873-Leu-CAG
seq_len:85
seq_name:tRNA_tdbR00000114-Staphylococcus_epidermidis-1282-Gly-UCC
seq_len:75
seq_name:tmRNA_Heli.pylo._TRW-85962_1-386
seq_len:386
seq_name:tRNA_tdbR00000400-Loligo_bleekeri-6617-Ser-7CU
seq_len:71
seq_name:tmRNA_Chla.trac._TRW-272561_1-420
seq_len:420
seq_name:tmRNA_Mora.cata._AX067460_1-359
seq_len:359
seq_name:16s_C.elegans_domain3
seq_len:290
seq_name:telomerase_AF221923.106-554
seq_len:449
seq_name:srp_Shig.flex._AE016979
seq_len:54
seq_name:tmRNA_Lact.john._TRW-257314_1-367
seq_len:367
seq_name:tRNA_tdbR00000026-Escherichia_coli-562-Asp-QUC
seq_len:77
seq_name:5s_Caulobacter-sp.-5
seq_len:119
seq_name:telomerase_AF221928.95-476
seq_len:382
seq_name:telomerase_AF221929.92-517
seq_len:426
seq_name:srp_Heli.annu._AJ828095
seq_len:64
seq_name:tmRNA_Fran.tula._CP000437_1-421
seq_len:421
seq_name:5s_Vibrio-nereis-1
seq_len:121
seq_name:5s_Agaricus-edulis-1
seq_len:118
seq_name:tmRNA_Esch.coli._AE005491_1-363
seq_len:363
seq_name:tRNA_tdbR00000546-Escherichia_coli-562-Tyr-QUA
seq_len:85
seq_name:srp_Fran.tula._CP000437
seq_len:103
seq_name:srp_Nitr.euro._AL954747
seq_len:102
seq_name:tmRNA_Geob.meta._CP000148_1-356
seq_len:356
seq_name:tmRNA_Clos.diff._TRW-367459_1-350
seq_len:350
seq_name:tRNA_tdbR00000383-Haloferax_volcanii-2246-Ser-GGA
seq_len:84
seq_name:tRNA_tdbR00000455-Escherichia_coli-562-Val-GAC
seq_len:77
seq_name:5s_Thiomonas-cuprina-1
seq_len:118
seq_name:tRNA_tdbR00000024-Mycoplasma_capricolum-2095-Asp-GUC
seq_len:77
seq_name:16s_H.sapiens_domain4
seq_len:171
seq_name:5s_Halorubrum-distributum-4
seq_len:122
seq_name:tRNA_tdbR00000482-Spiroplasma_citri-2133-Trp-CCA
seq_len:75
seq_name:5s_Streptococcus-pyogenes-2
seq_len:116
seq_name:5s_Cellulomonas-biazotea-1
seq_len:120
seq_name:srp_Rick.typh._AE017197
seq_len:98
seq_name:16s_C.psittaci_domain4
seq_len:147
seq_name:5s_Brevibacterium-helvolum-1
seq_len:120
seq_name:16s_B.burgdorferi_domain2
seq_len:349
seq_name:grp1_a.I1.e.P.carinii.Pc1.C1.LSU.1921
seq_len:375
seq_name:tRNA_tdbR00000446-Halobacterium_salinarum-2242-Val-CAC
seq_len:78
seq_name:tmRNA_Lept.spec._TRW-261386_1-359
seq_len:359
seq_name:tRNA_tdbR00000067-Escherichia_coli-562-Phe-GAA
seq_len:76
seq_name:tRNA_tdbR00000093-Bombyx_mori-7091-Phe-AA
seq_len:76
seq_name:5s_Kutzneria-viridogrisea-1
seq_len:120
seq_name:5s_Artemia-sp.-4
seq_len:120
seq_name:5s_Sabellastarte-japonica-1
seq_len:120
seq_name:tmRNA_Kleb.pneu._TRW-272620_1-363
seq_len:363
seq_name:telomerase_U85256.1-451
seq_len:451
seq_name:16s_M.polymorpha_domain2
seq_len:354
seq_name:tmRNA_Azoa.spec._TRW-62928_1-378
seq_len:378
seq_name:23s_S.aureus_domain6
seq_len:255
seq_name:srp_Cand.Bloc._CP000016
seq_len:100
seq_name:tRNA_tdbR00000030-Aedes_albopictus-7160-Asp-GUC
seq_len:71
seq_name:tRNA_tdbR00000556-Schizosaccharomyces_pombe-4896-Tyr-GPA
seq_len:77
seq_name:grp1_a.I1.e.C.grayi.UNK.SSU.1046
seq_len:283
seq_name:tRNA_tdbR00000406-Saccharomyces_cerevisiae-4932-Ser-NGA
seq_len:85
seq_name:16s_C.elegans_domain1
seq_len:173
seq_name:tRNA_tdbR00000176-Haloferax_volcanii-2246-Lys-MUU
seq_len:77
seq_name:tmRNA_Bord.bron._TRW-257310_1-387
seq_len:387
seq_name:5s_Paramecium-tetraurelia-1
seq_len:120
seq_name:5s_uncultured-euryarchaeote-37F11-1
seq_len:122
seq_name:tRNA_tdbR00000072-Phaseolus_vulgaris-3885-Phe-GAA
seq_len:76
seq_name:5s_Sporolactobacillus-nakayamae-1
seq_len:118
seq_name:23s_B.subtilis_domain4
seq_len:348
seq_name:srp_Thal.pseu._GSP-296543
seq_len:96
seq_name:srp_Burk.pseu._CP000124
seq_len:79
seq_name:tRNA_tdbR00000021-Saccharomyces_cerevisiae-4932-Cys-GCA
seq_len:75
seq_name:srp_Leis.infa._SDB-5671
seq_len:279
seq_name:tRNA_tdbR00000338-Tetrahymena_thermophila-5911-Gln-JUA
seq_len:75
current processing 701/792
seq_name:tRNA_tdbR00000529-Triticum_aestivum-4565-Ini-CAU
seq_len:75
seq_name:srp_Stre.pyog._CP000260
seq_len:73
seq_name:grp1_a.I1.e.A.stipitatus.C1.SSU.1046
seq_len:408
seq_name:5s_Akkesiphycus-lubricum-1
seq_len:118
seq_name:srp_Shew.balt._CP000563
seq_len:114
seq_name:tRNA_tdbR00000128-Halocynthia_roretzi-7729-Gly-GCU
seq_len:70
seq_name:tmRNA_Myco.hyop._TRW-262719_1-433
seq_len:433
seq_name:srp_Clos.perf._CP000246
seq_len:268
seq_name:tmRNA_Acti.acti._TRW-272556_1-366
seq_len:366
seq_name:5s_Mycoplasma-gallisepticum-1
seq_len:107
seq_name:tmRNA_Stre.agal._AE014233_1-350
seq_len:350
seq_name:5s_Fusarium-asiaticum-7
seq_len:119
seq_name:tRNA_tdbR00000115-Staphylococcus_epidermidis-1282-Gly-UCC
seq_len:74
seq_name:srp_Dros.mela._AE014297
seq_len:299
seq_name:srp_Leis.braz._AY722724
seq_len:139
seq_name:16s_C.reinhardtii.mito_domain4
seq_len:115
seq_name:srp_Proc.mari._CP000576
seq_len:81
seq_name:telomerase_AF221912.98-564
seq_len:467
seq_name:5s_Bombyx-mori-2
seq_len:120
seq_name:tmRNA_Shew.spec._CP000469_1-355
seq_len:355
seq_name:grp1_a.I1.e.S.paniceum.UNK.SSU.1210
seq_len:260
seq_name:5s_Streptomyces-lividans-1
seq_len:119
seq_name:srp_Onch.volv._AI249203
seq_len:286
seq_name:tmRNA_Chlo.chlo._CP000108_1-401
seq_len:401
seq_name:5s_Shewanella-oneidensis-1
seq_len:120
seq_name:tRNA_tdbR00000587-Aeropyrum_pernix-56636-Met-CAU
seq_len:77
seq_name:5s_Notophthalmus-viridescens-1
seq_len:120
seq_name:srp_Proc.spec._AJ011025
seq_len:81
seq_name:srp_Clos.acet._AE001437
seq_len:262
seq_name:tRNA_tdbR00000143-Asterias_amurensis-7602-His-QUG
seq_len:73
seq_name:5s_Bacteroides-fragilis-4
seq_len:103
seq_name:tRNA_tdbR00000208-Mus_musculus-10090-Lys-CUN
seq_len:76
seq_name:srp_Plas.gall._GSP-5849
seq_len:310
seq_name:23s_E.coli_domain4
seq_len:364
seq_name:5s_Ginkgo-biloba-1
seq_len:120
seq_name:srp_Myco.syno._AE017245
seq_len:105
seq_name:16s_P.staleyi_domain3
seq_len:489
seq_name:grp1_a.I1.e.D.parva.C1.SSU.943
seq_len:396
seq_name:tRNA_tdbR00000108-Haloferax_volcanii-2246-Gly-GCC
seq_len:74
seq_name:srp_Esch.coli._AE016756
seq_len:98
seq_name:5s_Tremella-mesenterica-2
seq_len:118
seq_name:5s_Dugesia-japonica-2
seq_len:121
seq_name:tRNA_tdbR00000317-Salmonella_typhimurium-602-Pro-CGG
seq_len:77
seq_name:tRNA_tdbR00000222-Escherichia_coli-562-Leu-GAG
seq_len:87
seq_name:tRNA_tdbR00000243-Rattus_norvegicus-10116-Leu-UAG
seq_len:74
seq_name:5s_Vibrio-cyclosites-1
seq_len:119
seq_name:tmRNA_Stap.aure._AC074317_1-359
seq_len:359
seq_name:tmRNA_Ther.fusc._CP000088_1-372
seq_len:372
seq_name:srp_Kluy.lact._CR382126
seq_len:499
seq_name:srp_Halo.mari._AY596297
seq_len:316
seq_name:grp1_a.I1.e.S.granulatum.C1.SSU.1506
seq_len:437
seq_name:srp_Shig.flex._AE005674
seq_len:74
seq_name:grp1_a.I1.e.G.planctonica.C1.SSU.943
seq_len:461
seq_name:telomerase_AF221908.136-584
seq_len:449
seq_name:5s_Gelidium-amansii-2
seq_len:121
seq_name:tmRNA_Gemm.obsc._TRW-214688_1-412
seq_len:412
seq_name:5s_Xanthobacter-viscosus-1
seq_len:118
seq_name:5s_Thraustochytrium-visurgense-2
seq_len:119
seq_name:srp_Halo.volc._AF395888
seq_len:306
seq_name:tmRNA_Lept.spec._TRW-261385_1-359
seq_len:359
seq_name:srp_Mari.aqua._CP000514
seq_len:100
seq_name:tmRNA_Fuso.nucl._AE010567_1-341
seq_len:341
seq_name:tRNA_tdbR00000184-Asterias_amurensis-7602-Lys-CUU
seq_len:76
seq_name:tmRNA_Myco.smeg._CP000480_1-369
seq_len:369
seq_name:5s_Neurospora-crassa-2
seq_len:118
seq_name:tRNA_tdbR00000432-Haloferax_volcanii-2246-Thr-GGU
seq_len:75
seq_name:tmRNA_Aero.hydr._AY442269_1-360
seq_len:360
seq_name:grp1_a.I1.e.B.yamatoana.JCM2896.C1.SSU.943
seq_len:480
seq_name:srp_Legi.pneu._CR628337
seq_len:118
seq_name:16s_S.cerevisiae_domain4
seq_len:164
seq_name:srp_Aspe.flav._GSP-332952
seq_len:283
seq_name:tmRNA_envi.sequ._TRW-32045-1_1-355
seq_len:355
seq_name:tRNA_tdbR00000532-Oryctolagus_cuniculus-9986-Ini-CAU
seq_len:75
seq_name:tRNA_tdbR00000236-Neurospora_crassa-5141-Leu-UAG
seq_len:87
seq_name:tmRNA_Chla.abor._CR848038_1-425
seq_len:425
seq_name:srp_Cryp.homi._GSP-353151
seq_len:300
seq_name:tRNA_tdbR00000439-Spinacia_oleracea-3562-Thr-GGU
seq_len:75
seq_name:tmRNA_Salm.ente._AE017220_1-363
seq_len:363
seq_name:5s_Trimorphomyces-papilionaceus-1
seq_len:118
seq_name:tRNA_tdbR00000534-Euphausia_superba-6819-Ini-CAU
seq_len:75
seq_name:srp_Pyro.hori._BA000001
seq_len:319
seq_name:grp1_a.I1.c.G.prostrata.C3.tLEU
seq_len:336
seq_name:5s_Myxococcus-coralloides-1
seq_len:117
seq_name:tRNA_tdbR00000151-Haloferax_volcanii-2246-Ile-GAU
seq_len:77
seq_name:telomerase_AF221937.99-545
seq_len:447
seq_name:grp1_a.I1.e.C.saxonicum.C1.SSU.1506
seq_len:448
seq_name:telomerase_AF221911.104-513
seq_len:410
seq_name:tRNA_tdbR00000209-Enterobacteria_phage_T4-10665-Leu-NAA
seq_len:87
seq_name:tRNA_tdbR00000617-Nanoarchaeum_equitans-160232-Gln-UUG
seq_len:76
seq_name:tmRNA_Clos.ther._TRW-203119_1-387
seq_len:387
seq_name:tmRNA_Porp.purp._TRW-2787_1-323
seq_len:323
All_file_list:792
Save RNA test data to data/test.pick
use gpu: True
Loading file:  data/test.pick
Loading dataset Done!!!
train.len=792
FCDenseNet(
  (features): Sequential(
    (0): BasicConv2d(
      (conv): Conv2d(146, 64, kernel_size=(3, 3), stride=(1, 1), padding=(1, 1), bias=False)
      (bn): BatchNorm2d(64, eps=1e-05, momentum=0.1, affine=True, track_running_stats=True)
      (relu): ReLU(inplace=True)
    )
    (1): BasicConv2d(
      (conv): Conv2d(64, 32, kernel_size=(3, 3), stride=(1, 1), padding=(1, 1), bias=False)
      (bn): BatchNorm2d(32, eps=1e-05, momentum=0.1, affine=True, track_running_stats=True)
      (relu): ReLU(inplace=True)
    )
    (2): BasicConv2d(
      (conv): Conv2d(32, 16, kernel_size=(3, 3), stride=(1, 1), padding=(1, 1), bias=False)
      (bn): BatchNorm2d(16, eps=1e-05, momentum=0.1, affine=True, track_running_stats=True)
      (relu): ReLU(inplace=True)
    )
  )
  (down_dense): Module(
    (block_0): DenseBlock(16, 4*4+16=32)(
      (layer_0): DenseLayer(16, 4)(
        (norm): BatchNorm2d(16, eps=1e-05, momentum=0.1, affine=True, track_running_stats=True)
        (relu): ReLU(inplace=True)
        (conv): Conv2d(16, 4, kernel_size=(3, 3), stride=(1, 1), padding=(1, 1), bias=False)
      )
      (layer_1): DenseLayer(20, 4)(
        (norm): BatchNorm2d(20, eps=1e-05, momentum=0.1, affine=True, track_running_stats=True)
        (relu): ReLU(inplace=True)
        (conv): Conv2d(20, 4, kernel_size=(3, 3), stride=(1, 1), padding=(1, 1), bias=False)
      )
      (layer_2): DenseLayer(24, 4)(
        (norm): BatchNorm2d(24, eps=1e-05, momentum=0.1, affine=True, track_running_stats=True)
        (relu): ReLU(inplace=True)
        (conv): Conv2d(24, 4, kernel_size=(3, 3), stride=(1, 1), padding=(1, 1), bias=False)
      )
      (layer_3): DenseLayer(28, 4)(
        (norm): BatchNorm2d(28, eps=1e-05, momentum=0.1, affine=True, track_running_stats=True)
        (relu): ReLU(inplace=True)
        (conv): Conv2d(28, 4, kernel_size=(3, 3), stride=(1, 1), padding=(1, 1), bias=False)
      )
    )
    (block_1): DenseBlock(32, 4*8+32=64)(
      (layer_0): DenseLayer(32, 8)(
        (norm): BatchNorm2d(32, eps=1e-05, momentum=0.1, affine=True, track_running_stats=True)
        (relu): ReLU(inplace=True)
        (conv): Conv2d(32, 8, kernel_size=(3, 3), stride=(1, 1), padding=(1, 1), bias=False)
      )
      (layer_1): DenseLayer(40, 8)(
        (norm): BatchNorm2d(40, eps=1e-05, momentum=0.1, affine=True, track_running_stats=True)
        (relu): ReLU(inplace=True)
        (conv): Conv2d(40, 8, kernel_size=(3, 3), stride=(1, 1), padding=(1, 1), bias=False)
      )
      (layer_2): DenseLayer(48, 8)(
        (norm): BatchNorm2d(48, eps=1e-05, momentum=0.1, affine=True, track_running_stats=True)
        (relu): ReLU(inplace=True)
        (conv): Conv2d(48, 8, kernel_size=(3, 3), stride=(1, 1), padding=(1, 1), bias=False)
      )
      (layer_3): DenseLayer(56, 8)(
        (norm): BatchNorm2d(56, eps=1e-05, momentum=0.1, affine=True, track_running_stats=True)
        (relu): ReLU(inplace=True)
        (conv): Conv2d(56, 8, kernel_size=(3, 3), stride=(1, 1), padding=(1, 1), bias=False)
      )
    )
    (block_2): DenseBlock(64, 4*16+64=128)(
      (layer_0): DenseLayer(64, 16)(
        (norm): BatchNorm2d(64, eps=1e-05, momentum=0.1, affine=True, track_running_stats=True)
        (relu): ReLU(inplace=True)
        (conv): Conv2d(64, 16, kernel_size=(3, 3), stride=(1, 1), padding=(1, 1), bias=False)
      )
      (layer_1): DenseLayer(80, 16)(
        (norm): BatchNorm2d(80, eps=1e-05, momentum=0.1, affine=True, track_running_stats=True)
        (relu): ReLU(inplace=True)
        (conv): Conv2d(80, 16, kernel_size=(3, 3), stride=(1, 1), padding=(1, 1), bias=False)
      )
      (layer_2): DenseLayer(96, 16)(
        (norm): BatchNorm2d(96, eps=1e-05, momentum=0.1, affine=True, track_running_stats=True)
        (relu): ReLU(inplace=True)
        (conv): Conv2d(96, 16, kernel_size=(3, 3), stride=(1, 1), padding=(1, 1), bias=False)
      )
      (layer_3): DenseLayer(112, 16)(
        (norm): BatchNorm2d(112, eps=1e-05, momentum=0.1, affine=True, track_running_stats=True)
        (relu): ReLU(inplace=True)
        (conv): Conv2d(112, 16, kernel_size=(3, 3), stride=(1, 1), padding=(1, 1), bias=False)
      )
    )
    (block_3): DenseBlock(128, 4*32+128=256)(
      (layer_0): DenseLayer(128, 32)(
        (norm): BatchNorm2d(128, eps=1e-05, momentum=0.1, affine=True, track_running_stats=True)
        (relu): ReLU(inplace=True)
        (conv): Conv2d(128, 32, kernel_size=(3, 3), stride=(1, 1), padding=(1, 1), bias=False)
      )
      (layer_1): DenseLayer(160, 32)(
        (norm): BatchNorm2d(160, eps=1e-05, momentum=0.1, affine=True, track_running_stats=True)
        (relu): ReLU(inplace=True)
        (conv): Conv2d(160, 32, kernel_size=(3, 3), stride=(1, 1), padding=(1, 1), bias=False)
      )
      (layer_2): DenseLayer(192, 32)(
        (norm): BatchNorm2d(192, eps=1e-05, momentum=0.1, affine=True, track_running_stats=True)
        (relu): ReLU(inplace=True)
        (conv): Conv2d(192, 32, kernel_size=(3, 3), stride=(1, 1), padding=(1, 1), bias=False)
      )
      (layer_3): DenseLayer(224, 32)(
        (norm): BatchNorm2d(224, eps=1e-05, momentum=0.1, affine=True, track_running_stats=True)
        (relu): ReLU(inplace=True)
        (conv): Conv2d(224, 32, kernel_size=(3, 3), stride=(1, 1), padding=(1, 1), bias=False)
      )
    )
  )
  (down_trans): Module(
    (trans_0): TransitionDown(32, 32, dropout=0)(
      (norm): BatchNorm2d(32, eps=1e-05, momentum=0.1, affine=True, track_running_stats=True)
      (relu): ReLU(inplace=True)
      (conv): Conv2d(32, 32, kernel_size=(1, 1), stride=(1, 1), bias=False)
      (pool): MaxPool2d(kernel_size=2, stride=2, padding=0, dilation=1, ceil_mode=False)
    )
    (trans_1): TransitionDown(64, 64, dropout=0)(
      (norm): BatchNorm2d(64, eps=1e-05, momentum=0.1, affine=True, track_running_stats=True)
      (relu): ReLU(inplace=True)
      (conv): Conv2d(64, 64, kernel_size=(1, 1), stride=(1, 1), bias=False)
      (pool): MaxPool2d(kernel_size=2, stride=2, padding=0, dilation=1, ceil_mode=False)
    )
    (trans_2): TransitionDown(128, 128, dropout=0)(
      (norm): BatchNorm2d(128, eps=1e-05, momentum=0.1, affine=True, track_running_stats=True)
      (relu): ReLU(inplace=True)
      (conv): Conv2d(128, 128, kernel_size=(1, 1), stride=(1, 1), bias=False)
      (pool): MaxPool2d(kernel_size=2, stride=2, padding=0, dilation=1, ceil_mode=False)
    )
    (trans_3): TransitionDown(256, 256, dropout=0)(
      (norm): BatchNorm2d(256, eps=1e-05, momentum=0.1, affine=True, track_running_stats=True)
      (relu): ReLU(inplace=True)
      (conv): Conv2d(256, 256, kernel_size=(1, 1), stride=(1, 1), bias=False)
      (pool): MaxPool2d(kernel_size=2, stride=2, padding=0, dilation=1, ceil_mode=False)
    )
  )
  (middle): DenseBlock(256, 8*32+256=512)(
    (layer_0): DenseLayer(256, 32)(
      (norm): BatchNorm2d(256, eps=1e-05, momentum=0.1, affine=True, track_running_stats=True)
      (relu): ReLU(inplace=True)
      (conv): Conv2d(256, 32, kernel_size=(3, 3), stride=(1, 1), padding=(1, 1), bias=False)
    )
    (layer_1): DenseLayer(288, 32)(
      (norm): BatchNorm2d(288, eps=1e-05, momentum=0.1, affine=True, track_running_stats=True)
      (relu): ReLU(inplace=True)
      (conv): Conv2d(288, 32, kernel_size=(3, 3), stride=(1, 1), padding=(1, 1), bias=False)
    )
    (layer_2): DenseLayer(320, 32)(
      (norm): BatchNorm2d(320, eps=1e-05, momentum=0.1, affine=True, track_running_stats=True)
      (relu): ReLU(inplace=True)
      (conv): Conv2d(320, 32, kernel_size=(3, 3), stride=(1, 1), padding=(1, 1), bias=False)
    )
    (layer_3): DenseLayer(352, 32)(
      (norm): BatchNorm2d(352, eps=1e-05, momentum=0.1, affine=True, track_running_stats=True)
      (relu): ReLU(inplace=True)
      (conv): Conv2d(352, 32, kernel_size=(3, 3), stride=(1, 1), padding=(1, 1), bias=False)
    )
    (layer_4): DenseLayer(384, 32)(
      (norm): BatchNorm2d(384, eps=1e-05, momentum=0.1, affine=True, track_running_stats=True)
      (relu): ReLU(inplace=True)
      (conv): Conv2d(384, 32, kernel_size=(3, 3), stride=(1, 1), padding=(1, 1), bias=False)
    )
    (layer_5): DenseLayer(416, 32)(
      (norm): BatchNorm2d(416, eps=1e-05, momentum=0.1, affine=True, track_running_stats=True)
      (relu): ReLU(inplace=True)
      (conv): Conv2d(416, 32, kernel_size=(3, 3), stride=(1, 1), padding=(1, 1), bias=False)
    )
    (layer_6): DenseLayer(448, 32)(
      (norm): BatchNorm2d(448, eps=1e-05, momentum=0.1, affine=True, track_running_stats=True)
      (relu): ReLU(inplace=True)
      (conv): Conv2d(448, 32, kernel_size=(3, 3), stride=(1, 1), padding=(1, 1), bias=False)
    )
    (layer_7): DenseLayer(480, 32)(
      (norm): BatchNorm2d(480, eps=1e-05, momentum=0.1, affine=True, track_running_stats=True)
      (relu): ReLU(inplace=True)
      (conv): Conv2d(480, 32, kernel_size=(3, 3), stride=(1, 1), padding=(1, 1), bias=False)
    )
  )
  (up_dense): Module(
    (block_0): DenseBlock(256, 4*64=256)(
      (layer_0): DenseLayer(256, 64)(
        (norm): BatchNorm2d(256, eps=1e-05, momentum=0.1, affine=True, track_running_stats=True)
        (relu): ReLU(inplace=True)
        (conv): Conv2d(256, 64, kernel_size=(3, 3), stride=(1, 1), padding=(1, 1), bias=False)
      )
      (layer_1): DenseLayer(320, 64)(
        (norm): BatchNorm2d(320, eps=1e-05, momentum=0.1, affine=True, track_running_stats=True)
        (relu): ReLU(inplace=True)
        (conv): Conv2d(320, 64, kernel_size=(3, 3), stride=(1, 1), padding=(1, 1), bias=False)
      )
      (layer_2): DenseLayer(384, 64)(
        (norm): BatchNorm2d(384, eps=1e-05, momentum=0.1, affine=True, track_running_stats=True)
        (relu): ReLU(inplace=True)
        (conv): Conv2d(384, 64, kernel_size=(3, 3), stride=(1, 1), padding=(1, 1), bias=False)
      )
      (layer_3): DenseLayer(448, 64)(
        (norm): BatchNorm2d(448, eps=1e-05, momentum=0.1, affine=True, track_running_stats=True)
        (relu): ReLU(inplace=True)
        (conv): Conv2d(448, 64, kernel_size=(3, 3), stride=(1, 1), padding=(1, 1), bias=False)
      )
    )
    (block_1): DenseBlock(128, 4*32=128)(
      (layer_0): DenseLayer(128, 32)(
        (norm): BatchNorm2d(128, eps=1e-05, momentum=0.1, affine=True, track_running_stats=True)
        (relu): ReLU(inplace=True)
        (conv): Conv2d(128, 32, kernel_size=(3, 3), stride=(1, 1), padding=(1, 1), bias=False)
      )
      (layer_1): DenseLayer(160, 32)(
        (norm): BatchNorm2d(160, eps=1e-05, momentum=0.1, affine=True, track_running_stats=True)
        (relu): ReLU(inplace=True)
        (conv): Conv2d(160, 32, kernel_size=(3, 3), stride=(1, 1), padding=(1, 1), bias=False)
      )
      (layer_2): DenseLayer(192, 32)(
        (norm): BatchNorm2d(192, eps=1e-05, momentum=0.1, affine=True, track_running_stats=True)
        (relu): ReLU(inplace=True)
        (conv): Conv2d(192, 32, kernel_size=(3, 3), stride=(1, 1), padding=(1, 1), bias=False)
      )
      (layer_3): DenseLayer(224, 32)(
        (norm): BatchNorm2d(224, eps=1e-05, momentum=0.1, affine=True, track_running_stats=True)
        (relu): ReLU(inplace=True)
        (conv): Conv2d(224, 32, kernel_size=(3, 3), stride=(1, 1), padding=(1, 1), bias=False)
      )
    )
    (block_2): DenseBlock(64, 4*16=64)(
      (layer_0): DenseLayer(64, 16)(
        (norm): BatchNorm2d(64, eps=1e-05, momentum=0.1, affine=True, track_running_stats=True)
        (relu): ReLU(inplace=True)
        (conv): Conv2d(64, 16, kernel_size=(3, 3), stride=(1, 1), padding=(1, 1), bias=False)
      )
      (layer_1): DenseLayer(80, 16)(
        (norm): BatchNorm2d(80, eps=1e-05, momentum=0.1, affine=True, track_running_stats=True)
        (relu): ReLU(inplace=True)
        (conv): Conv2d(80, 16, kernel_size=(3, 3), stride=(1, 1), padding=(1, 1), bias=False)
      )
      (layer_2): DenseLayer(96, 16)(
        (norm): BatchNorm2d(96, eps=1e-05, momentum=0.1, affine=True, track_running_stats=True)
        (relu): ReLU(inplace=True)
        (conv): Conv2d(96, 16, kernel_size=(3, 3), stride=(1, 1), padding=(1, 1), bias=False)
      )
      (layer_3): DenseLayer(112, 16)(
        (norm): BatchNorm2d(112, eps=1e-05, momentum=0.1, affine=True, track_running_stats=True)
        (relu): ReLU(inplace=True)
        (conv): Conv2d(112, 16, kernel_size=(3, 3), stride=(1, 1), padding=(1, 1), bias=False)
      )
    )
    (block_3): DenseBlock(32, 4*8=32)(
      (layer_0): DenseLayer(32, 8)(
        (norm): BatchNorm2d(32, eps=1e-05, momentum=0.1, affine=True, track_running_stats=True)
        (relu): ReLU(inplace=True)
        (conv): Conv2d(32, 8, kernel_size=(3, 3), stride=(1, 1), padding=(1, 1), bias=False)
      )
      (layer_1): DenseLayer(40, 8)(
        (norm): BatchNorm2d(40, eps=1e-05, momentum=0.1, affine=True, track_running_stats=True)
        (relu): ReLU(inplace=True)
        (conv): Conv2d(40, 8, kernel_size=(3, 3), stride=(1, 1), padding=(1, 1), bias=False)
      )
      (layer_2): DenseLayer(48, 8)(
        (norm): BatchNorm2d(48, eps=1e-05, momentum=0.1, affine=True, track_running_stats=True)
        (relu): ReLU(inplace=True)
        (conv): Conv2d(48, 8, kernel_size=(3, 3), stride=(1, 1), padding=(1, 1), bias=False)
      )
      (layer_3): DenseLayer(56, 8)(
        (norm): BatchNorm2d(56, eps=1e-05, momentum=0.1, affine=True, track_running_stats=True)
        (relu): ReLU(inplace=True)
        (conv): Conv2d(56, 8, kernel_size=(3, 3), stride=(1, 1), padding=(1, 1), bias=False)
      )
    )
  )
  (up_trans): Module(
    (trans_0): TransitionUp([256, 256] -> 256))(
      (upconv): Sequential(
        (0): Upsample(scale_factor=2.0, mode=nearest)
        (1): Conv2d(512, 256, kernel_size=(3, 3), stride=(1, 1), padding=(1, 1))
        (2): BatchNorm2d(256, eps=1e-05, momentum=0.1, affine=True, track_running_stats=True)
        (3): ReLU(inplace=True)
      )
      (concat): Concatenate()
    )
    (trans_1): TransitionUp([128, 128] -> 128))(
      (upconv): Sequential(
        (0): Upsample(scale_factor=2.0, mode=nearest)
        (1): Conv2d(256, 128, kernel_size=(3, 3), stride=(1, 1), padding=(1, 1))
        (2): BatchNorm2d(128, eps=1e-05, momentum=0.1, affine=True, track_running_stats=True)
        (3): ReLU(inplace=True)
      )
      (concat): Concatenate()
    )
    (trans_2): TransitionUp([64, 64] -> 64))(
      (upconv): Sequential(
        (0): Upsample(scale_factor=2.0, mode=nearest)
        (1): Conv2d(128, 64, kernel_size=(3, 3), stride=(1, 1), padding=(1, 1))
        (2): BatchNorm2d(64, eps=1e-05, momentum=0.1, affine=True, track_running_stats=True)
        (3): ReLU(inplace=True)
      )
      (concat): Concatenate()
    )
    (trans_3): TransitionUp([32, 32] -> 32))(
      (upconv): Sequential(
        (0): Upsample(scale_factor=2.0, mode=nearest)
        (1): Conv2d(64, 32, kernel_size=(3, 3), stride=(1, 1), padding=(1, 1))
        (2): BatchNorm2d(32, eps=1e-05, momentum=0.1, affine=True, track_running_stats=True)
        (3): ReLU(inplace=True)
      )
      (concat): Concatenate()
    )
  )
  (final): Conv2d(32, 1, kernel_size=(1, 1), stride=(1, 1))
  (Norm): BatchNorm2d(1, eps=1e-05, momentum=0.1, affine=True, track_running_stats=True)
)
----------
Epoch 15/50
----------
Phase train...
Train data:792
/home/gkulemeyer/Repos/REDfold/exec1/redfold/fold/data_generator.py:53: VisibleDeprecationWarning: Creating an ndarray from ragged nested sequences (which is a list-or-tuple of lists-or-tuples-or ndarrays with different lengths or shapes) is deprecated. If you meant to do this, you must specify 'dtype=object' when creating the ndarray.
  self.seq_hot= np.array([instance[2] for instance in self.data])
/home/gkulemeyer/Repos/REDfold/exec1/redfold/fold/data_generator.py:54: VisibleDeprecationWarning: Creating an ndarray from ragged nested sequences (which is a list-or-tuple of lists-or-tuples-or ndarrays with different lengths or shapes) is deprecated. If you meant to do this, you must specify 'dtype=object' when creating the ndarray.
  self.data_y= np.array([instance[3] for instance in self.data])
/home/gkulemeyer/Repos/REDfold/exec1/redfold/fold/data_generator.py:55: VisibleDeprecationWarning: Creating an ndarray from ragged nested sequences (which is a list-or-tuple of lists-or-tuples-or ndarrays with different lengths or shapes) is deprecated. If you meant to do this, you must specify 'dtype=object' when creating the ndarray.
  self.data_x= np.array([instance[4] for instance in self.data])
/home/gkulemeyer/Repos/REDfold/exec1/redfold/fold/data_generator.py:56: VisibleDeprecationWarning: Creating an ndarray from ragged nested sequences (which is a list-or-tuple of lists-or-tuples-or ndarrays with different lengths or shapes) is deprecated. If you meant to do this, you must specify 'dtype=object' when creating the ndarray.
  self.data_z= np.array([instance[5] for instance in self.data])
Epoch Loss:0.1128
----------
Epoch 16/50
----------
Phase train...
Train data:792
Epoch Loss:0.1054
----------
Epoch 17/50
----------
Phase train...
Train data:792
Epoch Loss:0.0960
----------
Epoch 18/50
----------
Phase train...
Train data:792
Epoch Loss:0.1024
----------
Epoch 19/50
----------
Phase train...
Train data:792
Epoch Loss:0.0962
----------
Epoch 20/50
----------
Phase train...
Train data:792
Epoch Loss:0.0917
----------
Epoch 21/50
----------
Phase train...
Train data:792
Epoch Loss:0.0913
----------
Epoch 22/50
----------
Phase train...
Train data:792
Epoch Loss:0.0896
----------
Epoch 23/50
----------
Phase train...
Train data:792
Epoch Loss:0.0977
----------
Epoch 24/50
----------
Phase train...
Train data:792
Epoch Loss:0.0994
----------
Epoch 25/50
----------
Phase train...
Train data:792
Epoch Loss:0.0921
----------
Epoch 26/50
----------
Phase train...
Train data:792
Epoch Loss:0.0915
----------
Epoch 27/50
----------
Phase train...
Train data:792
Epoch Loss:0.0903
----------
Epoch 28/50
----------
Phase train...
Train data:792
Epoch Loss:0.0893
----------
Epoch 29/50
----------
Phase train...
Train data:792
Epoch Loss:0.0853
----------
Epoch 30/50
----------
Phase train...
Train data:792
Epoch Loss:0.0786
----------
Epoch 31/50
----------
Phase train...
Train data:792
Epoch Loss:0.0873
----------
Epoch 32/50
----------
Phase train...
Train data:792
Epoch Loss:0.0867
----------
Epoch 33/50
----------
Phase train...
Train data:792
Epoch Loss:0.0789
----------
Epoch 34/50
----------
Phase train...
Train data:792
Epoch Loss:0.0794
----------
Epoch 35/50
----------
Phase train...
Train data:792
Epoch Loss:0.0859
----------
Epoch 36/50
----------
Phase train...
Train data:792
Epoch Loss:0.0887
----------
Epoch 37/50
----------
Phase train...
Train data:792
Epoch Loss:0.0792
----------
Epoch 38/50
----------
Phase train...
Train data:792
Epoch Loss:0.0756
----------
Epoch 39/50
----------
Phase train...
Train data:792
Epoch Loss:0.0772
----------
Epoch 40/50
----------
Phase train...
Train data:792
Epoch Loss:0.0764
----------
Epoch 41/50
----------
Phase train...
Train data:792
Epoch Loss:0.0771
----------
Epoch 42/50
----------
Phase train...
Train data:792
Epoch Loss:0.0787
----------
Epoch 43/50
----------
Phase train...
Train data:792
Epoch Loss:0.0832
----------
Epoch 44/50
----------
Phase train...
Train data:792
Epoch Loss:0.0804
----------
Epoch 45/50
----------
Phase train...
Train data:792
Epoch Loss:0.0767
----------
Epoch 46/50
----------
Phase train...
Train data:792
Epoch Loss:0.0771
----------
Epoch 47/50
----------
Phase train...
Train data:792
Epoch Loss:0.0767
----------
Epoch 48/50
----------
Phase train...
Train data:792
Epoch Loss:0.0767
----------
Epoch 49/50
----------
Phase train...
Train data:792
Epoch Loss:0.0824
Saving model to data/mod_redense_050.pt
train finish.
