seq_name:tmRNA_Ther.ther._TRW-300852_1-349
seq_len:349
current processing 1/1432
seq_name:RNaseP_S.octosporus
seq_len:281
seq_name:tRNA_tdbR00000383-Haloferax_volcanii-2246-Ser-GGA
seq_len:84
seq_name:tRNA_tdbR00000361-Saccharomyces_cerevisiae-4932-Arg-ACG
seq_len:74
seq_name:5s_Paramecium-tetraurelia-1
seq_len:120
seq_name:tmRNA_Carb.hydr._CP000141_1-359
seq_len:359
seq_name:tRNA_tdbR00000219-Bacillus_subtilis-1423-Leu-CAG
seq_len:87
seq_name:tRNA_tdbR00000116-Bacillus_subtilis-1423-Gly-CC
seq_len:74
seq_name:tmRNA_Fran.spec._CP000249_1-374
seq_len:374
seq_name:RNaseP_LGA1
seq_len:339
seq_name:5s_Paracoccus-denitrificans-1
seq_len:117
seq_name:5s_Samia-cynthia-ricini-1
seq_len:120
seq_name:tRNA_tdbR00000607-Lupinus_luteus-3873-Leu-IAG
seq_len:85
seq_name:RNaseP_S.typhi
seq_len:374
seq_name:5s_Bursaphelenchus-xylophilus-1
seq_len:119
seq_name:RNaseP_SM-A05
seq_len:302
seq_name:tmRNA_Salm.bong._TRW-218493_1-363
seq_len:363
seq_name:5s_Andrias-davidianus-1
seq_len:121
seq_name:RNaseP_E.faecalis
seq_len:331
seq_name:tRNA_tdbR00000190-Bos_taurus-9913-Lys-NUU
seq_len:70
seq_name:grp1_a.I1.e.L.dispersa.UNK.SSU.1210
seq_len:221
seq_name:tRNA_tdbR00000234-Spinacia_oleracea-3562-Leu-UA7
seq_len:83
seq_name:tmRNA_Myco.Bxz1._AY129337_1-437
seq_len:437
seq_name:grp1_a.I1.e.A.adeninivorans.C1.LSU.2449
seq_len:450
seq_name:tRNA_tdbR00000466-Saccharomyces_cerevisiae-4932-Val-AC
seq_len:77
seq_name:tRNA_tdbR00000512-Mycobacterium_smegmatis-1772-Ini-CAU
seq_len:77
seq_name:tRNA_tdbR00000042-Haloferax_volcanii-2246-Glu-MUC
seq_len:78
seq_name:tRNA_tdbR00000398-Ascaris_suum-6253-Ser-UCU
seq_len:54
seq_name:tmRNA_Cory.effi._BA000035_1-376
seq_len:376
seq_name:tRNA_tdbR00000392-Escherichia_coli-562-Ser-GGA
seq_len:88
seq_name:tRNA_tdbR00000618-Candida_albicans-5476-Leu-CAG
seq_len:85
seq_name:RNaseP_SLC
seq_len:243
seq_name:RNaseP_C.muridarum-g
seq_len:395
seq_name:5s_Ureaplasma-urealyticum-3
seq_len:104
seq_name:RNaseP_S.carlsbergensis
seq_len:359
seq_name:tmRNA_Neis.meni._TRW-122587_1-363
seq_len:363
seq_name:RNaseP_purpleX
seq_len:300
seq_name:5s_Methylococcus-capsulatus-3
seq_len:118
seq_name:tmRNA_List.mono._TRW-169963_1-370
seq_len:370
seq_name:tmRNA_Sten.malt._TRW-40324_1-354
seq_len:354
seq_name:tmRNA_Acid.ferr._TRW-920_1-341
seq_len:341
seq_name:tRNA_tdbR00000419-Nicotiana_rustica-4093-Ser-IGA
seq_len:85
seq_name:5s_Helicobacter-pylori-3
seq_len:135
seq_name:5s_Natrialba-magadii-1
seq_len:125
seq_name:tRNA_tdbR00000418-Nicotiana_rustica-4093-Ser-IGA
seq_len:85
seq_name:5s_Fusarium-culmorum-6
seq_len:119
seq_name:tRNA_tdbR00000034-Mesocricetus_auratus-10036-Asp-GUC
seq_len:71
seq_name:tmRNA_Rubr.xyla._CP000386_1-360
seq_len:360
seq_name:tmRNA_Trem.prin._AF481102_1-264
seq_len:264
seq_name:tmRNA_Buch.aphi._AE016826_1-367
seq_len:367
seq_name:5s_Vitreoscilla-stercoraria-1
seq_len:118
seq_name:telomerase_AF221935.112-602
seq_len:491
seq_name:tRNA_tdbR00000504-Mycoplasma_capricolum-2095-Ini-CAU
seq_len:76
seq_name:tRNA_tdbR00000263-Rattus_norvegicus-10116-Leu-AA
seq_len:86
seq_name:telomerase_AF221919.107-614
seq_len:508
seq_name:5s_Halorubrum-terrestre-2
seq_len:122
seq_name:5s_uncultured-euryarchaeote-37F11-1
seq_len:122
seq_name:tmRNA_Ther.mari._TRW-243274-1_1-356
seq_len:356
seq_name:RNaseP_T.luteus
seq_len:307
seq_name:5s_Meloidogyne-artiellia-1
seq_len:118
seq_name:tmRNA_Guil.thet._TRW-55529_1-330
seq_len:330
seq_name:RNaseP_LGW17
seq_len:411
seq_name:tRNA_tdbR00000055-Schizosaccharomyces_pombe-4896-Glu-3UC
seq_len:75
seq_name:grp1_a.I1.m.S.pombe.B1.OX1
seq_len:343
seq_name:RNaseP_ESH26-4
seq_len:281
seq_name:RNaseP_CPA62
seq_len:354
seq_name:tmRNA_Desu.vulg._AE017285_1-352
seq_len:352
seq_name:tmRNA_Pseu.syri._CP000058_1-388
seq_len:388
seq_name:RNaseP_K.thermotolerans
seq_len:219
seq_name:tRNA_tdbR00000428-Homo_sapiens-9606-Ser-UGA
seq_len:85
seq_name:tmRNA_Shig.sonn._CP000038_1-363
seq_len:363
seq_name:tmRNA_Bact.mari._TRW-97084_1-385
seq_len:385
seq_name:RNaseP_C.sporogenes
seq_len:302
seq_name:5s_Bacillus-cereus-10
seq_len:124
seq_name:telomerase_AF221920.99-541
seq_len:443
seq_name:5s_Sphingomonas-ursincola-1
seq_len:118
seq_name:tRNA_tdbR00000391-Escherichia_coli-562-Ser-GCU
seq_len:93
seq_name:5s_Chlorobium-limicola-1
seq_len:111
seq_name:5s_Cryptococcus-neoformans-2
seq_len:117
seq_name:5s_Neurospora-crassa-12
seq_len:120
seq_name:RNaseP_ESH30-3
seq_len:318
seq_name:RNaseP_PS4
seq_len:297
seq_name:5s_Proasellus-coxalis-1
seq_len:120
seq_name:tmRNA_Syne.spec._TRW-32049_1-396
seq_len:396
seq_name:RNaseP_S.caesia-SB22
seq_len:339
seq_name:5s_Sulfurococcus-mirabilis-1
seq_len:124
seq_name:tRNA_tdbR00000267-Bos_taurus-9913-Leu-IAG
seq_len:85
seq_name:telomerase_AF221940.103-499
seq_len:397
seq_name:tmRNA_Spir.citr._AM285321_1-424
seq_len:424
seq_name:RNaseP_LGA8
seq_len:339
seq_name:tRNA_tdbR00000135-Homo_sapiens-9606-Gly-CCC
seq_len:74
seq_name:tmRNA_envi.sequ._TRW-32045-3_1-350
seq_len:350
seq_name:16s_P.staleyi_domain4
seq_len:147
seq_name:grp1_a.I1.e.S.sclerotiorum_1837.C1.LSU.798
seq_len:371
seq_name:RNaseP_B.bufo
seq_len:397
seq_name:RNaseP_P.alcalifaciens
seq_len:301
seq_name:5s_Haloarcula-marismortui-1
seq_len:122
seq_name:tRNA_tdbR00000611-Sinorhizobium_meliloti-382-His-GUG
seq_len:77
seq_name:tmRNA_Heli.pylo._TRW-85962_1-386
seq_len:386
seq_name:RNaseP_F.mortiferum
seq_len:285
seq_name:5s_Xenopus-tropicalis-2
seq_len:121
current processing 101/1432
seq_name:tmRNA_Myco.geni._TRW-243273_1-388
seq_len:388
seq_name:tmRNA_Salm.typh._AY319520_1-363
seq_len:363
seq_name:tRNA_tdbR00000462-Rattus_norvegicus-10116-Val-UAC
seq_len:72
seq_name:23s_E.coli_domain4
seq_len:364
seq_name:5s_Juniperus-media-1
seq_len:120
seq_name:RNaseP_R.americana-mito
seq_len:312
seq_name:tRNA_tdbR00000127-Halocynthia_roretzi-7729-Gly-UCU
seq_len:65
seq_name:tRNA_tdbR00000235-Neurospora_crassa-5141-Leu-NAA
seq_len:85
seq_name:5s_Nitella-flexilis-1
seq_len:121
seq_name:tmRNA_Meso.flor._AE017263_1-408
seq_len:408
seq_name:5s_Solemya-velum-1
seq_len:120
seq_name:5s_Tremella-mesenterica-2
seq_len:118
seq_name:RNaseP_SM-A1726
seq_len:338
seq_name:tmRNA_Psyc.arct._CP000082_1-359
seq_len:359
seq_name:RNaseP_Prochlorococcus-NATL2
seq_len:323
seq_name:16s_M.polymorpha_domain2
seq_len:354
seq_name:tmRNA_Stre.suis._TRW-286604_1-348
seq_len:348
seq_name:tRNA_tdbR00000339-Tetrahymena_thermophila-5911-Gln-JUG
seq_len:75
seq_name:tRNA_tdbR00000380-Halobacterium_salinarum-2242-Ser-MGA
seq_len:88
seq_name:tRNA_tdbR00000114-Staphylococcus_epidermidis-1282-Gly-UCC
seq_len:75
seq_name:tRNA_tdbR00000113-Streptomyces_coelicolor_A32-100226-Gly-CCC
seq_len:74
seq_name:tmRNA_Porp.ging._TRW-242619_1-407
seq_len:407
seq_name:tmRNA_Lact.sake._AF400065_1-370
seq_len:370
seq_name:23s_S.aureus_domain6
seq_len:255
seq_name:23s_B.subtilis_domain4
seq_len:348
seq_name:tRNA_tdbR00000203-Loligo_bleekeri-6617-Lys-NUU
seq_len:76
seq_name:tmRNA_Lact.sake._TRW-314315_1-370
seq_len:370
seq_name:5s_Rickettsia-prowazekii-1
seq_len:119
seq_name:tmRNA_Shew.frig._CP000447_1-356
seq_len:356
seq_name:grp1_s.I1.e.T.thermophila.C1.LSU.1925.schem
seq_len:506
seq_name:5s_Methanolobus-tindarius-2
seq_len:128
seq_name:tmRNA_Acti.naes._TRW-240017_1-371
seq_len:371
seq_name:RNaseP_C.pneumoniae
seq_len:336
seq_name:5s_Sterkiella-nova-1
seq_len:120
seq_name:tmRNA_Lept.spec._TRW-261385_1-359
seq_len:359
seq_name:tmRNA_Fran.tula._CP000437_1-421
seq_len:421
seq_name:tmRNA_Emil.huxl._AY741371_1-291
seq_len:291
seq_name:5s_Bacillus-firmus-1
seq_len:116
seq_name:tRNA_tdbR00000227-Geobacillus_stearothermophilus-1422-Leu-BAA
seq_len:86
seq_name:tmRNA_Fran.spec._TRW-298653_1-375
seq_len:375
seq_name:tRNA_tdbR00000483-Bacillus_subtilis-1423-Trp-CCA
seq_len:74
seq_name:tRNA_tdbR00000225-Synechococcus_elongatus_PCC_6301-269084-Leu-CAA
seq_len:87
seq_name:5s_Candidatus-Tremblaya-princeps-2
seq_len:117
seq_name:5s_Bifidobacterium-longum-3
seq_len:120
seq_name:tRNA_tdbR00000330-Haloferax_volcanii-2246-Gln-MUG
seq_len:76
seq_name:tmRNA_Stap.epid._TRW-1282-1_1-361
seq_len:361
seq_name:5s_Methanothermobacter-thermautotrophicus-7
seq_len:131
seq_name:tmRNA_Trep.pall._TRW-243276_1-354
seq_len:354
seq_name:5s_Halorubrum-distributum-3
seq_len:121
seq_name:RNaseP_I.calvum
seq_len:289
seq_name:tRNA_tdbR00000564-Drosophila_melanogaster-7227-Tyr-QPA
seq_len:76
seq_name:tRNA_tdbR00000422-Rattus_norvegicus-10116-Ser-GCU
seq_len:85
seq_name:RNaseP_E.eschscholtzii-1
seq_len:326
seq_name:5s_Lactobacillus-delbrueckii-1
seq_len:117
seq_name:5s_Vibrio-adaptatus-1
seq_len:121
seq_name:tmRNA_Bloc.flor._BX248583_1-393
seq_len:393
seq_name:tRNA_tdbR00000105-Halobacterium_salinarum-2242-Gly-GCC
seq_len:74
seq_name:tRNA_tdbR00000420-Spinacia_oleracea-3562-Ser-IGA
seq_len:85
seq_name:RNaseP_P.fluorescens
seq_len:354
seq_name:5s_Archaeoglobus-fulgidus-1
seq_len:124
seq_name:tmRNA_Xyle.fast._TRW-155920_1-355
seq_len:355
seq_name:tRNA_tdbR00000411-Candida_cylindracea-44322-Ser-IGA
seq_len:85
seq_name:tmRNA_Legi.pneu._CR628337_1-406
seq_len:406
seq_name:5s_Oryza-sativa-2
seq_len:119
seq_name:grp1_a.I1.e.S.paniceum.UNK.SSU.114
seq_len:210
seq_name:tRNA_tdbR00000142-Saccharomyces_cerevisiae-4932-His-GUG
seq_len:75
seq_name:RNaseP_M.phosphovorus-JCM9379
seq_len:305
seq_name:tmRNA_Lact.delb._TRW-321956_1-362
seq_len:362
seq_name:tmRNA_Dein.radi._AE001939_1-346
seq_len:346
seq_name:5s_Pedinomonas-minor-1
seq_len:120
seq_name:RNaseP_N.fulvus-KCTC9580
seq_len:308
seq_name:tRNA_tdbR00000503-Thermoplasma_acidophilum-2303-Ini-CAU
seq_len:77
seq_name:RNaseP_SM-A6090
seq_len:292
seq_name:grp1_b.I1.e.T.thermophila.C1.LSU.1925
seq_len:506
seq_name:tRNA_tdbR00000495-Triticum_aestivum-4565-Trp-BCA
seq_len:76
seq_name:tRNA_tdbR00000613-Nanoarchaeum_equitans-160232-Glu-CUC
seq_len:78
seq_name:RNaseP_A.laidlawii
seq_len:316
seq_name:tmRNA_Myco.mobi._TRW-267748_1-376
seq_len:376
seq_name:tmRNA_Shig.dyse._CP000034_1-363
seq_len:363
seq_name:RNaseP_T.aquaticus
seq_len:394
seq_name:tRNA_tdbR00000616-Nanoarchaeum_equitans-160232-Lys-CUU
seq_len:78
seq_name:grp1_a.I1.e.C.merochlorophea.UNK.SSU.1389
seq_len:265
seq_name:tRNA_tdbR00000292-Haloferax_volcanii-2246-Asn-GUU
seq_len:76
seq_name:RNaseP_CPA54
seq_len:294
seq_name:tmRNA_Nost.spec._BA000019_1-390
seq_len:390
seq_name:5s_Bacteroides-thetaiotaomicron-1
seq_len:111
seq_name:tmRNA_Magn.spec._CP000471_1-366
seq_len:366
seq_name:tRNA_tdbR00000469-Rattus_norvegicus-10116-Val-IAC
seq_len:77
seq_name:tmRNA_Oeno.oeni._TRW-203123_1-350
seq_len:350
seq_name:5s_Rhodobacter-sphaeroides-3
seq_len:116
seq_name:telomerase_AF221912.98-564
seq_len:467
seq_name:RNaseP_Wolbachia-sp
seq_len:348
seq_name:RNaseP_P.abyssi
seq_len:330
seq_name:RNaseP_SM-A5179
seq_len:335
seq_name:RNaseP_SM-A1214
seq_len:293
seq_name:5s_Geobacillus-stearothermophilus-4
seq_len:119
seq_name:RNaseP_M.genitalium
seq_len:384
seq_name:5s_Shigella-flexneri-2
seq_len:119
seq_name:tmRNA_Ther.yell._TRW-289376_1-350
seq_len:350
seq_name:RNaseP_N.olivacea-chloroplast
seq_len:398
current processing 201/1432
seq_name:5s_Listeria-monocytogenes-3
seq_len:114
seq_name:tRNA_tdbR00000348-Halobacterium_salinarum-2242-Arg-GCG
seq_len:76
seq_name:tRNA_tdbR00000149-Homo_sapiens-9606-His-GUG
seq_len:76
seq_name:RNaseP_SM-A4674
seq_len:307
seq_name:5s_Paracentrotus-lividus-2
seq_len:121
seq_name:5s_Methanothermobacter-thermautotrophicus-5
seq_len:124
seq_name:tmRNA_Odon.sine._Z67753_1-368
seq_len:368
seq_name:tRNA_tdbR00000052-Aedes_albopictus-7160-Glu-NUC
seq_len:69
seq_name:RNaseP_ESH210B
seq_len:327
seq_name:RNaseP_ESH7-4
seq_len:356
seq_name:telomerase_AF221929.92-517
seq_len:426
seq_name:tRNA_tdbR00000333-Escherichia_coli-562-Gln-NUG
seq_len:75
seq_name:tRNA_tdbR00000136-Homo_sapiens-9606-Gly-GCC
seq_len:74
seq_name:RNaseP_SM-A2743
seq_len:331
seq_name:RNaseP_S.epidermidis
seq_len:401
seq_name:tmRNA_uncu.bact._TRW-383630-1_1-364
seq_len:364
seq_name:tmRNA_uncu.bact._TRW-135621-1_1-397
seq_len:397
seq_name:5s_Saprospira-grandis-1
seq_len:121
seq_name:RNaseP_B.megaterium
seq_len:408
seq_name:tRNA_tdbR00000335-Nicotiana_rustica-4093-Gln-NUG
seq_len:75
seq_name:tRNA_tdbR00000144-Saccharomyces_cerevisiae-4932-His-GUG
seq_len:76
seq_name:tRNA_tdbR00000545-Escherichia_coli-562-Tyr-QUA
seq_len:85
seq_name:RNaseP_S.uvarum
seq_len:369
seq_name:RNaseP_SM-A2033
seq_len:304
seq_name:tRNA_tdbR00000565-Bos_taurus-9913-Tyr-9PA
seq_len:77
seq_name:tmRNA_Yers.pest._CP000308_1-364
seq_len:364
seq_name:RNaseP_S.solfataricus
seq_len:259
seq_name:RNaseP_M.luteus
seq_len:325
seq_name:RNaseP_Prochlorococcus-PAC1A
seq_len:333
seq_name:tmRNA_Fran.tula._AM286280_1-421
seq_len:421
seq_name:tmRNA_Ente.faec._BD193796_1-367
seq_len:367
seq_name:tRNA_tdbR00000368-Mesocricetus_auratus-10036-Arg-UCG
seq_len:71
seq_name:tRNA_tdbR00000424-Drosophila_melanogaster-7227-Ser-GCU
seq_len:85
seq_name:RNaseP_Synechocystis-PCC6308
seq_len:320
seq_name:tRNA_tdbR00000089-Brassica_napus-3708-Phe-AA
seq_len:76
seq_name:grp1_a.I1.e.C.grayi.UNK.SSU.1046
seq_len:283
seq_name:tRNA_tdbR00000252-Pichia_jadinii-4903-Leu-BAA
seq_len:85
seq_name:5s_Sporosarcina-ureae-1
seq_len:116
seq_name:tmRNA_Chlo.chlo._CP000108_1-401
seq_len:401
seq_name:tRNA_tdbR00000550-Neurospora_crassa-5141-Tyr-GUA
seq_len:90
seq_name:5s_Bacteroides-capillosus-1
seq_len:115
seq_name:RNaseP_X.fastidiosa
seq_len:359
seq_name:5s_Neurospora-crassa-11
seq_len:120
seq_name:tRNA_tdbR00000212-Haloferax_volcanii-2246-Leu-CAG
seq_len:88
seq_name:RNaseP_CPA58
seq_len:379
seq_name:tmRNA_Ther.rose._TRW-309801_1-353
seq_len:353
seq_name:tmRNA_Burk.xeno._CP000270_1-370
seq_len:370
seq_name:RNaseP_S.gordonii
seq_len:382
seq_name:tmRNA_Shew.putr._TRW-319224_1-356
seq_len:356
seq_name:tmRNA_envi.sequ._TRW-259291_1-355
seq_len:355
seq_name:tmRNA_Past.mult._AE006115_1-367
seq_len:367
seq_name:5s_Loofah-witches-broom-phytoplasma-1
seq_len:113
seq_name:grp1_a.I1.e.T.pigmentosa.C1.LSU.1925
seq_len:451
seq_name:tmRNA_Prop.acne._TRW-1747-3_1-353
seq_len:353
seq_name:tmRNA_Baci.cere._AE017194_1-355
seq_len:355
seq_name:tRNA_tdbR00000134-Bombyx_mori-7091-Gly-CC
seq_len:75
seq_name:16s_H.volcanii_domain3
seq_len:490
seq_name:tRNA_tdbR00000465-Saccharomyces_cerevisiae-4932-Val-CAC
seq_len:76
seq_name:5s_Limulus-polyphemus-1
seq_len:120
seq_name:tRNA_tdbR00000079-Rattus_norvegicus-10116-Phe-GAA
seq_len:71
seq_name:tRNA_tdbR00000475-Mus_musculus-10090-Val-IAC
seq_len:76
seq_name:tRNA_tdbR00000455-Escherichia_coli-562-Val-GAC
seq_len:77
seq_name:16s_A.pyrophilus_domain2
seq_len:250
seq_name:5s_Acremonium-persicinum-1
seq_len:119
seq_name:23s_S.aureus_domain4
seq_len:347
seq_name:tmRNA_uncu.mari._TRW-363180_1-347
seq_len:347
seq_name:tRNA_tdbR00000328-Enterobacteria_phage_T5-10726-Gln-UUG
seq_len:78
seq_name:tmRNA_envi.sequ._TRW-363179_1-348
seq_len:348
seq_name:grp1_a.I1.m.S.luteus.A1.LSU.2504
seq_len:373
seq_name:tmRNA_Onio.yell._AP006628_1-423
seq_len:423
seq_name:RNaseP_B.bronchiseptica
seq_len:243
seq_name:tRNA_tdbR00000589-Aeropyrum_pernix-56636-Arg-UCU
seq_len:78
seq_name:RNaseP_CPA59
seq_len:316
seq_name:5s_Roseococcus-thiosulfatophilus-2
seq_len:120
seq_name:tmRNA_Deha.ethe._CP000027_1-352
seq_len:352
seq_name:16s_C.psittaci_domain2
seq_len:355
seq_name:tRNA_tdbR00000593-Ascaris_suum-6253-Trp-CA
seq_len:60
seq_name:RNaseP_SM-A07
seq_len:294
seq_name:RNaseP_T.celerAL1
seq_len:279
seq_name:tmRNA_Dict.ther._TRW-14_1-350
seq_len:350
seq_name:tmRNA_Stap.aure._BA000018_1-362
seq_len:362
seq_name:RNaseP_SM-A5382
seq_len:290
seq_name:tmRNA_Heli.pylo._TRW-85963_1-386
seq_len:386
seq_name:tmRNA_Dein.radi._TRW-243230_1-349
seq_len:349
seq_name:tmRNA_Acti.pleu._TRW-44294_1-366
seq_len:366
seq_name:5s_Spirogyra-sp.-1
seq_len:120
seq_name:tmRNA_Ente.faec._TRW-1352_1-367
seq_len:367
seq_name:5s_Andrias-japonicus-1
seq_len:121
seq_name:RNaseP_S.dairensis
seq_len:465
seq_name:RNaseP_SMB-B1
seq_len:255
seq_name:5s_Locusta-migratoria-1
seq_len:120
seq_name:16s_A.pyrophilus_domain4
seq_len:137
seq_name:5s_Saccharomyces-pastorianus-1
seq_len:121
seq_name:RNaseP_N.jensenii
seq_len:326
seq_name:RNaseP_H.pylori-26695
seq_len:316
seq_name:5s_Anaplasma-phagocytophilum-1
seq_len:118
seq_name:5s_Filobasidiella-depauperata-1
seq_len:119
seq_name:RNaseP_CPB86
seq_len:301
seq_name:tmRNA_uncu.bact._TRW-45456_1-408
seq_len:408
seq_name:RNaseP_M.thermoautotrophicumDH-g
seq_len:293
current processing 301/1432
seq_name:RNaseP_Mxa1
seq_len:312
seq_name:RNaseP_ESH46a-1
seq_len:303
seq_name:grp1_a.I1.e.L.dispersa.UNK.SSU.1046
seq_len:255
seq_name:tRNA_tdbR00000141-Salmonella_typhimurium-602-His-QUG
seq_len:77
seq_name:5s_Clavispora-opuntiae-1
seq_len:123
seq_name:tRNA_tdbR00000284-Saccharomyces_cerevisiae-4932-Met-CAU
seq_len:76
seq_name:tmRNA_Desu.desu._CP000112_1-360
seq_len:360
seq_name:16s_C.reinhardtii.mito_domain3
seq_len:387
seq_name:tmRNA_Clos.perf._CP000312_1-361
seq_len:361
seq_name:RNaseP_SM-A2539
seq_len:329
seq_name:tmRNA_Shew.onei._AX048560_1-355
seq_len:355
seq_name:tRNA_tdbR00000125-Bos_taurus-9913-Gly-UCC
seq_len:72
seq_name:5s_Ascobolus-immersus-4
seq_len:119
seq_name:RNaseP_Synechococcus-PCC7003
seq_len:299
seq_name:tRNA_tdbR00000206-Loligo_bleekeri-6617-Lys-UUU
seq_len:76
seq_name:tmRNA_envi.sequ._TRW-351057-3_1-355
seq_len:355
seq_name:tmRNA_Pseu.aeru._CP000438_1-353
seq_len:353
seq_name:RNaseP_S.servazzii
seq_len:234
seq_name:tmRNA_Chla.pneu._TRW-83558_1-426
seq_len:426
seq_name:5s_Tricharina-hiemalis-1
seq_len:119
seq_name:5s_Pimelobacter-simplex-1
seq_len:120
seq_name:tmRNA_Baci.subt._TRW-1423_1-363
seq_len:363
seq_name:tRNA_tdbR00000343-Mus_musculus-10090-Gln-CUG
seq_len:75
seq_name:tmRNA_Pant.stew._TRW-66269_1-363
seq_len:363
seq_name:tRNA_tdbR00000508-Thermus_thermophilus-274-Ini-CAU
seq_len:77
seq_name:tRNA_tdbR00000587-Aeropyrum_pernix-56636-Met-CAU
seq_len:77
seq_name:tmRNA_Neph.oliv._AF137379-1_1-327
seq_len:327
seq_name:tmRNA_Stre.uber._TRW-218495_1-350
seq_len:350
seq_name:5s_Shigella-flexneri-3
seq_len:113
seq_name:tmRNA_Acti.acti._TRW-272556_1-366
seq_len:366
seq_name:tmRNA_Pseu.fluo._CP000094_1-390
seq_len:390
seq_name:5s_Methanobacterium-formicicum-1
seq_len:126
seq_name:tRNA_tdbR00000109-Haloferax_volcanii-2246-Gly-NCC
seq_len:74
seq_name:5s_Chlamydophila-pneumoniae-3
seq_len:117
seq_name:RNaseP_H.morrhuae
seq_len:475
seq_name:RNaseP_P.canadensis
seq_len:333
seq_name:RNaseP_T.album
seq_len:332
seq_name:5s_Methanococcus-maripaludis-1
seq_len:115
seq_name:RNaseP_LGB5
seq_len:298
seq_name:tmRNA_Mora.cata._AX067460_1-359
seq_len:359
seq_name:5s_Trichoplax-adhaerens-1
seq_len:116
seq_name:RNaseP_CPB147
seq_len:298
seq_name:RNaseP_Z.bailii
seq_len:205
seq_name:16s_B.subtilis_domain2
seq_len:355
seq_name:RNaseP_SM-A1417
seq_len:302
seq_name:16s_M.polymorpha_domain4
seq_len:143
seq_name:tRNA_tdbR00000610-Caulobacter_crescentus_CB15-190650-His-GUG
seq_len:77
seq_name:tRNA_tdbR00000148-Ovis_aries-9940-His-QUG
seq_len:76
seq_name:RNaseP_C.trachomatis-D
seq_len:408
seq_name:telomerase_AC121792.109554-109950
seq_len:397
seq_name:RNaseP_A.ferrooxidans
seq_len:344
seq_name:5s_Cryptomonas-paramecium-1
seq_len:121
seq_name:grp1_a.I1.e.D.parva.C1.SSU.943
seq_len:396
seq_name:RNaseP_S.solfataricus-P2
seq_len:311
seq_name:tmRNA_uncu.bact._TRW-72274-2_1-359
seq_len:359
seq_name:tRNA_tdbR00000214-Haloferax_volcanii-2246-Leu-UAA
seq_len:88
seq_name:tRNA_tdbR00000181-Escherichia_coli-562-Lys-SUU
seq_len:76
seq_name:5s_Halobacterium-sp.-2
seq_len:120
seq_name:5s_Ureaplasma-parvum-2
seq_len:102
seq_name:telomerase_AF221930.94-546
seq_len:453
seq_name:5s_Rhodobacter-sphaeroides-1
seq_len:115
seq_name:tmRNA_Cyto.hutc._CP000383_1-404
seq_len:404
seq_name:16s_C.reinhardtii.mito_domain4
seq_len:115
seq_name:RNaseP_H.sapiens
seq_len:340
seq_name:5s_Bacteroides-fragilis-2
seq_len:110
seq_name:tRNA_tdbR00000253-Candida_cylindracea-44322-Leu-BAA
seq_len:85
seq_name:RNaseP_PF101
seq_len:381
seq_name:5s_Fusarium-cerealis-9
seq_len:119
seq_name:tRNA_tdbR00000549-Tetrahymena_pyriformis-5908-Tyr-QUA
seq_len:83
seq_name:tmRNA_Leif.xyli._AE016822_1-394
seq_len:394
seq_name:tRNA_tdbR00000168-Bos_taurus-9913-Ile-GAU
seq_len:72
seq_name:RNaseP_SM-A1113
seq_len:290
seq_name:16s_G.intestinalis_domain3
seq_len:441
seq_name:grp1_a.I1.e.A.capsulatus.CBS213.53.C1.SSU.943
seq_len:408
seq_name:5s_Planctomyces-limnophilus-1
seq_len:111
seq_name:RNaseP_Rr368
seq_len:368
seq_name:5s_T_cruziE
seq_len:121
seq_name:RNaseP_C.psittaci-2
seq_len:332
seq_name:tRNA_tdbR00000133-Bombyx_mori-7091-Gly-GCC
seq_len:74
seq_name:RNaseP_CPB73
seq_len:302
seq_name:tmRNA_Cory.glut._BX927150_1-377
seq_len:377
seq_name:RNaseP_SM-A1315
seq_len:323
seq_name:tRNA_tdbR00000175-Haloferax_volcanii-2246-Lys-NUU
seq_len:77
seq_name:RNaseP_SM-A3254
seq_len:335
seq_name:5s_Xenopus-tropicalis-1
seq_len:120
seq_name:5s_Methanothermobacter-thermautotrophicus-2
seq_len:129
seq_name:tmRNA_Azoa.spec._TRW-62928_1-378
seq_len:378
seq_name:5s_Ehrlichia-ruminantium-1
seq_len:119
seq_name:5s_Thermoplasma-acidophilum-1
seq_len:123
seq_name:tRNA_tdbR00000036-Euglena_gracilis-3039-Asp-GUC
seq_len:75
seq_name:tRNA_tdbR00000548-Scenedesmus_obliquus-3088-Tyr-GUA
seq_len:85
seq_name:RNaseP_A.erythreum
seq_len:310
seq_name:5s_Mycoplasma-gallisepticum-1
seq_len:107
seq_name:tRNA_tdbR00000586-Aeropyrum_pernix-56636-Met-CAU
seq_len:77
seq_name:5s_Deinococcus-radiodurans-2
seq_len:124
seq_name:grp1_a.I1.e.C.saxonicum.C1.SSU.1506
seq_len:448
seq_name:tmRNA_Syne.spec._D90916_1-396
seq_len:396
seq_name:16s_M.polymorpha_domain3
seq_len:486
seq_name:tmRNA_Vibr.para._BA000031_1-368
seq_len:368
seq_name:5s_Octopus-vulgaris-1
seq_len:120
current processing 401/1432
seq_name:RNaseP_C.pneumoniae-AR39
seq_len:406
seq_name:tmRNA_Buch.aphi._AE013218_1-376
seq_len:376
seq_name:tRNA_tdbR00000363-Ascaris_suum-6253-Arg-PCU
seq_len:54
seq_name:tRNA_tdbR00000119-Escherichia_coli-562-Gly-NCC
seq_len:75
seq_name:tRNA_tdbR00000337-Tetrahymena_thermophila-5911-Gln-CUA
seq_len:75
seq_name:5s_Acholeplasma-laidlawii-3
seq_len:112
seq_name:tRNA_tdbR00000020-Escherichia_coli-562-Cys-GCA
seq_len:74
seq_name:5s_Spirosoma-sp.-1
seq_len:111
seq_name:tmRNA_Desu.acet._TRW-281689_1-353
seq_len:353
seq_name:RNaseP_A.tumefaciens
seq_len:402
seq_name:tmRNA_Yers.pseu._AR948532_1-364
seq_len:364
seq_name:tmRNA_Aero.hydr._AY442269_1-360
seq_len:360
seq_name:tmRNA_uncu.bact._TRW-80840-2_1-379
seq_len:379
seq_name:5s_Ralstonia-solanacearum-2
seq_len:115
seq_name:16s_H.sapiens.mito_domain2
seq_len:237
seq_name:tRNA_tdbR00000115-Staphylococcus_epidermidis-1282-Gly-UCC
seq_len:74
seq_name:tmRNA_Citr.rode._TRW-67825_1-365
seq_len:365
seq_name:RNaseP_S.shibatae
seq_len:260
seq_name:tRNA_tdbR00000520-Aedes_albopictus-7160-Ini-CAU
seq_len:72
seq_name:grp1_a.I1.e.S.paniceum.UNK.SSU.287
seq_len:234
seq_name:tmRNA_Aqui.aeol._AE000749_1-344
seq_len:344
seq_name:5s_Cryptobranchus-alleganiensis-1
seq_len:121
seq_name:tRNA_tdbR00000139-Mycoplasma_capricolum-2095-His-GUK
seq_len:77
seq_name:grp1_a.I1.e.S.granulatum.C1.SSU.1506
seq_len:437
seq_name:tmRNA_Myco.capr._S67602_1-408
seq_len:408
seq_name:RNaseP_CPA49
seq_len:370
seq_name:grp1_a.I1.e.G.planctonica.C1.SSU.943
seq_len:461
seq_name:tmRNA_Chlo.aura._AY040836_1-361
seq_len:361
seq_name:tmRNA_Stre.ther._CP000024_1-350
seq_len:350
seq_name:tRNA_tdbR00000558-Triticum_aestivum-4565-Tyr-QPA
seq_len:76
seq_name:tRNA_tdbR00000513-Synechococcus_elongatus_PCC_6301-269084-Ini-CAU
seq_len:77
seq_name:grp1_a.I1.e.C.merochlorophea.UNK.SSU.1516
seq_len:274
seq_name:RNaseP_L.ferrooxidans-CF
seq_len:327
seq_name:tRNA_tdbR00000143-Asterias_amurensis-7602-His-QUG
seq_len:73
seq_name:tRNA_tdbR00000338-Tetrahymena_thermophila-5911-Gln-JUA
seq_len:75
seq_name:RNaseP_PS6
seq_len:332
seq_name:RNaseP_Nostoc-PCC7413
seq_len:391
seq_name:5s_Wolinella-succinogenes-1
seq_len:132
seq_name:tmRNA_Syne.spec._TRW-1131_1-399
seq_len:399
seq_name:tRNA_tdbR00000585-Aeropyrum_pernix-56636-Thr-CGU
seq_len:75
seq_name:grp1_a.I1.e.L.dispersa.UNK.SSU.789
seq_len:218
seq_name:5s_Vitreoscilla-beggiatoides-1
seq_len:118
seq_name:tmRNA_Myco.capr._D13067_1-411
seq_len:411
seq_name:tRNA_tdbR00000400-Loligo_bleekeri-6617-Ser-7CU
seq_len:71
seq_name:tRNA_tdbR00000572-Leishmania_tarentolae-5689-Lys-1UU
seq_len:73
seq_name:5s_Wolbachia-endosymbiont-of-D.-melanogaster-1
seq_len:111
seq_name:tRNA_tdbR00000567-Homo_sapiens-9606-Tyr-9PA
seq_len:76
seq_name:5s_Ustilentyloma-fluitans-1
seq_len:119
seq_name:5s_Treponema-denticola-1
seq_len:111
seq_name:5s_Coxiella-burnetii-2
seq_len:118
seq_name:tRNA_tdbR00000223-Salmonella_typhimurium-602-Leu-CAG
seq_len:87
seq_name:16s_Z.mays_domain2
seq_len:355
seq_name:RNaseP_LGA6
seq_len:344
seq_name:tRNA_tdbR00000012-Saccharomyces_cerevisiae-4932-Ala-IGC
seq_len:76
seq_name:tmRNA_Rals.eutr._CP000090_1-360
seq_len:360
seq_name:5s_Mycoplasma-pulmonis-1
seq_len:103
seq_name:tmRNA_Geob.stea._TRW-1422_1-352
seq_len:352
seq_name:RNaseP_ESH167E
seq_len:295
seq_name:5s_Chlamydophila-pneumoniae-1
seq_len:117
seq_name:RNaseP_B.burgdorferi
seq_len:346
seq_name:16s_E.coli_domain2
seq_len:354
seq_name:RNaseP_E1B
seq_len:252
seq_name:tRNA_tdbR00000594-Ascaris_suum-6253-Leu-AA
seq_len:58
seq_name:RNaseP_B.anthracis
seq_len:408
seq_name:5s_Thermococcus-kodakarensis-2
seq_len:126
seq_name:5s_Azospirillum-lipoferum-1
seq_len:115
seq_name:5s_Wuchereria-bancrofti-1
seq_len:121
seq_name:tRNA_tdbR00000167-Aedes_albopictus-7160-Ile-GAU
seq_len:72
seq_name:16s_B.subtilis_domain3
seq_len:483
seq_name:5s_Brevibacterium-casei-1
seq_len:123
seq_name:tmRNA_Pseu.halo._CR954246_1-357
seq_len:357
seq_name:5s_Caulobacter-sp.-3
seq_len:119
seq_name:tmRNA_Chla.trac._TRW-813-2_1-420
seq_len:420
seq_name:tRNA_tdbR00000606-Lupinus_luteus-3873-Leu-IAG
seq_len:85
seq_name:5s_Pleurodeles-waltl-1
seq_len:120
seq_name:tRNA_tdbR00000286-Lupinus_luteus-3873-Met-BAU
seq_len:77
seq_name:5s_Psilotum-nudum-1
seq_len:121
seq_name:grp1_a.I1.b.Synechococcus.sp2.C3.tLEU
seq_len:265
seq_name:tmRNA_Shew.deni._CP000302_1-355
seq_len:355
seq_name:tmRNA_Myco.geni._U39713_1-385
seq_len:385
seq_name:tmRNA_Pseu.ento._CT573326_1-392
seq_len:392
seq_name:tmRNA_Lact.john._TRW-257314_1-367
seq_len:367
seq_name:5s_Streptomyces-nodosus-2
seq_len:120
seq_name:5s_Zygoascus-hellenicus-1
seq_len:120
seq_name:tmRNA_Buch.aphi._BD061520_1-369
seq_len:369
seq_name:tRNA_tdbR00000563-Lupinus_albus-3870-Tyr-GPA
seq_len:76
seq_name:tmRNA_Stre.scab._TRW-1883_1-402
seq_len:402
seq_name:tmRNA_Meth.caps._AE017282_1-356
seq_len:356
seq_name:tmRNA_Stre.muta._TRW-210007_1-349
seq_len:349
seq_name:23s_T.thermophilus_domain3
seq_len:373
seq_name:RNaseP_M.fervidus
seq_len:244
seq_name:5s_Halorubrum-terrestre-1
seq_len:122
seq_name:RNaseP_LGW23
seq_len:331
seq_name:tRNA_tdbR00000575-Leishmania_tarentolae-5689-Thr-CGU
seq_len:72
seq_name:tRNA_tdbR00000013-Pichia_jadinii-4903-Ala-IGC
seq_len:76
seq_name:tRNA_tdbR00000612-Sinorhizobium_meliloti-382-Trp-CCA
seq_len:76
seq_name:RNaseP_D.jeanneae
seq_len:406
seq_name:RNaseP_CPB69
seq_len:348
seq_name:16s_C.psittaci_domain4
seq_len:147
seq_name:tmRNA_List.wels._AF440351_1-321
seq_len:321
current processing 501/1432
seq_name:5s_Euplotes-woodruffi-1
seq_len:120
seq_name:RNaseP_SM-A0911
seq_len:291
seq_name:tmRNA_Shew.amaz._CP000507_1-356
seq_len:356
seq_name:16s_C.reinhardtii.chloro_domain4
seq_len:145
seq_name:5s_Crossiella-cryophila-1
seq_len:120
seq_name:5s_Porphyromonas-gingivalis-1
seq_len:111
seq_name:RNaseP_Z.florentinus
seq_len:262
seq_name:tmRNA_Borr.gari._CP000013_1-363
seq_len:363
seq_name:RNaseP_N.albus
seq_len:281
seq_name:5s_Xenopus-laevis-8
seq_len:119
seq_name:RNaseP_Anabaena-PCC7120
seq_len:457
seq_name:tmRNA_Stap.epid._TRW-176280_1-361
seq_len:361
seq_name:tRNA_tdbR00000128-Halocynthia_roretzi-7729-Gly-GCU
seq_len:70
seq_name:RNaseP_Prochlorococcus-TAK9803-2
seq_len:308
seq_name:tmRNA_Clos.acet._AE007587_1-356
seq_len:356
seq_name:5s_Pyrococcus-horikoshii-2
seq_len:122
seq_name:telomerase_AF221917.99-542
seq_len:444
seq_name:tRNA_tdbR00000341-Rattus_norvegicus-10116-Gln-CUG
seq_len:75
seq_name:tRNA_tdbR00000271-Haloferax_volcanii-2246-Met-BAU
seq_len:77
seq_name:5s_Septobasidium-carestianum-1
seq_len:119
seq_name:tmRNA_Pseu.puti._AE015451_1-399
seq_len:399
seq_name:RNaseP_S.putrefaciens
seq_len:354
seq_name:tmRNA_Clos.ther._TRW-203119_1-387
seq_len:387
seq_name:5s_Silicibacter-pomeroyi-1
seq_len:118
seq_name:tRNA_tdbR00000509-Thermus_thermophilus-274-Ini-CAU
seq_len:77
seq_name:tRNA_tdbR00000578-Leishmania_tarentolae-5689-Glu-3UC
seq_len:72
seq_name:tRNA_tdbR00000280-Saccharomyces_cerevisiae-4932-Met-CAU
seq_len:77
seq_name:5s_Porphyra-yezoensis-1
seq_len:121
seq_name:5s_Aurelia_aurita-1
seq_len:120
seq_name:tRNA_tdbR00000233-Phaseolus_vulgaris-3885-Leu-UA7
seq_len:83
seq_name:grp1_a.I1.b.Dermocarpa.sp.ATCC29371.C3.tMET
seq_len:268
seq_name:tmRNA_envi.sequ._TRW-32045-2_1-345
seq_len:345
seq_name:5s_Thermoplasma-volcanium-1
seq_len:123
seq_name:tRNA_tdbR00000213-Haloferax_volcanii-2246-Leu-GAG
seq_len:88
seq_name:RNaseP_SM-A3153
seq_len:318
seq_name:5s_Onchocerca-cervicalis-1
seq_len:121
seq_name:tmRNA_Porp.purp._TRW-2787_1-323
seq_len:323
seq_name:RNaseP_C.vinosum
seq_len:369
seq_name:tRNA_tdbR00000090-Lupinus_luteus-3873-Phe-AA
seq_len:76
seq_name:tRNA_tdbR00000265-Bos_taurus-9913-Leu-IAG
seq_len:85
seq_name:5s_Finegoldia-magna-1
seq_len:117
seq_name:5s_Lactobacillus-johnsonii-1
seq_len:116
seq_name:tRNA_tdbR00000325-Pichia_jadinii-4903-Pro-GG
seq_len:75
seq_name:tmRNA_Spir.kunk._TRW-273035_1-424
seq_len:424
seq_name:RNaseP_S.equi-g
seq_len:395
seq_name:tmRNA_envi.sequ._TRW-204433_1-356
seq_len:356
seq_name:RNaseP_LGB41
seq_len:319
seq_name:tRNA_tdbR00000037-Rattus_norvegicus-10116-Asp-GUC
seq_len:76
seq_name:RNaseP_R.palustris
seq_len:479
seq_name:tRNA_tdbR00000396-Saccharomyces_cerevisiae-4932-Ser-UGA
seq_len:90
seq_name:telomerase_AF221914.112-589
seq_len:478
seq_name:5s_Acidithiobacillus-ferrooxidans-1
seq_len:118
seq_name:tmRNA_Meth.flag._CP000284_1-361
seq_len:361
seq_name:tRNA_tdbR00000262-Rattus_norvegicus-10116-Leu-AA
seq_len:86
seq_name:RNaseP_N.simplex
seq_len:273
seq_name:tRNA_tdbR00000511-Escherichia_coli-562-Ini-CAU
seq_len:77
seq_name:tRNA_tdbR00000288-Mus_musculus-10090-Met-BAU
seq_len:76
seq_name:tmRNA_Borr.burg._AE001118_1-359
seq_len:359
seq_name:RNaseP_S.aureus-2
seq_len:397
seq_name:5s_Staphylococcus-epidermidis-2
seq_len:115
seq_name:tRNA_tdbR00000291-Halobacterium_salinarum-2242-Asn-GUU
seq_len:76
seq_name:tRNA_tdbR00000614-Nanoarchaeum_equitans-160232-Ini-CAU
seq_len:78
seq_name:tRNA_tdbR00000308-Moloney_murine_leukemia_virus-11801-Pro-NGG
seq_len:75
seq_name:RNaseP_L.muta-1
seq_len:331
seq_name:5s_Thermus-sp.-1
seq_len:123
seq_name:tRNA_tdbR00000412-Candida_cylindracea-44322-Ser-CGA
seq_len:84
seq_name:RNaseP_M.maripaludus
seq_len:233
seq_name:tRNA_tdbR00000448-Halobacterium_salinarum-2242-Val-GAC
seq_len:78
seq_name:tmRNA_Tric.eryt._CP000393_1-398
seq_len:398
seq_name:tRNA_tdbR00000058-Lupinus_luteus-3873-Glu-CUC
seq_len:76
seq_name:5s_Phleogena-faginea-1
seq_len:119
seq_name:RNaseP_T.maritima-g
seq_len:338
seq_name:5s_Symbiobacterium-thermophilum-4
seq_len:110
seq_name:tRNA_tdbR00000030-Aedes_albopictus-7160-Asp-GUC
seq_len:71
seq_name:tRNA_tdbR00000445-Bos_taurus-9913-Thr-IGU
seq_len:76
seq_name:16s_A.fulgidus_domain4
seq_len:133
seq_name:tmRNA_Lact.delb._AF440335_1-316
seq_len:316
seq_name:grp1_a.I1.e.P.inouyei.C1.SSU.943
seq_len:390
seq_name:RNaseP_P.aeruginosa
seq_len:350
seq_name:RNaseP_vHge3-5
seq_len:359
seq_name:tRNA_tdbR00000021-Saccharomyces_cerevisiae-4932-Cys-GCA
seq_len:75
seq_name:tRNA_tdbR00000559-Triticum_aestivum-4565-Tyr-GPA
seq_len:76
seq_name:tmRNA_Myco.pneu._AE000035_1-384
seq_len:384
seq_name:5s_Microtetraspora-glauca-1
seq_len:121
seq_name:5s_Hyphomicrobium-sp.-4
seq_len:118
seq_name:5s_Fusarium-sporotrichioides-1
seq_len:119
seq_name:RNaseP_T.tumescens
seq_len:307
seq_name:tRNA_tdbR00000247-Bos_taurus-9913-Leu-UAG
seq_len:74
seq_name:RNaseP_S.liquefaciens
seq_len:303
seq_name:tRNA_tdbR00000539-Ovis_aries-9940-Ini-CAU
seq_len:75
seq_name:tRNA_tdbR00000426-Drosophila_melanogaster-7227-Ser-CGA
seq_len:85
seq_name:tmRNA_Stre.equi._TRW-40041_1-349
seq_len:349
seq_name:tmRNA_Laws.intr._AM180252_1-376
seq_len:376
seq_name:RNaseP_M.xanthus
seq_len:336
seq_name:tmRNA_Xant.camp._AE012247_1-397
seq_len:397
seq_name:tmRNA_Clav.mich._TRW-31964_1-376
seq_len:376
seq_name:tmRNA_Baci.halo._BA000004_1-361
seq_len:361
seq_name:5s_Halorubrum-saccharovorum-1
seq_len:123
seq_name:tRNA_tdbR00000251-Saccharomyces_cerevisiae-4932-Leu-UAA
seq_len:87
seq_name:RNaseP_SL2D
seq_len:293
current processing 601/1432
seq_name:RNaseP_B.pertussis
seq_len:414
seq_name:grp1_a.I1.e.Staurastrum.sp.M752.C1.SSU.1506
seq_len:423
seq_name:tmRNA_Thal.weis._AF049491_1-348
seq_len:348
seq_name:tRNA_tdbR00000540-Homo_sapiens-9606-Ini-CAU
seq_len:75
seq_name:RNaseP_ESH7-16
seq_len:318
seq_name:tmRNA_Coxi.burn._AE016828_1-360
seq_len:360
seq_name:tmRNA_Serr.marc._TRW-273526_1-364
seq_len:364
seq_name:tmRNA_envi.sequ._TRW-32045-1_1-355
seq_len:355
seq_name:5s_Sphacelotheca-polygoni-persicariae-1
seq_len:119
seq_name:tRNA_tdbR00000266-Bos_taurus-9913-Leu-AA
seq_len:87
seq_name:RNaseP_S.glauca-K194
seq_len:340
seq_name:RNaseP_P.troglodytes
seq_len:320
seq_name:tRNA_tdbR00000591-Ascaris_suum-6253-Lys-UU
seq_len:65
seq_name:tRNA_tdbR00000397-Saccharomyces_cerevisiae-4932-Ser-UGA
seq_len:90
seq_name:16s_C.elegans_domain2
seq_len:162
seq_name:RNaseP_CPB149
seq_len:251
seq_name:tRNA_tdbR00000416-Nicotiana_rustica-4093-Ser-CGA
seq_len:85
seq_name:tmRNA_Prop.acne._TRW-1747-2_1-353
seq_len:353
seq_name:tmRNA_Phot.asym._TRW-291112_1-364
seq_len:364
seq_name:tmRNA_Pseu.fluo._TRW-216595_1-397
seq_len:397
seq_name:grp1_a.I1.e.L.dispersa.UNK.SSU.1516
seq_len:240
seq_name:RNaseP_C.limicola
seq_len:386
seq_name:tRNA_tdbR00000254-Candida_cylindracea-44322-Leu-IAG
seq_len:85
seq_name:tmRNA_Stre.pyog._TRW-1314-1_1-348
seq_len:348
seq_name:tmRNA_Stre.aver._BA000030_1-389
seq_len:389
seq_name:tRNA_tdbR00000222-Escherichia_coli-562-Leu-GAG
seq_len:87
seq_name:tRNA_tdbR00000463-Bos_taurus-9913-Val-UAC
seq_len:70
seq_name:RNaseP_Onchorhynchus-2
seq_len:308
seq_name:tmRNA_Chla.abor._CR848038_1-425
seq_len:425
seq_name:tRNA_tdbR00000580-Aeropyrum_pernix-56636-Lys-UUU
seq_len:80
seq_name:RNaseP_L.acidophilus
seq_len:328
seq_name:tRNA_tdbR00000551-Saccharomyces_cerevisiae-4932-Tyr-GUA
seq_len:88
seq_name:tmRNA_Pseu.fluo._CP000076_1-394
seq_len:394
seq_name:5s_Saccharomyces-cerevisiae-3
seq_len:121
seq_name:RNaseP_B.calamita
seq_len:397
seq_name:tmRNA_Chlo.tepi._TRW-194439_1-404
seq_len:404
seq_name:5s_Agrobacterium-tumefaciens-8
seq_len:125
seq_name:tmRNA_Ther.neap._TRW-309803_1-357
seq_len:357
seq_name:tmRNA_Ther.ther._Y15063_1-349
seq_len:349
seq_name:tmRNA_Carn.malt._AF275938_1-366
seq_len:366
seq_name:5s_Haloarcula-marismortui-3
seq_len:122
seq_name:tRNA_tdbR00000620-Toxoplasma_gondii-5811-Ini-CAU
seq_len:72
seq_name:tRNA_tdbR00000576-Leishmania_tarentolae-5689-Asp-GUC
seq_len:72
seq_name:RNaseP_CPB141
seq_len:301
seq_name:tmRNA_Stap.aure._BA000017_1-362
seq_len:362
seq_name:RNaseP_N.pyridinolyticus
seq_len:292
seq_name:5s_Pyrococcus-furiosus-1
seq_len:122
seq_name:grp1_a.I1.e.A.capsulatus.G184B.C1.SSU
seq_len:425
seq_name:tmRNA_Chro.sale._CP000285_1-380
seq_len:380
seq_name:grp1_a.I1.e.P.inouyei.C1.SSU.1506
seq_len:409
seq_name:tRNA_tdbR00000126-Halocynthia_roretzi-7729-Gly-NCU
seq_len:68
seq_name:tRNA_tdbR00000152-Haloferax_volcanii-2246-Ile-NAU
seq_len:78
seq_name:telomerase_AF221924.105-538
seq_len:434
seq_name:tRNA_tdbR00000255-Candida_cylindracea-44322-Leu-IAG
seq_len:85
seq_name:5s_Asellus-aquaticus-1
seq_len:120
seq_name:telomerase_AF221931.99-541
seq_len:443
seq_name:RNaseP_F.antarctica
seq_len:312
seq_name:5s_Streptomyces-ambofaciens-1
seq_len:120
seq_name:RNaseP_S.pneumoniae
seq_len:401
seq_name:tRNA_tdbR00000289-Homo_sapiens-9606-Met-BAU
seq_len:76
seq_name:tmRNA_Lact.case._CP000423_1-364
seq_len:364
seq_name:tRNA_tdbR00000461-Rattus_norvegicus-10116-Val-UAC
seq_len:71
seq_name:tRNA_tdbR00000592-Ascaris_suum-6253-Gln-UG
seq_len:58
seq_name:16s_P.staleyi_domain3
seq_len:489
seq_name:tRNA_tdbR00000390-Escherichia_coli-562-Ser-CGA
seq_len:90
seq_name:tRNA_tdbR00000421-Rattus_norvegicus-10116-Ser-IGA
seq_len:85
seq_name:RNaseP_A.ferrooxidans-g
seq_len:346
seq_name:tmRNA_Chla.trac._AE001276_1-417
seq_len:417
seq_name:5s_Beggiatoa-alba-1
seq_len:120
seq_name:RNaseP_M.phosphovorus-JCM9380
seq_len:306
seq_name:tRNA_tdbR00000410-Candida_cylindracea-44322-Ser-GA
seq_len:85
seq_name:5s_Fusarium-lunulosporum-10
seq_len:119
seq_name:tRNA_tdbR00000490-Saccharomyces_cerevisiae-4932-Trp-CA
seq_len:74
seq_name:5s_Thermus-aquaticus-1
seq_len:120
seq_name:grp1_a.I1.e.A.capsulatus.G186B.C1.SSU
seq_len:425
seq_name:RNaseP_A.brierleyi
seq_len:267
seq_name:tRNA_tdbR00000282-Ascaris_suum-6253-Met-AU
seq_len:64
seq_name:5s_Erythromicrobium-ramosum-1
seq_len:120
seq_name:tRNA_tdbR00000582-Aeropyrum_pernix-56636-Tyr-GUA
seq_len:75
seq_name:tRNA_tdbR00000106-Haloferax_volcanii-2246-Gly-CCC
seq_len:74
seq_name:RNaseP_H.pylori-RU1
seq_len:317
seq_name:tRNA_tdbR00000510-Escherichia_coli-562-Ini-CAU
seq_len:77
seq_name:RNaseP_M.barkeri
seq_len:371
seq_name:5s_Diplonema-papillatum-2
seq_len:117
seq_name:RNaseP_SL1-1
seq_len:252
seq_name:tmRNA_Geob.sulf._AE017180_1-356
seq_len:356
seq_name:tmRNA_Haem.somn._CP000436_1-367
seq_len:367
seq_name:RNaseP_T.neapolitana
seq_len:338
seq_name:tmRNA_Odon.sine._TRW-2839_1-371
seq_len:371
seq_name:5s_Burkholderia-pseudomallei-1
seq_len:116
seq_name:5s_Lactococcus-lactis-1
seq_len:116
seq_name:RNaseP_WA1
seq_len:294
seq_name:tRNA_tdbR00000507-Bacillus_subtilis-1423-Ini-CAU
seq_len:77
seq_name:tmRNA_Phot.prof._CR378665_1-368
seq_len:368
seq_name:tmRNA_Syne.elon._TRW-32046_1-394
seq_len:394
seq_name:RNaseP_SM-A3048
seq_len:290
seq_name:5s_Methanothermobacter-thermautotrophicus-1
seq_len:129
seq_name:RNaseP_SM-A2237
seq_len:301
seq_name:telomerase_AF221911.104-513
seq_len:410
seq_name:grp1_a.I1.e.P.carinii.Pc3.C1.LSU.1921
seq_len:381
current processing 701/1432
seq_name:tmRNA_List.gray._AF440336_1-321
seq_len:321
seq_name:5s_Frankia-sp.-2
seq_len:120
seq_name:RNaseP_S.fibuligera
seq_len:243
seq_name:tRNA_tdbR00000043-Haloferax_volcanii-2246-Glu-NUC
seq_len:78
seq_name:23s_H.pylori_domain3
seq_len:380
seq_name:5s_Xenopus-borealis-2
seq_len:120
seq_name:RNaseP_S.cyanea-K168T
seq_len:339
seq_name:RNaseP_H.pylori-J99
seq_len:323
seq_name:RNaseP_K.pneumoniae
seq_len:383
seq_name:tRNA_tdbR00000307-Moloney_murine_leukemia_virus-11801-Pro-IGG
seq_len:75
seq_name:RNaseP_S.equi
seq_len:331
seq_name:tRNA_tdbR00000403-Bos_taurus-9913-Ser-UGA
seq_len:72
seq_name:tmRNA_Bifi.long._TRW-205913_1-397
seq_len:397
seq_name:tmRNA_Leuc.mese._TRW-1245_1-358
seq_len:358
seq_name:tRNA_tdbR00000561-Nicotiana_rustica-4093-Tyr-GPA
seq_len:76
seq_name:RNaseP_U.stansburiana
seq_len:327
seq_name:5s_Pyrococcus-furiosus-2
seq_len:126
seq_name:tRNA_tdbR00000245-Rattus_norvegicus-10116-Leu-UAG
seq_len:75
seq_name:tRNA_tdbR00000069-Synechococcus_sp._PCC_7002-32049-Phe-GAA
seq_len:76
seq_name:5s_Nitrobacter-winogradskyi-1
seq_len:117
seq_name:5s_Porphyra-umbilicalis-1
seq_len:121
seq_name:5s_Notophthalmus-viridescens-1
seq_len:120
seq_name:RNaseP_P.douglassii
seq_len:330
seq_name:tRNA_tdbR00000399-Aedes_albopictus-7160-Ser-GCU
seq_len:67
seq_name:5s_Nadsonia-fulvescens-1
seq_len:121
seq_name:tRNA_tdbR00000544-Bacillus_subtilis-1423-Tyr-QUA
seq_len:85
seq_name:RNaseP_Saccharomonospora-K180
seq_len:337
seq_name:5s_Ascaris-suum-1
seq_len:119
seq_name:5s_Candidatus-Tremblaya-princeps-3
seq_len:116
seq_name:5s_Microbotryum-violaceum-1
seq_len:119
seq_name:tRNA_tdbR00000393-Escherichia_coli-562-Ser-GGA
seq_len:88
seq_name:5s_Rana-pipiens-1
seq_len:119
seq_name:tmRNA_Stap.epid._TRW-1282-2_1-362
seq_len:362
seq_name:tmRNA_Bact.frag._TRW-817_1-398
seq_len:398
seq_name:tmRNA_Xant.oryz._AE013598_1-397
seq_len:397
seq_name:5s_Lactobacillus-brevis-1
seq_len:117
seq_name:5s_Deinococcus-radiodurans-1
seq_len:122
seq_name:tmRNA_Fuso.nucl._AE010567_1-341
seq_len:341
seq_name:5s_Amphibacillus-xylanus-1
seq_len:116
seq_name:16s_E.coli_domain4
seq_len:145
seq_name:5s_Ambystoma-salmoides-1
seq_len:119
seq_name:tRNA_tdbR00000124-Aedes_albopictus-7160-Gly-UCC
seq_len:70
seq_name:tmRNA_Cyan.mero._AY286123_1-236
seq_len:236
seq_name:5s_Desulfurococcus-mobilis-1
seq_len:129
seq_name:5s_Cryptococcus-laurentii-1
seq_len:118
seq_name:5s_Streptomyces-violaceus-1
seq_len:120
seq_name:RNaseP_S.pyogenes
seq_len:409
seq_name:16s_C.psittaci_domain3
seq_len:483
seq_name:RNaseP_M.fermentans
seq_len:302
seq_name:RNaseP_S.bikiniensis
seq_len:398
seq_name:tmRNA_Neis.gono._TRW-242231_1-363
seq_len:363
seq_name:5s_Lactococcus-lactis-4
seq_len:116
seq_name:tRNA_tdbR00000053-Bos_taurus-9913-Glu-NUC
seq_len:72
seq_name:tmRNA_Yers.moll._TRW-349967_1-381
seq_len:381
seq_name:RNaseP_B.stearothermophilus
seq_len:417
seq_name:tmRNA_Trep.dent._AE017226_1-351
seq_len:351
seq_name:5s_Parachlamydia-sp.-1
seq_len:117
seq_name:tRNA_tdbR00000546-Escherichia_coli-562-Tyr-QUA
seq_len:85
seq_name:tmRNA_Cyan.para._U30821_1-291
seq_len:291
seq_name:RNaseP_S.pastorianus
seq_len:365
seq_name:tRNA_tdbR00000521-Bos_taurus-9913-Ini-CAU
seq_len:72
seq_name:5s_Scenedesmus-obliquus-1
seq_len:120
seq_name:RNaseP_EF
seq_len:296
seq_name:5s_Fusobacterium-nucleatum-5
seq_len:116
seq_name:5s_Asterias-vulgaris-1
seq_len:120
seq_name:5s_Drosophila-melanogaster-2
seq_len:120
seq_name:5s_Deinococcus-radiophilus-1
seq_len:125
seq_name:tRNA_tdbR00000460-Aedes_albopictus-7160-Val-UAC
seq_len:75
seq_name:grp1_a.I1.e.C.ellipsoidea.IAMC-87.C1.SSU.1506
seq_len:504
seq_name:tRNA_tdbR00000220-Escherichia_coli-562-Leu-HAA
seq_len:87
seq_name:tmRNA_Dich.nodo._TRW-35819_1-352
seq_len:352
seq_name:tmRNA_Soli.usit._CP000473_1-352
seq_len:352
seq_name:tRNA_tdbR00000261-Cucumis_sativus-3659-Leu-NAA
seq_len:87
seq_name:tmRNA_uncu.bact._TRW-72274-1_1-359
seq_len:359
seq_name:tmRNA_Burk.thai._CP000086_1-370
seq_len:370
seq_name:tmRNA_Myco.mari._TRW-1781-1_1-368
seq_len:368
seq_name:telomerase_AF221937.99-545
seq_len:447
seq_name:RNaseP_SMB-A3
seq_len:313
seq_name:tRNA_tdbR00000344-Mus_musculus-10090-Gln-JUG
seq_len:75
seq_name:grp1_a.I1.e.P.clavariiformis.C1.SSU.943
seq_len:448
seq_name:RNaseP_L.japonicus-IFO15385
seq_len:326
seq_name:RNaseP_CPB7776
seq_len:357
seq_name:tmRNA_Croc.wats._TRW-165597_1-386
seq_len:386
seq_name:tmRNA_Fibr.succ._TRW-59374_1-361
seq_len:361
seq_name:tRNA_tdbR00000108-Haloferax_volcanii-2246-Gly-GCC
seq_len:74
seq_name:tRNA_tdbR00000082-Neurospora_crassa-5141-Phe-AA
seq_len:76
seq_name:RNaseP_SMB-B4
seq_len:320
seq_name:5s_Vibrio-parahaemolyticus-6
seq_len:119
seq_name:tmRNA_Cyan.para._TRW-2762_1-294
seq_len:294
seq_name:RNaseP_Onchorhynchus-sp-1
seq_len:299
seq_name:RNaseP_A.fulgidus
seq_len:229
seq_name:tmRNA_Ther.elon._BA000039_1-386
seq_len:386
seq_name:5s_Thermomicrobium-roseum-1
seq_len:127
seq_name:tmRNA_Baci.G._TRW-12333_1-312
seq_len:312
seq_name:tRNA_tdbR00000381-Haloferax_volcanii-2246-Ser-GCU
seq_len:88
seq_name:grp1_a.I1.e.P.sarcinoidea.C1.SSU.943
seq_len:476
seq_name:tRNA_tdbR00000365-Aedes_albopictus-7160-Arg-UCG
seq_len:67
seq_name:RNaseP_S.marcescens
seq_len:378
seq_name:5s_Streptococcus-mutans-3
seq_len:116
seq_name:tmRNA_List.inno._TRW-1642-1_1-370
seq_len:370
current processing 801/1432
seq_name:tmRNA_Haem.infl._TRW-262728_1-366
seq_len:366
seq_name:RNaseP_V.spinosum
seq_len:364
seq_name:RNaseP_M.sedula
seq_len:304
seq_name:23s_T.thermophilus_domain4
seq_len:339
seq_name:tmRNA_Burk.viet._TRW-269482_1-370
seq_len:370
seq_name:tRNA_tdbR00000334-Hordeum_vulgare-4513-Gln-UG
seq_len:75
seq_name:tmRNA_Acid.caps._TRW-240015_1-352
seq_len:352
seq_name:5s_Nanoarchaeum-equitans-1
seq_len:121
seq_name:grp1_a.I1.e.M.caldariorum.C1.SSU.1506
seq_len:439
seq_name:RNaseP_CPB72
seq_len:357
seq_name:tmRNA_Thio.deni._CP000116_1-367
seq_len:367
seq_name:5s_Starkeya-novella-1
seq_len:120
seq_name:5s_Mycoplasma-flocculare-1
seq_len:107
seq_name:5s_Salmonella-typhi-1
seq_len:116
seq_name:5s_Rhodobacter-capsulatus-1
seq_len:116
seq_name:5s_Dipsacomyces-acuminosporus-1
seq_len:119
seq_name:RNaseP_Onchorhynchus-1
seq_len:312
seq_name:RNaseP_CPB70
seq_len:334
seq_name:RNaseP_L.muta-2
seq_len:349
seq_name:RNaseP_H.trapanicum
seq_len:362
seq_name:5s_Natrinema-sp.-1
seq_len:126
seq_name:5s_Nocardia-farcinica-1
seq_len:123
seq_name:tmRNA_Vibr.spec._TRW-345075_1-368
seq_len:368
seq_name:16s_C.reinhardtii.chloro_domain2
seq_len:347
seq_name:tmRNA_Copr.prot._TRW-351627_1-353
seq_len:353
seq_name:tRNA_tdbR00000584-Aeropyrum_pernix-56636-Pro-GGG
seq_len:78
seq_name:grp1_a.I1.e.T.hyperangularis.C1.LSU.1925
seq_len:451
seq_name:16s_T.maritima_domain4
seq_len:151
seq_name:5s_Clostridium-pasteurianum-1
seq_len:117
seq_name:RNaseP_M.vannielli
seq_len:234
seq_name:tmRNA_Lact.acid._CP000033_1-369
seq_len:369
seq_name:RNaseP_P.innocua
seq_len:272
seq_name:tRNA_tdbR00000406-Saccharomyces_cerevisiae-4932-Ser-NGA
seq_len:85
seq_name:RNaseP_CPA61
seq_len:376
seq_name:RNaseP_PS33
seq_len:306
seq_name:tRNA_tdbR00000351-Haloferax_volcanii-2246-Arg-NCG
seq_len:78
seq_name:tRNA_tdbR00000384-Mycoplasma_capricolum-2095-Ser-GCU
seq_len:90
seq_name:tmRNA_Vibr.fisc._CP000020_1-367
seq_len:367
seq_name:tRNA_tdbR00000048-Synechocystis_sp.-1143-Glu-NUC
seq_len:76
seq_name:5s_Diatoma-tenue-1
seq_len:118
seq_name:5s_Cyanophora-paradoxa-1
seq_len:119
seq_name:tRNA_tdbR00000450-Haloferax_volcanii-2246-Val-GAC
seq_len:78
seq_name:RNaseP_T.thermophilus
seq_len:392
seq_name:RNaseP_SM-A01
seq_len:389
seq_name:RNaseP_S.castellii
seq_len:354
seq_name:5s_Isosphaera-pallida-1
seq_len:111
seq_name:tmRNA_Chla.muri._TRW-83560_1-421
seq_len:421
seq_name:RNaseP_H.chlorum-partial
seq_len:120
seq_name:RNaseP_P.acanthamoebae
seq_len:306
seq_name:tRNA_tdbR00000224-Rhodospirillum_rubrum-1085-Leu-CAA
seq_len:85
seq_name:RNaseP_S.unisporus
seq_len:244
seq_name:tmRNA_Synt.acid._CP000252_1-356
seq_len:356
seq_name:tmRNA_Pseu.syri._CP000075_1-392
seq_len:392
seq_name:tRNA_tdbR00000494-Saccharomyces_cerevisiae-4932-Trp-BCA
seq_len:75
seq_name:5s_Symbiobacterium-thermophilum-3
seq_len:113
seq_name:5s_Spirogyra-grevilleana-1
seq_len:119
seq_name:16s_H.sapiens_domain3
seq_len:504
seq_name:RNaseP_P.marinus-2
seq_len:387
seq_name:RNaseP_C.psittaci-R54
seq_len:351
seq_name:5s_Streptococcus-pneumoniae-1
seq_len:115
seq_name:tmRNA_Vibr.chol._AE004170_1-367
seq_len:367
seq_name:tRNA_tdbR00000357-Escherichia_coli-562-Arg-CU
seq_len:75
seq_name:5s_Pichia-angusta-1
seq_len:119
seq_name:tmRNA_Bord.aviu._AM167904_1-406
seq_len:406
seq_name:5s_Euplotes-aediculatus-1
seq_len:121
seq_name:grp1_a.I1.e.P.pachydermus.C1.SSU.943
seq_len:392
seq_name:tRNA_tdbR00000285-Triticum_aestivum-4565-Met-BAU
seq_len:77
seq_name:tmRNA_Ente.saka._TRW-28141_1-364
seq_len:364
seq_name:tRNA_tdbR00000489-Neurospora_crassa-5141-Trp-NCA
seq_len:74
seq_name:tRNA_tdbR00000173-Bombyx_mori-7091-Ile-IAU
seq_len:77
seq_name:tmRNA_Yers.fred._TRW-349966_1-363
seq_len:363
seq_name:tRNA_tdbR00000579-Aeropyrum_pernix-56636-Pro-CGG
seq_len:78
seq_name:tRNA_tdbR00000087-Hordeum_vulgare-4513-Phe-AA
seq_len:76
seq_name:5s_Sepia-officinalis-1
seq_len:120
seq_name:tRNA_tdbR00000217-Mycoplasma_capricolum-2095-Leu-AA
seq_len:89
seq_name:tmRNA_Chro.viol._AE016825_1-365
seq_len:365
seq_name:RNaseP_CPA63
seq_len:328
seq_name:tmRNA_Xant.camp._AM039952_1-397
seq_len:397
seq_name:tRNA_tdbR00000205-Loligo_bleekeri-6617-Lys-NUU
seq_len:76
seq_name:tmRNA_Chla.pneu._AE002224_1-423
seq_len:423
seq_name:tmRNA_Stre.coll._AY485228_1-386
seq_len:386
seq_name:tmRNA_Stre.aure._AY616521_1-382
seq_len:382
seq_name:tRNA_tdbR00000543-Bacillus_subtilis-1423-Tyr-QUA
seq_len:85
seq_name:5s_Streptomyces-coelicolor-6
seq_len:119
seq_name:RNaseP_H.mobilis
seq_len:342
seq_name:tmRNA_Bord.para._TRW-257311_1-387
seq_len:387
seq_name:tRNA_tdbR00000176-Haloferax_volcanii-2246-Lys-MUU
seq_len:77
seq_name:tmRNA_Lept.inte._AE016823_1-350
seq_len:350
seq_name:23s_E.coli_domain3
seq_len:372
seq_name:5s_Coleochaete-scutata-1
seq_len:118
seq_name:5s_Planocera-reticulata-1
seq_len:120
seq_name:tmRNA_Para.symb._BX908798_1-405
seq_len:405
seq_name:5s_Candida-azyma-1
seq_len:120
seq_name:tRNA_tdbR00000054-Saccharomyces_cerevisiae-4932-Glu-3UC
seq_len:75
seq_name:grp1_a.I1.e.S.paniceum.UNK.SSU.1052
seq_len:240
seq_name:16s_H.sapiens_domain4
seq_len:171
seq_name:5s_Thermus-sp.-2
seq_len:120
seq_name:5s_Paenibacillus-popilliae-1
seq_len:117
seq_name:tRNA_tdbR00000276-Escherichia_coli-562-Met-MAU
seq_len:77
seq_name:5s_Methanothermobacter-thermautotrophicus-6
seq_len:128
current processing 901/1432
seq_name:16s_Z.mays_domain3
seq_len:483
seq_name:tmRNA_Burk.fung._TRW-266265_1-370
seq_len:370
seq_name:tRNA_tdbR00000326-Lupinus_luteus-3873-Pro-IGG
seq_len:75
seq_name:tmRNA_Stre.pyog._AE006568_1-345
seq_len:345
seq_name:tmRNA_Baci.clau._AP006627_1-355
seq_len:355
seq_name:tRNA_tdbR00000331-Mycoplasma_capricolum-2095-Gln-UG
seq_len:75
seq_name:tRNA_tdbR00000091-Pisum_sativum-3888-Phe-AA
seq_len:76
seq_name:RNaseP_PS22
seq_len:299
seq_name:16s_T.gondii_domain4
seq_len:159
seq_name:5s_Pyrococcus-abyssi-1
seq_len:118
seq_name:tmRNA_Thal.pseu._TRW-296543_1-344
seq_len:344
seq_name:tmRNA_Stre.agal._TRW-1311_1-350
seq_len:350
seq_name:RNaseP_T.volcanum
seq_len:305
seq_name:RNaseP_H.influenza
seq_len:377
seq_name:tRNA_tdbR00000577-Leishmania_tarentolae-5689-Glu-CUC
seq_len:72
seq_name:tRNA_tdbR00000321-Saccharomyces_cerevisiae-4932-Pro-UGG
seq_len:75
seq_name:tmRNA_Myco.arth._TRW-243272_1-394
seq_len:394
seq_name:tmRNA_Grac.tenu._AY673996_1-396
seq_len:396
seq_name:tmRNA_Lact.lact._AF176556_1-359
seq_len:359
seq_name:RNaseP_T.littoralis
seq_len:331
seq_name:16s_H.sapiens.mito_domain4
seq_len:120
seq_name:tRNA_tdbR00000218-Mycoplasma_capricolum-2095-Leu-UAG
seq_len:84
seq_name:grp1_a.I1.e.L.dispersa.UNK.SSU.114
seq_len:211
seq_name:16s_H.sapiens.mito_domain1
seq_len:282
seq_name:RNaseP_E.eschsholtzii
seq_len:317
seq_name:RNaseP_H.cutirubrum
seq_len:375
seq_name:16s_Z.mays_domain1
seq_len:506
seq_name:5s_Thermoactinomyces-vulgaris-1
seq_len:115
seq_name:tmRNA_Neis.lact._TRW-486_1-362
seq_len:362
seq_name:tmRNA_Brev.line._TRW-321955_1-377
seq_len:377
seq_name:tmRNA_Burk.ceno._TRW-216591_1-370
seq_len:370
seq_name:tmRNA_Heli.pylo._AE001503_1-383
seq_len:383
seq_name:RNaseP_SM-A02
seq_len:311
seq_name:23s_H.pylori_domain4
seq_len:337
seq_name:5s_Clostridium-acetobutylicum-3
seq_len:117
seq_name:tRNA_tdbR00000427-Gallus_gallus-9031-Ser-UGA
seq_len:78
seq_name:tRNA_tdbR00000147-Drosophila_melanogaster-7227-His-GUG
seq_len:76
seq_name:16s_G.intestinalis_domain4
seq_len:134
seq_name:tmRNA_Erwi.caro._BX950851_1-363
seq_len:363
seq_name:tmRNA_Stap.aure._BX571857_1-362
seq_len:362
seq_name:tmRNA_envi.sequ._TRW-259292_1-355
seq_len:355
seq_name:RNaseP_A.ambivalens
seq_len:262
seq_name:tmRNA_Clos.perf._CP000246_1-361
seq_len:361
seq_name:5s_Methanothermobacter-thermautotrophicus-3
seq_len:127
seq_name:5s_Palmaria-palmata-1
seq_len:121
seq_name:tRNA_tdbR00000588-Aeropyrum_pernix-56636-Asp-GUC
seq_len:78
seq_name:5s_Halorubrum-distributum-7
seq_len:119
seq_name:tRNA_tdbR00000191-Mesocricetus_auratus-10036-Lys-NUU
seq_len:68
seq_name:RNaseP_Halobacterium-NRC1
seq_len:375
seq_name:RNaseP_U.stanburiana
seq_len:319
seq_name:tRNA_tdbR00000085-Schizosaccharomyces_pombe-4896-Phe-AA
seq_len:76
seq_name:RNaseP_T.acidophilum
seq_len:305
seq_name:RNaseP_L.ferrooxidans-MK
seq_len:327
seq_name:grp1_a.I1.b.Phormidium.sp.N182.C3.tLEU
seq_len:270
seq_name:RNaseP_Dermocarpa-PCC7437
seq_len:359
seq_name:RNaseP_M.jannaschii
seq_len:252
seq_name:tmRNA_Salm.ente._TRW-59204_1-363
seq_len:363
seq_name:RNaseP_D.desulfuricans
seq_len:360
seq_name:tRNA_tdbR00000346-Homo_sapiens-9606-Gln-NUG
seq_len:75
seq_name:23s_S.aureus_domain3
seq_len:379
seq_name:tmRNA_Pseu.syri._AE016853_1-388
seq_len:388
seq_name:5s_Thraustochytrium-visurgense-2
seq_len:119
seq_name:5s_Paracoccus-denitrificans-2
seq_len:117
seq_name:grp1_a.I1.e.D.salina.C1.SSU.943
seq_len:423
seq_name:tRNA_tdbR00000342-Bos_taurus-9913-Gln-CUG
seq_len:75
seq_name:tRNA_tdbR00000300-Saccharomyces_cerevisiae-4932-Asn-GUU
seq_len:77
seq_name:tmRNA_Baci.lich._CP000002_1-356
seq_len:356
seq_name:5s_Mycobacterium-tuberculosis-4
seq_len:116
seq_name:RNaseP_M.avium
seq_len:398
seq_name:tRNA_tdbR00000323-Saccharomyces_cerevisiae-4932-Pro-NGG
seq_len:75
seq_name:5s_Ascobolus-immersus-2
seq_len:119
seq_name:5s_Lactobacillus-delbrueckii-2
seq_len:117
seq_name:tmRNA_Paen.larv._TRW-1464_1-367
seq_len:367
seq_name:5s_Streptomyces-roseoverticillatus-1
seq_len:122
seq_name:tmRNA_Fuso.nucl._TRW-393480_1-344
seq_len:344
seq_name:tmRNA_Camp.lari._TRW-306263_1-359
seq_len:359
seq_name:RNaseP_SM-A1621
seq_len:348
seq_name:tRNA_tdbR00000174-Mus_musculus-10090-Ile-IAU
seq_len:77
seq_name:tRNA_tdbR00000132-Lupinus_luteus-3873-Gly-GCC
seq_len:74
seq_name:tmRNA_List.ivan._AF440342_1-321
seq_len:321
seq_name:grp1_a.I1.e.P.carinii.Pc1.C1.LSU.1921
seq_len:375
seq_name:tRNA_tdbR00000590-Ascaris_suum-6253-Glu-UC
seq_len:62
seq_name:5s_Toxoplasma-gondii-2
seq_len:123
seq_name:tmRNA_Camp.jeju._CP000025_1-359
seq_len:359
seq_name:tRNA_tdbR00000110-Methanobacterium_thermaggregans-83982-Gly-GCC
seq_len:76
seq_name:tRNA_tdbR00000226-Synechococcus_elongatus_PCC_6301-269084-Leu-CAG
seq_len:87
seq_name:5s_Andrias-japonicus-2
seq_len:121
seq_name:RNaseP_B.subtilis-g
seq_len:401
seq_name:RNaseP_PS24
seq_len:395
seq_name:16s_A.fulgidus_domain2
seq_len:359
seq_name:tmRNA_Rals.sola._AL646052_1-360
seq_len:360
seq_name:grp1_b.I1.e.C.saccharophila.C1.SSU.156
seq_len:454
seq_name:5s_Oceanobacillus-iheyensis-4
seq_len:116
seq_name:5s_Fusarium-pseudograminearum-3
seq_len:119
seq_name:5s_Chlamydomonas-reinhardtii-2
seq_len:121
seq_name:tRNA_tdbR00000467-Pichia_jadinii-4903-Val-IAC
seq_len:77
seq_name:tRNA_tdbR00000332-Escherichia_coli-562-Gln-CUG
seq_len:75
seq_name:RNaseP_P.shigelloides
seq_len:303
seq_name:tmRNA_Noca.farc._AP006618_1-368
seq_len:368
seq_name:tRNA_tdbR00000099-Mus_musculus-10090-Phe-AA
seq_len:77
current processing 1001/1432
seq_name:RNaseP_VSDW
seq_len:304
seq_name:grp1_a.I1.e.C.grayi.UNK.SSU.1516
seq_len:308
seq_name:16s_A.fulgidus_domain3
seq_len:488
seq_name:RNaseP_C.tepidum-g
seq_len:381
seq_name:RNaseP_LGB21
seq_len:350
seq_name:RNaseP_SM-A3761
seq_len:392
seq_name:tRNA_tdbR00000488-Tetrahymena_thermophila-5911-Trp-CA
seq_len:74
seq_name:tRNA_tdbR00000078-Ascaris_suum-6253-Phe-GAA
seq_len:62
seq_name:tmRNA_Neis.meni._TRW-272831_1-363
seq_len:363
seq_name:tRNA_tdbR00000515-Phaseolus_vulgaris-3885-Ini-CAU
seq_len:77
seq_name:RNaseP_T.delbrueckii
seq_len:295
seq_name:tRNA_tdbR00000215-Haloferax_volcanii-2246-Leu-5AG
seq_len:86
seq_name:RNaseP_E.coli-g
seq_len:377
seq_name:RNaseP_B.hermsii
seq_len:285
seq_name:tmRNA_Heli.must._DQ250625_1-366
seq_len:366
seq_name:RNaseP_LGW18
seq_len:351
seq_name:5s_Streptomyces-nodosus-3
seq_len:120
seq_name:tmRNA_Syne.spec._AB003477_1-394
seq_len:394
seq_name:5s_Idiomarina-loihiensis-2
seq_len:123
seq_name:RNaseP_Nostoc-PCC7107
seq_len:389
seq_name:5s_Mycoplasma-sp.-2
seq_len:107
seq_name:grp1_a.I1.e.P.macrosporus.C1.SSU.943
seq_len:380
seq_name:grp1_a.I1.e.P.carinii.C1.SSU.1506
seq_len:442
seq_name:5s_Tuberoidobacter-mutans-1
seq_len:116
seq_name:5s_Burkholderia-cepacia-2
seq_len:116
seq_name:RNaseP_Synechococcus-MINOS1
seq_len:305
seq_name:16s_G.intestinalis_domain1
seq_len:485
seq_name:RNaseP_S.faciem
seq_len:331
seq_name:tmRNA_Sali.rube._CP000159_1-369
seq_len:369
seq_name:RNaseP_ESH167F
seq_len:278
seq_name:tRNA_tdbR00000581-Aeropyrum_pernix-56636-Lys-CUU
seq_len:85
seq_name:telomerase_AF221918.97-547
seq_len:451
seq_name:tRNA_tdbR00000345-Homo_sapiens-9606-Gln-NUG
seq_len:75
seq_name:RNaseP_P.maris
seq_len:320
seq_name:RNaseP_Synechococcus-PCC7942
seq_len:312
seq_name:5s_Methanococcus-voltae-2
seq_len:120
seq_name:5s_Uthatobasidium-fusisporum-1
seq_len:118
seq_name:RNaseP_N.europaea
seq_len:285
seq_name:tRNA_tdbR00000046-Escherichia_coli-562-Glu-SUC
seq_len:76
seq_name:RNaseP_CPB74
seq_len:305
seq_name:RNaseP_C.hydrogenoformans
seq_len:331
seq_name:5s_Lentinula-edodes-2
seq_len:120
seq_name:tRNA_tdbR00000560-Lupinus_luteus-3873-Tyr-GPA
seq_len:76
seq_name:5s_Rhodobacter-capsulatus-3
seq_len:117
seq_name:5s_Spirochaeta-aurantia-1
seq_len:110
seq_name:tRNA_tdbR00000440-Neurospora_crassa-5141-Thr-UGU
seq_len:74
seq_name:RNaseP_D.vulgaris
seq_len:359
seq_name:tmRNA_List.seel._AF440350_1-321
seq_len:321
seq_name:grp1_a.I1.e.E.dermatitidis.C1.SSU.943
seq_len:426
seq_name:5s_Pyrenophora-graminea-1
seq_len:119
seq_name:5s_Rhodobacter-sphaeroides-2
seq_len:118
seq_name:tRNA_tdbR00000387-Bacillus_subtilis-1423-Ser-5GA
seq_len:92
seq_name:16s_P.occultum_domain2
seq_len:358
seq_name:tmRNA_Aero.hydr._CP000462_1-360
seq_len:360
seq_name:tRNA_tdbR00000121-Salmonella_typhimurium-602-Gly-NCC
seq_len:75
seq_name:5s_Frankia-sp.-1
seq_len:121
seq_name:5s_Ascobolus-immersus-1
seq_len:119
seq_name:RNaseP_C.testosteroni
seq_len:275
seq_name:tmRNA_Chla.muri._AE002296_1-418
seq_len:418
seq_name:tmRNA_Myco.smeg._CP000480_1-369
seq_len:369
seq_name:tRNA_tdbR00000049-Chlamydomonas_reinhardtii-3055-Glu-NUC
seq_len:76
seq_name:tRNA_tdbR00000336-Aedes_albopictus-7160-Gln-NUG
seq_len:72
seq_name:tmRNA_Camp.jeju._AX048472_1-359
seq_len:359
seq_name:RNaseP_S.aureus
seq_len:349
seq_name:23s_H.pylori_domain6
seq_len:242
seq_name:RNaseP_LGA10
seq_len:313
seq_name:tRNA_tdbR00000311-Haloferax_volcanii-2246-Pro-MGG
seq_len:76
seq_name:5s_Chlorobium-phaeobacteroides-1
seq_len:110
seq_name:tmRNA_Cald.sacc._TRW-351627_1-368
seq_len:368
seq_name:5s_Smittium-culisetae-1
seq_len:121
seq_name:tmRNA_Emil.huxl._TRW-280463_1-291
seq_len:291
seq_name:5s_Acetobacter-aceti-2
seq_len:120
seq_name:tmRNA_Urea.parv._AE002154_1-413
seq_len:413
seq_name:RNaseP_S.globosus
seq_len:339
seq_name:tmRNA_Xyle.fast._AE009442_1-355
seq_len:355
seq_name:tmRNA_Myco.pulm._AL445565_1-387
seq_len:387
seq_name:telomerase_AF221916.94-481
seq_len:388
seq_name:tmRNA_Clos.acet._AE001437_1-359
seq_len:359
seq_name:tRNA_tdbR00000209-Enterobacteria_phage_T4-10665-Leu-NAA
seq_len:87
seq_name:RNaseP_C.jejuni
seq_len:318
seq_name:5s_Genistelloides-hibernus-1
seq_len:122
seq_name:telomerase_AF221908.136-584
seq_len:449
seq_name:RNaseP_WC1
seq_len:294
seq_name:tRNA_tdbR00000573-Leishmania_tarentolae-5689-Gln-3UG
seq_len:72
seq_name:grp1_a.I1.m.M.grisea.B2.ND1
seq_len:285
seq_name:telomerase_AF221928.95-476
seq_len:382
seq_name:tmRNA_Guil.thet._AF041468_1-327
seq_len:327
seq_name:5s_Gracilaria-compressa-1
seq_len:121
seq_name:RNaseP_S.typhimurium
seq_len:375
seq_name:RNaseP_H.aurantiacus
seq_len:328
seq_name:tRNA_tdbR00000264-Caenorhabditis_elegans-6239-Leu-IAG
seq_len:85
seq_name:tmRNA_Stre.pyog._TRW-1314-2_1-350
seq_len:350
seq_name:RNaseP_LGB23
seq_len:347
seq_name:tRNA_tdbR00000050-Hordeum_vulgare-4513-Glu-SPC
seq_len:76
seq_name:tmRNA_Myco.pene._BA000026_1-405
seq_len:405
seq_name:tmRNA_Acid.ferr._TRW-243159_1-364
seq_len:364
seq_name:5s_Lentinula-edodes-1
seq_len:120
seq_name:5s_Pneumocystis-carinii-1
seq_len:120
seq_name:5s_Gracilaria-compressa-2
seq_len:121
seq_name:grp1_a.I1.e.B.yamatoana.JCM2896.C1.SSU.1506
seq_len:468
current processing 1101/1432
seq_name:5s_Fusarium-pseudograminearum-1
seq_len:119
seq_name:RNaseP_PS1
seq_len:327
seq_name:tmRNA_Myco.lepr._TRW-272631_1-369
seq_len:369
seq_name:RNaseP_PS27
seq_len:342
seq_name:5s_Candidatus-Portiera-aleyrodidarum-1
seq_len:121
seq_name:5s_Bacillus-amyloliquefaciens-1
seq_len:117
seq_name:tRNA_tdbR00000547-Geobacillus_stearothermophilus-1422-Tyr-QUA
seq_len:85
seq_name:tmRNA_envi.sequ._TRW-300695-2_1-345
seq_len:345
seq_name:grp1_a.I1.e.P.macrosporus.C1.SSU.1506
seq_len:433
seq_name:tRNA_tdbR00000324-Saccharomyces_cerevisiae-4932-Pro-NGG
seq_len:75
seq_name:5s_Hyphomonas-oligotropha-1
seq_len:119
seq_name:RNaseP_Nostoc-PCC6705
seq_len:393
seq_name:5s_Methanolobus-tindarius-1
seq_len:124
seq_name:5s_Streptococcus-thermophilus-2
seq_len:116
seq_name:tmRNA_Burk.pseu._TRW-28450_1-370
seq_len:370
seq_name:grp1_b.I1.e.M.anisopliae.2.C1.LSU.1921
seq_len:456
seq_name:tRNA_tdbR00000378-Mus_musculus-10090-Arg-ICG
seq_len:76
seq_name:tmRNA_Vibr.chol._U39068_1-367
seq_len:367
seq_name:RNaseP_vHge2
seq_len:311
seq_name:RNaseP_F.yabuuchiae
seq_len:330
seq_name:tmRNA_Shig.dyse._TRW-358708_1-363
seq_len:363
seq_name:5s_Haloferax-mediterranei-2
seq_len:122
seq_name:5s_Corynebacterium-glutamicum-2
seq_len:121
seq_name:tmRNA_Erwi.chry._TRW-198628_1-381
seq_len:381
seq_name:tRNA_tdbR00000011-Neurospora_crassa-5141-Ala-UGC
seq_len:75
seq_name:RNaseP_B.halodurans
seq_len:412
seq_name:RNaseP_P.furiosus-2
seq_len:330
seq_name:tRNA_tdbR00000172-Lupinus_luteus-3873-Ile-IAU
seq_len:77
seq_name:grp1_a.I1.e.A.stipitatus.C1.SSU.1046
seq_len:408
seq_name:5s_Haloferax-volcanii-3
seq_len:122
seq_name:5s_Mycoplasma-pneumoniae-1
seq_len:108
seq_name:RNaseP_C.pneumoniae-CWL029
seq_len:406
seq_name:5s_Pseudomonas-stutzeri-2
seq_len:120
seq_name:RNaseP_M.bovis
seq_len:422
seq_name:tRNA_tdbR00000553-Asterias_amurensis-7602-Tyr-GUA
seq_len:74
seq_name:RNaseP_ESH20b-4
seq_len:293
seq_name:tmRNA_Lept.spec._TRW-261386_1-359
seq_len:359
seq_name:23s_E.coli_domain6
seq_len:262
seq_name:tRNA_tdbR00000169-Homo_sapiens-9606-Ile-GAU
seq_len:72
seq_name:5s_Sulfolobus-tokodaii-1
seq_len:126
seq_name:5s_Dehalococcoides-ethenogenes-1
seq_len:123
seq_name:RNaseP_E.asper
seq_len:307
seq_name:RNaseP_P126
seq_len:293
seq_name:5s_Pseudomonas-aeruginosa-3
seq_len:120
seq_name:5s_Geobacillus-kaustophilus-3
seq_len:115
seq_name:5s_Methanobrevibacter-ruminantium-1
seq_len:130
seq_name:RNaseP_U.urealyticum
seq_len:370
seq_name:grp1_a.I1.c.G.prostrata.C3.tLEU
seq_len:336
seq_name:5s_Chlamydomonas-reinhardtii-1
seq_len:122
seq_name:RNaseP_T.roseum
seq_len:350
seq_name:5s_Perkinsus-olseni-1
seq_len:124
seq_name:tmRNA_Camp.fetu._AY211269_1-361
seq_len:361
seq_name:RNaseP_WB3
seq_len:294
seq_name:tRNA_tdbR00000111-Mycoplasma_capricolum-2095-Gly-UCC
seq_len:74
seq_name:5s_Caulobacter-sp.-4
seq_len:119
seq_name:RNaseP_D.radiodurans
seq_len:486
seq_name:RNaseP_Synechocystis-PCC6803
seq_len:437
seq_name:tmRNA_uncu.bact._TRW-32033-1_1-354
seq_len:354
seq_name:5s_Buchnera-aphidicola-1
seq_len:115
seq_name:tRNA_tdbR00000364-Ascaris_suum-6253-Arg-ACG
seq_len:57
seq_name:RNaseP_S.acidocaldarius
seq_len:315
seq_name:tmRNA_Nost.punc._TRW-63737_1-390
seq_len:390
seq_name:5s_Lactococcus-lactis-2
seq_len:116
seq_name:RNaseP_D.radiodurans-g
seq_len:447
seq_name:tmRNA_Gemm.obsc._TRW-214688_1-412
seq_len:412
seq_name:5s_Geodermatophilus-obscurus-1
seq_len:120
seq_name:RNaseP_SM-A2642
seq_len:290
seq_name:RNaseP_SM-A5584
seq_len:341
seq_name:5s_Meloidogyne-arenaria-2
seq_len:121
seq_name:tmRNA_Pelo.carb._CP000142_1-358
seq_len:358
seq_name:5s_Wigglesworthia-glossinidia-1
seq_len:120
seq_name:tRNA_tdbR00000057-Hordeum_vulgare-4513-Glu-CPC
seq_len:76
seq_name:16s_G.intestinalis_domain2
seq_len:392
seq_name:tRNA_tdbR00000322-Phaseolus_vulgaris-3885-Pro-UGG
seq_len:78
seq_name:5s_Anthoceros-punctatus-1
seq_len:118
seq_name:tmRNA_Nitr.mult._CP000103_1-362
seq_len:362
seq_name:RNaseP_LGB32
seq_len:313
seq_name:5s_Rubrivivax-gelatinosus-1
seq_len:114
seq_name:tRNA_tdbR00000347-Enterobacteria_phage_T4-10665-Arg-NCU
seq_len:75
seq_name:tRNA_tdbR00000056-Hordeum_vulgare-4513-Glu-UPC
seq_len:76
seq_name:RNaseP_S.versatilis
seq_len:286
seq_name:5s_Thiobacillus-thioparus-1
seq_len:118
seq_name:tRNA_tdbR00000131-Triticum_aestivum-4565-Gly-GCC
seq_len:74
seq_name:tmRNA_Bord.pert._TRW-257313_1-387
seq_len:387
seq_name:tmRNA_Lact.gass._CP000413_1-366
seq_len:366
seq_name:5s_Nephila-clavipes-1
seq_len:119
seq_name:tRNA_tdbR00000417-Nicotiana_rustica-4093-Ser-GCU
seq_len:85
seq_name:tRNA_tdbR00000031-Rattus_norvegicus-10116-Asp-QUC
seq_len:71
seq_name:tmRNA_Chla.cavi._AE015925_1-425
seq_len:425
seq_name:tRNA_tdbR00000472-Drosophila_melanogaster-7227-Val-IAC
seq_len:76
seq_name:telomerase_AF221921.98-548
seq_len:451
seq_name:tmRNA_Stre.pneu._TRW-216600_1-348
seq_len:348
seq_name:tRNA_tdbR00000229-Glycine_max-3847-Leu-JAA
seq_len:88
seq_name:RNaseP_H.volcanii
seq_len:433
seq_name:RNaseP_P.vulgaris
seq_len:301
seq_name:RNaseP_Prochlorococcus-NATL1
seq_len:333
seq_name:16s_C.elegans_domain1
seq_len:173
seq_name:5s_Rickettsia-felis-1
seq_len:119
seq_name:tRNA_tdbR00000112-Mycoplasma_mycoides-2102-Gly-UCC
seq_len:74
seq_name:RNaseP_P.cultripes
seq_len:311
current processing 1201/1432
seq_name:RNaseP_R.prowazekii
seq_len:385
seq_name:RNaseP_SM-A1519
seq_len:300
seq_name:5s_Thiobacillus-sp.-1
seq_len:120
seq_name:RNaseP_E.faecalis-2
seq_len:389
seq_name:RNaseP_SM-A03
seq_len:321
seq_name:tRNA_tdbR00000447-Halobacterium_salinarum-2242-Val-CAC
seq_len:78
seq_name:tmRNA_Prev.inte._TRW-246198_1-400
seq_len:400
seq_name:5s_Caulobacter-spinosum-1
seq_len:117
seq_name:RNaseP_SMB-A5
seq_len:293
seq_name:telomerase_AF221909.98-496
seq_len:399
seq_name:5s_Weissella-viridescens-2
seq_len:117
seq_name:5s_Emericella-nidulans-4
seq_len:119
seq_name:tRNA_tdbR00000385-Mycoplasma_capricolum-2095-Ser-UGA
seq_len:92
seq_name:5s_Mycobacterium-tuberculosis-1
seq_len:115
seq_name:RNaseP_M.thermoautotrophicum-DH
seq_len:293
seq_name:16s_D.melanogaster_domain4
seq_len:169
seq_name:tRNA_tdbR00000413-Candida_cylindracea-44322-Ser-GCU
seq_len:86
seq_name:5s_Xylella-fastidiosa-2
seq_len:118
seq_name:5s_Eimeria-tenella-1
seq_len:123
seq_name:tRNA_tdbR00000535-Xenopus_laevis-8355-Ini-CAU
seq_len:75
seq_name:tRNA_tdbR00000574-Leishmania_tarentolae-5689-Trp-CCA
seq_len:72
seq_name:16s_P.staleyi_domain2
seq_len:353
seq_name:5s_Emericella-nidulans-5
seq_len:119
seq_name:RNaseP_SM-A1831
seq_len:340
seq_name:5s_Streptomyces-griseus-3
seq_len:120
seq_name:RNaseP_A.obstetricans
seq_len:404
seq_name:5s_Flectobacillus-major-1
seq_len:114
seq_name:grp1_b.I1.e.M.anisopliae.3.C1.LSU.1921
seq_len:394
seq_name:5s_Porphyra-tenera-1
seq_len:121
seq_name:5s_Wolbachia-pipientis-1
seq_len:107
seq_name:5s_Vitreoscilla-filiformis-1
seq_len:116
seq_name:tRNA_tdbR00000210-Enterobacteria_phage_T5-10726-Leu-UAG
seq_len:85
seq_name:5s_Ustilago-maydis-1
seq_len:118
seq_name:5s_Erythromicrobium-hydrolyticum-1
seq_len:120
seq_name:RNaseP_PS26
seq_len:352
seq_name:tmRNA_Yers.ente._TRW-34054_1-381
seq_len:381
seq_name:tmRNA_Clos.perf._AP003190_1-358
seq_len:358
seq_name:5s_Vibrio-nereis-1
seq_len:121
seq_name:5s_Xenopus-laevis-5
seq_len:120
seq_name:5s_Stella-humosa-1
seq_len:117
seq_name:tRNA_tdbR00000366-Rattus_norvegicus-10116-Arg-UCG
seq_len:72
seq_name:tmRNA_Cory.diph._BX248356_1-385
seq_len:385
seq_name:tmRNA_Wigg.glos._BA000021_1-365
seq_len:365
seq_name:RNaseP_M.pneumoniae
seq_len:369
seq_name:RNaseP_Nocardiodes-ATCC39419
seq_len:310
seq_name:tRNA_tdbR00000415-Nicotiana_rustica-4093-Ser-GA
seq_len:85
seq_name:RNaseP_E.coli-JM109
seq_len:377
seq_name:RNaseP_LGA2
seq_len:312
seq_name:tRNA_tdbR00000555-Saccharomyces_cerevisiae-4932-Tyr-GPA
seq_len:78
seq_name:tmRNA_Bifi.long._TRW-206672_1-397
seq_len:397
seq_name:5s_Paracoccus-versutus-1
seq_len:116
seq_name:tmRNA_Idio.loih._AE017340_1-359
seq_len:359
seq_name:tmRNA_Shig.flex._CP000266_1-363
seq_len:363
seq_name:tmRNA_Thal.pseu._EF067921_1-344
seq_len:344
seq_name:tmRNA_Myxo.xant._TRW-34_1-366
seq_len:366
seq_name:grp1_a.I1.e.B.ciliata.JCM6865.C1.SSU.1506
seq_len:357
seq_name:tRNA_tdbR00000107-Haloferax_volcanii-2246-Gly-GCC
seq_len:74
seq_name:16s_E.coli_domain3
seq_len:484
seq_name:tRNA_tdbR00000623-Escherichia_coli-562-Pro-CGG
seq_len:77
seq_name:RNaseP_A.truei
seq_len:320
seq_name:tmRNA_Haem.infl._U32808_1-366
seq_len:366
seq_name:RNaseP_L.weilii
seq_len:336
seq_name:5s_Erysipelothrix-tonsillarum-1
seq_len:114
seq_name:RNaseP_C.psittaci
seq_len:333
seq_name:tmRNA_Vibr.vuln._AE016795_1-367
seq_len:367
seq_name:5s_Clostridium-butyricum-2
seq_len:117
seq_name:RNaseP_N.gregoryi
seq_len:474
seq_name:5s_Candidatus-Tremblaya-princeps-5
seq_len:117
seq_name:tRNA_tdbR00000533-Drosophila_melanogaster-7227-Ini-CAU
seq_len:75
seq_name:RNaseP_SM-A6296
seq_len:335
seq_name:5s_Chlorobium-tepidum-1
seq_len:109
seq_name:tmRNA_Pola.spec._CP000316_1-387
seq_len:387
seq_name:16s_C.elegans_domain3
seq_len:290
seq_name:16s_S.cerevisiae_domain4
seq_len:164
seq_name:tmRNA_Exig.sibi._TRW-262543_1-359
seq_len:359
seq_name:5s_Seliberia-stellata-1
seq_len:118
seq_name:RNaseP_B.brevis
seq_len:411
seq_name:5s_Nocardia-asteroides-1
seq_len:121
seq_name:5s_Flavobacterium-johnsoniae-1
seq_len:116
seq_name:RNaseP_A.telluris
seq_len:364
seq_name:RNaseP_T.pallidum
seq_len:340
seq_name:5s_Erythromicrobium-ezovicum-1
seq_len:120
seq_name:tRNA_tdbR00000194-Triticum_aestivum-4565-Lys-CUU
seq_len:76
seq_name:tmRNA_Myco.tube._TRW-164513_1-368
seq_len:368
seq_name:tRNA_tdbR00000023-Haloferax_volcanii-2246-Asp-GUC
seq_len:76
seq_name:16s_H.volcanii_domain2
seq_len:359
seq_name:telomerase_AF221910.112-554
seq_len:443
seq_name:tRNA_tdbR00000320-Spinacia_oleracea-3562-Pro-NGG
seq_len:77
seq_name:5s_Chlorella-pyrenoidosa-1
seq_len:119
seq_name:tmRNA_Prop.acne._AE017283_1-371
seq_len:371
seq_name:tRNA_tdbR00000505-Mycoplasma_mycoides-2102-Ini-CAU
seq_len:76
seq_name:tRNA_tdbR00000367-Bos_taurus-9913-Arg-UCG
seq_len:72
seq_name:RNaseP_CPA56
seq_len:334
seq_name:RNaseP_E.eschscholtzii-2
seq_len:326
seq_name:RNaseP_Pseudoanabaena-PCC6903
seq_len:450
seq_name:telomerase_AF221936.98-540
seq_len:443
seq_name:tRNA_tdbR00000318-Salmonella_typhimurium-602-Pro-GGG
seq_len:77
seq_name:tmRNA_Clos.teta._AE015927_1-355
seq_len:355
seq_name:tmRNA_Myco.aviu._TRW-243243_1-368
seq_len:368
seq_name:tmRNA_uncu.bact._TRW-80840-1_1-378
seq_len:378
current processing 1301/1432
seq_name:tRNA_tdbR00000621-Nicotiana_rustica-4093-Cys-GCA
seq_len:75
seq_name:RNaseP_Z.rouxii
seq_len:295
seq_name:RNaseP_N.luteus
seq_len:266
seq_name:5s_Haloferax-mediterranei-1
seq_len:118
seq_name:tRNA_tdbR00000293-Methanobacterium_thermaggregans-83982-Asn-UU
seq_len:78
seq_name:tmRNA_Lact.gass._TRW-1596_1-366
seq_len:366
seq_name:tRNA_tdbR00000459-Neurospora_crassa-5141-Val-UAC
seq_len:76
seq_name:RNaseP_Synechococcus-PCC6717
seq_len:315
seq_name:tmRNA_Geob.kaus._BA000043_1-352
seq_len:352
seq_name:tRNA_tdbR00000622-Nicotiana_rustica-4093-Cys-GCA
seq_len:75
seq_name:5s_Fusarium-sporotrichioides-2
seq_len:119
seq_name:tmRNA_Mann.succ._AE016827_1-367
seq_len:367
seq_name:tmRNA_Chla.trac._TRW-813-1_1-420
seq_len:420
seq_name:tmRNA_Myco.gall._AE015450_1-408
seq_len:408
seq_name:5s_Halococcus-morrhuae-2
seq_len:125
seq_name:tmRNA_Burk.spec._CP000151_1-370
seq_len:370
seq_name:tRNA_tdbR00000409-Candida_cylindracea-44322-Ser-CAG
seq_len:84
seq_name:5s_Methanospirillum-hungatei-1
seq_len:126
seq_name:RNaseP_Buchnera-APS
seq_len:376
seq_name:16s_B.burgdorferi_domain3
seq_len:485
seq_name:RNaseP_T.maritima
seq_len:338
seq_name:telomerase_AF221906.96-545
seq_len:450
seq_name:5s_Candidatus-Tremblaya-princeps-6
seq_len:117
seq_name:RNaseP_P.aerogenes
seq_len:297
seq_name:tRNA_tdbR00000389-Bacillus_subtilis-1423-Ser-GGA
seq_len:92
seq_name:tmRNA_Neis.meni._AE002452_1-360
seq_len:360
seq_name:grp1_a.I1.c.A.cherimola.C3.tLEU
seq_len:494
seq_name:RNaseP_SM-A3355
seq_len:303
seq_name:16s_P.occultum_domain3
seq_len:485
seq_name:tRNA_tdbR00000499-Halobacterium_salinarum-2242-Ini-CAU
seq_len:78
seq_name:5s_Gemm_obscuB
seq_len:109
seq_name:tmRNA_Kleb.pneu._TRW-272620_1-363
seq_len:363
seq_name:tmRNA_Bdel.bact._BX842656_1-346
seq_len:346
seq_name:telomerase_AF221925.98-540
seq_len:443
seq_name:5s_Finegoldia-magna-2
seq_len:117
seq_name:telomerase_AF221934.121-565
seq_len:445
seq_name:tmRNA_Nitr.euro._BX321865_1-360
seq_len:360
seq_name:tRNA_tdbR00000379-Enterobacteria_phage_T4-10665-Ser-NGA
seq_len:90
seq_name:RNaseP_T.syrichta
seq_len:286
seq_name:tmRNA_envi.sequ._TRW-356-1_1-289
seq_len:289
seq_name:5s_Bacteroides-fragilis-5
seq_len:103
seq_name:tmRNA_Stap.aure._AC074317_1-359
seq_len:359
seq_name:RNaseP_Onchorhynchus-sp-2
seq_len:303
seq_name:5s_Escherichia-coli-14
seq_len:120
seq_name:RNaseP_A.fastidiosum
seq_len:309
seq_name:tmRNA_Ther.teng._AE013063_1-351
seq_len:351
seq_name:RNaseP_LGW46
seq_len:384
seq_name:tRNA_tdbR00000464-Saccharomyces_cerevisiae-4932-Val-IAC
seq_len:77
seq_name:grp1_a.I1.e.Staurastrum.sp.M753.C1.SSU.1506
seq_len:415
seq_name:RNaseP_T.celerAL1-2
seq_len:331
seq_name:5s_Methanosarcina-barkeri-1
seq_len:130
seq_name:5s_Methylobacterium-extorquens-1
seq_len:118
seq_name:5s_Cyanidium-caldarium-1
seq_len:124
seq_name:5s_Xenopus-borealis-3
seq_len:120
seq_name:RNaseP_S.mutans
seq_len:389
seq_name:RNaseP_M.hyopneumoniae
seq_len:416
seq_name:tRNA_tdbR00000270-Avian_myeloblastosis_virus-11866-Met-BAU
seq_len:76
seq_name:tRNA_tdbR00000184-Asterias_amurensis-7602-Lys-CUU
seq_len:76
seq_name:telomerase_AF221939.99-544
seq_len:446
seq_name:5s_Caenorhabditis-elegans-3
seq_len:120
seq_name:16s_B.burgdorferi_domain2
seq_len:349
seq_name:5s_Tremella-mesenterica-1
seq_len:118
seq_name:16s_T.maritima_domain2
seq_len:442
seq_name:tRNA_tdbR00000221-Escherichia_coli-562-Leu-CAG
seq_len:87
seq_name:tRNA_tdbR00000350-Haloferax_volcanii-2246-Arg-GCG
seq_len:76
seq_name:RNaseP_B.thetaiotaomicron
seq_len:361
seq_name:tRNA_tdbR00000352-Mycoplasma_capricolum-2095-Arg-ICG
seq_len:77
seq_name:RNaseP_SMB-B3
seq_len:287
seq_name:grp1_a.I1.e.G.spirotaenia.C1.SSU.1506
seq_len:387
seq_name:5s_Rhodopirellula-baltica-1
seq_len:110
seq_name:tRNA_tdbR00000047-Escherichia_coli-562-Glu-SUC
seq_len:75
seq_name:16s_F.ananassa_domain4
seq_len:172
seq_name:tRNA_tdbR00000562-Nicotiana_rustica-4093-Tyr-GPA
seq_len:76
seq_name:grp1_a.I1.e.T.cosmopolitanis.C1.LSU.1925
seq_len:451
seq_name:tmRNA_Myco.myco._BX842642_1-411
seq_len:411
seq_name:tmRNA_Trop.whip._BX251411_1-369
seq_len:369
seq_name:tmRNA_Stre.sobr._TRW-246202_1-349
seq_len:349
seq_name:5s_Ulva-pertusa-1
seq_len:120
seq_name:tmRNA_Salm.typh._AY316313_1-363
seq_len:363
seq_name:16s_Z.mays_domain4
seq_len:146
seq_name:5s_Filobasidiella-neoformans-1
seq_len:118
seq_name:tRNA_tdbR00000473-Drosophila_melanogaster-7227-Val-CAC
seq_len:76
seq_name:RNaseP_PS2
seq_len:323
seq_name:tmRNA_Camp.jeju._AL139078_1-356
seq_len:356
seq_name:tmRNA_Fuso.nucl._TRW-209882_1-344
seq_len:344
seq_name:tRNA_tdbR00000617-Nanoarchaeum_equitans-160232-Gln-UUG
seq_len:76
seq_name:tRNA_tdbR00000145-Saccharomyces_cerevisiae-4932-His-GUG
seq_len:76
seq_name:tRNA_tdbR00000583-Aeropyrum_pernix-56636-Cys-GCA
seq_len:78
seq_name:5s_Micrococcus-luteus-4
seq_len:120
seq_name:16s_F.ananassa_domain3
seq_len:493
seq_name:5s_Euglena-gracilis-2
seq_len:119
seq_name:tmRNA_Stre.suis._TRW-218494_1-354
seq_len:354
seq_name:tmRNA_Shew.spec._CP000446_1-355
seq_len:355
seq_name:5s_Caulobacter-sp.-1
seq_len:119
seq_name:telomerase_AF221926.103-507
seq_len:405
seq_name:5s_Chlamydia-trachomatis-1
seq_len:117
seq_name:tRNA_tdbR00000609-Chlamydomonas_reinhardtii-3055-Leu-UA7
seq_len:84
seq_name:tRNA_tdbR00000619-Toxoplasma_gondii-5811-Met-CAU
seq_len:73
seq_name:grp1_a.I1.e.S.paniceum.UNK.SSU.1210
seq_len:260
seq_name:tmRNA_Alka.meta._TRW-293826_1-355
seq_len:355
current processing 1401/1432
seq_name:tRNA_tdbR00000025-Thermus_thermophilus-274-Asp-GUC
seq_len:77
seq_name:5s_Spiroplasma-melliferum-1
seq_len:107
seq_name:tmRNA_Neph.oliv._AF137379-2_1-327
seq_len:327
seq_name:RNaseP_ESH20b-1
seq_len:285
seq_name:RNaseP_P.guilliermondii
seq_len:189
seq_name:RNaseP_S.lividans
seq_len:405
seq_name:RNaseP_SM-A06
seq_len:343
seq_name:RNaseP_TP1
seq_len:294
seq_name:telomerase_U85256.1-451
seq_len:451
seq_name:5s_Tilletiaria-anomala-1
seq_len:118
seq_name:RNaseP_SMB-B2
seq_len:334
seq_name:tmRNA_Mann.haem._TRW-272629_1-367
seq_len:367
seq_name:RNaseP_SM-A04
seq_len:330
seq_name:RNaseP_SM-A4775
seq_len:289
seq_name:5s_Methanothermococcus-thermolithotrophicus-1
seq_len:120
seq_name:tmRNA_Pseu.atla._CP000388_1-357
seq_len:357
seq_name:tRNA_tdbR00000340-Nicotiana_rustica-4093-Gln-JUG
seq_len:75
seq_name:RNaseP_K.polysporus
seq_len:265
seq_name:16s_H.volcanii_domain4
seq_len:128
seq_name:grp1_a.I1.e.A.capsulatus.FLs1.C1.SSU
seq_len:428
seq_name:RNaseP_P.staleyi
seq_len:376
seq_name:tmRNA_Azot.vine._TRW-354_1-352
seq_len:352
seq_name:tRNA_tdbR00000444-Saccharomyces_cerevisiae-4932-Thr-IGU
seq_len:76
seq_name:tmRNA_Stre.gord._TRW-29390_1-349
seq_len:349
seq_name:tRNA_tdbR00000493-Bos_taurus-9913-Trp-NCA
seq_len:70
seq_name:RNaseP_C.aurantiacus
seq_len:328
seq_name:5s_Burkholderia-cepacia-1
seq_len:116
seq_name:tmRNA_Jako.libe._TRW-143017_1-102
seq_len:102
seq_name:tRNA_tdbR00000414-Lupinus_luteus-3873-Ser-CGA
seq_len:86
seq_name:5s_Borrelia-burgdorferi-1
seq_len:112
seq_name:tmRNA_Xyle.fast._TRW-155919_1-355
seq_len:355
All_file_list:1432
Save RNA test data to data/test.pick
use gpu: True
Loading file:  data/test.pick
Loading dataset Done!!!
train.len=1432
FCDenseNet(
  (features): Sequential(
    (0): BasicConv2d(
      (conv): Conv2d(146, 64, kernel_size=(3, 3), stride=(1, 1), padding=(1, 1), bias=False)
      (bn): BatchNorm2d(64, eps=1e-05, momentum=0.1, affine=True, track_running_stats=True)
      (relu): ReLU(inplace=True)
    )
    (1): BasicConv2d(
      (conv): Conv2d(64, 32, kernel_size=(3, 3), stride=(1, 1), padding=(1, 1), bias=False)
      (bn): BatchNorm2d(32, eps=1e-05, momentum=0.1, affine=True, track_running_stats=True)
      (relu): ReLU(inplace=True)
    )
    (2): BasicConv2d(
      (conv): Conv2d(32, 16, kernel_size=(3, 3), stride=(1, 1), padding=(1, 1), bias=False)
      (bn): BatchNorm2d(16, eps=1e-05, momentum=0.1, affine=True, track_running_stats=True)
      (relu): ReLU(inplace=True)
    )
  )
  (down_dense): Module(
    (block_0): DenseBlock(16, 4*4+16=32)(
      (layer_0): DenseLayer(16, 4)(
        (norm): BatchNorm2d(16, eps=1e-05, momentum=0.1, affine=True, track_running_stats=True)
        (relu): ReLU(inplace=True)
        (conv): Conv2d(16, 4, kernel_size=(3, 3), stride=(1, 1), padding=(1, 1), bias=False)
      )
      (layer_1): DenseLayer(20, 4)(
        (norm): BatchNorm2d(20, eps=1e-05, momentum=0.1, affine=True, track_running_stats=True)
        (relu): ReLU(inplace=True)
        (conv): Conv2d(20, 4, kernel_size=(3, 3), stride=(1, 1), padding=(1, 1), bias=False)
      )
      (layer_2): DenseLayer(24, 4)(
        (norm): BatchNorm2d(24, eps=1e-05, momentum=0.1, affine=True, track_running_stats=True)
        (relu): ReLU(inplace=True)
        (conv): Conv2d(24, 4, kernel_size=(3, 3), stride=(1, 1), padding=(1, 1), bias=False)
      )
      (layer_3): DenseLayer(28, 4)(
        (norm): BatchNorm2d(28, eps=1e-05, momentum=0.1, affine=True, track_running_stats=True)
        (relu): ReLU(inplace=True)
        (conv): Conv2d(28, 4, kernel_size=(3, 3), stride=(1, 1), padding=(1, 1), bias=False)
      )
    )
    (block_1): DenseBlock(32, 4*8+32=64)(
      (layer_0): DenseLayer(32, 8)(
        (norm): BatchNorm2d(32, eps=1e-05, momentum=0.1, affine=True, track_running_stats=True)
        (relu): ReLU(inplace=True)
        (conv): Conv2d(32, 8, kernel_size=(3, 3), stride=(1, 1), padding=(1, 1), bias=False)
      )
      (layer_1): DenseLayer(40, 8)(
        (norm): BatchNorm2d(40, eps=1e-05, momentum=0.1, affine=True, track_running_stats=True)
        (relu): ReLU(inplace=True)
        (conv): Conv2d(40, 8, kernel_size=(3, 3), stride=(1, 1), padding=(1, 1), bias=False)
      )
      (layer_2): DenseLayer(48, 8)(
        (norm): BatchNorm2d(48, eps=1e-05, momentum=0.1, affine=True, track_running_stats=True)
        (relu): ReLU(inplace=True)
        (conv): Conv2d(48, 8, kernel_size=(3, 3), stride=(1, 1), padding=(1, 1), bias=False)
      )
      (layer_3): DenseLayer(56, 8)(
        (norm): BatchNorm2d(56, eps=1e-05, momentum=0.1, affine=True, track_running_stats=True)
        (relu): ReLU(inplace=True)
        (conv): Conv2d(56, 8, kernel_size=(3, 3), stride=(1, 1), padding=(1, 1), bias=False)
      )
    )
    (block_2): DenseBlock(64, 4*16+64=128)(
      (layer_0): DenseLayer(64, 16)(
        (norm): BatchNorm2d(64, eps=1e-05, momentum=0.1, affine=True, track_running_stats=True)
        (relu): ReLU(inplace=True)
        (conv): Conv2d(64, 16, kernel_size=(3, 3), stride=(1, 1), padding=(1, 1), bias=False)
      )
      (layer_1): DenseLayer(80, 16)(
        (norm): BatchNorm2d(80, eps=1e-05, momentum=0.1, affine=True, track_running_stats=True)
        (relu): ReLU(inplace=True)
        (conv): Conv2d(80, 16, kernel_size=(3, 3), stride=(1, 1), padding=(1, 1), bias=False)
      )
      (layer_2): DenseLayer(96, 16)(
        (norm): BatchNorm2d(96, eps=1e-05, momentum=0.1, affine=True, track_running_stats=True)
        (relu): ReLU(inplace=True)
        (conv): Conv2d(96, 16, kernel_size=(3, 3), stride=(1, 1), padding=(1, 1), bias=False)
      )
      (layer_3): DenseLayer(112, 16)(
        (norm): BatchNorm2d(112, eps=1e-05, momentum=0.1, affine=True, track_running_stats=True)
        (relu): ReLU(inplace=True)
        (conv): Conv2d(112, 16, kernel_size=(3, 3), stride=(1, 1), padding=(1, 1), bias=False)
      )
    )
    (block_3): DenseBlock(128, 4*32+128=256)(
      (layer_0): DenseLayer(128, 32)(
        (norm): BatchNorm2d(128, eps=1e-05, momentum=0.1, affine=True, track_running_stats=True)
        (relu): ReLU(inplace=True)
        (conv): Conv2d(128, 32, kernel_size=(3, 3), stride=(1, 1), padding=(1, 1), bias=False)
      )
      (layer_1): DenseLayer(160, 32)(
        (norm): BatchNorm2d(160, eps=1e-05, momentum=0.1, affine=True, track_running_stats=True)
        (relu): ReLU(inplace=True)
        (conv): Conv2d(160, 32, kernel_size=(3, 3), stride=(1, 1), padding=(1, 1), bias=False)
      )
      (layer_2): DenseLayer(192, 32)(
        (norm): BatchNorm2d(192, eps=1e-05, momentum=0.1, affine=True, track_running_stats=True)
        (relu): ReLU(inplace=True)
        (conv): Conv2d(192, 32, kernel_size=(3, 3), stride=(1, 1), padding=(1, 1), bias=False)
      )
      (layer_3): DenseLayer(224, 32)(
        (norm): BatchNorm2d(224, eps=1e-05, momentum=0.1, affine=True, track_running_stats=True)
        (relu): ReLU(inplace=True)
        (conv): Conv2d(224, 32, kernel_size=(3, 3), stride=(1, 1), padding=(1, 1), bias=False)
      )
    )
  )
  (down_trans): Module(
    (trans_0): TransitionDown(32, 32, dropout=0)(
      (norm): BatchNorm2d(32, eps=1e-05, momentum=0.1, affine=True, track_running_stats=True)
      (relu): ReLU(inplace=True)
      (conv): Conv2d(32, 32, kernel_size=(1, 1), stride=(1, 1), bias=False)
      (pool): MaxPool2d(kernel_size=2, stride=2, padding=0, dilation=1, ceil_mode=False)
    )
    (trans_1): TransitionDown(64, 64, dropout=0)(
      (norm): BatchNorm2d(64, eps=1e-05, momentum=0.1, affine=True, track_running_stats=True)
      (relu): ReLU(inplace=True)
      (conv): Conv2d(64, 64, kernel_size=(1, 1), stride=(1, 1), bias=False)
      (pool): MaxPool2d(kernel_size=2, stride=2, padding=0, dilation=1, ceil_mode=False)
    )
    (trans_2): TransitionDown(128, 128, dropout=0)(
      (norm): BatchNorm2d(128, eps=1e-05, momentum=0.1, affine=True, track_running_stats=True)
      (relu): ReLU(inplace=True)
      (conv): Conv2d(128, 128, kernel_size=(1, 1), stride=(1, 1), bias=False)
      (pool): MaxPool2d(kernel_size=2, stride=2, padding=0, dilation=1, ceil_mode=False)
    )
    (trans_3): TransitionDown(256, 256, dropout=0)(
      (norm): BatchNorm2d(256, eps=1e-05, momentum=0.1, affine=True, track_running_stats=True)
      (relu): ReLU(inplace=True)
      (conv): Conv2d(256, 256, kernel_size=(1, 1), stride=(1, 1), bias=False)
      (pool): MaxPool2d(kernel_size=2, stride=2, padding=0, dilation=1, ceil_mode=False)
    )
  )
  (middle): DenseBlock(256, 8*32+256=512)(
    (layer_0): DenseLayer(256, 32)(
      (norm): BatchNorm2d(256, eps=1e-05, momentum=0.1, affine=True, track_running_stats=True)
      (relu): ReLU(inplace=True)
      (conv): Conv2d(256, 32, kernel_size=(3, 3), stride=(1, 1), padding=(1, 1), bias=False)
    )
    (layer_1): DenseLayer(288, 32)(
      (norm): BatchNorm2d(288, eps=1e-05, momentum=0.1, affine=True, track_running_stats=True)
      (relu): ReLU(inplace=True)
      (conv): Conv2d(288, 32, kernel_size=(3, 3), stride=(1, 1), padding=(1, 1), bias=False)
    )
    (layer_2): DenseLayer(320, 32)(
      (norm): BatchNorm2d(320, eps=1e-05, momentum=0.1, affine=True, track_running_stats=True)
      (relu): ReLU(inplace=True)
      (conv): Conv2d(320, 32, kernel_size=(3, 3), stride=(1, 1), padding=(1, 1), bias=False)
    )
    (layer_3): DenseLayer(352, 32)(
      (norm): BatchNorm2d(352, eps=1e-05, momentum=0.1, affine=True, track_running_stats=True)
      (relu): ReLU(inplace=True)
      (conv): Conv2d(352, 32, kernel_size=(3, 3), stride=(1, 1), padding=(1, 1), bias=False)
    )
    (layer_4): DenseLayer(384, 32)(
      (norm): BatchNorm2d(384, eps=1e-05, momentum=0.1, affine=True, track_running_stats=True)
      (relu): ReLU(inplace=True)
      (conv): Conv2d(384, 32, kernel_size=(3, 3), stride=(1, 1), padding=(1, 1), bias=False)
    )
    (layer_5): DenseLayer(416, 32)(
      (norm): BatchNorm2d(416, eps=1e-05, momentum=0.1, affine=True, track_running_stats=True)
      (relu): ReLU(inplace=True)
      (conv): Conv2d(416, 32, kernel_size=(3, 3), stride=(1, 1), padding=(1, 1), bias=False)
    )
    (layer_6): DenseLayer(448, 32)(
      (norm): BatchNorm2d(448, eps=1e-05, momentum=0.1, affine=True, track_running_stats=True)
      (relu): ReLU(inplace=True)
      (conv): Conv2d(448, 32, kernel_size=(3, 3), stride=(1, 1), padding=(1, 1), bias=False)
    )
    (layer_7): DenseLayer(480, 32)(
      (norm): BatchNorm2d(480, eps=1e-05, momentum=0.1, affine=True, track_running_stats=True)
      (relu): ReLU(inplace=True)
      (conv): Conv2d(480, 32, kernel_size=(3, 3), stride=(1, 1), padding=(1, 1), bias=False)
    )
  )
  (up_dense): Module(
    (block_0): DenseBlock(256, 4*64=256)(
      (layer_0): DenseLayer(256, 64)(
        (norm): BatchNorm2d(256, eps=1e-05, momentum=0.1, affine=True, track_running_stats=True)
        (relu): ReLU(inplace=True)
        (conv): Conv2d(256, 64, kernel_size=(3, 3), stride=(1, 1), padding=(1, 1), bias=False)
      )
      (layer_1): DenseLayer(320, 64)(
        (norm): BatchNorm2d(320, eps=1e-05, momentum=0.1, affine=True, track_running_stats=True)
        (relu): ReLU(inplace=True)
        (conv): Conv2d(320, 64, kernel_size=(3, 3), stride=(1, 1), padding=(1, 1), bias=False)
      )
      (layer_2): DenseLayer(384, 64)(
        (norm): BatchNorm2d(384, eps=1e-05, momentum=0.1, affine=True, track_running_stats=True)
        (relu): ReLU(inplace=True)
        (conv): Conv2d(384, 64, kernel_size=(3, 3), stride=(1, 1), padding=(1, 1), bias=False)
      )
      (layer_3): DenseLayer(448, 64)(
        (norm): BatchNorm2d(448, eps=1e-05, momentum=0.1, affine=True, track_running_stats=True)
        (relu): ReLU(inplace=True)
        (conv): Conv2d(448, 64, kernel_size=(3, 3), stride=(1, 1), padding=(1, 1), bias=False)
      )
    )
    (block_1): DenseBlock(128, 4*32=128)(
      (layer_0): DenseLayer(128, 32)(
        (norm): BatchNorm2d(128, eps=1e-05, momentum=0.1, affine=True, track_running_stats=True)
        (relu): ReLU(inplace=True)
        (conv): Conv2d(128, 32, kernel_size=(3, 3), stride=(1, 1), padding=(1, 1), bias=False)
      )
      (layer_1): DenseLayer(160, 32)(
        (norm): BatchNorm2d(160, eps=1e-05, momentum=0.1, affine=True, track_running_stats=True)
        (relu): ReLU(inplace=True)
        (conv): Conv2d(160, 32, kernel_size=(3, 3), stride=(1, 1), padding=(1, 1), bias=False)
      )
      (layer_2): DenseLayer(192, 32)(
        (norm): BatchNorm2d(192, eps=1e-05, momentum=0.1, affine=True, track_running_stats=True)
        (relu): ReLU(inplace=True)
        (conv): Conv2d(192, 32, kernel_size=(3, 3), stride=(1, 1), padding=(1, 1), bias=False)
      )
      (layer_3): DenseLayer(224, 32)(
        (norm): BatchNorm2d(224, eps=1e-05, momentum=0.1, affine=True, track_running_stats=True)
        (relu): ReLU(inplace=True)
        (conv): Conv2d(224, 32, kernel_size=(3, 3), stride=(1, 1), padding=(1, 1), bias=False)
      )
    )
    (block_2): DenseBlock(64, 4*16=64)(
      (layer_0): DenseLayer(64, 16)(
        (norm): BatchNorm2d(64, eps=1e-05, momentum=0.1, affine=True, track_running_stats=True)
        (relu): ReLU(inplace=True)
        (conv): Conv2d(64, 16, kernel_size=(3, 3), stride=(1, 1), padding=(1, 1), bias=False)
      )
      (layer_1): DenseLayer(80, 16)(
        (norm): BatchNorm2d(80, eps=1e-05, momentum=0.1, affine=True, track_running_stats=True)
        (relu): ReLU(inplace=True)
        (conv): Conv2d(80, 16, kernel_size=(3, 3), stride=(1, 1), padding=(1, 1), bias=False)
      )
      (layer_2): DenseLayer(96, 16)(
        (norm): BatchNorm2d(96, eps=1e-05, momentum=0.1, affine=True, track_running_stats=True)
        (relu): ReLU(inplace=True)
        (conv): Conv2d(96, 16, kernel_size=(3, 3), stride=(1, 1), padding=(1, 1), bias=False)
      )
      (layer_3): DenseLayer(112, 16)(
        (norm): BatchNorm2d(112, eps=1e-05, momentum=0.1, affine=True, track_running_stats=True)
        (relu): ReLU(inplace=True)
        (conv): Conv2d(112, 16, kernel_size=(3, 3), stride=(1, 1), padding=(1, 1), bias=False)
      )
    )
    (block_3): DenseBlock(32, 4*8=32)(
      (layer_0): DenseLayer(32, 8)(
        (norm): BatchNorm2d(32, eps=1e-05, momentum=0.1, affine=True, track_running_stats=True)
        (relu): ReLU(inplace=True)
        (conv): Conv2d(32, 8, kernel_size=(3, 3), stride=(1, 1), padding=(1, 1), bias=False)
      )
      (layer_1): DenseLayer(40, 8)(
        (norm): BatchNorm2d(40, eps=1e-05, momentum=0.1, affine=True, track_running_stats=True)
        (relu): ReLU(inplace=True)
        (conv): Conv2d(40, 8, kernel_size=(3, 3), stride=(1, 1), padding=(1, 1), bias=False)
      )
      (layer_2): DenseLayer(48, 8)(
        (norm): BatchNorm2d(48, eps=1e-05, momentum=0.1, affine=True, track_running_stats=True)
        (relu): ReLU(inplace=True)
        (conv): Conv2d(48, 8, kernel_size=(3, 3), stride=(1, 1), padding=(1, 1), bias=False)
      )
      (layer_3): DenseLayer(56, 8)(
        (norm): BatchNorm2d(56, eps=1e-05, momentum=0.1, affine=True, track_running_stats=True)
        (relu): ReLU(inplace=True)
        (conv): Conv2d(56, 8, kernel_size=(3, 3), stride=(1, 1), padding=(1, 1), bias=False)
      )
    )
  )
  (up_trans): Module(
    (trans_0): TransitionUp([256, 256] -> 256))(
      (upconv): Sequential(
        (0): Upsample(scale_factor=2.0, mode=nearest)
        (1): Conv2d(512, 256, kernel_size=(3, 3), stride=(1, 1), padding=(1, 1))
        (2): BatchNorm2d(256, eps=1e-05, momentum=0.1, affine=True, track_running_stats=True)
        (3): ReLU(inplace=True)
      )
      (concat): Concatenate()
    )
    (trans_1): TransitionUp([128, 128] -> 128))(
      (upconv): Sequential(
        (0): Upsample(scale_factor=2.0, mode=nearest)
        (1): Conv2d(256, 128, kernel_size=(3, 3), stride=(1, 1), padding=(1, 1))
        (2): BatchNorm2d(128, eps=1e-05, momentum=0.1, affine=True, track_running_stats=True)
        (3): ReLU(inplace=True)
      )
      (concat): Concatenate()
    )
    (trans_2): TransitionUp([64, 64] -> 64))(
      (upconv): Sequential(
        (0): Upsample(scale_factor=2.0, mode=nearest)
        (1): Conv2d(128, 64, kernel_size=(3, 3), stride=(1, 1), padding=(1, 1))
        (2): BatchNorm2d(64, eps=1e-05, momentum=0.1, affine=True, track_running_stats=True)
        (3): ReLU(inplace=True)
      )
      (concat): Concatenate()
    )
    (trans_3): TransitionUp([32, 32] -> 32))(
      (upconv): Sequential(
        (0): Upsample(scale_factor=2.0, mode=nearest)
        (1): Conv2d(64, 32, kernel_size=(3, 3), stride=(1, 1), padding=(1, 1))
        (2): BatchNorm2d(32, eps=1e-05, momentum=0.1, affine=True, track_running_stats=True)
        (3): ReLU(inplace=True)
      )
      (concat): Concatenate()
    )
  )
  (final): Conv2d(32, 1, kernel_size=(1, 1), stride=(1, 1))
  (Norm): BatchNorm2d(1, eps=1e-05, momentum=0.1, affine=True, track_running_stats=True)
)
----------
Epoch 150/200
----------
Phase train...
Train data:1432
/home/gkulemeyer/Repos/REDFold/exec0/redfold/fold/data_generator.py:53: VisibleDeprecationWarning: Creating an ndarray from ragged nested sequences (which is a list-or-tuple of lists-or-tuples-or ndarrays with different lengths or shapes) is deprecated. If you meant to do this, you must specify 'dtype=object' when creating the ndarray.
  self.seq_hot= np.array([instance[2] for instance in self.data])
/home/gkulemeyer/Repos/REDFold/exec0/redfold/fold/data_generator.py:54: VisibleDeprecationWarning: Creating an ndarray from ragged nested sequences (which is a list-or-tuple of lists-or-tuples-or ndarrays with different lengths or shapes) is deprecated. If you meant to do this, you must specify 'dtype=object' when creating the ndarray.
  self.data_y= np.array([instance[3] for instance in self.data])
/home/gkulemeyer/Repos/REDFold/exec0/redfold/fold/data_generator.py:55: VisibleDeprecationWarning: Creating an ndarray from ragged nested sequences (which is a list-or-tuple of lists-or-tuples-or ndarrays with different lengths or shapes) is deprecated. If you meant to do this, you must specify 'dtype=object' when creating the ndarray.
  self.data_x= np.array([instance[4] for instance in self.data])
/home/gkulemeyer/Repos/REDFold/exec0/redfold/fold/data_generator.py:56: VisibleDeprecationWarning: Creating an ndarray from ragged nested sequences (which is a list-or-tuple of lists-or-tuples-or ndarrays with different lengths or shapes) is deprecated. If you meant to do this, you must specify 'dtype=object' when creating the ndarray.
  self.data_z= np.array([instance[5] for instance in self.data])
Epoch Loss:0.0600
----------
Epoch 151/200
----------
Phase train...
Train data:1432
Epoch Loss:0.0597
----------
Epoch 152/200
----------
Phase train...
Train data:1432
Epoch Loss:0.0596
----------
Epoch 153/200
----------
Phase train...
Train data:1432
Epoch Loss:0.0597
----------
Epoch 154/200
----------
Phase train...
Train data:1432
Epoch Loss:0.0608
----------
Epoch 155/200
----------
Phase train...
Train data:1432
Epoch Loss:0.0601
----------
Epoch 156/200
----------
Phase train...
Train data:1432
Epoch Loss:0.0599
----------
Epoch 157/200
----------
Phase train...
Train data:1432
Epoch Loss:0.0597
----------
Epoch 158/200
----------
Phase train...
Train data:1432
Epoch Loss:0.0595
----------
Epoch 159/200
----------
Phase train...
Train data:1432
Epoch Loss:0.0602
----------
Epoch 160/200
----------
Phase train...
Train data:1432
Epoch Loss:0.0600
----------
Epoch 161/200
----------
Phase train...
Train data:1432
Epoch Loss:0.0596
----------
Epoch 162/200
----------
Phase train...
Train data:1432
Epoch Loss:0.0596
----------
Epoch 163/200
----------
Phase train...
Train data:1432
Epoch Loss:0.0598
----------
Epoch 164/200
----------
Phase train...
Train data:1432
Epoch Loss:0.0601
----------
Epoch 165/200
----------
Phase train...
Train data:1432
Epoch Loss:0.0593
----------
Epoch 166/200
----------
Phase train...
Train data:1432
Epoch Loss:0.0596
----------
Epoch 167/200
----------
Phase train...
Train data:1432
Epoch Loss:0.0598
----------
Epoch 168/200
----------
Phase train...
Train data:1432
Epoch Loss:0.0624
----------
Epoch 169/200
----------
Phase train...
Train data:1432
Epoch Loss:0.0593
----------
Epoch 170/200
----------
Phase train...
Train data:1432
Epoch Loss:0.0598
----------
Epoch 171/200
----------
Phase train...
Train data:1432
Epoch Loss:0.0601
----------
Epoch 172/200
----------
Phase train...
Train data:1432
Epoch Loss:0.0592
----------
Epoch 173/200
----------
Phase train...
Train data:1432
Epoch Loss:0.0593
----------
Epoch 174/200
----------
Phase train...
Train data:1432
Epoch Loss:0.0598
----------
Epoch 175/200
----------
Phase train...
Train data:1432
Epoch Loss:0.0598
----------
Epoch 176/200
----------
Phase train...
Train data:1432
Epoch Loss:0.0600
----------
Epoch 177/200
----------
Phase train...
Train data:1432
Epoch Loss:0.0597
----------
Epoch 178/200
----------
Phase train...
Train data:1432
Epoch Loss:0.0592
----------
Epoch 179/200
----------
Phase train...
Train data:1432
Epoch Loss:0.0594
----------
Epoch 180/200
----------
Phase train...
Train data:1432
Epoch Loss:0.0599
----------
Epoch 181/200
----------
Phase train...
Train data:1432
Epoch Loss:0.0596
----------
Epoch 182/200
----------
Phase train...
Train data:1432
Epoch Loss:0.0600
----------
Epoch 183/200
----------
Phase train...
Train data:1432
Epoch Loss:0.0594
----------
Epoch 184/200
----------
Phase train...
Train data:1432
Epoch Loss:0.0593
----------
Epoch 185/200
----------
Phase train...
Train data:1432
Epoch Loss:0.0595
----------
Epoch 186/200
----------
Phase train...
Train data:1432
Epoch Loss:0.0602
----------
Epoch 187/200
----------
Phase train...
Train data:1432
Epoch Loss:0.0591
----------
Epoch 188/200
----------
Phase train...
Train data:1432
Epoch Loss:0.0593
----------
Epoch 189/200
----------
Phase train...
Train data:1432
Epoch Loss:0.0601
----------
Epoch 190/200
----------
Phase train...
Train data:1432
Epoch Loss:0.0593
----------
Epoch 191/200
----------
Phase train...
Train data:1432
Epoch Loss:0.0590
----------
Epoch 192/200
----------
Phase train...
Train data:1432
Epoch Loss:0.0593
----------
Epoch 193/200
----------
Phase train...
Train data:1432
Epoch Loss:0.0607
----------
Epoch 194/200
----------
Phase train...
Train data:1432
Epoch Loss:0.0594
----------
Epoch 195/200
----------
Phase train...
Train data:1432
Epoch Loss:0.0593
----------
Epoch 196/200
----------
Phase train...
Train data:1432
Epoch Loss:0.0593
----------
Epoch 197/200
----------
Phase train...
Train data:1432
Epoch Loss:0.0599
----------
Epoch 198/200
----------
Phase train...
Train data:1432
Epoch Loss:0.0593
----------
Epoch 199/200
----------
Phase train...
Train data:1432
Epoch Loss:0.0592
Saving model to data/mod_redense_200.pt
train finish.
