seq_name:tRNA_tdbR00000361-Saccharomyces_cerevisiae-4932-Arg-ACG
seq_len:74
current processing 1/792
seq_name:5s_Paramecium-tetraurelia-1
seq_len:120
seq_name:RNaseP_LGA1
seq_len:339
seq_name:5s_Triticum-aestivum-1
seq_len:120
seq_name:tRNA_tdbR00000607-Lupinus_luteus-3873-Leu-IAG
seq_len:85
seq_name:5s_Bursaphelenchus-xylophilus-1
seq_len:119
seq_name:5s_Bacillus-subtilis-6
seq_len:116
seq_name:tRNA_tdbR00000474-Drosophila_melanogaster-7227-Val-NAC
seq_len:76
seq_name:5s_Andrias-davidianus-1
seq_len:121
seq_name:tmRNA_Cyan.mero._TRW-45157_1-236
seq_len:236
seq_name:tRNA_tdbR00000019-Mycoplasma_capricolum-2095-Cys-GCA
seq_len:75
seq_name:tRNA_tdbR00000190-Bos_taurus-9913-Lys-NUU
seq_len:70
seq_name:grp1_a.I1.e.L.dispersa.UNK.SSU.1210
seq_len:221
seq_name:tRNA_tdbR00000234-Spinacia_oleracea-3562-Leu-UA7
seq_len:83
seq_name:tmRNA_Myco.Bxz1._AY129337_1-437
seq_len:437
seq_name:grp1_a.I1.e.A.adeninivorans.C1.LSU.2449
seq_len:450
seq_name:tRNA_tdbR00000466-Saccharomyces_cerevisiae-4932-Val-AC
seq_len:77
seq_name:tRNA_tdbR00000392-Escherichia_coli-562-Ser-GGA
seq_len:88
seq_name:tRNA_tdbR00000618-Candida_albicans-5476-Leu-CAG
seq_len:85
seq_name:RNaseP_SLC
seq_len:243
seq_name:5s_Ureaplasma-urealyticum-3
seq_len:104
seq_name:tmRNA_Acid.ferr._TRW-920_1-341
seq_len:341
seq_name:5s_Fusarium-culmorum-6
seq_len:119
seq_name:tRNA_tdbR00000034-Mesocricetus_auratus-10036-Asp-GUC
seq_len:71
seq_name:tmRNA_Trem.prin._AF481102_1-264
seq_len:264
seq_name:tmRNA_Buch.aphi._AE016826_1-367
seq_len:367
seq_name:5s_Vitreoscilla-stercoraria-1
seq_len:118
seq_name:telomerase_AF221935.112-602
seq_len:491
seq_name:tRNA_tdbR00000263-Rattus_norvegicus-10116-Leu-AA
seq_len:86
seq_name:RNaseP_T.thioparus
seq_len:238
seq_name:telomerase_AF221919.107-614
seq_len:508
seq_name:5s_Halorubrum-terrestre-2
seq_len:122
seq_name:5s_uncultured-euryarchaeote-37F11-1
seq_len:122
seq_name:tmRNA_Rubr.xyla._TRW-266117_1-360
seq_len:360
seq_name:tRNA_tdbR00000541-Haloferax_volcanii-2246-Tyr-GUA
seq_len:77
seq_name:tmRNA_Guil.thet._TRW-55529_1-330
seq_len:330
seq_name:tmRNA_Clos.perf._TRW-195102_1-361
seq_len:361
seq_name:RNaseP_R.norvegicus
seq_len:257
seq_name:RNaseP_LGW17
seq_len:411
seq_name:RNaseP_LGW116
seq_len:340
seq_name:5s_Mycoplasma-mobile-1
seq_len:106
seq_name:RNaseP_ESH26-4
seq_len:281
seq_name:RNaseP_ESH183D
seq_len:281
seq_name:tmRNA_Desu.vulg._AE017285_1-352
seq_len:352
seq_name:tRNA_tdbR00000313-Haloferax_volcanii-2246-Pro-UGG
seq_len:76
seq_name:RNaseP_K.thermotolerans
seq_len:219
seq_name:tRNA_tdbR00000428-Homo_sapiens-9606-Ser-UGA
seq_len:85
seq_name:tmRNA_Bact.mari._TRW-97084_1-385
seq_len:385
seq_name:telomerase_AF221920.99-541
seq_len:443
seq_name:tRNA_tdbR00000391-Escherichia_coli-562-Ser-GCU
seq_len:93
seq_name:5s_Neurospora-crassa-12
seq_len:120
seq_name:RNaseP_ESH30-3
seq_len:318
seq_name:5s_Proasellus-coxalis-1
seq_len:120
seq_name:5s_Sulfurococcus-mirabilis-1
seq_len:124
seq_name:tRNA_tdbR00000074-Tetrahymena_pyriformis-5908-Phe-GAA
seq_len:76
seq_name:telomerase_AF221940.103-499
seq_len:397
seq_name:tmRNA_envi.sequ._TRW-32045-3_1-350
seq_len:350
seq_name:16s_P.staleyi_domain4
seq_len:147
seq_name:grp1_a.I1.e.S.sclerotiorum_1837.C1.LSU.798
seq_len:371
seq_name:tRNA_tdbR00000138-Haloferax_volcanii-2246-His-GUG
seq_len:77
seq_name:tRNA_tdbR00000611-Sinorhizobium_meliloti-382-His-GUG
seq_len:77
seq_name:RNaseP_S.polymorpha
seq_len:304
seq_name:RNaseP_Rr327
seq_len:326
seq_name:5s_Streptococcus-pyogenes-4
seq_len:116
seq_name:5s_Xenopus-tropicalis-2
seq_len:121
seq_name:tRNA_tdbR00000462-Rattus_norvegicus-10116-Val-UAC
seq_len:72
seq_name:23s_E.coli_domain4
seq_len:364
seq_name:RNaseP_R.americana-mito
seq_len:312
seq_name:tRNA_tdbR00000127-Halocynthia_roretzi-7729-Gly-UCU
seq_len:65
seq_name:tmRNA_Meso.flor._AE017263_1-408
seq_len:408
seq_name:5s_Tremella-mesenterica-2
seq_len:118
seq_name:16s_M.polymorpha_domain2
seq_len:354
seq_name:tRNA_tdbR00000380-Halobacterium_salinarum-2242-Ser-MGA
seq_len:88
seq_name:tRNA_tdbR00000114-Staphylococcus_epidermidis-1282-Gly-UCC
seq_len:75
seq_name:tmRNA_Porp.ging._TRW-242619_1-407
seq_len:407
seq_name:23s_S.aureus_domain6
seq_len:255
seq_name:23s_B.subtilis_domain4
seq_len:348
seq_name:tmRNA_Lact.sake._TRW-314315_1-370
seq_len:370
seq_name:grp1_s.I1.e.T.thermophila.C1.LSU.1925.schem
seq_len:506
seq_name:tmRNA_Mari.aqua._TRW-351348_1-366
seq_len:366
seq_name:tmRNA_Acti.naes._TRW-240017_1-371
seq_len:371
seq_name:tmRNA_envi.sequ._TRW-2-1_1-365
seq_len:365
seq_name:tRNA_tdbR00000557-Pichia_jadinii-4903-Tyr-GPA
seq_len:78
seq_name:tmRNA_Fran.tula._CP000437_1-421
seq_len:421
seq_name:tmRNA_Fran.spec._TRW-298653_1-375
seq_len:375
seq_name:5s_Halorubrum-distributum-3
seq_len:121
seq_name:tmRNA_Bloc.flor._BX248583_1-393
seq_len:393
seq_name:tmRNA_Xyle.fast._TRW-155920_1-355
seq_len:355
seq_name:RNaseP_SM-A5888
seq_len:393
seq_name:tmRNA_Lact.plan._AL935259_1-372
seq_len:372
seq_name:tmRNA_Legi.pneu._CR628337_1-406
seq_len:406
seq_name:5s_Oryza-sativa-2
seq_len:119
seq_name:grp1_a.I1.e.S.paniceum.UNK.SSU.114
seq_len:210
seq_name:tRNA_tdbR00000142-Saccharomyces_cerevisiae-4932-His-GUG
seq_len:75
seq_name:tmRNA_Lact.delb._TRW-321956_1-362
seq_len:362
seq_name:RNaseP_M.tuberculosis-g
seq_len:433
seq_name:grp1_b.I1.e.T.thermophila.C1.LSU.1925
seq_len:506
seq_name:tRNA_tdbR00000613-Nanoarchaeum_equitans-160232-Glu-CUC
seq_len:78
seq_name:RNaseP_A.laidlawii
seq_len:316
seq_name:tmRNA_Myco.mobi._TRW-267748_1-376
seq_len:376
seq_name:tRNA_tdbR00000616-Nanoarchaeum_equitans-160232-Lys-CUU
seq_len:78
current processing 101/792
seq_name:5s_Geobacillus-kaustophilus-7
seq_len:113
seq_name:tRNA_tdbR00000469-Rattus_norvegicus-10116-Val-IAC
seq_len:77
seq_name:tmRNA_Oeno.oeni._TRW-203123_1-350
seq_len:350
seq_name:5s_Rhodobacter-sphaeroides-3
seq_len:116
seq_name:telomerase_AF221912.98-564
seq_len:467
seq_name:RNaseP_Wolbachia-sp
seq_len:348
seq_name:5s_Geobacillus-stearothermophilus-4
seq_len:119
seq_name:RNaseP_N.olivacea-chloroplast
seq_len:398
seq_name:tRNA_tdbR00000149-Homo_sapiens-9606-His-GUG
seq_len:76
seq_name:5s_Methanothermobacter-thermautotrophicus-5
seq_len:124
seq_name:tmRNA_Ocea.ihey._BA000028_1-364
seq_len:364
seq_name:tmRNA_Odon.sine._Z67753_1-368
seq_len:368
seq_name:tRNA_tdbR00000052-Aedes_albopictus-7160-Glu-NUC
seq_len:69
seq_name:grp1_a.I1.e.L.dispersa.UNK.SSU.287
seq_len:229
seq_name:RNaseP_ESH7-4
seq_len:356
seq_name:telomerase_AF221929.92-517
seq_len:426
seq_name:tRNA_tdbR00000333-Escherichia_coli-562-Gln-NUG
seq_len:75
seq_name:RNaseP_S.epidermidis
seq_len:401
seq_name:tmRNA_uncu.bact._TRW-383630-1_1-364
seq_len:364
seq_name:5s_Saprospira-grandis-1
seq_len:121
seq_name:grp1_a.I1.e.B.ciliata.JCM6865.C1.SSU.943
seq_len:360
seq_name:tRNA_tdbR00000335-Nicotiana_rustica-4093-Gln-NUG
seq_len:75
seq_name:grp1_a.I1.e.U.maydis.C1.SSU.943
seq_len:429
seq_name:tRNA_tdbR00000368-Mesocricetus_auratus-10036-Arg-UCG
seq_len:71
seq_name:RNaseP_Synechocystis-PCC6308
seq_len:320
seq_name:grp1_a.I1.e.C.grayi.UNK.SSU.1046
seq_len:283
seq_name:tmRNA_Chlo.chlo._CP000108_1-401
seq_len:401
seq_name:tRNA_tdbR00000550-Neurospora_crassa-5141-Tyr-GUA
seq_len:90
seq_name:5s_Bacteroides-capillosus-1
seq_len:115
seq_name:RNaseP_X.fastidiosa
seq_len:359
seq_name:5s_Neurospora-crassa-11
seq_len:120
seq_name:tmRNA_Ther.rose._TRW-309801_1-353
seq_len:353
seq_name:5s_Loofah-witches-broom-phytoplasma-1
seq_len:113
seq_name:grp1_a.I1.e.T.pigmentosa.C1.LSU.1925
seq_len:451
seq_name:tRNA_tdbR00000134-Bombyx_mori-7091-Gly-CC
seq_len:75
seq_name:16s_H.volcanii_domain3
seq_len:490
seq_name:5s_Limulus-polyphemus-1
seq_len:120
seq_name:tRNA_tdbR00000475-Mus_musculus-10090-Val-IAC
seq_len:76
seq_name:16s_A.pyrophilus_domain2
seq_len:250
seq_name:23s_S.aureus_domain4
seq_len:347
seq_name:tmRNA_uncu.mari._TRW-363180_1-347
seq_len:347
seq_name:tRNA_tdbR00000328-Enterobacteria_phage_T5-10726-Gln-UUG
seq_len:78
seq_name:tRNA_tdbR00000312-Haloferax_volcanii-2246-Pro-GGG
seq_len:74
seq_name:RNaseP_B.bronchiseptica
seq_len:243
seq_name:RNaseP_CPA59
seq_len:316
seq_name:5s_Roseococcus-thiosulfatophilus-2
seq_len:120
seq_name:tmRNA_Deha.ethe._CP000027_1-352
seq_len:352
seq_name:16s_C.psittaci_domain2
seq_len:355
seq_name:tRNA_tdbR00000593-Ascaris_suum-6253-Trp-CA
seq_len:60
seq_name:RNaseP_PS31
seq_len:372
seq_name:RNaseP_M.thermoautotrphicumMarb
seq_len:294
seq_name:RNaseP_T.celerAL1
seq_len:279
seq_name:tmRNA_Dict.ther._TRW-14_1-350
seq_len:350
seq_name:tmRNA_Heli.pylo._TRW-85963_1-386
seq_len:386
seq_name:tmRNA_Dein.radi._TRW-243230_1-349
seq_len:349
seq_name:5s_Spirogyra-sp.-1
seq_len:120
seq_name:tmRNA_Ente.faec._TRW-1352_1-367
seq_len:367
seq_name:5s_Andrias-japonicus-1
seq_len:121
seq_name:RNaseP_S.dairensis
seq_len:465
seq_name:16s_A.pyrophilus_domain4
seq_len:137
seq_name:RNaseP_N.jensenii
seq_len:326
seq_name:5s_Anaplasma-phagocytophilum-1
seq_len:118
seq_name:5s_Filobasidiella-depauperata-1
seq_len:119
seq_name:RNaseP_Mxa1
seq_len:312
seq_name:grp1_a.I1.e.L.dispersa.UNK.SSU.1046
seq_len:255
seq_name:tRNA_tdbR00000141-Salmonella_typhimurium-602-His-QUG
seq_len:77
seq_name:tmRNA_Desu.desu._CP000112_1-360
seq_len:360
seq_name:16s_C.reinhardtii.mito_domain3
seq_len:387
seq_name:tRNA_tdbR00000125-Bos_taurus-9913-Gly-UCC
seq_len:72
seq_name:5s_Ascobolus-immersus-4
seq_len:119
seq_name:5s_Porphyromonas-gingivalis-2
seq_len:108
seq_name:RNaseP_Synechococcus-PCC7003
seq_len:299
seq_name:tRNA_tdbR00000206-Loligo_bleekeri-6617-Lys-UUU
seq_len:76
seq_name:tmRNA_envi.sequ._TRW-351057-3_1-355
seq_len:355
seq_name:RNaseP_S.servazzii
seq_len:234
seq_name:tmRNA_Desu.psyc._CR522870_1-366
seq_len:366
seq_name:5s_Neurospora-intermedia-1
seq_len:119
seq_name:5s_Tricharina-hiemalis-1
seq_len:119
seq_name:telomerase_AF147806.247-692
seq_len:446
seq_name:RNaseP_H.morrhuae
seq_len:475
seq_name:RNaseP_P.canadensis
seq_len:333
seq_name:RNaseP_T.album
seq_len:332
seq_name:5s_Methanococcus-maripaludis-1
seq_len:115
seq_name:RNaseP_LGB5
seq_len:298
seq_name:tRNA_tdbR00000104-Enterobacteria_phage_T4-10665-Gly-NCC
seq_len:74
seq_name:tmRNA_Mora.cata._AX067460_1-359
seq_len:359
seq_name:5s_Trichoplax-adhaerens-1
seq_len:116
seq_name:tRNA_tdbR00000423-Rattus_norvegicus-10116-Ser-IGA
seq_len:86
seq_name:RNaseP_Z.bailii
seq_len:205
seq_name:tRNA_tdbR00000177-Mycoplasma_capricolum-2095-Lys-CUU
seq_len:76
seq_name:16s_B.subtilis_domain2
seq_len:355
seq_name:16s_M.polymorpha_domain4
seq_len:143
seq_name:grp1_a.I1.e.D.parva.C1.SSU.943
seq_len:396
seq_name:tmRNA_uncu.bact._TRW-72274-2_1-359
seq_len:359
seq_name:RNaseP_W.fluorescens
seq_len:232
seq_name:tRNA_tdbR00000478-Haloferax_volcanii-2246-Trp-BCA
seq_len:77
seq_name:RNaseP_Calothrix-PCC7601
seq_len:467
seq_name:tRNA_tdbR00000246-Bos_taurus-9913-Leu-NAA
seq_len:78
seq_name:telomerase_AF221930.94-546
seq_len:453
seq_name:5s_Rhodobacter-sphaeroides-1
seq_len:115
current processing 201/792
seq_name:RNaseP_CPB144
seq_len:421
seq_name:tmRNA_Cyto.hutc._CP000383_1-404
seq_len:404
seq_name:16s_C.reinhardtii.mito_domain4
seq_len:115
seq_name:RNaseP_H.sapiens
seq_len:340
seq_name:tRNA_tdbR00000549-Tetrahymena_pyriformis-5908-Tyr-QUA
seq_len:83
seq_name:tmRNA_Leif.xyli._AE016822_1-394
seq_len:394
seq_name:tRNA_tdbR00000168-Bos_taurus-9913-Ile-GAU
seq_len:72
seq_name:16s_G.intestinalis_domain3
seq_len:441
seq_name:tRNA_tdbR00000359-Escherichia_coli-562-Arg-CCG
seq_len:77
seq_name:grp1_a.I1.e.A.capsulatus.CBS213.53.C1.SSU.943
seq_len:408
seq_name:tRNA_tdbR00000237-Saccharomyces_cerevisiae-4932-Leu-AA
seq_len:85
seq_name:5s_T_cruziE
seq_len:121
seq_name:RNaseP_P.gingivalis
seq_len:398
seq_name:RNaseP_C.psittaci-2
seq_len:332
seq_name:RNaseP_SM-A2135
seq_len:332
seq_name:RNaseP_SM-A1315
seq_len:323
seq_name:RNaseP_P.purpurea-chloroplast
seq_len:383
seq_name:RNaseP_SM-A3254
seq_len:335
seq_name:tmRNA_Azoa.spec._TRW-62928_1-378
seq_len:378
seq_name:5s_Ehrlichia-ruminantium-1
seq_len:119
seq_name:tRNA_tdbR00000548-Scenedesmus_obliquus-3088-Tyr-GUA
seq_len:85
seq_name:RNaseP_A.erythreum
seq_len:310
seq_name:grp1_a.I1.e.C.saxonicum.C1.SSU.1506
seq_len:448
seq_name:16s_M.polymorpha_domain3
seq_len:486
seq_name:5s_Octopus-vulgaris-1
seq_len:120
seq_name:tmRNA_Buch.aphi._AE013218_1-376
seq_len:376
seq_name:tRNA_tdbR00000363-Ascaris_suum-6253-Arg-PCU
seq_len:54
seq_name:5s_Spirosoma-sp.-1
seq_len:111
seq_name:tmRNA_Yers.pseu._AR948532_1-364
seq_len:364
seq_name:5s_Mycoplasma-gallisepticum-4
seq_len:113
seq_name:16s_H.sapiens.mito_domain2
seq_len:237
seq_name:5s_Coxiella-burnetii-1
seq_len:117
seq_name:tRNA_tdbR00000520-Aedes_albopictus-7160-Ini-CAU
seq_len:72
seq_name:tRNA_tdbR00000386-Mycoplasma_mycoides-2102-Ser-UGA
seq_len:93
seq_name:grp1_a.I1.e.S.granulatum.C1.SSU.1506
seq_len:437
seq_name:RNaseP_LGB27
seq_len:347
seq_name:RNaseP_CPA49
seq_len:370
seq_name:tmRNA_Chlo.aura._AY040836_1-361
seq_len:361
seq_name:tmRNA_Woli.succ._BX571661_1-369
seq_len:369
seq_name:grp1_a.I1.e.C.merochlorophea.UNK.SSU.1516
seq_len:274
seq_name:RNaseP_A.eutrophus
seq_len:341
seq_name:tRNA_tdbR00000143-Asterias_amurensis-7602-His-QUG
seq_len:73
seq_name:grp1_a.I1.e.C.merochlorophea.UNK.SSU.1046
seq_len:267
seq_name:RNaseP_PS6
seq_len:332
seq_name:RNaseP_Nostoc-PCC7413
seq_len:391
seq_name:5s_Wolinella-succinogenes-1
seq_len:132
seq_name:tmRNA_Syne.spec._TRW-1131_1-399
seq_len:399
seq_name:grp1_a.I1.e.L.dispersa.UNK.SSU.789
seq_len:218
seq_name:tRNA_tdbR00000400-Loligo_bleekeri-6617-Ser-7CU
seq_len:71
seq_name:tRNA_tdbR00000572-Leishmania_tarentolae-5689-Lys-1UU
seq_len:73
seq_name:tRNA_tdbR00000567-Homo_sapiens-9606-Tyr-9PA
seq_len:76
seq_name:5s_Coxiella-burnetii-2
seq_len:118
seq_name:5s_Zymomonas-mobilis-1
seq_len:121
seq_name:tRNA_tdbR00000223-Salmonella_typhimurium-602-Leu-CAG
seq_len:87
seq_name:16s_Z.mays_domain2
seq_len:355
seq_name:RNaseP_LGA6
seq_len:344
seq_name:5s_Streptococcus-salivarius-1
seq_len:116
seq_name:5s_Mycoplasma-pulmonis-1
seq_len:103
seq_name:tmRNA_Geob.stea._TRW-1422_1-352
seq_len:352
seq_name:tRNA_tdbR00000211-Haloferax_volcanii-2246-Leu-CAA
seq_len:87
seq_name:16s_E.coli_domain2
seq_len:354
seq_name:tRNA_tdbR00000594-Ascaris_suum-6253-Leu-AA
seq_len:58
seq_name:RNaseP_B.anthracis
seq_len:408
seq_name:tmRNA_Cyan.cald._AF022186_1-254
seq_len:254
seq_name:RNaseP_C.innocuum
seq_len:308
seq_name:5s_Wuchereria-bancrofti-1
seq_len:121
seq_name:tRNA_tdbR00000167-Aedes_albopictus-7160-Ile-GAU
seq_len:72
seq_name:16s_B.subtilis_domain3
seq_len:483
seq_name:tRNA_tdbR00000519-Phaseolus_vulgaris-3885-Ini-CAU
seq_len:77
seq_name:tmRNA_Pseu.halo._CR954246_1-357
seq_len:357
seq_name:tmRNA_Chla.trac._TRW-813-2_1-420
seq_len:420
seq_name:5s_Pleurodeles-waltl-1
seq_len:120
seq_name:RNaseP_Oscillatoria-PCC7515
seq_len:359
seq_name:tmRNA_Lact.john._TRW-257314_1-367
seq_len:367
seq_name:5s_Streptomyces-nodosus-2
seq_len:120
seq_name:tmRNA_Stre.scab._TRW-1883_1-402
seq_len:402
seq_name:tmRNA_Meth.caps._AE017282_1-356
seq_len:356
seq_name:5s_Hyphomicrobium-vulgare-1
seq_len:118
seq_name:23s_T.thermophilus_domain3
seq_len:373
seq_name:5s_Halorubrum-terrestre-1
seq_len:122
seq_name:tRNA_tdbR00000575-Leishmania_tarentolae-5689-Thr-CGU
seq_len:72
seq_name:tRNA_tdbR00000013-Pichia_jadinii-4903-Ala-IGC
seq_len:76
seq_name:grp1_a.I1.e.D.parva.C1.SSU.1512
seq_len:436
seq_name:RNaseP_D.jeanneae
seq_len:406
seq_name:RNaseP_CPB69
seq_len:348
seq_name:16s_C.psittaci_domain4
seq_len:147
seq_name:16s_C.reinhardtii.chloro_domain4
seq_len:145
seq_name:RNaseP_Z.florentinus
seq_len:262
seq_name:tmRNA_Borr.gari._CP000013_1-363
seq_len:363
seq_name:tmRNA_Stap.epid._TRW-176280_1-361
seq_len:361
seq_name:tRNA_tdbR00000128-Halocynthia_roretzi-7729-Gly-GCU
seq_len:70
seq_name:tRNA_tdbR00000080-Bos_taurus-9913-Phe-GAA
seq_len:70
seq_name:5s_Pyrococcus-horikoshii-2
seq_len:122
seq_name:tmRNA_Clos.ther._TRW-203119_1-387
seq_len:387
seq_name:tmRNA_Ther.comm._TRW-289377_1-355
seq_len:355
seq_name:5s_Silicibacter-pomeroyi-1
seq_len:118
seq_name:tRNA_tdbR00000578-Leishmania_tarentolae-5689-Glu-3UC
seq_len:72
seq_name:tRNA_tdbR00000280-Saccharomyces_cerevisiae-4932-Met-CAU
seq_len:77
seq_name:5s_Porphyra-yezoensis-1
seq_len:121
seq_name:5s_Aurelia_aurita-1
seq_len:120
current processing 301/792
seq_name:tmRNA_envi.sequ._TRW-32045-2_1-345
seq_len:345
seq_name:5s_Thermoplasma-volcanium-1
seq_len:123
seq_name:tRNA_tdbR00000395-Saccharomyces_cerevisiae-4932-Ser-GCU
seq_len:86
seq_name:tmRNA_Bloc.penn._CP000016_1-392
seq_len:392
seq_name:tmRNA_Thio.crun._CP000109_1-358
seq_len:358
seq_name:grp1_a.I1.e.C.saccatum.C1.SSU.1512
seq_len:476
seq_name:tmRNA_Porp.purp._TRW-2787_1-323
seq_len:323
seq_name:5s_Lactobacillus-johnsonii-1
seq_len:116
seq_name:tRNA_tdbR00000033-Didelphis_virginiana-9267-Asp-QUC
seq_len:73
seq_name:RNaseP_R.palustris
seq_len:479
seq_name:telomerase_AF221914.112-589
seq_len:478
seq_name:tRNA_tdbR00000614-Nanoarchaeum_equitans-160232-Ini-CAU
seq_len:78
seq_name:tRNA_tdbR00000412-Candida_cylindracea-44322-Ser-CGA
seq_len:84
seq_name:tmRNA_Tric.eryt._CP000393_1-398
seq_len:398
seq_name:5s_Symbiobacterium-thermophilum-4
seq_len:110
seq_name:tRNA_tdbR00000030-Aedes_albopictus-7160-Asp-GUC
seq_len:71
seq_name:16s_A.fulgidus_domain4
seq_len:133
seq_name:grp1_a.I1.e.P.inouyei.C1.SSU.943
seq_len:390
seq_name:5s_Microtetraspora-glauca-1
seq_len:121
seq_name:5s_Hyphomicrobium-sp.-4
seq_len:118
seq_name:RNaseP_T.tumescens
seq_len:307
seq_name:tRNA_tdbR00000247-Bos_taurus-9913-Leu-UAG
seq_len:74
seq_name:tRNA_tdbR00000426-Drosophila_melanogaster-7227-Ser-CGA
seq_len:85
seq_name:tmRNA_Laws.intr._AM180252_1-376
seq_len:376
seq_name:tRNA_tdbR00000283-Gallus_gallus-9031-Met-AU
seq_len:72
seq_name:tmRNA_Clav.mich._TRW-31964_1-376
seq_len:376
seq_name:5s_Halorubrum-saccharovorum-1
seq_len:123
seq_name:tRNA_tdbR00000251-Saccharomyces_cerevisiae-4932-Leu-UAA
seq_len:87
seq_name:RNaseP_SL2D
seq_len:293
seq_name:RNaseP_B.pertussis
seq_len:414
seq_name:tmRNA_Thal.weis._AF049491_1-348
seq_len:348
seq_name:tmRNA_Coxi.burn._AE016828_1-360
seq_len:360
seq_name:tmRNA_envi.sequ._TRW-32045-1_1-355
seq_len:355
seq_name:tRNA_tdbR00000266-Bos_taurus-9913-Leu-AA
seq_len:87
seq_name:RNaseP_P.troglodytes
seq_len:320
seq_name:16s_C.elegans_domain2
seq_len:162
seq_name:grp1_a.I1.e.T.malaccensis.C1.LSU.1925
seq_len:447
seq_name:tmRNA_Sulf.azor._TRW-204536_1-351
seq_len:351
seq_name:RNaseP_CPB149
seq_len:251
seq_name:RNaseP_EM14b-11
seq_len:349
seq_name:grp1_a.I1.e.L.dispersa.UNK.SSU.1516
seq_len:240
seq_name:tmRNA_uncu.bact._TRW-32045-4_1-369
seq_len:369
seq_name:tmRNA_Stre.aver._BA000030_1-389
seq_len:389
seq_name:tmRNA_Camp.upsa._TRW-306264_1-359
seq_len:359
seq_name:RNaseP_Onchorhynchus-2
seq_len:308
seq_name:tRNA_tdbR00000580-Aeropyrum_pernix-56636-Lys-UUU
seq_len:80
seq_name:RNaseP_L.acidophilus
seq_len:328
seq_name:5s_Buchnera-aphidicola-3
seq_len:115
seq_name:tRNA_tdbR00000551-Saccharomyces_cerevisiae-4932-Tyr-GUA
seq_len:88
seq_name:5s_Saccharomyces-cerevisiae-3
seq_len:121
seq_name:5s_Rhodococcus-fascians-2
seq_len:121
seq_name:tRNA_tdbR00000299-Asterias_amurensis-7602-Asn-GPU
seq_len:75
seq_name:tmRNA_Ther.neap._TRW-309803_1-357
seq_len:357
seq_name:tmRNA_Ther.ther._Y15063_1-349
seq_len:349
seq_name:tRNA_tdbR00000620-Toxoplasma_gondii-5811-Ini-CAU
seq_len:72
seq_name:tRNA_tdbR00000576-Leishmania_tarentolae-5689-Asp-GUC
seq_len:72
seq_name:RNaseP_N.pyridinolyticus
seq_len:292
seq_name:tmRNA_Verr.spin._TRW-240016_1-356
seq_len:356
seq_name:grp1_a.I1.e.A.capsulatus.G184B.C1.SSU
seq_len:425
seq_name:tmRNA_Chro.sale._CP000285_1-380
seq_len:380
seq_name:grp1_a.I1.e.P.inouyei.C1.SSU.1506
seq_len:409
seq_name:telomerase_AF221931.99-541
seq_len:443
seq_name:RNaseP_LGW113
seq_len:321
seq_name:tmRNA_Nitr.ocea._CP000127_1-361
seq_len:361
seq_name:5s_Sandaracinobacter-sibiricus-1
seq_len:120
seq_name:tRNA_tdbR00000289-Homo_sapiens-9606-Met-BAU
seq_len:76
seq_name:tRNA_tdbR00000461-Rattus_norvegicus-10116-Val-UAC
seq_len:71
seq_name:tRNA_tdbR00000592-Ascaris_suum-6253-Gln-UG
seq_len:58
seq_name:16s_P.staleyi_domain3
seq_len:489
seq_name:tmRNA_Rals.sola._AL646061_1-357
seq_len:357
seq_name:tRNA_tdbR00000390-Escherichia_coli-562-Ser-CGA
seq_len:90
seq_name:RNaseP_EM14b-9
seq_len:355
seq_name:5s_Fusarium-lunulosporum-10
seq_len:119
seq_name:RNaseP_P.mississippiensis
seq_len:232
seq_name:5s_Pedobacter-heparinus-1
seq_len:114
seq_name:tRNA_tdbR00000490-Saccharomyces_cerevisiae-4932-Trp-CA
seq_len:74
seq_name:5s_Thermus-aquaticus-1
seq_len:120
seq_name:RNaseP_A.brierleyi
seq_len:267
seq_name:tRNA_tdbR00000282-Ascaris_suum-6253-Met-AU
seq_len:64
seq_name:5s_Erythromicrobium-ramosum-1
seq_len:120
seq_name:RNaseP_H.pylori-RU1
seq_len:317
seq_name:tRNA_tdbR00000009-Escherichia_coli-562-Ala-VGC
seq_len:76
seq_name:RNaseP_M.barkeri
seq_len:371
seq_name:RNaseP_SL1-1
seq_len:252
seq_name:RNaseP_V.cholera
seq_len:399
seq_name:tmRNA_Haem.somn._CP000436_1-367
seq_len:367
seq_name:grp1_a.I1.e.B.yamatoana.JCM2896.C1.SSU.943
seq_len:480
seq_name:tmRNA_Phot.prof._CR378665_1-368
seq_len:368
seq_name:RNaseP_SM-A3048
seq_len:290
seq_name:5s_Methanothermobacter-thermautotrophicus-1
seq_len:129
seq_name:tRNA_tdbR00000294-Mycoplasma_capricolum-2095-Asn-GUU
seq_len:76
seq_name:telomerase_AF221911.104-513
seq_len:410
seq_name:grp1_a.I1.e.P.carinii.Pc3.C1.LSU.1921
seq_len:381
seq_name:tmRNA_List.gray._AF440336_1-321
seq_len:321
seq_name:tRNA_tdbR00000043-Haloferax_volcanii-2246-Glu-NUC
seq_len:78
seq_name:23s_H.pylori_domain3
seq_len:380
seq_name:tRNA_tdbR00000403-Bos_taurus-9913-Ser-UGA
seq_len:72
seq_name:RNaseP_U.stansburiana
seq_len:327
seq_name:RNaseP_R.capsulatus
seq_len:405
seq_name:tmRNA_uncu.bact._TRW-80840-3_1-379
seq_len:379
current processing 401/792
seq_name:tRNA_tdbR00000245-Rattus_norvegicus-10116-Leu-UAG
seq_len:75
seq_name:tRNA_tdbR00000069-Synechococcus_sp._PCC_7002-32049-Phe-GAA
seq_len:76
seq_name:5s_Nitrobacter-winogradskyi-1
seq_len:117
seq_name:5s_Notophthalmus-viridescens-1
seq_len:120
seq_name:tRNA_tdbR00000399-Aedes_albopictus-7160-Ser-GCU
seq_len:67
seq_name:RNaseP_Saccharomonospora-K180
seq_len:337
seq_name:5s_Ascaris-suum-1
seq_len:119
seq_name:tRNA_tdbR00000393-Escherichia_coli-562-Ser-GGA
seq_len:88
seq_name:5s_Rana-pipiens-1
seq_len:119
seq_name:tmRNA_Xant.oryz._AE013598_1-397
seq_len:397
seq_name:5s_Deinococcus-radiodurans-1
seq_len:122
seq_name:16s_E.coli_domain4
seq_len:145
seq_name:tRNA_tdbR00000124-Aedes_albopictus-7160-Gly-UCC
seq_len:70
seq_name:5s_Cryptococcus-laurentii-1
seq_len:118
seq_name:RNaseP_S.pyogenes
seq_len:409
seq_name:16s_C.psittaci_domain3
seq_len:483
seq_name:grp1_a.I1.e.L.dispersa.UNK.SSU.516
seq_len:328
seq_name:5s_Lactococcus-lactis-4
seq_len:116
seq_name:tmRNA_Yers.moll._TRW-349967_1-381
seq_len:381
seq_name:tmRNA_Trep.dent._AE017226_1-351
seq_len:351
seq_name:tRNA_tdbR00000595-Escherichia_coli-562-Leu-BAA
seq_len:85
seq_name:tmRNA_Cyan.para._U30821_1-291
seq_len:291
seq_name:RNaseP_S.pastorianus
seq_len:365
seq_name:tRNA_tdbR00000521-Bos_taurus-9913-Ini-CAU
seq_len:72
seq_name:5s_Scenedesmus-obliquus-1
seq_len:120
seq_name:5s_Fusobacterium-nucleatum-5
seq_len:116
seq_name:RNaseP_C.crescentus
seq_len:398
seq_name:5s_Asterias-vulgaris-1
seq_len:120
seq_name:tRNA_tdbR00000460-Aedes_albopictus-7160-Val-UAC
seq_len:75
seq_name:tmRNA_Dich.nodo._TRW-35819_1-352
seq_len:352
seq_name:tmRNA_Soli.usit._CP000473_1-352
seq_len:352
seq_name:tmRNA_uncu.bact._TRW-72274-1_1-359
seq_len:359
seq_name:telomerase_AF221937.99-545
seq_len:447
seq_name:grp1_a.I1.e.P.clavariiformis.C1.SSU.943
seq_len:448
seq_name:tmRNA_Croc.wats._TRW-165597_1-386
seq_len:386
seq_name:tmRNA_Fibr.succ._TRW-59374_1-361
seq_len:361
seq_name:5s_Thermomicrobium-roseum-1
seq_len:127
seq_name:tmRNA_Baci.G._TRW-12333_1-312
seq_len:312
seq_name:tRNA_tdbR00000381-Haloferax_volcanii-2246-Ser-GCU
seq_len:88
seq_name:grp1_a.I1.e.P.sarcinoidea.C1.SSU.943
seq_len:476
seq_name:tRNA_tdbR00000365-Aedes_albopictus-7160-Arg-UCG
seq_len:67
seq_name:23s_T.thermophilus_domain4
seq_len:339
seq_name:tRNA_tdbR00000334-Hordeum_vulgare-4513-Gln-UG
seq_len:75
seq_name:tmRNA_Acid.caps._TRW-240015_1-352
seq_len:352
seq_name:5s_Nanoarchaeum-equitans-1
seq_len:121
seq_name:grp1_a.I1.e.M.caldariorum.C1.SSU.1506
seq_len:439
seq_name:tmRNA_Thio.deni._CP000116_1-367
seq_len:367
seq_name:5s_Mycoplasma-flocculare-1
seq_len:107
seq_name:RNaseP_CPB70
seq_len:334
seq_name:RNaseP_H.trapanicum
seq_len:362
seq_name:5s_Natrinema-sp.-1
seq_len:126
seq_name:RNaseP_Y.pestis
seq_len:377
seq_name:5s_Nocardia-farcinica-1
seq_len:123
seq_name:16s_C.reinhardtii.chloro_domain2
seq_len:347
seq_name:tmRNA_Copr.prot._TRW-351627_1-353
seq_len:353
seq_name:grp1_a.I1.e.T.hyperangularis.C1.LSU.1925
seq_len:451
seq_name:16s_T.maritima_domain4
seq_len:151
seq_name:tRNA_tdbR00000243-Rattus_norvegicus-10116-Leu-UAG
seq_len:74
seq_name:5s_Clostridium-pasteurianum-1
seq_len:117
seq_name:RNaseP_M.vannielli
seq_len:234
seq_name:RNaseP_P.innocua
seq_len:272
seq_name:tmRNA_Bact.thet._AE015928_1-397
seq_len:397
seq_name:RNaseP_CPA61
seq_len:376
seq_name:5s_Diatoma-tenue-1
seq_len:118
seq_name:RNaseP_T.thermophilus
seq_len:392
seq_name:RNaseP_S.castellii
seq_len:354
seq_name:5s_Isosphaera-pallida-1
seq_len:111
seq_name:RNaseP_H.chlorum-partial
seq_len:120
seq_name:RNaseP_S.unisporus
seq_len:244
seq_name:tmRNA_Synt.acid._CP000252_1-356
seq_len:356
seq_name:RNaseP_S.kluyveri
seq_len:336
seq_name:5s_Symbiobacterium-thermophilum-3
seq_len:113
seq_name:16s_H.sapiens_domain3
seq_len:504
seq_name:RNaseP_P.marinus-2
seq_len:387
seq_name:RNaseP_C.psittaci-R54
seq_len:351
seq_name:tRNA_tdbR00000517-Neurospora_crassa-5141-Ini-CAU
seq_len:74
seq_name:5s_Euplotes-aediculatus-1
seq_len:121
seq_name:grp1_a.I1.e.P.pachydermus.C1.SSU.943
seq_len:392
seq_name:tmRNA_Baci.subt._Z99121_1-360
seq_len:360
seq_name:tRNA_tdbR00000217-Mycoplasma_capricolum-2095-Leu-AA
seq_len:89
seq_name:tmRNA_Chro.viol._AE016825_1-365
seq_len:365
seq_name:tmRNA_Stre.coll._AY485228_1-386
seq_len:386
seq_name:5s_Methanopyrus-kandleri-1
seq_len:131
seq_name:RNaseP_H.mobilis
seq_len:342
seq_name:tmRNA_Leuc.mese._AF375574_1-307
seq_len:307
seq_name:tmRNA_Rhod.balt._BX294141_1-380
seq_len:380
seq_name:tmRNA_Lept.inte._AE016823_1-350
seq_len:350
seq_name:23s_E.coli_domain3
seq_len:372
seq_name:5s_Coleochaete-scutata-1
seq_len:118
seq_name:5s_Planocera-reticulata-1
seq_len:120
seq_name:tmRNA_Para.symb._BX908798_1-405
seq_len:405
seq_name:5s_Candida-azyma-1
seq_len:120
seq_name:grp1_a.I1.e.S.paniceum.UNK.SSU.1052
seq_len:240
seq_name:16s_H.sapiens_domain4
seq_len:171
seq_name:5s_Paenibacillus-popilliae-1
seq_len:117
seq_name:5s_Methanothermobacter-thermautotrophicus-6
seq_len:128
seq_name:16s_Z.mays_domain3
seq_len:483
seq_name:5s_Myxococcus-coralloides-1
seq_len:117
seq_name:tmRNA_Baci.clau._AP006627_1-355
seq_len:355
seq_name:tRNA_tdbR00000331-Mycoplasma_capricolum-2095-Gln-UG
seq_len:75
current processing 501/792
seq_name:16s_T.gondii_domain4
seq_len:159
seq_name:5s_Pyrococcus-abyssi-1
seq_len:118
seq_name:RNaseP_T.volcanum
seq_len:305
seq_name:RNaseP_H.influenza
seq_len:377
seq_name:tRNA_tdbR00000577-Leishmania_tarentolae-5689-Glu-CUC
seq_len:72
seq_name:telomerase_AY058901.1-397
seq_len:397
seq_name:tmRNA_Grac.tenu._AY673996_1-396
seq_len:396
seq_name:RNaseP_T.littoralis
seq_len:331
seq_name:16s_H.sapiens.mito_domain4
seq_len:120
seq_name:16s_H.sapiens.mito_domain1
seq_len:282
seq_name:RNaseP_E.thermomarinus
seq_len:331
seq_name:16s_Z.mays_domain1
seq_len:506
seq_name:tmRNA_envi.sequ._TRW-2-2_1-356
seq_len:356
seq_name:tmRNA_Brev.line._TRW-321955_1-377
seq_len:377
seq_name:23s_H.pylori_domain4
seq_len:337
seq_name:5s_Clostridium-acetobutylicum-3
seq_len:117
seq_name:16s_G.intestinalis_domain4
seq_len:134
seq_name:tmRNA_envi.sequ._TRW-259292_1-355
seq_len:355
seq_name:tRNA_tdbR00000588-Aeropyrum_pernix-56636-Asp-GUC
seq_len:78
seq_name:tRNA_tdbR00000191-Mesocricetus_auratus-10036-Lys-NUU
seq_len:68
seq_name:RNaseP_Halobacterium-NRC1
seq_len:375
seq_name:tRNA_tdbR00000608-Lupinus_luteus-3873-Leu-UAA
seq_len:85
seq_name:RNaseP_L.ferrooxidans-MK
seq_len:327
seq_name:RNaseP_Dermocarpa-PCC7437
seq_len:359
seq_name:23s_S.aureus_domain3
seq_len:379
seq_name:5s_Thraustochytrium-visurgense-2
seq_len:119
seq_name:grp1_a.I1.e.D.salina.C1.SSU.943
seq_len:423
seq_name:tmRNA_Baci.lich._CP000002_1-356
seq_len:356
seq_name:tmRNA_Paen.larv._TRW-1464_1-367
seq_len:367
seq_name:tmRNA_Fuso.nucl._TRW-393480_1-344
seq_len:344
seq_name:RNaseP_SM-A1621
seq_len:348
seq_name:tRNA_tdbR00000174-Mus_musculus-10090-Ile-IAU
seq_len:77
seq_name:tRNA_tdbR00000132-Lupinus_luteus-3873-Gly-GCC
seq_len:74
seq_name:grp1_a.I1.e.P.carinii.Pc1.C1.LSU.1921
seq_len:375
seq_name:tRNA_tdbR00000590-Ascaris_suum-6253-Glu-UC
seq_len:62
seq_name:5s_Toxoplasma-gondii-2
seq_len:123
seq_name:RNaseP_PS24
seq_len:395
seq_name:16s_A.fulgidus_domain2
seq_len:359
seq_name:grp1_b.I1.e.C.saccharophila.C1.SSU.156
seq_len:454
seq_name:5s_Oceanobacillus-iheyensis-4
seq_len:116
seq_name:grp1_a.I1.b.S.hofmanii.C3.tMET
seq_len:251
seq_name:5s_Fusarium-pseudograminearum-3
seq_len:119
seq_name:5s_Chlamydomonas-reinhardtii-2
seq_len:121
seq_name:tRNA_tdbR00000467-Pichia_jadinii-4903-Val-IAC
seq_len:77
seq_name:tmRNA_Noca.farc._AP006618_1-368
seq_len:368
seq_name:grp1_a.I1.e.C.grayi.UNK.SSU.1516
seq_len:308
seq_name:16s_A.fulgidus_domain3
seq_len:488
seq_name:RNaseP_C.tepidum-g
seq_len:381
seq_name:RNaseP_LGB21
seq_len:350
seq_name:tRNA_tdbR00000078-Ascaris_suum-6253-Phe-GAA
seq_len:62
seq_name:RNaseP_T.delbrueckii
seq_len:295
seq_name:5s_Onchocerca-volvulus-1
seq_len:121
seq_name:tmRNA_Heli.must._DQ250625_1-366
seq_len:366
seq_name:5s_Brucella-suis-1
seq_len:125
seq_name:tmRNA_Syne.spec._AB003477_1-394
seq_len:394
seq_name:5s_Mycoplasma-sp.-2
seq_len:107
seq_name:grp1_a.I1.e.P.carinii.C1.SSU.1506
seq_len:442
seq_name:5s_Tuberoidobacter-mutans-1
seq_len:116
seq_name:16s_G.intestinalis_domain1
seq_len:485
seq_name:RNaseP_S.faciem
seq_len:331
seq_name:tmRNA_Sali.rube._CP000159_1-369
seq_len:369
seq_name:tRNA_tdbR00000581-Aeropyrum_pernix-56636-Lys-CUU
seq_len:85
seq_name:telomerase_AF221918.97-547
seq_len:451
seq_name:RNaseP_Synechococcus-PCC7942
seq_len:312
seq_name:5s_Streptomyces-coelicolor-5
seq_len:117
seq_name:5s_Uthatobasidium-fusisporum-1
seq_len:118
seq_name:RNaseP_N.europaea
seq_len:285
seq_name:tRNA_tdbR00000046-Escherichia_coli-562-Glu-SUC
seq_len:76
seq_name:tRNA_tdbR00000556-Schizosaccharomyces_pombe-4896-Tyr-GPA
seq_len:77
seq_name:tmRNA_Tann.fors._TRW-203275_1-400
seq_len:400
seq_name:5s_Rhodobacter-capsulatus-3
seq_len:117
seq_name:grp1_a.I1.e.E.dermatitidis.C1.SSU.943
seq_len:426
seq_name:tmRNA_Colw.psyc._CP000083_1-350
seq_len:350
seq_name:tRNA_tdbR00000387-Bacillus_subtilis-1423-Ser-5GA
seq_len:92
seq_name:16s_P.occultum_domain2
seq_len:358
seq_name:tRNA_tdbR00000121-Salmonella_typhimurium-602-Gly-NCC
seq_len:75
seq_name:5s_Frankia-sp.-1
seq_len:121
seq_name:tRNA_tdbR00000049-Chlamydomonas_reinhardtii-3055-Glu-NUC
seq_len:76
seq_name:tRNA_tdbR00000336-Aedes_albopictus-7160-Gln-NUG
seq_len:72
seq_name:RNaseP_S.aureus
seq_len:349
seq_name:23s_H.pylori_domain6
seq_len:242
seq_name:tmRNA_Cald.sacc._TRW-351627_1-368
seq_len:368
seq_name:tmRNA_Emil.huxl._TRW-280463_1-291
seq_len:291
seq_name:tmRNA_Urea.parv._AE002154_1-413
seq_len:413
seq_name:tmRNA_Myco.pulm._AL445565_1-387
seq_len:387
seq_name:telomerase_AF221916.94-481
seq_len:388
seq_name:RNaseP_C.jejuni
seq_len:318
seq_name:5s_Genistelloides-hibernus-1
seq_len:122
seq_name:telomerase_AF221908.136-584
seq_len:449
seq_name:tRNA_tdbR00000573-Leishmania_tarentolae-5689-Gln-3UG
seq_len:72
seq_name:grp1_a.I1.m.M.grisea.B2.ND1
seq_len:285
seq_name:telomerase_AF221928.95-476
seq_len:382
seq_name:RNaseP_LGB23
seq_len:347
seq_name:tmRNA_Myco.pene._BA000026_1-405
seq_len:405
seq_name:tmRNA_Acid.ferr._TRW-243159_1-364
seq_len:364
seq_name:5s_Pneumocystis-carinii-1
seq_len:120
seq_name:5s_Gracilaria-compressa-2
seq_len:121
seq_name:5s_Bacillus-amyloliquefaciens-1
seq_len:117
seq_name:tRNA_tdbR00000547-Geobacillus_stearothermophilus-1422-Tyr-QUA
seq_len:85
seq_name:tmRNA_envi.sequ._TRW-300695-2_1-345
seq_len:345
current processing 601/792
seq_name:grp1_a.I1.e.P.macrosporus.C1.SSU.1506
seq_len:433
seq_name:5s_Hyphomonas-oligotropha-1
seq_len:119
seq_name:grp1_b.I1.e.M.anisopliae.2.C1.LSU.1921
seq_len:456
seq_name:RNaseP_vHge2
seq_len:311
seq_name:RNaseP_C.acetobutylicum
seq_len:345
seq_name:grp1_a.I1.e.A.stipitatus.C1.SSU.1046
seq_len:408
seq_name:RNaseP_C.pneumoniae-CWL029
seq_len:406
seq_name:RNaseP_G.sulfurreducens
seq_len:367
seq_name:tmRNA_Lept.spec._TRW-261386_1-359
seq_len:359
seq_name:23s_E.coli_domain6
seq_len:262
seq_name:tRNA_tdbR00000169-Homo_sapiens-9606-Ile-GAU
seq_len:72
seq_name:5s_Dehalococcoides-ethenogenes-1
seq_len:123
seq_name:tmRNA_Prop.acne._TRW-1747-1_1-371
seq_len:371
seq_name:tRNA_tdbR00000438-Escherichia_coli-562-Thr-GGU
seq_len:75
seq_name:telomerase_AF221927.113-556
seq_len:444
seq_name:5s_Methanobrevibacter-ruminantium-1
seq_len:130
seq_name:RNaseP_U.urealyticum
seq_len:370
seq_name:grp1_a.I1.c.G.prostrata.C3.tLEU
seq_len:336
seq_name:5s_Chlamydomonas-reinhardtii-1
seq_len:122
seq_name:RNaseP_T.roseum
seq_len:350
seq_name:tmRNA_Camp.fetu._AY211269_1-361
seq_len:361
seq_name:tmRNA_Myco.hyop._TRW-295358_1-424
seq_len:424
seq_name:5s_Caulobacter-sp.-4
seq_len:119
seq_name:RNaseP_D.radiodurans
seq_len:486
seq_name:RNaseP_Synechocystis-PCC6803
seq_len:437
seq_name:tmRNA_uncu.bact._TRW-32033-1_1-354
seq_len:354
seq_name:5s_Buchnera-aphidicola-1
seq_len:115
seq_name:tRNA_tdbR00000364-Ascaris_suum-6253-Arg-ACG
seq_len:57
seq_name:RNaseP_S.acidocaldarius
seq_len:315
seq_name:5s_Lactococcus-lactis-2
seq_len:116
seq_name:RNaseP_D.radiodurans-g
seq_len:447
seq_name:tmRNA_Gemm.obsc._TRW-214688_1-412
seq_len:412
seq_name:5s_Geodermatophilus-obscurus-1
seq_len:120
seq_name:16s_G.intestinalis_domain2
seq_len:392
seq_name:RNaseP_R.rubrum
seq_len:429
seq_name:RNaseP_S.versatilis
seq_len:286
seq_name:tmRNA_Bord.pert._TRW-257313_1-387
seq_len:387
seq_name:telomerase_AF221921.98-548
seq_len:451
seq_name:RNaseP_H.volcanii
seq_len:433
seq_name:16s_C.elegans_domain1
seq_len:173
seq_name:tmRNA_Sacc.degr._CP000282_1-389
seq_len:389
seq_name:RNaseP_P.cultripes
seq_len:311
seq_name:RNaseP_R.prowazekii
seq_len:385
seq_name:RNaseP_SMB-A5
seq_len:293
seq_name:telomerase_AF221909.98-496
seq_len:399
seq_name:5s_Weissella-viridescens-2
seq_len:117
seq_name:5s_Emericella-nidulans-4
seq_len:119
seq_name:RNaseP_B.burgdorferi-g
seq_len:352
seq_name:tRNA_tdbR00000385-Mycoplasma_capricolum-2095-Ser-UGA
seq_len:92
seq_name:5s_Distigma-proteus-1
seq_len:118
seq_name:16s_D.melanogaster_domain4
seq_len:169
seq_name:tRNA_tdbR00000413-Candida_cylindracea-44322-Ser-GCU
seq_len:86
seq_name:5s_Xylella-fastidiosa-2
seq_len:118
seq_name:16s_P.staleyi_domain2
seq_len:353
seq_name:tRNA_tdbR00000516-Spinacia_oleracea-3562-Ini-CAU
seq_len:77
seq_name:5s_Emericella-nidulans-5
seq_len:119
seq_name:5s_Flectobacillus-major-1
seq_len:114
seq_name:grp1_b.I1.e.M.anisopliae.3.C1.LSU.1921
seq_len:394
seq_name:tRNA_tdbR00000210-Enterobacteria_phage_T5-10726-Leu-UAG
seq_len:85
seq_name:5s_Vibrio-nereis-1
seq_len:121
seq_name:tRNA_tdbR00000366-Rattus_norvegicus-10116-Arg-UCG
seq_len:72
seq_name:tmRNA_Cory.diph._BX248356_1-385
seq_len:385
seq_name:tmRNA_Wigg.glos._BA000021_1-365
seq_len:365
seq_name:RNaseP_Nocardiodes-ATCC39419
seq_len:310
seq_name:RNaseP_LGA2
seq_len:312
seq_name:RNaseP_C.diphtheriae
seq_len:425
seq_name:grp1_a.I1.e.S.paniceum.UNK.SSU.1506
seq_len:259
seq_name:tRNA_tdbR00000555-Saccharomyces_cerevisiae-4932-Tyr-GPA
seq_len:78
seq_name:telomerase_AF221913.109-520
seq_len:412
seq_name:tRNA_tdbR00000522-Bos_taurus-9913-Ini-AU
seq_len:72
seq_name:tmRNA_Idio.loih._AE017340_1-359
seq_len:359
seq_name:RNaseP_A.nidulans
seq_len:385
seq_name:RNaseP_M.capricolum
seq_len:356
seq_name:tmRNA_Myxo.xant._TRW-34_1-366
seq_len:366
seq_name:grp1_a.I1.e.B.ciliata.JCM6865.C1.SSU.1506
seq_len:357
seq_name:16s_E.coli_domain3
seq_len:484
seq_name:tRNA_tdbR00000623-Escherichia_coli-562-Pro-CGG
seq_len:77
seq_name:tRNA_tdbR00000615-Nanoarchaeum_equitans-160232-Trp-CCA
seq_len:77
seq_name:tmRNA_Rumi.albu._TRW-246199_1-354
seq_len:354
seq_name:RNaseP_N.gregoryi
seq_len:474
seq_name:16s_C.elegans_domain3
seq_len:290
seq_name:16s_S.cerevisiae_domain4
seq_len:164
seq_name:RNaseP_B.brevis
seq_len:411
seq_name:RNaseP_A.telluris
seq_len:364
seq_name:5s_Erythromicrobium-ezovicum-1
seq_len:120
seq_name:tRNA_tdbR00000194-Triticum_aestivum-4565-Lys-CUU
seq_len:76
seq_name:16s_H.volcanii_domain2
seq_len:359
seq_name:RNaseP_PS8
seq_len:304
seq_name:telomerase_AF221910.112-554
seq_len:443
seq_name:5s_Chlorella-pyrenoidosa-1
seq_len:119
seq_name:tRNA_tdbR00000505-Mycoplasma_mycoides-2102-Ini-CAU
seq_len:76
seq_name:tRNA_tdbR00000367-Bos_taurus-9913-Arg-UCG
seq_len:72
seq_name:RNaseP_CPA56
seq_len:334
seq_name:RNaseP_Pseudoanabaena-PCC6903
seq_len:450
seq_name:telomerase_AF221936.98-540
seq_len:443
seq_name:tRNA_tdbR00000318-Salmonella_typhimurium-602-Pro-GGG
seq_len:77
seq_name:tRNA_tdbR00000621-Nicotiana_rustica-4093-Cys-GCA
seq_len:75
seq_name:RNaseP_Z.rouxii
seq_len:295
seq_name:5s_Pichia-membranifaciens-1
seq_len:120
seq_name:5s_Methanosarcina-mazei-2
seq_len:129
current processing 701/792
seq_name:tRNA_tdbR00000459-Neurospora_crassa-5141-Val-UAC
seq_len:76
seq_name:RNaseP_Synechococcus-PCC6717
seq_len:315
seq_name:grp1_a.I1.e.C.merochlorophea.UNK.SSU.1210
seq_len:267
seq_name:tRNA_tdbR00000622-Nicotiana_rustica-4093-Cys-GCA
seq_len:75
seq_name:tmRNA_Meso.viri._AF166114_1-359
seq_len:359
seq_name:tmRNA_Myco.gall._AE015450_1-408
seq_len:408
seq_name:5s_Halococcus-morrhuae-2
seq_len:125
seq_name:tRNA_tdbR00000409-Candida_cylindracea-44322-Ser-CAG
seq_len:84
seq_name:5s_Methanospirillum-hungatei-1
seq_len:126
seq_name:RNaseP_Buchnera-APS
seq_len:376
seq_name:16s_B.burgdorferi_domain3
seq_len:485
seq_name:grp1_a.I1.e.P.carinii.Pc2.C1.LSU.1921
seq_len:355
seq_name:5s_Candidatus-Tremblaya-princeps-6
seq_len:117
seq_name:tRNA_tdbR00000389-Bacillus_subtilis-1423-Ser-GGA
seq_len:92
seq_name:grp1_a.I1.c.A.cherimola.C3.tLEU
seq_len:494
seq_name:16s_P.occultum_domain3
seq_len:485
seq_name:tmRNA_Bdel.bact._BX842656_1-346
seq_len:346
seq_name:telomerase_AF221925.98-540
seq_len:443
seq_name:5s_Finegoldia-magna-2
seq_len:117
seq_name:tRNA_tdbR00000379-Enterobacteria_phage_T4-10665-Ser-NGA
seq_len:90
seq_name:5s_Roseococcus-thiosulfatophilus-1
seq_len:119
seq_name:tmRNA_envi.sequ._TRW-356-1_1-289
seq_len:289
seq_name:5s_Candidatus-Phytoplasma-asteris-1
seq_len:109
seq_name:tmRNA_Acin.spec._CR543861_1-360
seq_len:360
seq_name:5s_Bacteroides-fragilis-5
seq_len:103
seq_name:grp1_a.I1.c.S.bicolor.C3.tLEU
seq_len:510
seq_name:tRNA_tdbR00000032-Rattus_norvegicus-10116-Asp-GUC
seq_len:72
seq_name:tmRNA_Ther.teng._AE013063_1-351
seq_len:351
seq_name:RNaseP_LGW46
seq_len:384
seq_name:grp1_a.I1.e.Staurastrum.sp.M753.C1.SSU.1506
seq_len:415
seq_name:5s_Methanosarcina-barkeri-1
seq_len:130
seq_name:5s_Xenopus-borealis-3
seq_len:120
seq_name:RNaseP_M.hyopneumoniae
seq_len:416
seq_name:5s_Verrucomicrobium-spinosum-1
seq_len:116
seq_name:telomerase_AF221939.99-544
seq_len:446
seq_name:5s_Caenorhabditis-elegans-3
seq_len:120
seq_name:tRNA_tdbR00000029-Asterias_amurensis-7602-Asp-QUC
seq_len:73
seq_name:5s_Thermotoga-sp.-3
seq_len:124
seq_name:16s_B.burgdorferi_domain2
seq_len:349
seq_name:tmRNA_Pedi.pent._CP000422_1-369
seq_len:369
seq_name:5s_Tremella-mesenterica-1
seq_len:118
seq_name:16s_T.maritima_domain2
seq_len:442
seq_name:tRNA_tdbR00000350-Haloferax_volcanii-2246-Arg-GCG
seq_len:76
seq_name:RNaseP_B.thetaiotaomicron
seq_len:361
seq_name:tRNA_tdbR00000352-Mycoplasma_capricolum-2095-Arg-ICG
seq_len:77
seq_name:RNaseP_S.negevensis
seq_len:249
seq_name:RNaseP_SMB-B3
seq_len:287
seq_name:5s_Rhodopirellula-baltica-1
seq_len:110
seq_name:16s_F.ananassa_domain4
seq_len:172
seq_name:tmRNA_Haem.ducr._AE017143_1-367
seq_len:367
seq_name:grp1_a.I1.e.T.cosmopolitanis.C1.LSU.1925
seq_len:451
seq_name:tmRNA_Myco.myco._BX842642_1-411
seq_len:411
seq_name:tmRNA_Trop.whip._BX251411_1-369
seq_len:369
seq_name:16s_Z.mays_domain4
seq_len:146
seq_name:RNaseP_PS2
seq_len:323
seq_name:tRNA_tdbR00000617-Nanoarchaeum_equitans-160232-Gln-UUG
seq_len:76
seq_name:tRNA_tdbR00000583-Aeropyrum_pernix-56636-Cys-GCA
seq_len:78
seq_name:16s_F.ananassa_domain3
seq_len:493
seq_name:telomerase_AF221923.106-554
seq_len:449
seq_name:tmRNA_Prev.rumi._TRW-264731_1-401
seq_len:401
seq_name:5s_Caulobacter-sp.-1
seq_len:119
seq_name:telomerase_AF221926.103-507
seq_len:405
seq_name:5s_Chlamydia-trachomatis-1
seq_len:117
seq_name:tRNA_tdbR00000619-Toxoplasma_gondii-5811-Met-CAU
seq_len:73
seq_name:grp1_a.I1.e.S.paniceum.UNK.SSU.1210
seq_len:260
seq_name:tmRNA_Alka.meta._TRW-293826_1-355
seq_len:355
seq_name:tmRNA_Neph.oliv._AF137379-2_1-327
seq_len:327
seq_name:RNaseP_P.guilliermondii
seq_len:189
seq_name:RNaseP_S.lividans
seq_len:405
seq_name:RNaseP_SM-A06
seq_len:343
seq_name:telomerase_U85256.1-451
seq_len:451
seq_name:5s_Tilletiaria-anomala-1
seq_len:118
seq_name:RNaseP_SMB-B2
seq_len:334
seq_name:tmRNA_Ther.fusc._CP000088_1-372
seq_len:372
seq_name:5s_Methanothermococcus-thermolithotrophicus-1
seq_len:120
seq_name:tmRNA_Moor.ther._CP000232_1-358
seq_len:358
seq_name:tmRNA_Pseu.atla._CP000388_1-357
seq_len:357
seq_name:grp1_a.I1.e.C.ellipsoidea.211-1a.C1.SSU.1506
seq_len:479
seq_name:tRNA_tdbR00000542-Mycoplasma_capricolum-2095-Tyr-GUA
seq_len:84
seq_name:tmRNA_Geob.meta._CP000148_1-356
seq_len:356
seq_name:RNaseP_K.polysporus
seq_len:265
seq_name:16s_H.volcanii_domain4
seq_len:128
seq_name:grp1_a.I1.e.A.capsulatus.FLs1.C1.SSU
seq_len:428
seq_name:tRNA_tdbR00000189-Rattus_norvegicus-10116-Lys-NUU
seq_len:67
seq_name:5s_Mycoplasma-genitalium-1
seq_len:104
seq_name:tRNA_tdbR00000493-Bos_taurus-9913-Trp-NCA
seq_len:70
seq_name:tmRNA_Stre.ther._CP000419_1-350
seq_len:350
seq_name:tmRNA_Jako.libe._TRW-143017_1-102
seq_len:102
seq_name:tRNA_tdbR00000414-Lupinus_luteus-3873-Ser-CGA
seq_len:86
seq_name:5s_Borrelia-burgdorferi-1
seq_len:112
seq_name:RNaseP_A.pernix
seq_len:330
All_file_list:792
Save RNA test data to data/test.pick
use gpu: True
Loading file:  data/test.pick
Loading dataset Done!!!
train.len=792
FCDenseNet(
  (features): Sequential(
    (0): BasicConv2d(
      (conv): Conv2d(146, 64, kernel_size=(3, 3), stride=(1, 1), padding=(1, 1), bias=False)
      (bn): BatchNorm2d(64, eps=1e-05, momentum=0.1, affine=True, track_running_stats=True)
      (relu): ReLU(inplace=True)
    )
    (1): BasicConv2d(
      (conv): Conv2d(64, 32, kernel_size=(3, 3), stride=(1, 1), padding=(1, 1), bias=False)
      (bn): BatchNorm2d(32, eps=1e-05, momentum=0.1, affine=True, track_running_stats=True)
      (relu): ReLU(inplace=True)
    )
    (2): BasicConv2d(
      (conv): Conv2d(32, 16, kernel_size=(3, 3), stride=(1, 1), padding=(1, 1), bias=False)
      (bn): BatchNorm2d(16, eps=1e-05, momentum=0.1, affine=True, track_running_stats=True)
      (relu): ReLU(inplace=True)
    )
  )
  (down_dense): Module(
    (block_0): DenseBlock(16, 4*4+16=32)(
      (layer_0): DenseLayer(16, 4)(
        (norm): BatchNorm2d(16, eps=1e-05, momentum=0.1, affine=True, track_running_stats=True)
        (relu): ReLU(inplace=True)
        (conv): Conv2d(16, 4, kernel_size=(3, 3), stride=(1, 1), padding=(1, 1), bias=False)
      )
      (layer_1): DenseLayer(20, 4)(
        (norm): BatchNorm2d(20, eps=1e-05, momentum=0.1, affine=True, track_running_stats=True)
        (relu): ReLU(inplace=True)
        (conv): Conv2d(20, 4, kernel_size=(3, 3), stride=(1, 1), padding=(1, 1), bias=False)
      )
      (layer_2): DenseLayer(24, 4)(
        (norm): BatchNorm2d(24, eps=1e-05, momentum=0.1, affine=True, track_running_stats=True)
        (relu): ReLU(inplace=True)
        (conv): Conv2d(24, 4, kernel_size=(3, 3), stride=(1, 1), padding=(1, 1), bias=False)
      )
      (layer_3): DenseLayer(28, 4)(
        (norm): BatchNorm2d(28, eps=1e-05, momentum=0.1, affine=True, track_running_stats=True)
        (relu): ReLU(inplace=True)
        (conv): Conv2d(28, 4, kernel_size=(3, 3), stride=(1, 1), padding=(1, 1), bias=False)
      )
    )
    (block_1): DenseBlock(32, 4*8+32=64)(
      (layer_0): DenseLayer(32, 8)(
        (norm): BatchNorm2d(32, eps=1e-05, momentum=0.1, affine=True, track_running_stats=True)
        (relu): ReLU(inplace=True)
        (conv): Conv2d(32, 8, kernel_size=(3, 3), stride=(1, 1), padding=(1, 1), bias=False)
      )
      (layer_1): DenseLayer(40, 8)(
        (norm): BatchNorm2d(40, eps=1e-05, momentum=0.1, affine=True, track_running_stats=True)
        (relu): ReLU(inplace=True)
        (conv): Conv2d(40, 8, kernel_size=(3, 3), stride=(1, 1), padding=(1, 1), bias=False)
      )
      (layer_2): DenseLayer(48, 8)(
        (norm): BatchNorm2d(48, eps=1e-05, momentum=0.1, affine=True, track_running_stats=True)
        (relu): ReLU(inplace=True)
        (conv): Conv2d(48, 8, kernel_size=(3, 3), stride=(1, 1), padding=(1, 1), bias=False)
      )
      (layer_3): DenseLayer(56, 8)(
        (norm): BatchNorm2d(56, eps=1e-05, momentum=0.1, affine=True, track_running_stats=True)
        (relu): ReLU(inplace=True)
        (conv): Conv2d(56, 8, kernel_size=(3, 3), stride=(1, 1), padding=(1, 1), bias=False)
      )
    )
    (block_2): DenseBlock(64, 4*16+64=128)(
      (layer_0): DenseLayer(64, 16)(
        (norm): BatchNorm2d(64, eps=1e-05, momentum=0.1, affine=True, track_running_stats=True)
        (relu): ReLU(inplace=True)
        (conv): Conv2d(64, 16, kernel_size=(3, 3), stride=(1, 1), padding=(1, 1), bias=False)
      )
      (layer_1): DenseLayer(80, 16)(
        (norm): BatchNorm2d(80, eps=1e-05, momentum=0.1, affine=True, track_running_stats=True)
        (relu): ReLU(inplace=True)
        (conv): Conv2d(80, 16, kernel_size=(3, 3), stride=(1, 1), padding=(1, 1), bias=False)
      )
      (layer_2): DenseLayer(96, 16)(
        (norm): BatchNorm2d(96, eps=1e-05, momentum=0.1, affine=True, track_running_stats=True)
        (relu): ReLU(inplace=True)
        (conv): Conv2d(96, 16, kernel_size=(3, 3), stride=(1, 1), padding=(1, 1), bias=False)
      )
      (layer_3): DenseLayer(112, 16)(
        (norm): BatchNorm2d(112, eps=1e-05, momentum=0.1, affine=True, track_running_stats=True)
        (relu): ReLU(inplace=True)
        (conv): Conv2d(112, 16, kernel_size=(3, 3), stride=(1, 1), padding=(1, 1), bias=False)
      )
    )
    (block_3): DenseBlock(128, 4*32+128=256)(
      (layer_0): DenseLayer(128, 32)(
        (norm): BatchNorm2d(128, eps=1e-05, momentum=0.1, affine=True, track_running_stats=True)
        (relu): ReLU(inplace=True)
        (conv): Conv2d(128, 32, kernel_size=(3, 3), stride=(1, 1), padding=(1, 1), bias=False)
      )
      (layer_1): DenseLayer(160, 32)(
        (norm): BatchNorm2d(160, eps=1e-05, momentum=0.1, affine=True, track_running_stats=True)
        (relu): ReLU(inplace=True)
        (conv): Conv2d(160, 32, kernel_size=(3, 3), stride=(1, 1), padding=(1, 1), bias=False)
      )
      (layer_2): DenseLayer(192, 32)(
        (norm): BatchNorm2d(192, eps=1e-05, momentum=0.1, affine=True, track_running_stats=True)
        (relu): ReLU(inplace=True)
        (conv): Conv2d(192, 32, kernel_size=(3, 3), stride=(1, 1), padding=(1, 1), bias=False)
      )
      (layer_3): DenseLayer(224, 32)(
        (norm): BatchNorm2d(224, eps=1e-05, momentum=0.1, affine=True, track_running_stats=True)
        (relu): ReLU(inplace=True)
        (conv): Conv2d(224, 32, kernel_size=(3, 3), stride=(1, 1), padding=(1, 1), bias=False)
      )
    )
  )
  (down_trans): Module(
    (trans_0): TransitionDown(32, 32, dropout=0)(
      (norm): BatchNorm2d(32, eps=1e-05, momentum=0.1, affine=True, track_running_stats=True)
      (relu): ReLU(inplace=True)
      (conv): Conv2d(32, 32, kernel_size=(1, 1), stride=(1, 1), bias=False)
      (pool): MaxPool2d(kernel_size=2, stride=2, padding=0, dilation=1, ceil_mode=False)
    )
    (trans_1): TransitionDown(64, 64, dropout=0)(
      (norm): BatchNorm2d(64, eps=1e-05, momentum=0.1, affine=True, track_running_stats=True)
      (relu): ReLU(inplace=True)
      (conv): Conv2d(64, 64, kernel_size=(1, 1), stride=(1, 1), bias=False)
      (pool): MaxPool2d(kernel_size=2, stride=2, padding=0, dilation=1, ceil_mode=False)
    )
    (trans_2): TransitionDown(128, 128, dropout=0)(
      (norm): BatchNorm2d(128, eps=1e-05, momentum=0.1, affine=True, track_running_stats=True)
      (relu): ReLU(inplace=True)
      (conv): Conv2d(128, 128, kernel_size=(1, 1), stride=(1, 1), bias=False)
      (pool): MaxPool2d(kernel_size=2, stride=2, padding=0, dilation=1, ceil_mode=False)
    )
    (trans_3): TransitionDown(256, 256, dropout=0)(
      (norm): BatchNorm2d(256, eps=1e-05, momentum=0.1, affine=True, track_running_stats=True)
      (relu): ReLU(inplace=True)
      (conv): Conv2d(256, 256, kernel_size=(1, 1), stride=(1, 1), bias=False)
      (pool): MaxPool2d(kernel_size=2, stride=2, padding=0, dilation=1, ceil_mode=False)
    )
  )
  (middle): DenseBlock(256, 8*32+256=512)(
    (layer_0): DenseLayer(256, 32)(
      (norm): BatchNorm2d(256, eps=1e-05, momentum=0.1, affine=True, track_running_stats=True)
      (relu): ReLU(inplace=True)
      (conv): Conv2d(256, 32, kernel_size=(3, 3), stride=(1, 1), padding=(1, 1), bias=False)
    )
    (layer_1): DenseLayer(288, 32)(
      (norm): BatchNorm2d(288, eps=1e-05, momentum=0.1, affine=True, track_running_stats=True)
      (relu): ReLU(inplace=True)
      (conv): Conv2d(288, 32, kernel_size=(3, 3), stride=(1, 1), padding=(1, 1), bias=False)
    )
    (layer_2): DenseLayer(320, 32)(
      (norm): BatchNorm2d(320, eps=1e-05, momentum=0.1, affine=True, track_running_stats=True)
      (relu): ReLU(inplace=True)
      (conv): Conv2d(320, 32, kernel_size=(3, 3), stride=(1, 1), padding=(1, 1), bias=False)
    )
    (layer_3): DenseLayer(352, 32)(
      (norm): BatchNorm2d(352, eps=1e-05, momentum=0.1, affine=True, track_running_stats=True)
      (relu): ReLU(inplace=True)
      (conv): Conv2d(352, 32, kernel_size=(3, 3), stride=(1, 1), padding=(1, 1), bias=False)
    )
    (layer_4): DenseLayer(384, 32)(
      (norm): BatchNorm2d(384, eps=1e-05, momentum=0.1, affine=True, track_running_stats=True)
      (relu): ReLU(inplace=True)
      (conv): Conv2d(384, 32, kernel_size=(3, 3), stride=(1, 1), padding=(1, 1), bias=False)
    )
    (layer_5): DenseLayer(416, 32)(
      (norm): BatchNorm2d(416, eps=1e-05, momentum=0.1, affine=True, track_running_stats=True)
      (relu): ReLU(inplace=True)
      (conv): Conv2d(416, 32, kernel_size=(3, 3), stride=(1, 1), padding=(1, 1), bias=False)
    )
    (layer_6): DenseLayer(448, 32)(
      (norm): BatchNorm2d(448, eps=1e-05, momentum=0.1, affine=True, track_running_stats=True)
      (relu): ReLU(inplace=True)
      (conv): Conv2d(448, 32, kernel_size=(3, 3), stride=(1, 1), padding=(1, 1), bias=False)
    )
    (layer_7): DenseLayer(480, 32)(
      (norm): BatchNorm2d(480, eps=1e-05, momentum=0.1, affine=True, track_running_stats=True)
      (relu): ReLU(inplace=True)
      (conv): Conv2d(480, 32, kernel_size=(3, 3), stride=(1, 1), padding=(1, 1), bias=False)
    )
  )
  (up_dense): Module(
    (block_0): DenseBlock(256, 4*64=256)(
      (layer_0): DenseLayer(256, 64)(
        (norm): BatchNorm2d(256, eps=1e-05, momentum=0.1, affine=True, track_running_stats=True)
        (relu): ReLU(inplace=True)
        (conv): Conv2d(256, 64, kernel_size=(3, 3), stride=(1, 1), padding=(1, 1), bias=False)
      )
      (layer_1): DenseLayer(320, 64)(
        (norm): BatchNorm2d(320, eps=1e-05, momentum=0.1, affine=True, track_running_stats=True)
        (relu): ReLU(inplace=True)
        (conv): Conv2d(320, 64, kernel_size=(3, 3), stride=(1, 1), padding=(1, 1), bias=False)
      )
      (layer_2): DenseLayer(384, 64)(
        (norm): BatchNorm2d(384, eps=1e-05, momentum=0.1, affine=True, track_running_stats=True)
        (relu): ReLU(inplace=True)
        (conv): Conv2d(384, 64, kernel_size=(3, 3), stride=(1, 1), padding=(1, 1), bias=False)
      )
      (layer_3): DenseLayer(448, 64)(
        (norm): BatchNorm2d(448, eps=1e-05, momentum=0.1, affine=True, track_running_stats=True)
        (relu): ReLU(inplace=True)
        (conv): Conv2d(448, 64, kernel_size=(3, 3), stride=(1, 1), padding=(1, 1), bias=False)
      )
    )
    (block_1): DenseBlock(128, 4*32=128)(
      (layer_0): DenseLayer(128, 32)(
        (norm): BatchNorm2d(128, eps=1e-05, momentum=0.1, affine=True, track_running_stats=True)
        (relu): ReLU(inplace=True)
        (conv): Conv2d(128, 32, kernel_size=(3, 3), stride=(1, 1), padding=(1, 1), bias=False)
      )
      (layer_1): DenseLayer(160, 32)(
        (norm): BatchNorm2d(160, eps=1e-05, momentum=0.1, affine=True, track_running_stats=True)
        (relu): ReLU(inplace=True)
        (conv): Conv2d(160, 32, kernel_size=(3, 3), stride=(1, 1), padding=(1, 1), bias=False)
      )
      (layer_2): DenseLayer(192, 32)(
        (norm): BatchNorm2d(192, eps=1e-05, momentum=0.1, affine=True, track_running_stats=True)
        (relu): ReLU(inplace=True)
        (conv): Conv2d(192, 32, kernel_size=(3, 3), stride=(1, 1), padding=(1, 1), bias=False)
      )
      (layer_3): DenseLayer(224, 32)(
        (norm): BatchNorm2d(224, eps=1e-05, momentum=0.1, affine=True, track_running_stats=True)
        (relu): ReLU(inplace=True)
        (conv): Conv2d(224, 32, kernel_size=(3, 3), stride=(1, 1), padding=(1, 1), bias=False)
      )
    )
    (block_2): DenseBlock(64, 4*16=64)(
      (layer_0): DenseLayer(64, 16)(
        (norm): BatchNorm2d(64, eps=1e-05, momentum=0.1, affine=True, track_running_stats=True)
        (relu): ReLU(inplace=True)
        (conv): Conv2d(64, 16, kernel_size=(3, 3), stride=(1, 1), padding=(1, 1), bias=False)
      )
      (layer_1): DenseLayer(80, 16)(
        (norm): BatchNorm2d(80, eps=1e-05, momentum=0.1, affine=True, track_running_stats=True)
        (relu): ReLU(inplace=True)
        (conv): Conv2d(80, 16, kernel_size=(3, 3), stride=(1, 1), padding=(1, 1), bias=False)
      )
      (layer_2): DenseLayer(96, 16)(
        (norm): BatchNorm2d(96, eps=1e-05, momentum=0.1, affine=True, track_running_stats=True)
        (relu): ReLU(inplace=True)
        (conv): Conv2d(96, 16, kernel_size=(3, 3), stride=(1, 1), padding=(1, 1), bias=False)
      )
      (layer_3): DenseLayer(112, 16)(
        (norm): BatchNorm2d(112, eps=1e-05, momentum=0.1, affine=True, track_running_stats=True)
        (relu): ReLU(inplace=True)
        (conv): Conv2d(112, 16, kernel_size=(3, 3), stride=(1, 1), padding=(1, 1), bias=False)
      )
    )
    (block_3): DenseBlock(32, 4*8=32)(
      (layer_0): DenseLayer(32, 8)(
        (norm): BatchNorm2d(32, eps=1e-05, momentum=0.1, affine=True, track_running_stats=True)
        (relu): ReLU(inplace=True)
        (conv): Conv2d(32, 8, kernel_size=(3, 3), stride=(1, 1), padding=(1, 1), bias=False)
      )
      (layer_1): DenseLayer(40, 8)(
        (norm): BatchNorm2d(40, eps=1e-05, momentum=0.1, affine=True, track_running_stats=True)
        (relu): ReLU(inplace=True)
        (conv): Conv2d(40, 8, kernel_size=(3, 3), stride=(1, 1), padding=(1, 1), bias=False)
      )
      (layer_2): DenseLayer(48, 8)(
        (norm): BatchNorm2d(48, eps=1e-05, momentum=0.1, affine=True, track_running_stats=True)
        (relu): ReLU(inplace=True)
        (conv): Conv2d(48, 8, kernel_size=(3, 3), stride=(1, 1), padding=(1, 1), bias=False)
      )
      (layer_3): DenseLayer(56, 8)(
        (norm): BatchNorm2d(56, eps=1e-05, momentum=0.1, affine=True, track_running_stats=True)
        (relu): ReLU(inplace=True)
        (conv): Conv2d(56, 8, kernel_size=(3, 3), stride=(1, 1), padding=(1, 1), bias=False)
      )
    )
  )
  (up_trans): Module(
    (trans_0): TransitionUp([256, 256] -> 256))(
      (upconv): Sequential(
        (0): Upsample(scale_factor=2.0, mode=nearest)
        (1): Conv2d(512, 256, kernel_size=(3, 3), stride=(1, 1), padding=(1, 1))
        (2): BatchNorm2d(256, eps=1e-05, momentum=0.1, affine=True, track_running_stats=True)
        (3): ReLU(inplace=True)
      )
      (concat): Concatenate()
    )
    (trans_1): TransitionUp([128, 128] -> 128))(
      (upconv): Sequential(
        (0): Upsample(scale_factor=2.0, mode=nearest)
        (1): Conv2d(256, 128, kernel_size=(3, 3), stride=(1, 1), padding=(1, 1))
        (2): BatchNorm2d(128, eps=1e-05, momentum=0.1, affine=True, track_running_stats=True)
        (3): ReLU(inplace=True)
      )
      (concat): Concatenate()
    )
    (trans_2): TransitionUp([64, 64] -> 64))(
      (upconv): Sequential(
        (0): Upsample(scale_factor=2.0, mode=nearest)
        (1): Conv2d(128, 64, kernel_size=(3, 3), stride=(1, 1), padding=(1, 1))
        (2): BatchNorm2d(64, eps=1e-05, momentum=0.1, affine=True, track_running_stats=True)
        (3): ReLU(inplace=True)
      )
      (concat): Concatenate()
    )
    (trans_3): TransitionUp([32, 32] -> 32))(
      (upconv): Sequential(
        (0): Upsample(scale_factor=2.0, mode=nearest)
        (1): Conv2d(64, 32, kernel_size=(3, 3), stride=(1, 1), padding=(1, 1))
        (2): BatchNorm2d(32, eps=1e-05, momentum=0.1, affine=True, track_running_stats=True)
        (3): ReLU(inplace=True)
      )
      (concat): Concatenate()
    )
  )
  (final): Conv2d(32, 1, kernel_size=(1, 1), stride=(1, 1))
  (Norm): BatchNorm2d(1, eps=1e-05, momentum=0.1, affine=True, track_running_stats=True)
)
----------
Epoch 15/50
----------
Phase train...
Train data:792
/home/gkulemeyer/Repos/REDFold/exec1/redfold/fold/data_generator.py:53: VisibleDeprecationWarning: Creating an ndarray from ragged nested sequences (which is a list-or-tuple of lists-or-tuples-or ndarrays with different lengths or shapes) is deprecated. If you meant to do this, you must specify 'dtype=object' when creating the ndarray.
  self.seq_hot= np.array([instance[2] for instance in self.data])
/home/gkulemeyer/Repos/REDFold/exec1/redfold/fold/data_generator.py:54: VisibleDeprecationWarning: Creating an ndarray from ragged nested sequences (which is a list-or-tuple of lists-or-tuples-or ndarrays with different lengths or shapes) is deprecated. If you meant to do this, you must specify 'dtype=object' when creating the ndarray.
  self.data_y= np.array([instance[3] for instance in self.data])
/home/gkulemeyer/Repos/REDFold/exec1/redfold/fold/data_generator.py:55: VisibleDeprecationWarning: Creating an ndarray from ragged nested sequences (which is a list-or-tuple of lists-or-tuples-or ndarrays with different lengths or shapes) is deprecated. If you meant to do this, you must specify 'dtype=object' when creating the ndarray.
  self.data_x= np.array([instance[4] for instance in self.data])
/home/gkulemeyer/Repos/REDFold/exec1/redfold/fold/data_generator.py:56: VisibleDeprecationWarning: Creating an ndarray from ragged nested sequences (which is a list-or-tuple of lists-or-tuples-or ndarrays with different lengths or shapes) is deprecated. If you meant to do this, you must specify 'dtype=object' when creating the ndarray.
  self.data_z= np.array([instance[5] for instance in self.data])
Epoch Loss:0.0933
----------
Epoch 16/50
----------
Phase train...
Train data:792
Epoch Loss:0.1048
----------
Epoch 17/50
----------
Phase train...
Train data:792
Epoch Loss:0.0907
----------
Epoch 18/50
----------
Phase train...
Train data:792
Epoch Loss:0.0910
----------
Epoch 19/50
----------
Phase train...
Train data:792
Epoch Loss:0.0883
----------
Epoch 20/50
----------
Phase train...
Train data:792
Epoch Loss:0.0812
----------
Epoch 21/50
----------
Phase train...
Train data:792
Epoch Loss:0.0857
----------
Epoch 22/50
----------
Phase train...
Train data:792
Epoch Loss:0.0798
----------
Epoch 23/50
----------
Phase train...
Train data:792
Epoch Loss:0.0803
----------
Epoch 24/50
----------
Phase train...
Train data:792
Epoch Loss:0.0822
----------
Epoch 25/50
----------
Phase train...
Train data:792
Epoch Loss:0.0781
----------
Epoch 26/50
----------
Phase train...
Train data:792
Epoch Loss:0.0883
----------
Epoch 27/50
----------
Phase train...
Train data:792
Epoch Loss:0.0802
----------
Epoch 28/50
----------
Phase train...
Train data:792
Epoch Loss:0.0723
----------
Epoch 29/50
----------
Phase train...
Train data:792
Epoch Loss:0.0704
----------
Epoch 30/50
----------
Phase train...
Train data:792
Epoch Loss:0.0801
----------
Epoch 31/50
----------
Phase train...
Train data:792
Epoch Loss:0.0748
----------
Epoch 32/50
----------
Phase train...
Train data:792
Epoch Loss:0.0741
----------
Epoch 33/50
----------
Phase train...
Train data:792
Epoch Loss:0.0711
----------
Epoch 34/50
----------
Phase train...
Train data:792
Epoch Loss:0.0753
----------
Epoch 35/50
----------
Phase train...
Train data:792
Epoch Loss:0.0735
----------
Epoch 36/50
----------
Phase train...
Train data:792
Epoch Loss:0.0738
----------
Epoch 37/50
----------
Phase train...
Train data:792
Epoch Loss:0.0727
----------
Epoch 38/50
----------
Phase train...
Train data:792
Epoch Loss:0.0695
----------
Epoch 39/50
----------
Phase train...
Train data:792
Epoch Loss:0.0707
----------
Epoch 40/50
----------
Phase train...
Train data:792
Epoch Loss:0.0756
----------
Epoch 41/50
----------
Phase train...
Train data:792
Epoch Loss:0.0721
----------
Epoch 42/50
----------
Phase train...
Train data:792
Epoch Loss:0.0672
----------
Epoch 43/50
----------
Phase train...
Train data:792
Epoch Loss:0.0658
----------
Epoch 44/50
----------
Phase train...
Train data:792
Epoch Loss:0.0689
----------
Epoch 45/50
----------
Phase train...
Train data:792
Epoch Loss:0.0715
----------
Epoch 46/50
----------
Phase train...
Train data:792
Epoch Loss:0.0699
----------
Epoch 47/50
----------
Phase train...
Train data:792
Epoch Loss:0.0693
----------
Epoch 48/50
----------
Phase train...
Train data:792
Epoch Loss:0.0704
----------
Epoch 49/50
----------
Phase train...
Train data:792
Epoch Loss:0.0662
Saving model to data/mod_redense_050.pt
train finish.
